(SGLangHttpServer pid=484545, ip=10.124.45.22) Capturing batches (bs=176 avail_mem=27.43 GB):  25%|██▌       | 9/36 [00:00<00:02, 11.98it/s]Capturing batches (bs=176 avail_mem=27.43 GB):  31%|███       | 11/36 [00:00<00:01, 12.71it/s]Capturing batches (bs=168 avail_mem=27.42 GB):  31%|███       | 11/36 [00:00<00:01, 12.71it/s]
(SGLangHttpServer pid=484548, ip=10.124.45.22) Capturing batches (bs=128 avail_mem=27.40 GB):  47%|████▋     | 17/36 [00:01<00:01, 13.53it/s]Capturing batches (bs=120 avail_mem=27.39 GB):  47%|████▋     | 17/36 [00:01<00:01, 13.53it/s]Capturing batches (bs=112 avail_mem=27.38 GB):  47%|████▋     | 17/36 [00:01<00:01, 13.53it/s]
(SGLangHttpServer pid=484556, ip=10.124.45.22) Capturing batches (bs=160 avail_mem=27.42 GB):  31%|███       | 11/36 [00:01<00:01, 12.55it/s]
(SGLangHttpServer pid=484551, ip=10.124.45.22) Capturing batches (bs=32 avail_mem=27.33 GB):  81%|████████  | 29/36 [00:02<00:00, 16.65it/s]Capturing batches (bs=24 avail_mem=27.32 GB):  81%|████████  | 29/36 [00:02<00:00, 16.65it/s]Capturing batches (bs=16 avail_mem=27.32 GB):  81%|████████  | 29/36 [00:02<00:00, 16.65it/s]
(SGLangHttpServer pid=484559, ip=10.124.45.22) Capturing batches (bs=160 avail_mem=27.42 GB):  31%|███       | 11/36 [00:01<00:01, 13.05it/s]Capturing batches (bs=160 avail_mem=27.42 GB):  36%|███▌      | 13/36 [00:01<00:01, 13.39it/s]Capturing batches (bs=152 avail_mem=27.41 GB):  36%|███▌      | 13/36 [00:01<00:01, 13.39it/s]
(SGLangHttpServer pid=484538, ip=10.124.45.22) Capturing batches (bs=144 avail_mem=28.64 GB):  42%|████▏     | 15/36 [00:01<00:01, 13.95it/s]Capturing batches (bs=136 avail_mem=28.63 GB):  42%|████▏     | 15/36 [00:01<00:01, 13.95it/s]Capturing batches (bs=128 avail_mem=28.63 GB):  42%|████▏     | 15/36 [00:01<00:01, 13.95it/s]
(SGLangHttpServer pid=484539, ip=10.124.45.22) Capturing batches (bs=80 avail_mem=27.36 GB):  58%|█████▊    | 21/36 [00:01<00:00, 15.38it/s]Capturing batches (bs=80 avail_mem=27.36 GB):  64%|██████▍   | 23/36 [00:01<00:00, 16.01it/s]Capturing batches (bs=72 avail_mem=27.35 GB):  64%|██████▍   | 23/36 [00:01<00:00, 16.01it/s]
(SGLangHttpServer pid=484542, ip=10.124.45.22) Capturing batches (bs=160 avail_mem=27.42 GB):  36%|███▌      | 13/36 [00:01<00:01, 13.30it/s]Capturing batches (bs=152 avail_mem=27.41 GB):  36%|███▌      | 13/36 [00:01<00:01, 13.30it/s]
(SGLangHttpServer pid=484545, ip=10.124.45.22) Capturing batches (bs=160 avail_mem=27.42 GB):  31%|███       | 11/36 [00:01<00:01, 12.71it/s]
(SGLangHttpServer pid=484548, ip=10.124.45.22) Capturing batches (bs=112 avail_mem=27.38 GB):  53%|█████▎    | 19/36 [00:01<00:01, 14.36it/s]Capturing batches (bs=104 avail_mem=27.38 GB):  53%|█████▎    | 19/36 [00:01<00:01, 14.36it/s]Capturing batches (bs=96 avail_mem=27.37 GB):  53%|█████▎    | 19/36 [00:01<00:01, 14.36it/s] 
(SGLangHttpServer pid=484556, ip=10.124.45.22) Capturing batches (bs=160 avail_mem=27.42 GB):  36%|███▌      | 13/36 [00:01<00:01, 13.09it/s]Capturing batches (bs=152 avail_mem=27.41 GB):  36%|███▌      | 13/36 [00:01<00:01, 13.09it/s]Capturing batches (bs=144 avail_mem=27.41 GB):  36%|███▌      | 13/36 [00:01<00:01, 13.09it/s]
(SGLangHttpServer pid=484551, ip=10.124.45.22) Capturing batches (bs=16 avail_mem=27.32 GB):  86%|████████▌ | 31/36 [00:02<00:00, 15.88it/s]Capturing batches (bs=12 avail_mem=27.31 GB):  86%|████████▌ | 31/36 [00:02<00:00, 15.88it/s]
(SGLangHttpServer pid=484559, ip=10.124.45.22) Capturing batches (bs=144 avail_mem=27.41 GB):  36%|███▌      | 13/36 [00:01<00:01, 13.39it/s]
(SGLangHttpServer pid=484545, ip=10.124.45.22) Capturing batches (bs=160 avail_mem=27.42 GB):  36%|███▌      | 13/36 [00:01<00:01, 13.17it/s]Capturing batches (bs=152 avail_mem=27.41 GB):  36%|███▌      | 13/36 [00:01<00:01, 13.17it/s]
(SGLangHttpServer pid=484551, ip=10.124.45.22) Capturing batches (bs=8 avail_mem=27.31 GB):  86%|████████▌ | 31/36 [00:02<00:00, 15.88it/s] 
(SGLangHttpServer pid=484559, ip=10.124.45.22) Capturing batches (bs=144 avail_mem=27.41 GB):  42%|████▏     | 15/36 [00:01<00:01, 14.04it/s]Capturing batches (bs=136 avail_mem=27.40 GB):  42%|████▏     | 15/36 [00:01<00:01, 14.04it/s]
(SGLangHttpServer pid=484538, ip=10.124.45.22) Capturing batches (bs=128 avail_mem=28.63 GB):  47%|████▋     | 17/36 [00:01<00:01, 14.69it/s]Capturing batches (bs=120 avail_mem=28.62 GB):  47%|████▋     | 17/36 [00:01<00:01, 14.69it/s]Capturing batches (bs=112 avail_mem=28.61 GB):  47%|████▋     | 17/36 [00:01<00:01, 14.69it/s]
(SGLangHttpServer pid=484539, ip=10.124.45.22) Capturing batches (bs=64 avail_mem=27.35 GB):  64%|██████▍   | 23/36 [00:01<00:00, 16.01it/s]Capturing batches (bs=56 avail_mem=27.34 GB):  64%|██████▍   | 23/36 [00:01<00:00, 16.01it/s]
(SGLangHttpServer pid=484542, ip=10.124.45.22) Capturing batches (bs=144 avail_mem=27.41 GB):  36%|███▌      | 13/36 [00:01<00:01, 13.30it/s]Capturing batches (bs=144 avail_mem=27.41 GB):  42%|████▏     | 15/36 [00:01<00:01, 14.06it/s]Capturing batches (bs=136 avail_mem=27.40 GB):  42%|████▏     | 15/36 [00:01<00:01, 14.06it/s]
(SGLangHttpServer pid=484545, ip=10.124.45.22) Capturing batches (bs=144 avail_mem=27.41 GB):  36%|███▌      | 13/36 [00:01<00:01, 13.17it/s]
(SGLangHttpServer pid=484548, ip=10.124.45.22) Capturing batches (bs=96 avail_mem=27.37 GB):  58%|█████▊    | 21/36 [00:01<00:00, 15.38it/s]Capturing batches (bs=88 avail_mem=27.36 GB):  58%|█████▊    | 21/36 [00:01<00:00, 15.38it/s]Capturing batches (bs=80 avail_mem=27.36 GB):  58%|█████▊    | 21/36 [00:01<00:00, 15.38it/s]
(SGLangHttpServer pid=484556, ip=10.124.45.22) Capturing batches (bs=144 avail_mem=27.41 GB):  42%|████▏     | 15/36 [00:01<00:01, 13.78it/s]Capturing batches (bs=136 avail_mem=27.40 GB):  42%|████▏     | 15/36 [00:01<00:01, 13.78it/s]Capturing batches (bs=128 avail_mem=27.40 GB):  42%|████▏     | 15/36 [00:01<00:01, 13.78it/s]
(SGLangHttpServer pid=484551, ip=10.124.45.22) Capturing batches (bs=4 avail_mem=27.30 GB):  86%|████████▌ | 31/36 [00:02<00:00, 15.88it/s]Capturing batches (bs=4 avail_mem=27.30 GB):  94%|█████████▍| 34/36 [00:02<00:00, 17.43it/s]Capturing batches (bs=2 avail_mem=27.30 GB):  94%|█████████▍| 34/36 [00:02<00:00, 17.43it/s]
(SGLangHttpServer pid=484559, ip=10.124.45.22) Capturing batches (bs=128 avail_mem=27.40 GB):  42%|████▏     | 15/36 [00:01<00:01, 14.04it/s]
(SGLangHttpServer pid=484538, ip=10.124.45.22) Capturing batches (bs=112 avail_mem=28.61 GB):  53%|█████▎    | 19/36 [00:01<00:01, 15.60it/s]Capturing batches (bs=104 avail_mem=28.60 GB):  53%|█████▎    | 19/36 [00:01<00:01, 15.60it/s]Capturing batches (bs=96 avail_mem=28.60 GB):  53%|█████▎    | 19/36 [00:01<00:01, 15.60it/s] 
(SGLangHttpServer pid=484539, ip=10.124.45.22) Capturing batches (bs=56 avail_mem=27.34 GB):  72%|███████▏  | 26/36 [00:01<00:00, 17.61it/s]Capturing batches (bs=48 avail_mem=27.34 GB):  72%|███████▏  | 26/36 [00:01<00:00, 17.61it/s]Capturing batches (bs=40 avail_mem=27.33 GB):  72%|███████▏  | 26/36 [00:01<00:00, 17.61it/s]
(SGLangHttpServer pid=484542, ip=10.124.45.22) Capturing batches (bs=128 avail_mem=27.40 GB):  42%|████▏     | 15/36 [00:01<00:01, 14.06it/s]Capturing batches (bs=128 avail_mem=27.40 GB):  47%|████▋     | 17/36 [00:01<00:01, 14.60it/s]Capturing batches (bs=120 avail_mem=27.39 GB):  47%|████▋     | 17/36 [00:01<00:01, 14.60it/s]
(SGLangHttpServer pid=484545, ip=10.124.45.22) Capturing batches (bs=144 avail_mem=27.41 GB):  42%|████▏     | 15/36 [00:01<00:01, 13.88it/s]Capturing batches (bs=136 avail_mem=27.40 GB):  42%|████▏     | 15/36 [00:01<00:01, 13.88it/s]Capturing batches (bs=128 avail_mem=27.40 GB):  42%|████▏     | 15/36 [00:01<00:01, 13.88it/s]
(SGLangHttpServer pid=484548, ip=10.124.45.22) Capturing batches (bs=80 avail_mem=27.36 GB):  64%|██████▍   | 23/36 [00:01<00:00, 16.22it/s]Capturing batches (bs=72 avail_mem=27.35 GB):  64%|██████▍   | 23/36 [00:01<00:00, 16.22it/s]Capturing batches (bs=64 avail_mem=27.35 GB):  64%|██████▍   | 23/36 [00:01<00:00, 16.22it/s]
(SGLangHttpServer pid=484556, ip=10.124.45.22) Capturing batches (bs=128 avail_mem=27.40 GB):  47%|████▋     | 17/36 [00:01<00:01, 14.38it/s]Capturing batches (bs=120 avail_mem=27.39 GB):  47%|████▋     | 17/36 [00:01<00:01, 14.38it/s]Capturing batches (bs=112 avail_mem=27.38 GB):  47%|████▋     | 17/36 [00:01<00:01, 14.38it/s]
(SGLangHttpServer pid=484551, ip=10.124.45.22) Capturing batches (bs=1 avail_mem=27.29 GB):  94%|█████████▍| 34/36 [00:02<00:00, 17.43it/s]Capturing batches (bs=1 avail_mem=27.29 GB): 100%|██████████| 36/36 [00:02<00:00, 14.39it/s]
(SGLangHttpServer pid=484559, ip=10.124.45.22) Capturing batches (bs=128 avail_mem=27.40 GB):  47%|████▋     | 17/36 [00:01<00:01, 14.85it/s]Capturing batches (bs=120 avail_mem=27.39 GB):  47%|████▋     | 17/36 [00:01<00:01, 14.85it/s]Capturing batches (bs=112 avail_mem=27.38 GB):  47%|████▋     | 17/36 [00:01<00:01, 14.85it/s]
(SGLangHttpServer pid=484539, ip=10.124.45.22) Capturing batches (bs=40 avail_mem=27.33 GB):  78%|███████▊  | 28/36 [00:02<00:00, 18.02it/s]Capturing batches (bs=32 avail_mem=27.33 GB):  78%|███████▊  | 28/36 [00:02<00:00, 18.02it/s]
(SGLangHttpServer pid=484538, ip=10.124.45.22) Capturing batches (bs=96 avail_mem=28.60 GB):  58%|█████▊    | 21/36 [00:01<00:00, 16.11it/s]Capturing batches (bs=88 avail_mem=28.59 GB):  58%|█████▊    | 21/36 [00:01<00:00, 16.11it/s]Capturing batches (bs=80 avail_mem=28.59 GB):  58%|█████▊    | 21/36 [00:01<00:00, 16.11it/s]
(SGLangHttpServer pid=484539, ip=10.124.45.22) Capturing batches (bs=24 avail_mem=27.32 GB):  78%|███████▊  | 28/36 [00:02<00:00, 18.02it/s]Capturing batches (bs=16 avail_mem=27.32 GB):  78%|███████▊  | 28/36 [00:02<00:00, 18.02it/s]
(SGLangHttpServer pid=484542, ip=10.124.45.22) Capturing batches (bs=112 avail_mem=27.38 GB):  47%|████▋     | 17/36 [00:01<00:01, 14.60it/s]Capturing batches (bs=112 avail_mem=27.38 GB):  53%|█████▎    | 19/36 [00:01<00:01, 15.66it/s]Capturing batches (bs=104 avail_mem=27.38 GB):  53%|█████▎    | 19/36 [00:01<00:01, 15.66it/s]
(SGLangHttpServer pid=484545, ip=10.124.45.22) Capturing batches (bs=128 avail_mem=27.40 GB):  47%|████▋     | 17/36 [00:01<00:01, 14.47it/s]Capturing batches (bs=120 avail_mem=27.39 GB):  47%|████▋     | 17/36 [00:01<00:01, 14.47it/s]Capturing batches (bs=112 avail_mem=27.38 GB):  47%|████▋     | 17/36 [00:01<00:01, 14.47it/s]
(SGLangHttpServer pid=484548, ip=10.124.45.22) Capturing batches (bs=64 avail_mem=27.35 GB):  69%|██████▉   | 25/36 [00:01<00:00, 16.63it/s]Capturing batches (bs=56 avail_mem=27.34 GB):  69%|██████▉   | 25/36 [00:01<00:00, 16.63it/s]Capturing batches (bs=48 avail_mem=27.34 GB):  69%|██████▉   | 25/36 [00:01<00:00, 16.63it/s]
(SGLangHttpServer pid=484556, ip=10.124.45.22) Capturing batches (bs=112 avail_mem=27.38 GB):  53%|█████▎    | 19/36 [00:01<00:01, 15.13it/s]Capturing batches (bs=104 avail_mem=27.38 GB):  53%|█████▎    | 19/36 [00:01<00:01, 15.13it/s]Capturing batches (bs=96 avail_mem=27.37 GB):  53%|█████▎    | 19/36 [00:01<00:01, 15.13it/s] 
(SGLangHttpServer pid=484559, ip=10.124.45.22) Capturing batches (bs=112 avail_mem=27.38 GB):  53%|█████▎    | 19/36 [00:01<00:01, 15.42it/s]Capturing batches (bs=104 avail_mem=27.38 GB):  53%|█████▎    | 19/36 [00:01<00:01, 15.42it/s]Capturing batches (bs=96 avail_mem=27.37 GB):  53%|█████▎    | 19/36 [00:01<00:01, 15.42it/s] 
(SGLangHttpServer pid=484538, ip=10.124.45.22) Capturing batches (bs=80 avail_mem=28.59 GB):  64%|██████▍   | 23/36 [00:01<00:00, 16.83it/s]Capturing batches (bs=72 avail_mem=28.58 GB):  64%|██████▍   | 23/36 [00:01<00:00, 16.83it/s]Capturing batches (bs=64 avail_mem=28.58 GB):  64%|██████▍   | 23/36 [00:01<00:00, 16.83it/s]
(SGLangHttpServer pid=484539, ip=10.124.45.22) Capturing batches (bs=16 avail_mem=27.32 GB):  86%|████████▌ | 31/36 [00:02<00:00, 17.45it/s]Capturing batches (bs=12 avail_mem=27.31 GB):  86%|████████▌ | 31/36 [00:02<00:00, 17.45it/s]
(SGLangHttpServer pid=484542, ip=10.124.45.22) Capturing batches (bs=96 avail_mem=27.37 GB):  53%|█████▎    | 19/36 [00:01<00:01, 15.66it/s] Capturing batches (bs=96 avail_mem=27.37 GB):  58%|█████▊    | 21/36 [00:01<00:00, 16.53it/s]Capturing batches (bs=88 avail_mem=27.36 GB):  58%|█████▊    | 21/36 [00:01<00:00, 16.53it/s]
(SGLangHttpServer pid=484545, ip=10.124.45.22) Capturing batches (bs=112 avail_mem=27.38 GB):  53%|█████▎    | 19/36 [00:01<00:01, 15.54it/s]Capturing batches (bs=104 avail_mem=27.38 GB):  53%|█████▎    | 19/36 [00:01<00:01, 15.54it/s]Capturing batches (bs=96 avail_mem=27.37 GB):  53%|█████▎    | 19/36 [00:01<00:01, 15.54it/s] 
(SGLangHttpServer pid=484548, ip=10.124.45.22) Capturing batches (bs=48 avail_mem=27.34 GB):  75%|███████▌  | 27/36 [00:02<00:00, 17.36it/s]Capturing batches (bs=40 avail_mem=27.33 GB):  75%|███████▌  | 27/36 [00:02<00:00, 17.36it/s]Capturing batches (bs=32 avail_mem=27.33 GB):  75%|███████▌  | 27/36 [00:02<00:00, 17.36it/s]
(SGLangHttpServer pid=484556, ip=10.124.45.22) Capturing batches (bs=96 avail_mem=27.37 GB):  58%|█████▊    | 21/36 [00:01<00:00, 16.06it/s]Capturing batches (bs=88 avail_mem=27.36 GB):  58%|█████▊    | 21/36 [00:01<00:00, 16.06it/s]Capturing batches (bs=80 avail_mem=27.36 GB):  58%|█████▊    | 21/36 [00:01<00:00, 16.06it/s]
(SGLangHttpServer pid=484559, ip=10.124.45.22) Capturing batches (bs=96 avail_mem=27.37 GB):  58%|█████▊    | 21/36 [00:01<00:00, 15.98it/s]Capturing batches (bs=88 avail_mem=27.36 GB):  58%|█████▊    | 21/36 [00:01<00:00, 15.98it/s]Capturing batches (bs=80 avail_mem=27.36 GB):  58%|█████▊    | 21/36 [00:01<00:00, 15.98it/s]
(SGLangHttpServer pid=484538, ip=10.124.45.22) Capturing batches (bs=64 avail_mem=28.58 GB):  69%|██████▉   | 25/36 [00:01<00:00, 17.07it/s]Capturing batches (bs=56 avail_mem=28.57 GB):  69%|██████▉   | 25/36 [00:01<00:00, 17.07it/s]Capturing batches (bs=48 avail_mem=28.57 GB):  69%|██████▉   | 25/36 [00:01<00:00, 17.07it/s]
(SGLangHttpServer pid=484539, ip=10.124.45.22) Capturing batches (bs=8 avail_mem=27.31 GB):  86%|████████▌ | 31/36 [00:02<00:00, 17.45it/s] Capturing batches (bs=8 avail_mem=27.31 GB):  92%|█████████▏| 33/36 [00:02<00:00, 17.93it/s]Capturing batches (bs=4 avail_mem=27.30 GB):  92%|█████████▏| 33/36 [00:02<00:00, 17.93it/s]
(SGLangHttpServer pid=484542, ip=10.124.45.22) Capturing batches (bs=80 avail_mem=27.36 GB):  58%|█████▊    | 21/36 [00:01<00:00, 16.53it/s]Capturing batches (bs=80 avail_mem=27.36 GB):  64%|██████▍   | 23/36 [00:01<00:00, 16.70it/s]Capturing batches (bs=72 avail_mem=27.35 GB):  64%|██████▍   | 23/36 [00:01<00:00, 16.70it/s]
(SGLangHttpServer pid=484545, ip=10.124.45.22) Capturing batches (bs=96 avail_mem=27.37 GB):  58%|█████▊    | 21/36 [00:01<00:00, 16.19it/s]Capturing batches (bs=88 avail_mem=27.36 GB):  58%|█████▊    | 21/36 [00:01<00:00, 16.19it/s]Capturing batches (bs=80 avail_mem=27.36 GB):  58%|█████▊    | 21/36 [00:01<00:00, 16.19it/s]
(SGLangHttpServer pid=484548, ip=10.124.45.22) Capturing batches (bs=32 avail_mem=27.33 GB):  81%|████████  | 29/36 [00:02<00:00, 17.51it/s]Capturing batches (bs=24 avail_mem=27.32 GB):  81%|████████  | 29/36 [00:02<00:00, 17.51it/s]Capturing batches (bs=16 avail_mem=27.32 GB):  81%|████████  | 29/36 [00:02<00:00, 17.51it/s]
(SGLangHttpServer pid=484556, ip=10.124.45.22) Capturing batches (bs=80 avail_mem=27.36 GB):  64%|██████▍   | 23/36 [00:01<00:00, 16.20it/s]Capturing batches (bs=72 avail_mem=27.35 GB):  64%|██████▍   | 23/36 [00:01<00:00, 16.20it/s]
(SGLangHttpServer pid=484559, ip=10.124.45.22) Capturing batches (bs=80 avail_mem=27.36 GB):  64%|██████▍   | 23/36 [00:01<00:00, 16.59it/s]Capturing batches (bs=72 avail_mem=27.35 GB):  64%|██████▍   | 23/36 [00:01<00:00, 16.59it/s]Capturing batches (bs=64 avail_mem=27.35 GB):  64%|██████▍   | 23/36 [00:01<00:00, 16.59it/s]
(SGLangHttpServer pid=484539, ip=10.124.45.22) Capturing batches (bs=2 avail_mem=27.30 GB):  92%|█████████▏| 33/36 [00:02<00:00, 17.93it/s]
(SGLangHttpServer pid=484556, ip=10.124.45.22) Capturing batches (bs=64 avail_mem=27.35 GB):  64%|██████▍   | 23/36 [00:01<00:00, 16.20it/s]
(SGLangHttpServer pid=484538, ip=10.124.45.22) Capturing batches (bs=48 avail_mem=28.57 GB):  75%|███████▌  | 27/36 [00:01<00:00, 16.78it/s]Capturing batches (bs=40 avail_mem=28.56 GB):  75%|███████▌  | 27/36 [00:01<00:00, 16.78it/s]Capturing batches (bs=32 avail_mem=28.56 GB):  75%|███████▌  | 27/36 [00:02<00:00, 16.78it/s]
(SGLangHttpServer pid=484539, ip=10.124.45.22) Capturing batches (bs=1 avail_mem=27.29 GB):  92%|█████████▏| 33/36 [00:02<00:00, 17.93it/s]Capturing batches (bs=1 avail_mem=27.29 GB): 100%|██████████| 36/36 [00:02<00:00, 19.05it/s]Capturing batches (bs=1 avail_mem=27.29 GB): 100%|██████████| 36/36 [00:02<00:00, 14.76it/s]
(SGLangHttpServer pid=484542, ip=10.124.45.22) Capturing batches (bs=64 avail_mem=27.35 GB):  64%|██████▍   | 23/36 [00:01<00:00, 16.70it/s]Capturing batches (bs=64 avail_mem=27.35 GB):  69%|██████▉   | 25/36 [00:01<00:00, 17.19it/s]Capturing batches (bs=56 avail_mem=27.34 GB):  69%|██████▉   | 25/36 [00:01<00:00, 17.19it/s]
(SGLangHttpServer pid=484545, ip=10.124.45.22) Capturing batches (bs=80 avail_mem=27.36 GB):  64%|██████▍   | 23/36 [00:01<00:00, 15.58it/s]Capturing batches (bs=72 avail_mem=27.35 GB):  64%|██████▍   | 23/36 [00:01<00:00, 15.58it/s]Capturing batches (bs=64 avail_mem=27.35 GB):  64%|██████▍   | 23/36 [00:01<00:00, 15.58it/s]
(SGLangHttpServer pid=484548, ip=10.124.45.22) Capturing batches (bs=16 avail_mem=27.32 GB):  86%|████████▌ | 31/36 [00:02<00:00, 16.41it/s]Capturing batches (bs=12 avail_mem=27.31 GB):  86%|████████▌ | 31/36 [00:02<00:00, 16.41it/s]Capturing batches (bs=8 avail_mem=27.31 GB):  86%|████████▌ | 31/36 [00:02<00:00, 16.41it/s] 
(SGLangHttpServer pid=484556, ip=10.124.45.22) Capturing batches (bs=64 avail_mem=27.35 GB):  69%|██████▉   | 25/36 [00:01<00:00, 16.32it/s]Capturing batches (bs=56 avail_mem=27.34 GB):  69%|██████▉   | 25/36 [00:01<00:00, 16.32it/s]Capturing batches (bs=48 avail_mem=27.34 GB):  69%|██████▉   | 25/36 [00:01<00:00, 16.32it/s]
(SGLangHttpServer pid=484559, ip=10.124.45.22) Capturing batches (bs=64 avail_mem=27.35 GB):  69%|██████▉   | 25/36 [00:01<00:00, 16.60it/s]Capturing batches (bs=56 avail_mem=27.34 GB):  69%|██████▉   | 25/36 [00:01<00:00, 16.60it/s]Capturing batches (bs=48 avail_mem=27.34 GB):  69%|██████▉   | 25/36 [00:01<00:00, 16.60it/s]
(SGLangHttpServer pid=484538, ip=10.124.45.22) Capturing batches (bs=24 avail_mem=28.55 GB):  75%|███████▌  | 27/36 [00:02<00:00, 16.78it/s]Capturing batches (bs=24 avail_mem=28.55 GB):  83%|████████▎ | 30/36 [00:02<00:00, 18.07it/s]Capturing batches (bs=16 avail_mem=28.55 GB):  83%|████████▎ | 30/36 [00:02<00:00, 18.07it/s]
(SGLangHttpServer pid=484542, ip=10.124.45.22) Capturing batches (bs=48 avail_mem=27.34 GB):  69%|██████▉   | 25/36 [00:01<00:00, 17.19it/s]Capturing batches (bs=40 avail_mem=27.33 GB):  69%|██████▉   | 25/36 [00:01<00:00, 17.19it/s]
(SGLangHttpServer pid=484545, ip=10.124.45.22) Capturing batches (bs=56 avail_mem=27.34 GB):  64%|██████▍   | 23/36 [00:01<00:00, 15.58it/s]Capturing batches (bs=56 avail_mem=27.34 GB):  72%|███████▏  | 26/36 [00:01<00:00, 17.07it/s]Capturing batches (bs=48 avail_mem=27.34 GB):  72%|███████▏  | 26/36 [00:01<00:00, 17.07it/s]
(SGLangHttpServer pid=484548, ip=10.124.45.22) Capturing batches (bs=4 avail_mem=27.30 GB):  86%|████████▌ | 31/36 [00:02<00:00, 16.41it/s]Capturing batches (bs=4 avail_mem=27.30 GB):  94%|█████████▍| 34/36 [00:02<00:00, 17.77it/s]Capturing batches (bs=2 avail_mem=27.30 GB):  94%|█████████▍| 34/36 [00:02<00:00, 17.77it/s]
(SGLangHttpServer pid=484556, ip=10.124.45.22) Capturing batches (bs=48 avail_mem=27.34 GB):  75%|███████▌  | 27/36 [00:01<00:00, 17.25it/s]Capturing batches (bs=40 avail_mem=27.33 GB):  75%|███████▌  | 27/36 [00:01<00:00, 17.25it/s]Capturing batches (bs=32 avail_mem=27.33 GB):  75%|███████▌  | 27/36 [00:02<00:00, 17.25it/s]
(SGLangHttpServer pid=484559, ip=10.124.45.22) Capturing batches (bs=40 avail_mem=27.33 GB):  69%|██████▉   | 25/36 [00:01<00:00, 16.60it/s]Capturing batches (bs=40 avail_mem=27.33 GB):  78%|███████▊  | 28/36 [00:01<00:00, 17.85it/s]Capturing batches (bs=32 avail_mem=27.33 GB):  78%|███████▊  | 28/36 [00:01<00:00, 17.85it/s]
(SGLangHttpServer pid=484559, ip=10.124.45.22) Capturing batches (bs=24 avail_mem=27.32 GB):  78%|███████▊  | 28/36 [00:02<00:00, 17.85it/s]
(SGLangHttpServer pid=484542, ip=10.124.45.22) Capturing batches (bs=40 avail_mem=27.33 GB):  78%|███████▊  | 28/36 [00:01<00:00, 18.25it/s]Capturing batches (bs=32 avail_mem=27.33 GB):  78%|███████▊  | 28/36 [00:01<00:00, 18.25it/s]
(SGLangHttpServer pid=484538, ip=10.124.45.22) Capturing batches (bs=12 avail_mem=28.54 GB):  83%|████████▎ | 30/36 [00:02<00:00, 18.07it/s]Capturing batches (bs=12 avail_mem=28.54 GB):  89%|████████▉ | 32/36 [00:02<00:00, 17.02it/s]Capturing batches (bs=8 avail_mem=28.54 GB):  89%|████████▉ | 32/36 [00:02<00:00, 17.02it/s] 
(SGLangHttpServer pid=484542, ip=10.124.45.22) Capturing batches (bs=24 avail_mem=27.32 GB):  78%|███████▊  | 28/36 [00:02<00:00, 18.25it/s]Capturing batches (bs=16 avail_mem=27.32 GB):  78%|███████▊  | 28/36 [00:02<00:00, 18.25it/s]
(SGLangHttpServer pid=484545, ip=10.124.45.22) Capturing batches (bs=40 avail_mem=27.33 GB):  72%|███████▏  | 26/36 [00:01<00:00, 17.07it/s]Capturing batches (bs=40 avail_mem=27.33 GB):  78%|███████▊  | 28/36 [00:02<00:00, 17.16it/s]Capturing batches (bs=32 avail_mem=27.33 GB):  78%|███████▊  | 28/36 [00:02<00:00, 17.16it/s]
(SGLangHttpServer pid=484548, ip=10.124.45.22) Capturing batches (bs=1 avail_mem=27.29 GB):  94%|█████████▍| 34/36 [00:02<00:00, 17.77it/s]Capturing batches (bs=1 avail_mem=27.29 GB): 100%|██████████| 36/36 [00:02<00:00, 18.11it/s]Capturing batches (bs=1 avail_mem=27.29 GB): 100%|██████████| 36/36 [00:02<00:00, 14.36it/s]
(SGLangHttpServer pid=484556, ip=10.124.45.22) Capturing batches (bs=32 avail_mem=27.33 GB):  81%|████████  | 29/36 [00:02<00:00, 17.76it/s]Capturing batches (bs=24 avail_mem=27.32 GB):  81%|████████  | 29/36 [00:02<00:00, 17.76it/s]Capturing batches (bs=16 avail_mem=27.32 GB):  81%|████████  | 29/36 [00:02<00:00, 17.76it/s]
(SGLangHttpServer pid=484559, ip=10.124.45.22) Capturing batches (bs=24 avail_mem=27.32 GB):  83%|████████▎ | 30/36 [00:02<00:00, 18.20it/s]Capturing batches (bs=16 avail_mem=27.32 GB):  83%|████████▎ | 30/36 [00:02<00:00, 18.20it/s]
(SGLangHttpServer pid=484538, ip=10.124.45.22) Capturing batches (bs=4 avail_mem=28.53 GB):  89%|████████▉ | 32/36 [00:02<00:00, 17.02it/s]Capturing batches (bs=4 avail_mem=28.53 GB):  94%|█████████▍| 34/36 [00:02<00:00, 17.63it/s]Capturing batches (bs=2 avail_mem=28.53 GB):  94%|█████████▍| 34/36 [00:02<00:00, 17.63it/s]
(SGLangHttpServer pid=484542, ip=10.124.45.22) Capturing batches (bs=16 avail_mem=27.32 GB):  86%|████████▌ | 31/36 [00:02<00:00, 17.40it/s]Capturing batches (bs=12 avail_mem=27.31 GB):  86%|████████▌ | 31/36 [00:02<00:00, 17.40it/s]
(SGLangHttpServer pid=484545, ip=10.124.45.22) Capturing batches (bs=24 avail_mem=27.32 GB):  78%|███████▊  | 28/36 [00:02<00:00, 17.16it/s]Capturing batches (bs=24 avail_mem=27.32 GB):  83%|████████▎ | 30/36 [00:02<00:00, 17.03it/s]Capturing batches (bs=16 avail_mem=27.32 GB):  83%|████████▎ | 30/36 [00:02<00:00, 17.03it/s]
(SGLangHttpServer pid=484556, ip=10.124.45.22) Capturing batches (bs=16 avail_mem=27.32 GB):  86%|████████▌ | 31/36 [00:02<00:00, 16.27it/s]Capturing batches (bs=12 avail_mem=27.31 GB):  86%|████████▌ | 31/36 [00:02<00:00, 16.27it/s]
(SGLangHttpServer pid=484559, ip=10.124.45.22) Capturing batches (bs=12 avail_mem=27.31 GB):  83%|████████▎ | 30/36 [00:02<00:00, 18.20it/s]Capturing batches (bs=12 avail_mem=27.31 GB):  89%|████████▉ | 32/36 [00:02<00:00, 16.61it/s]Capturing batches (bs=8 avail_mem=27.31 GB):  89%|████████▉ | 32/36 [00:02<00:00, 16.61it/s] 
(SGLangHttpServer pid=484538, ip=10.124.45.22) Capturing batches (bs=1 avail_mem=28.52 GB):  94%|█████████▍| 34/36 [00:02<00:00, 17.63it/s]Capturing batches (bs=1 avail_mem=28.52 GB): 100%|██████████| 36/36 [00:02<00:00, 14.80it/s]
(SGLangHttpServer pid=484542, ip=10.124.45.22) Capturing batches (bs=8 avail_mem=27.31 GB):  86%|████████▌ | 31/36 [00:02<00:00, 17.40it/s] Capturing batches (bs=4 avail_mem=27.30 GB):  86%|████████▌ | 31/36 [00:02<00:00, 17.40it/s]
(SGLangHttpServer pid=484545, ip=10.124.45.22) Capturing batches (bs=12 avail_mem=27.31 GB):  83%|████████▎ | 30/36 [00:02<00:00, 17.03it/s]
(SGLangHttpServer pid=484556, ip=10.124.45.22) Capturing batches (bs=8 avail_mem=27.31 GB):  86%|████████▌ | 31/36 [00:02<00:00, 16.27it/s] Capturing batches (bs=8 avail_mem=27.31 GB):  92%|█████████▏| 33/36 [00:02<00:00, 17.16it/s]Capturing batches (bs=4 avail_mem=27.30 GB):  92%|█████████▏| 33/36 [00:02<00:00, 17.16it/s]
(SGLangHttpServer pid=484559, ip=10.124.45.22) Capturing batches (bs=4 avail_mem=27.30 GB):  89%|████████▉ | 32/36 [00:02<00:00, 16.61it/s]Capturing batches (bs=2 avail_mem=27.30 GB):  89%|████████▉ | 32/36 [00:02<00:00, 16.61it/s]
(SGLangHttpServer pid=484542, ip=10.124.45.22) Capturing batches (bs=4 avail_mem=27.30 GB):  94%|█████████▍| 34/36 [00:02<00:00, 18.40it/s]Capturing batches (bs=2 avail_mem=27.30 GB):  94%|█████████▍| 34/36 [00:02<00:00, 18.40it/s]
(SGLangHttpServer pid=484556, ip=10.124.45.22) Capturing batches (bs=2 avail_mem=27.30 GB):  92%|█████████▏| 33/36 [00:02<00:00, 17.16it/s]
(SGLangHttpServer pid=484559, ip=10.124.45.22) Capturing batches (bs=2 avail_mem=27.30 GB):  97%|█████████▋| 35/36 [00:02<00:00, 18.04it/s]Capturing batches (bs=1 avail_mem=27.29 GB):  97%|█████████▋| 35/36 [00:02<00:00, 18.04it/s]
(SGLangHttpServer pid=484542, ip=10.124.45.22) Capturing batches (bs=1 avail_mem=27.29 GB):  94%|█████████▍| 34/36 [00:02<00:00, 18.40it/s]Capturing batches (bs=1 avail_mem=27.29 GB): 100%|██████████| 36/36 [00:02<00:00, 15.14it/s]
(SGLangHttpServer pid=484545, ip=10.124.45.22) Capturing batches (bs=12 avail_mem=27.31 GB):  89%|████████▉ | 32/36 [00:02<00:00, 16.34it/s]Capturing batches (bs=8 avail_mem=27.31 GB):  89%|████████▉ | 32/36 [00:02<00:00, 16.34it/s] Capturing batches (bs=4 avail_mem=27.30 GB):  89%|████████▉ | 32/36 [00:02<00:00, 16.34it/s]Capturing batches (bs=2 avail_mem=27.30 GB):  89%|████████▉ | 32/36 [00:02<00:00, 16.34it/s]
(SGLangHttpServer pid=484556, ip=10.124.45.22) Capturing batches (bs=1 avail_mem=27.29 GB):  92%|█████████▏| 33/36 [00:02<00:00, 17.16it/s]Capturing batches (bs=1 avail_mem=27.29 GB): 100%|██████████| 36/36 [00:02<00:00, 18.26it/s]Capturing batches (bs=1 avail_mem=27.29 GB): 100%|██████████| 36/36 [00:02<00:00, 14.50it/s]
(SGLangHttpServer pid=484559, ip=10.124.45.22) Capturing batches (bs=1 avail_mem=27.29 GB): 100%|██████████| 36/36 [00:02<00:00, 14.81it/s]
(SGLangHttpServer pid=484545, ip=10.124.45.22) Capturing batches (bs=2 avail_mem=27.30 GB):  97%|█████████▋| 35/36 [00:02<00:00, 17.79it/s]Capturing batches (bs=1 avail_mem=27.29 GB):  97%|█████████▋| 35/36 [00:02<00:00, 17.79it/s]Capturing batches (bs=1 avail_mem=27.29 GB): 100%|██████████| 36/36 [00:02<00:00, 14.67it/s]
(TaskRunner pid=480525, ip=10.124.45.22) wandb: WARNING func: get_project_by_name, err: Request failed! url: https://ml.bytedance.net/inner/GetTrackingProjectByName, req_body: {'Name': 'specTool'}, resp_body: b'{"ResponseMetadata":{"RequestId":"","Action":"","Version":"","Service":"","Region":"","Error":{"Code":"MissingAuthenticationToken","CodeN":1709801,"Message":"zti token not found, please use DOAS cli to run script","RawError":{},"HTTPCode":401}}}'
(TaskRunner pid=480525, ip=10.124.45.22) wandb: WARNING func: get_project_by_name, err: Request failed! url: https://ml.bytedance.net/inner/GetTrackingProjectByName, req_body: {'Name': 'specTool'}, resp_body: b'{"ResponseMetadata":{"RequestId":"","Action":"","Version":"","Service":"","Region":"","Error":{"Code":"MissingAuthenticationToken","CodeN":1709801,"Message":"zti token not found, please use DOAS cli to run script","RawError":{},"HTTPCode":401}}}'
(TaskRunner pid=480525, ip=10.124.45.22) wandb: WARNING func: create_project, err: Request failed! url: https://ml.bytedance.net/inner/CreateTrackingProject, req_body: {'Name': 'specTool'}, resp_body: b'{"ResponseMetadata":{"RequestId":"","Action":"","Version":"","Service":"","Region":"","Error":{"Code":"MissingAuthenticationToken","CodeN":1709801,"Message":"zti token not found, please use DOAS cli to run script","RawError":{},"HTTPCode":401}}}'
(TaskRunner pid=480525, ip=10.124.45.22) wandb: WARNING func: alert, err: Request failed! url: https://ml.bytedance.net/inner/TrackingAlert, req_body: {'Title': 'Wandb Failed!', 'Text': 'Failed Function: create_project\nERR Message: Request failed! url: https://ml.bytedance.net/inner/CreateTrackingProject, req_body: {\'Name\': \'specTool\'}, resp_body: b\'{"ResponseMetadata":{"RequestId":"","Action":"","Version":"","Service":"","Region":"","Error":{"Code":"MissingAuthenticationToken","CodeN":1709801,"Message":"zti token not found, please use DOAS cli to run script","RawError":{},"HTTPCode":401}}}\''}, resp_body: b'{"ResponseMetadata":{"RequestId":"","Action":"","Version":"","Service":"","Region":"","Error":{"Code":"MissingAuthenticationToken","CodeN":1709801,"Message":"zti token not found, please use DOAS cli to run script","RawError":{},"HTTPCode":401}}}'
(TaskRunner pid=480525, ip=10.124.45.22) wandb: ⭐️ View project at 
(TaskRunner pid=480525, ip=10.124.45.22) wandb: - Waiting for wandb.init()...
(TaskRunner pid=480525, ip=10.124.45.22) wandb: \ Waiting for wandb.init()...
(TaskRunner pid=480525, ip=10.124.45.22) wandb: | Waiting for wandb.init()...
(TaskRunner pid=480525, ip=10.124.45.22) wandb: WARNING func: create_run, err: Request failed! url: https://ml.bytedance.net/inner/CreateTrackingRun, req_body: {'ProjectId': '', 'Name': 'baseline_hotpotqa_qwen3_8b_sleep0_toolcalls1_bs384_rollout8_step1_think_8192_500pt_4tool_20260608_121015_extra_bs384', 'RunId': 'run_20260608_1bd69f66', 'Description': None, 'OuterType': None, 'OuterId': None, 'Tags': None, 'OuterInfo': {'is_seed': False}}, resp_body: b'{"ResponseMetadata":{"RequestId":"","Action":"","Version":"","Service":"","Region":"","Error":{"Code":"MissingAuthenticationToken","CodeN":1709801,"Message":"zti token not found, please use DOAS cli to run script","RawError":{},"HTTPCode":401}}}'
(TaskRunner pid=480525, ip=10.124.45.22) wandb: WARNING func: alert, err: Request failed! url: https://ml.bytedance.net/inner/TrackingAlert, req_body: {'Title': 'Wandb Failed!', 'Text': 'Failed Function: create_run\nERR Message: Request failed! url: https://ml.bytedance.net/inner/CreateTrackingRun, req_body: {\'ProjectId\': \'\', \'Name\': \'baseline_hotpotqa_qwen3_8b_sleep0_toolcalls1_bs384_rollout8_step1_think_8192_500pt_4tool_20260608_121015_extra_bs384\', \'RunId\': \'run_20260608_1bd69f66\', \'Description\': None, \'OuterType\': None, \'OuterId\': None, \'Tags\': None, \'OuterInfo\': {\'is_seed\': False}}, resp_body: b\'{"ResponseMetadata":{"RequestId":"","Action":"","Version":"","Service":"","Region":"","Error":{"Code":"MissingAuthenticationToken","CodeN":1709801,"Message":"zti token not found, please use DOAS cli to run script","RawError":{},"HTTPCode":401}}}\''}, resp_body: b'{"ResponseMetadata":{"RequestId":"","Action":"","Version":"","Service":"","Region":"","Error":{"Code":"MissingAuthenticationToken","CodeN":1709801,"Message":"zti token not found, please use DOAS cli to run script","RawError":{},"HTTPCode":401}}}'
(TaskRunner pid=480525, ip=10.124.45.22) wandb: 🚀 View run at 
(TaskRunner pid=480525, ip=10.124.45.22) wandb: WARNING func: alert, err: Request failed! url: https://ml.bytedance.net/inner/TrackingAlert, req_body: {'Title': 'Tracking Run Created', 'Text': 'Created run [specTool/]()'}, resp_body: b'{"ResponseMetadata":{"RequestId":"","Action":"","Version":"","Service":"","Region":"","Error":{"Code":"MissingAuthenticationToken","CodeN":1709801,"Message":"zti token not found, please use DOAS cli to run script","RawError":{},"HTTPCode":401}}}'
(TaskRunner pid=480525, ip=10.124.45.22) wandb: WARNING func: set_run_config, err: set_run_config wandb init failed, skip.../
(TaskRunner pid=480525, ip=10.124.45.22) wandb: / Waiting for wandb.init()...
(GlobalRequestLoadBalancer pid=486733, ip=10.124.45.22) /usr/local/lib/python3.12/dist-packages/torch/amp/autocast_mode.py:270: UserWarning: User provided device_type of 'cuda', but CUDA is not available. Disabling
(GlobalRequestLoadBalancer pid=486733, ip=10.124.45.22)   warnings.warn(
(GlobalRequestLoadBalancer pid=486733, ip=10.124.45.22) Modular Diffusers is currently an experimental feature under active development. The API is subject to breaking changes in future releases.
(pid=486737, ip=10.124.45.22) /usr/local/lib/python3.12/dist-packages/torch/amp/autocast_mode.py:270: UserWarning: User provided device_type of 'cuda', but CUDA is not available. Disabling
(pid=486737, ip=10.124.45.22)   warnings.warn(
(pid=486737, ip=10.124.45.22) Modular Diffusers is currently an experimental feature under active development. The API is subject to breaking changes in future releases.
(pid=486739, ip=10.124.45.22) /usr/local/lib/python3.12/dist-packages/torch/amp/autocast_mode.py:270: UserWarning: User provided device_type of 'cuda', but CUDA is not available. Disabling
(pid=486739, ip=10.124.45.22)   warnings.warn(
(pid=486739, ip=10.124.45.22) Modular Diffusers is currently an experimental feature under active development. The API is subject to breaking changes in future releases.
(pid=486744, ip=10.124.45.22) /usr/local/lib/python3.12/dist-packages/torch/amp/autocast_mode.py:270: UserWarning: User provided device_type of 'cuda', but CUDA is not available. Disabling
(pid=486744, ip=10.124.45.22)   warnings.warn(
(pid=486744, ip=10.124.45.22) Modular Diffusers is currently an experimental feature under active development. The API is subject to breaking changes in future releases.
(pid=486745, ip=10.124.45.22) /usr/local/lib/python3.12/dist-packages/torch/amp/autocast_mode.py:270: UserWarning: User provided device_type of 'cuda', but CUDA is not available. Disabling
(pid=486745, ip=10.124.45.22)   warnings.warn(
(pid=486734, ip=10.124.45.22) /usr/local/lib/python3.12/dist-packages/torch/amp/autocast_mode.py:270: UserWarning: User provided device_type of 'cuda', but CUDA is not available. Disabling
(pid=486734, ip=10.124.45.22)   warnings.warn(
(pid=486734, ip=10.124.45.22) Modular Diffusers is currently an experimental feature under active development. The API is subject to breaking changes in future releases.
(pid=486755, ip=10.124.45.22) /usr/local/lib/python3.12/dist-packages/torch/amp/autocast_mode.py:270: UserWarning: User provided device_type of 'cuda', but CUDA is not available. Disabling
(pid=486755, ip=10.124.45.22)   warnings.warn(
(pid=486755, ip=10.124.45.22) Modular Diffusers is currently an experimental feature under active development. The API is subject to breaking changes in future releases.
(pid=486750, ip=10.124.45.22) /usr/local/lib/python3.12/dist-packages/torch/amp/autocast_mode.py:270: UserWarning: User provided device_type of 'cuda', but CUDA is not available. Disabling
(pid=486750, ip=10.124.45.22)   warnings.warn(
(pid=486738, ip=10.124.45.22) /usr/local/lib/python3.12/dist-packages/torch/amp/autocast_mode.py:270: UserWarning: User provided device_type of 'cuda', but CUDA is not available. Disabling
(pid=486738, ip=10.124.45.22)   warnings.warn(
(pid=486745, ip=10.124.45.22) Modular Diffusers is currently an experimental feature under active development. The API is subject to breaking changes in future releases.
(pid=486750, ip=10.124.45.22) Modular Diffusers is currently an experimental feature under active development. The API is subject to breaking changes in future releases.
(pid=486738, ip=10.124.45.22) Modular Diffusers is currently an experimental feature under active development. The API is subject to breaking changes in future releases.
(GlobalRequestLoadBalancer pid=486733, ip=10.124.45.22) /sgl-workspace/sglang/python/sglang/srt/layers/attention/fla/utils.py:212: UserWarning: Triton is not supported on current platform, roll back to CPU.
(GlobalRequestLoadBalancer pid=486733, ip=10.124.45.22)   warnings.warn(
(TaskRunner pid=480525, ip=10.124.45.22) wandb: Tracking run with wandb version 0.13.95
(TaskRunner pid=480525, ip=10.124.45.22) wandb: Run data is saved locally in /home/tiger/verl/wandb/run-20260608_121807-run_20260608_1bd69f66
(TaskRunner pid=480525, ip=10.124.45.22) wandb: Run `wandb offline` to turn off syncing.
(TaskRunner pid=480525, ip=10.124.45.22) wandb: WARNING func: save_file, err: save_file wandb init failed, skip.../
(GlobalRequestLoadBalancer pid=486733, ip=10.124.45.22) /sgl-workspace/sglang/python/sglang/srt/layers/quantization/awq.py:76: UserWarning: Only CUDA, HIP and XPU support AWQ currently.
(GlobalRequestLoadBalancer pid=486733, ip=10.124.45.22)   warnings.warn(f"Only CUDA, HIP and XPU support AWQ currently.")
(GlobalRequestLoadBalancer pid=486733, ip=10.124.45.22) /sgl-workspace/sglang/python/sglang/srt/layers/quantization/gguf.py:47: UserWarning: Only CUDA support GGUF quantization currently.
(GlobalRequestLoadBalancer pid=486733, ip=10.124.45.22)   warnings.warn(f"Only CUDA support GGUF quantization currently.")
(GlobalRequestLoadBalancer pid=486733, ip=10.124.45.22) /usr/local/lib/python3.12/dist-packages/opentelemetry/proto/collector/logs/v1/logs_service_pb2_grpc.py:21: RuntimeWarning: The grpc package installed is at version 1.59.5, but the generated code in opentelemetry/proto/collector/logs/v1/logs_service_pb2_grpc.py depends on grpcio>=1.63.2. Please upgrade your grpc module to grpcio>=1.63.2 or downgrade your generated code using grpcio-tools<=1.59.5. This warning will become an error in 1.65.0, scheduled for release on June 25, 2024.
(GlobalRequestLoadBalancer pid=486733, ip=10.124.45.22)   warnings.warn(
(GlobalRequestLoadBalancer pid=486733, ip=10.124.45.22) /usr/local/lib/python3.12/dist-packages/opentelemetry/proto/collector/metrics/v1/metrics_service_pb2_grpc.py:21: RuntimeWarning: The grpc package installed is at version 1.59.5, but the generated code in opentelemetry/proto/collector/metrics/v1/metrics_service_pb2_grpc.py depends on grpcio>=1.63.2. Please upgrade your grpc module to grpcio>=1.63.2 or downgrade your generated code using grpcio-tools<=1.59.5. This warning will become an error in 1.65.0, scheduled for release on June 25, 2024.
(GlobalRequestLoadBalancer pid=486733, ip=10.124.45.22)   warnings.warn(
(GlobalRequestLoadBalancer pid=486733, ip=10.124.45.22) /usr/local/lib/python3.12/dist-packages/opentelemetry/proto/collector/trace/v1/trace_service_pb2_grpc.py:21: RuntimeWarning: The grpc package installed is at version 1.59.5, but the generated code in opentelemetry/proto/collector/trace/v1/trace_service_pb2_grpc.py depends on grpcio>=1.63.2. Please upgrade your grpc module to grpcio>=1.63.2 or downgrade your generated code using grpcio-tools<=1.59.5. This warning will become an error in 1.65.0, scheduled for release on June 25, 2024.
(GlobalRequestLoadBalancer pid=486733, ip=10.124.45.22)   warnings.warn(
(SGLangHttpServer pid=484538, ip=10.124.45.22) /usr/local/lib/python3.12/dist-packages/fastapi/routing.py:313: FastAPIDeprecationWarning: ORJSONResponse is deprecated, FastAPI now serializes data directly to JSON bytes via Pydantic when a return type or response model is set, which is faster and doesn't need a custom response class. Read more in the FastAPI docs: https://fastapi.tiangolo.com/advanced/custom-response/#orjson-or-response-model and https://fastapi.tiangolo.com/tutorial/response-model/
(SGLangHttpServer pid=484538, ip=10.124.45.22)   return await dependant.call(**values)
(SGLangHttpServer pid=484539, ip=10.124.45.22) /usr/local/lib/python3.12/dist-packages/fastapi/routing.py:313: FastAPIDeprecationWarning: ORJSONResponse is deprecated, FastAPI now serializes data directly to JSON bytes via Pydantic when a return type or response model is set, which is faster and doesn't need a custom response class. Read more in the FastAPI docs: https://fastapi.tiangolo.com/advanced/custom-response/#orjson-or-response-model and https://fastapi.tiangolo.com/tutorial/response-model/
(SGLangHttpServer pid=484539, ip=10.124.45.22)   return await dependant.call(**values)
(SGLangHttpServer pid=484542, ip=10.124.45.22) /usr/local/lib/python3.12/dist-packages/fastapi/routing.py:313: FastAPIDeprecationWarning: ORJSONResponse is deprecated, FastAPI now serializes data directly to JSON bytes via Pydantic when a return type or response model is set, which is faster and doesn't need a custom response class. Read more in the FastAPI docs: https://fastapi.tiangolo.com/advanced/custom-response/#orjson-or-response-model and https://fastapi.tiangolo.com/tutorial/response-model/
(SGLangHttpServer pid=484542, ip=10.124.45.22)   return await dependant.call(**values)
(SGLangHttpServer pid=484545, ip=10.124.45.22) /usr/local/lib/python3.12/dist-packages/fastapi/routing.py:313: FastAPIDeprecationWarning: ORJSONResponse is deprecated, FastAPI now serializes data directly to JSON bytes via Pydantic when a return type or response model is set, which is faster and doesn't need a custom response class. Read more in the FastAPI docs: https://fastapi.tiangolo.com/advanced/custom-response/#orjson-or-response-model and https://fastapi.tiangolo.com/tutorial/response-model/
(SGLangHttpServer pid=484545, ip=10.124.45.22)   return await dependant.call(**values)
(SGLangHttpServer pid=484548, ip=10.124.45.22) /usr/local/lib/python3.12/dist-packages/fastapi/routing.py:313: FastAPIDeprecationWarning: ORJSONResponse is deprecated, FastAPI now serializes data directly to JSON bytes via Pydantic when a return type or response model is set, which is faster and doesn't need a custom response class. Read more in the FastAPI docs: https://fastapi.tiangolo.com/advanced/custom-response/#orjson-or-response-model and https://fastapi.tiangolo.com/tutorial/response-model/
(SGLangHttpServer pid=484548, ip=10.124.45.22)   return await dependant.call(**values)
(SGLangHttpServer pid=484551, ip=10.124.45.22) /usr/local/lib/python3.12/dist-packages/fastapi/routing.py:313: FastAPIDeprecationWarning: ORJSONResponse is deprecated, FastAPI now serializes data directly to JSON bytes via Pydantic when a return type or response model is set, which is faster and doesn't need a custom response class. Read more in the FastAPI docs: https://fastapi.tiangolo.com/advanced/custom-response/#orjson-or-response-model and https://fastapi.tiangolo.com/tutorial/response-model/
(SGLangHttpServer pid=484551, ip=10.124.45.22)   return await dependant.call(**values)
(SGLangHttpServer pid=484559, ip=10.124.45.22) /usr/local/lib/python3.12/dist-packages/fastapi/routing.py:313: FastAPIDeprecationWarning: ORJSONResponse is deprecated, FastAPI now serializes data directly to JSON bytes via Pydantic when a return type or response model is set, which is faster and doesn't need a custom response class. Read more in the FastAPI docs: https://fastapi.tiangolo.com/advanced/custom-response/#orjson-or-response-model and https://fastapi.tiangolo.com/tutorial/response-model/
(SGLangHttpServer pid=484559, ip=10.124.45.22)   return await dependant.call(**values)
(SGLangHttpServer pid=484556, ip=10.124.45.22) /usr/local/lib/python3.12/dist-packages/fastapi/routing.py:313: FastAPIDeprecationWarning: ORJSONResponse is deprecated, FastAPI now serializes data directly to JSON bytes via Pydantic when a return type or response model is set, which is faster and doesn't need a custom response class. Read more in the FastAPI docs: https://fastapi.tiangolo.com/advanced/custom-response/#orjson-or-response-model and https://fastapi.tiangolo.com/tutorial/response-model/
(SGLangHttpServer pid=484556, ip=10.124.45.22)   return await dependant.call(**values)
(GlobalRequestLoadBalancer pid=486733, ip=10.124.45.22) <frozen importlib._bootstrap_external>:1297: FutureWarning: The cuda.cudart module is deprecated and will be removed in a future release, please switch to use the cuda.bindings.runtime module instead.
(GlobalRequestLoadBalancer pid=486733, ip=10.124.45.22) <frozen importlib._bootstrap_external>:1297: FutureWarning: The cuda.nvrtc module is deprecated and will be removed in a future release, please switch to use the cuda.bindings.nvrtc module instead.
(TaskRunner pid=480525, ip=10.124.45.22) Training Progress:   0%|          | 0/1 [00:00<?, ?it/s]
(AgentLoopWorker pid=486737, ip=10.124.45.22) /sgl-workspace/sglang/python/sglang/srt/layers/attention/fla/utils.py:212: UserWarning: Triton is not supported on current platform, roll back to CPU.
(AgentLoopWorker pid=486737, ip=10.124.45.22)   warnings.warn(
(AgentLoopWorker pid=486744, ip=10.124.45.22) /sgl-workspace/sglang/python/sglang/srt/layers/attention/fla/utils.py:212: UserWarning: Triton is not supported on current platform, roll back to CPU.
(AgentLoopWorker pid=486744, ip=10.124.45.22)   warnings.warn(
(AgentLoopWorker pid=486734, ip=10.124.45.22) /sgl-workspace/sglang/python/sglang/srt/layers/attention/fla/utils.py:212: UserWarning: Triton is not supported on current platform, roll back to CPU.
(AgentLoopWorker pid=486734, ip=10.124.45.22)   warnings.warn(
(AgentLoopWorker pid=486755, ip=10.124.45.22) /sgl-workspace/sglang/python/sglang/srt/layers/attention/fla/utils.py:212: UserWarning: Triton is not supported on current platform, roll back to CPU.
(AgentLoopWorker pid=486755, ip=10.124.45.22)   warnings.warn(
(AgentLoopWorker pid=486750, ip=10.124.45.22) /sgl-workspace/sglang/python/sglang/srt/layers/attention/fla/utils.py:212: UserWarning: Triton is not supported on current platform, roll back to CPU.
(AgentLoopWorker pid=486750, ip=10.124.45.22)   warnings.warn(
(AgentLoopWorker pid=486745, ip=10.124.45.22) /sgl-workspace/sglang/python/sglang/srt/layers/attention/fla/utils.py:212: UserWarning: Triton is not supported on current platform, roll back to CPU.
(AgentLoopWorker pid=486745, ip=10.124.45.22)   warnings.warn(
(AgentLoopWorker pid=486738, ip=10.124.45.22) /sgl-workspace/sglang/python/sglang/srt/layers/attention/fla/utils.py:212: UserWarning: Triton is not supported on current platform, roll back to CPU.
(AgentLoopWorker pid=486738, ip=10.124.45.22)   warnings.warn(
(AgentLoopWorker pid=486739, ip=10.124.45.22) /sgl-workspace/sglang/python/sglang/srt/layers/attention/fla/utils.py:212: UserWarning: Triton is not supported on current platform, roll back to CPU.
(AgentLoopWorker pid=486739, ip=10.124.45.22)   warnings.warn(
(AgentLoopWorker pid=486755, ip=10.124.45.22) /sgl-workspace/sglang/python/sglang/srt/layers/quantization/awq.py:76: UserWarning: Only CUDA, HIP and XPU support AWQ currently.
(AgentLoopWorker pid=486755, ip=10.124.45.22)   warnings.warn(f"Only CUDA, HIP and XPU support AWQ currently.")
(AgentLoopWorker pid=486737, ip=10.124.45.22) /sgl-workspace/sglang/python/sglang/srt/layers/quantization/awq.py:76: UserWarning: Only CUDA, HIP and XPU support AWQ currently.
(AgentLoopWorker pid=486737, ip=10.124.45.22)   warnings.warn(f"Only CUDA, HIP and XPU support AWQ currently.")
(AgentLoopWorker pid=486755, ip=10.124.45.22) /sgl-workspace/sglang/python/sglang/srt/layers/quantization/gguf.py:47: UserWarning: Only CUDA support GGUF quantization currently.
(AgentLoopWorker pid=486755, ip=10.124.45.22)   warnings.warn(f"Only CUDA support GGUF quantization currently.")
(AgentLoopWorker pid=486737, ip=10.124.45.22) /sgl-workspace/sglang/python/sglang/srt/layers/quantization/gguf.py:47: UserWarning: Only CUDA support GGUF quantization currently.
(AgentLoopWorker pid=486737, ip=10.124.45.22)   warnings.warn(f"Only CUDA support GGUF quantization currently.")
(AgentLoopWorker pid=486739, ip=10.124.45.22) /sgl-workspace/sglang/python/sglang/srt/layers/quantization/awq.py:76: UserWarning: Only CUDA, HIP and XPU support AWQ currently.
(AgentLoopWorker pid=486739, ip=10.124.45.22)   warnings.warn(f"Only CUDA, HIP and XPU support AWQ currently.")
(AgentLoopWorker pid=486738, ip=10.124.45.22) /sgl-workspace/sglang/python/sglang/srt/layers/quantization/awq.py:76: UserWarning: Only CUDA, HIP and XPU support AWQ currently.
(AgentLoopWorker pid=486738, ip=10.124.45.22)   warnings.warn(f"Only CUDA, HIP and XPU support AWQ currently.")
(AgentLoopWorker pid=486744, ip=10.124.45.22) /sgl-workspace/sglang/python/sglang/srt/layers/quantization/awq.py:76: UserWarning: Only CUDA, HIP and XPU support AWQ currently.
(AgentLoopWorker pid=486744, ip=10.124.45.22)   warnings.warn(f"Only CUDA, HIP and XPU support AWQ currently.")
(AgentLoopWorker pid=486745, ip=10.124.45.22) /sgl-workspace/sglang/python/sglang/srt/layers/quantization/awq.py:76: UserWarning: Only CUDA, HIP and XPU support AWQ currently.
(AgentLoopWorker pid=486745, ip=10.124.45.22)   warnings.warn(f"Only CUDA, HIP and XPU support AWQ currently.")
(AgentLoopWorker pid=486734, ip=10.124.45.22) /sgl-workspace/sglang/python/sglang/srt/layers/quantization/awq.py:76: UserWarning: Only CUDA, HIP and XPU support AWQ currently.
(AgentLoopWorker pid=486734, ip=10.124.45.22)   warnings.warn(f"Only CUDA, HIP and XPU support AWQ currently.")
(AgentLoopWorker pid=486750, ip=10.124.45.22) /sgl-workspace/sglang/python/sglang/srt/layers/quantization/awq.py:76: UserWarning: Only CUDA, HIP and XPU support AWQ currently.
(AgentLoopWorker pid=486750, ip=10.124.45.22)   warnings.warn(f"Only CUDA, HIP and XPU support AWQ currently.")
(AgentLoopWorker pid=486739, ip=10.124.45.22) /sgl-workspace/sglang/python/sglang/srt/layers/quantization/gguf.py:47: UserWarning: Only CUDA support GGUF quantization currently.
(AgentLoopWorker pid=486739, ip=10.124.45.22)   warnings.warn(f"Only CUDA support GGUF quantization currently.")
(AgentLoopWorker pid=486744, ip=10.124.45.22) /sgl-workspace/sglang/python/sglang/srt/layers/quantization/gguf.py:47: UserWarning: Only CUDA support GGUF quantization currently.
