(SGLangHttpServer pid=176973, ip=10.124.45.22) Capturing batches (bs=160 avail_mem=27.42 GB):  31%|███       | 11/36 [00:01<00:01, 13.58it/s]Capturing batches (bs=160 avail_mem=27.42 GB):  36%|███▌      | 13/36 [00:01<00:01, 13.69it/s]Capturing batches (bs=152 avail_mem=27.41 GB):  36%|███▌      | 13/36 [00:01<00:01, 13.69it/s]
(SGLangHttpServer pid=176976, ip=10.124.45.22) Capturing batches (bs=192 avail_mem=27.44 GB):  25%|██▌       | 9/36 [00:00<00:02, 12.78it/s]Capturing batches (bs=184 avail_mem=27.43 GB):  25%|██▌       | 9/36 [00:00<00:02, 12.78it/s]Capturing batches (bs=176 avail_mem=27.43 GB):  25%|██▌       | 9/36 [00:00<00:02, 12.78it/s]
(SGLangHttpServer pid=176970, ip=10.124.45.22) Capturing batches (bs=192 avail_mem=27.44 GB):  19%|█▉        | 7/36 [00:00<00:02, 11.95it/s]Capturing batches (bs=192 avail_mem=27.44 GB):  25%|██▌       | 9/36 [00:00<00:02, 12.80it/s]Capturing batches (bs=184 avail_mem=27.43 GB):  25%|██▌       | 9/36 [00:00<00:02, 12.80it/s]
(SGLangHttpServer pid=176956, ip=10.124.45.22) Capturing batches (bs=16 avail_mem=28.55 GB):  86%|████████▌ | 31/36 [00:02<00:00, 17.31it/s]Capturing batches (bs=12 avail_mem=28.54 GB):  86%|████████▌ | 31/36 [00:02<00:00, 17.31it/s]Capturing batches (bs=8 avail_mem=28.54 GB):  86%|████████▌ | 31/36 [00:02<00:00, 17.31it/s] 
(SGLangHttpServer pid=176957, ip=10.124.45.22) Capturing batches (bs=80 avail_mem=27.36 GB):  64%|██████▍   | 23/36 [00:01<00:00, 16.50it/s]Capturing batches (bs=72 avail_mem=27.35 GB):  64%|██████▍   | 23/36 [00:01<00:00, 16.50it/s]Capturing batches (bs=64 avail_mem=27.35 GB):  64%|██████▍   | 23/36 [00:01<00:00, 16.50it/s]
(SGLangHttpServer pid=176960, ip=10.124.45.22) Capturing batches (bs=160 avail_mem=27.42 GB):  36%|███▌      | 13/36 [00:01<00:01, 13.85it/s]Capturing batches (bs=152 avail_mem=27.41 GB):  36%|███▌      | 13/36 [00:01<00:01, 13.85it/s]Capturing batches (bs=144 avail_mem=27.41 GB):  36%|███▌      | 13/36 [00:01<00:01, 13.85it/s]
(SGLangHttpServer pid=176964, ip=10.124.45.22) Capturing batches (bs=80 avail_mem=27.36 GB):  64%|██████▍   | 23/36 [00:01<00:00, 16.44it/s]Capturing batches (bs=72 avail_mem=27.35 GB):  64%|██████▍   | 23/36 [00:01<00:00, 16.44it/s]Capturing batches (bs=64 avail_mem=27.35 GB):  64%|██████▍   | 23/36 [00:01<00:00, 16.44it/s]
(SGLangHttpServer pid=176967, ip=10.124.45.22) Capturing batches (bs=160 avail_mem=27.42 GB):  36%|███▌      | 13/36 [00:01<00:01, 13.80it/s]Capturing batches (bs=152 avail_mem=27.41 GB):  36%|███▌      | 13/36 [00:01<00:01, 13.80it/s]
(SGLangHttpServer pid=176973, ip=10.124.45.22) Capturing batches (bs=144 avail_mem=27.41 GB):  36%|███▌      | 13/36 [00:01<00:01, 13.69it/s]
(SGLangHttpServer pid=176976, ip=10.124.45.22) Capturing batches (bs=176 avail_mem=27.43 GB):  31%|███       | 11/36 [00:00<00:01, 13.51it/s]Capturing batches (bs=168 avail_mem=27.42 GB):  31%|███       | 11/36 [00:00<00:01, 13.51it/s]
(SGLangHttpServer pid=176970, ip=10.124.45.22) Capturing batches (bs=176 avail_mem=27.43 GB):  25%|██▌       | 9/36 [00:00<00:02, 12.80it/s]Capturing batches (bs=176 avail_mem=27.43 GB):  31%|███       | 11/36 [00:00<00:01, 13.48it/s]Capturing batches (bs=168 avail_mem=27.42 GB):  31%|███       | 11/36 [00:00<00:01, 13.48it/s]
(SGLangHttpServer pid=176964, ip=10.124.45.22) Capturing batches (bs=64 avail_mem=27.35 GB):  69%|██████▉   | 25/36 [00:01<00:00, 17.04it/s]
(SGLangHttpServer pid=176973, ip=10.124.45.22) Capturing batches (bs=144 avail_mem=27.41 GB):  42%|████▏     | 15/36 [00:01<00:01, 14.12it/s]
(SGLangHttpServer pid=176964, ip=10.124.45.22) Capturing batches (bs=56 avail_mem=27.34 GB):  69%|██████▉   | 25/36 [00:01<00:00, 17.04it/s]
(SGLangHttpServer pid=176973, ip=10.124.45.22) Capturing batches (bs=136 avail_mem=27.40 GB):  42%|████▏     | 15/36 [00:01<00:01, 14.12it/s]
(SGLangHttpServer pid=176967, ip=10.124.45.22) Capturing batches (bs=144 avail_mem=27.41 GB):  36%|███▌      | 13/36 [00:01<00:01, 13.80it/s]
(SGLangHttpServer pid=176956, ip=10.124.45.22) Capturing batches (bs=4 avail_mem=28.53 GB):  86%|████████▌ | 31/36 [00:02<00:00, 17.31it/s]Capturing batches (bs=4 avail_mem=28.53 GB):  94%|█████████▍| 34/36 [00:02<00:00, 18.34it/s]Capturing batches (bs=2 avail_mem=28.53 GB):  94%|█████████▍| 34/36 [00:02<00:00, 18.34it/s]
(SGLangHttpServer pid=176957, ip=10.124.45.22) Capturing batches (bs=64 avail_mem=27.35 GB):  69%|██████▉   | 25/36 [00:01<00:00, 16.82it/s]Capturing batches (bs=56 avail_mem=27.34 GB):  69%|██████▉   | 25/36 [00:01<00:00, 16.82it/s]Capturing batches (bs=48 avail_mem=27.34 GB):  69%|██████▉   | 25/36 [00:01<00:00, 16.82it/s]
(SGLangHttpServer pid=176960, ip=10.124.45.22) Capturing batches (bs=144 avail_mem=27.41 GB):  42%|████▏     | 15/36 [00:01<00:01, 14.22it/s]Capturing batches (bs=136 avail_mem=27.40 GB):  42%|████▏     | 15/36 [00:01<00:01, 14.22it/s]
(SGLangHttpServer pid=176964, ip=10.124.45.22) Capturing batches (bs=48 avail_mem=27.34 GB):  69%|██████▉   | 25/36 [00:01<00:00, 17.04it/s]
(SGLangHttpServer pid=176967, ip=10.124.45.22) Capturing batches (bs=144 avail_mem=27.41 GB):  42%|████▏     | 15/36 [00:01<00:01, 13.63it/s]Capturing batches (bs=136 avail_mem=27.40 GB):  42%|████▏     | 15/36 [00:01<00:01, 13.63it/s]
(SGLangHttpServer pid=176973, ip=10.124.45.22) Capturing batches (bs=128 avail_mem=27.40 GB):  42%|████▏     | 15/36 [00:01<00:01, 14.12it/s]
(SGLangHttpServer pid=176976, ip=10.124.45.22) Capturing batches (bs=160 avail_mem=27.42 GB):  31%|███       | 11/36 [00:01<00:01, 13.51it/s]Capturing batches (bs=160 avail_mem=27.42 GB):  36%|███▌      | 13/36 [00:01<00:01, 12.98it/s]Capturing batches (bs=152 avail_mem=27.41 GB):  36%|███▌      | 13/36 [00:01<00:01, 12.98it/s]
(SGLangHttpServer pid=176970, ip=10.124.45.22) Capturing batches (bs=160 avail_mem=27.42 GB):  31%|███       | 11/36 [00:01<00:01, 13.48it/s]
(SGLangHttpServer pid=176956, ip=10.124.45.22) Capturing batches (bs=1 avail_mem=28.52 GB):  94%|█████████▍| 34/36 [00:02<00:00, 18.34it/s]Capturing batches (bs=1 avail_mem=28.52 GB): 100%|██████████| 36/36 [00:02<00:00, 15.03it/s]
(SGLangHttpServer pid=176957, ip=10.124.45.22) Capturing batches (bs=48 avail_mem=27.34 GB):  75%|███████▌  | 27/36 [00:01<00:00, 15.83it/s]Capturing batches (bs=40 avail_mem=27.33 GB):  75%|███████▌  | 27/36 [00:01<00:00, 15.83it/s]
(SGLangHttpServer pid=176960, ip=10.124.45.22) Capturing batches (bs=128 avail_mem=27.40 GB):  42%|████▏     | 15/36 [00:01<00:01, 14.22it/s]Capturing batches (bs=128 avail_mem=27.40 GB):  47%|████▋     | 17/36 [00:01<00:01, 13.98it/s]Capturing batches (bs=120 avail_mem=27.39 GB):  47%|████▋     | 17/36 [00:01<00:01, 13.98it/s]
(SGLangHttpServer pid=176964, ip=10.124.45.22) Capturing batches (bs=48 avail_mem=27.34 GB):  75%|███████▌  | 27/36 [00:01<00:00, 15.69it/s]Capturing batches (bs=40 avail_mem=27.33 GB):  75%|███████▌  | 27/36 [00:01<00:00, 15.69it/s]Capturing batches (bs=32 avail_mem=27.33 GB):  75%|███████▌  | 27/36 [00:02<00:00, 15.69it/s]
(SGLangHttpServer pid=176967, ip=10.124.45.22) Capturing batches (bs=128 avail_mem=27.40 GB):  42%|████▏     | 15/36 [00:01<00:01, 13.63it/s]
(SGLangHttpServer pid=176973, ip=10.124.45.22) Capturing batches (bs=128 avail_mem=27.40 GB):  47%|████▋     | 17/36 [00:01<00:01, 13.45it/s]Capturing batches (bs=120 avail_mem=27.39 GB):  47%|████▋     | 17/36 [00:01<00:01, 13.45it/s]
(SGLangHttpServer pid=176976, ip=10.124.45.22) Capturing batches (bs=144 avail_mem=27.41 GB):  36%|███▌      | 13/36 [00:01<00:01, 12.98it/s]
(SGLangHttpServer pid=176970, ip=10.124.45.22) Capturing batches (bs=160 avail_mem=27.42 GB):  36%|███▌      | 13/36 [00:01<00:01, 12.43it/s]Capturing batches (bs=152 avail_mem=27.41 GB):  36%|███▌      | 13/36 [00:01<00:01, 12.43it/s]
(SGLangHttpServer pid=176957, ip=10.124.45.22) Capturing batches (bs=32 avail_mem=27.33 GB):  75%|███████▌  | 27/36 [00:02<00:00, 15.83it/s]
(SGLangHttpServer pid=176973, ip=10.124.45.22) Capturing batches (bs=112 avail_mem=27.38 GB):  47%|████▋     | 17/36 [00:01<00:01, 13.45it/s]
(SGLangHttpServer pid=176957, ip=10.124.45.22) Capturing batches (bs=32 avail_mem=27.33 GB):  81%|████████  | 29/36 [00:02<00:00, 16.29it/s]Capturing batches (bs=24 avail_mem=27.32 GB):  81%|████████  | 29/36 [00:02<00:00, 16.29it/s]Capturing batches (bs=16 avail_mem=27.32 GB):  81%|████████  | 29/36 [00:02<00:00, 16.29it/s]
(SGLangHttpServer pid=176960, ip=10.124.45.22) Capturing batches (bs=112 avail_mem=27.38 GB):  47%|████▋     | 17/36 [00:01<00:01, 13.98it/s]Capturing batches (bs=112 avail_mem=27.38 GB):  53%|█████▎    | 19/36 [00:01<00:01, 15.04it/s]Capturing batches (bs=104 avail_mem=27.38 GB):  53%|█████▎    | 19/36 [00:01<00:01, 15.04it/s]
(SGLangHttpServer pid=176964, ip=10.124.45.22) Capturing batches (bs=32 avail_mem=27.33 GB):  81%|████████  | 29/36 [00:02<00:00, 16.12it/s]Capturing batches (bs=24 avail_mem=27.32 GB):  81%|████████  | 29/36 [00:02<00:00, 16.12it/s]Capturing batches (bs=16 avail_mem=27.32 GB):  81%|████████  | 29/36 [00:02<00:00, 16.12it/s]
(SGLangHttpServer pid=176967, ip=10.124.45.22) Capturing batches (bs=128 avail_mem=27.40 GB):  47%|████▋     | 17/36 [00:01<00:01, 13.60it/s]Capturing batches (bs=120 avail_mem=27.39 GB):  47%|████▋     | 17/36 [00:01<00:01, 13.60it/s]Capturing batches (bs=112 avail_mem=27.38 GB):  47%|████▋     | 17/36 [00:01<00:01, 13.60it/s]
(SGLangHttpServer pid=176973, ip=10.124.45.22) Capturing batches (bs=112 avail_mem=27.38 GB):  53%|█████▎    | 19/36 [00:01<00:01, 14.21it/s]Capturing batches (bs=104 avail_mem=27.38 GB):  53%|█████▎    | 19/36 [00:01<00:01, 14.21it/s]Capturing batches (bs=96 avail_mem=27.37 GB):  53%|█████▎    | 19/36 [00:01<00:01, 14.21it/s] 
(SGLangHttpServer pid=176976, ip=10.124.45.22) Capturing batches (bs=144 avail_mem=27.41 GB):  42%|████▏     | 15/36 [00:01<00:01, 13.34it/s]Capturing batches (bs=136 avail_mem=27.40 GB):  42%|████▏     | 15/36 [00:01<00:01, 13.34it/s]Capturing batches (bs=128 avail_mem=27.40 GB):  42%|████▏     | 15/36 [00:01<00:01, 13.34it/s]
(SGLangHttpServer pid=176970, ip=10.124.45.22) Capturing batches (bs=144 avail_mem=27.41 GB):  36%|███▌      | 13/36 [00:01<00:01, 12.43it/s]Capturing batches (bs=144 avail_mem=27.41 GB):  42%|████▏     | 15/36 [00:01<00:01, 13.03it/s]Capturing batches (bs=136 avail_mem=27.40 GB):  42%|████▏     | 15/36 [00:01<00:01, 13.03it/s]
(SGLangHttpServer pid=176967, ip=10.124.45.22) Capturing batches (bs=112 avail_mem=27.38 GB):  53%|█████▎    | 19/36 [00:01<00:01, 14.82it/s]Capturing batches (bs=104 avail_mem=27.38 GB):  53%|█████▎    | 19/36 [00:01<00:01, 14.82it/s]
(SGLangHttpServer pid=176957, ip=10.124.45.22) Capturing batches (bs=16 avail_mem=27.32 GB):  86%|████████▌ | 31/36 [00:02<00:00, 15.69it/s]Capturing batches (bs=12 avail_mem=27.31 GB):  86%|████████▌ | 31/36 [00:02<00:00, 15.69it/s]
(SGLangHttpServer pid=176960, ip=10.124.45.22) Capturing batches (bs=96 avail_mem=27.37 GB):  53%|█████▎    | 19/36 [00:01<00:01, 15.04it/s] Capturing batches (bs=96 avail_mem=27.37 GB):  58%|█████▊    | 21/36 [00:01<00:00, 16.06it/s]Capturing batches (bs=88 avail_mem=27.36 GB):  58%|█████▊    | 21/36 [00:01<00:00, 16.06it/s]
(SGLangHttpServer pid=176964, ip=10.124.45.22) Capturing batches (bs=16 avail_mem=27.32 GB):  86%|████████▌ | 31/36 [00:02<00:00, 15.47it/s]Capturing batches (bs=12 avail_mem=27.31 GB):  86%|████████▌ | 31/36 [00:02<00:00, 15.47it/s]Capturing batches (bs=8 avail_mem=27.31 GB):  86%|████████▌ | 31/36 [00:02<00:00, 15.47it/s] 
(SGLangHttpServer pid=176967, ip=10.124.45.22) Capturing batches (bs=96 avail_mem=27.37 GB):  53%|█████▎    | 19/36 [00:01<00:01, 14.82it/s] Capturing batches (bs=96 avail_mem=27.37 GB):  58%|█████▊    | 21/36 [00:01<00:00, 15.90it/s]Capturing batches (bs=88 avail_mem=27.36 GB):  58%|█████▊    | 21/36 [00:01<00:00, 15.90it/s]
(SGLangHttpServer pid=176973, ip=10.124.45.22) Capturing batches (bs=96 avail_mem=27.37 GB):  58%|█████▊    | 21/36 [00:01<00:00, 15.41it/s]Capturing batches (bs=88 avail_mem=27.36 GB):  58%|█████▊    | 21/36 [00:01<00:00, 15.41it/s]Capturing batches (bs=80 avail_mem=27.36 GB):  58%|█████▊    | 21/36 [00:01<00:00, 15.41it/s]
(SGLangHttpServer pid=176976, ip=10.124.45.22) Capturing batches (bs=128 avail_mem=27.40 GB):  47%|████▋     | 17/36 [00:01<00:01, 14.21it/s]Capturing batches (bs=120 avail_mem=27.39 GB):  47%|████▋     | 17/36 [00:01<00:01, 14.21it/s]Capturing batches (bs=112 avail_mem=27.38 GB):  47%|████▋     | 17/36 [00:01<00:01, 14.21it/s]
(SGLangHttpServer pid=176970, ip=10.124.45.22) Capturing batches (bs=128 avail_mem=27.40 GB):  42%|████▏     | 15/36 [00:01<00:01, 13.03it/s]Capturing batches (bs=128 avail_mem=27.40 GB):  47%|████▋     | 17/36 [00:01<00:01, 14.00it/s]Capturing batches (bs=120 avail_mem=27.39 GB):  47%|████▋     | 17/36 [00:01<00:01, 14.00it/s]
(SGLangHttpServer pid=176957, ip=10.124.45.22) Capturing batches (bs=8 avail_mem=27.31 GB):  86%|████████▌ | 31/36 [00:02<00:00, 15.69it/s] Capturing batches (bs=4 avail_mem=27.30 GB):  86%|████████▌ | 31/36 [00:02<00:00, 15.69it/s]
(SGLangHttpServer pid=176960, ip=10.124.45.22) Capturing batches (bs=80 avail_mem=27.36 GB):  58%|█████▊    | 21/36 [00:01<00:00, 16.06it/s]Capturing batches (bs=80 avail_mem=27.36 GB):  64%|██████▍   | 23/36 [00:01<00:00, 16.86it/s]Capturing batches (bs=72 avail_mem=27.35 GB):  64%|██████▍   | 23/36 [00:01<00:00, 16.86it/s]
(SGLangHttpServer pid=176964, ip=10.124.45.22) Capturing batches (bs=4 avail_mem=27.30 GB):  86%|████████▌ | 31/36 [00:02<00:00, 15.47it/s]Capturing batches (bs=4 avail_mem=27.30 GB):  94%|█████████▍| 34/36 [00:02<00:00, 17.07it/s]Capturing batches (bs=2 avail_mem=27.30 GB):  94%|█████████▍| 34/36 [00:02<00:00, 17.07it/s]
(SGLangHttpServer pid=176967, ip=10.124.45.22) Capturing batches (bs=80 avail_mem=27.36 GB):  58%|█████▊    | 21/36 [00:01<00:00, 15.90it/s]Capturing batches (bs=80 avail_mem=27.36 GB):  64%|██████▍   | 23/36 [00:01<00:00, 16.71it/s]Capturing batches (bs=72 avail_mem=27.35 GB):  64%|██████▍   | 23/36 [00:01<00:00, 16.71it/s]
(SGLangHttpServer pid=176973, ip=10.124.45.22) Capturing batches (bs=80 avail_mem=27.36 GB):  64%|██████▍   | 23/36 [00:01<00:00, 16.46it/s]Capturing batches (bs=72 avail_mem=27.35 GB):  64%|██████▍   | 23/36 [00:01<00:00, 16.46it/s]Capturing batches (bs=64 avail_mem=27.35 GB):  64%|██████▍   | 23/36 [00:01<00:00, 16.46it/s]
(SGLangHttpServer pid=176976, ip=10.124.45.22) Capturing batches (bs=112 avail_mem=27.38 GB):  53%|█████▎    | 19/36 [00:01<00:01, 15.33it/s]Capturing batches (bs=104 avail_mem=27.38 GB):  53%|█████▎    | 19/36 [00:01<00:01, 15.33it/s]Capturing batches (bs=96 avail_mem=27.37 GB):  53%|█████▎    | 19/36 [00:01<00:01, 15.33it/s] 
(SGLangHttpServer pid=176970, ip=10.124.45.22) Capturing batches (bs=112 avail_mem=27.38 GB):  47%|████▋     | 17/36 [00:01<00:01, 14.00it/s]Capturing batches (bs=112 avail_mem=27.38 GB):  53%|█████▎    | 19/36 [00:01<00:01, 15.10it/s]Capturing batches (bs=104 avail_mem=27.38 GB):  53%|█████▎    | 19/36 [00:01<00:01, 15.10it/s]
(SGLangHttpServer pid=176957, ip=10.124.45.22) Capturing batches (bs=4 avail_mem=27.30 GB):  94%|█████████▍| 34/36 [00:02<00:00, 17.21it/s]Capturing batches (bs=2 avail_mem=27.30 GB):  94%|█████████▍| 34/36 [00:02<00:00, 17.21it/s]
(SGLangHttpServer pid=176960, ip=10.124.45.22) Capturing batches (bs=64 avail_mem=27.35 GB):  64%|██████▍   | 23/36 [00:01<00:00, 16.86it/s]
(SGLangHttpServer pid=176957, ip=10.124.45.22) Capturing batches (bs=1 avail_mem=27.29 GB):  94%|█████████▍| 34/36 [00:02<00:00, 17.21it/s]Capturing batches (bs=1 avail_mem=27.29 GB): 100%|██████████| 36/36 [00:02<00:00, 17.80it/s]Capturing batches (bs=1 avail_mem=27.29 GB): 100%|██████████| 36/36 [00:02<00:00, 14.44it/s]
(SGLangHttpServer pid=176960, ip=10.124.45.22) Capturing batches (bs=64 avail_mem=27.35 GB):  69%|██████▉   | 25/36 [00:01<00:00, 17.24it/s]Capturing batches (bs=56 avail_mem=27.34 GB):  69%|██████▉   | 25/36 [00:01<00:00, 17.24it/s]
(SGLangHttpServer pid=176964, ip=10.124.45.22) Capturing batches (bs=1 avail_mem=27.29 GB):  94%|█████████▍| 34/36 [00:02<00:00, 17.07it/s]Capturing batches (bs=1 avail_mem=27.29 GB): 100%|██████████| 36/36 [00:02<00:00, 17.76it/s]Capturing batches (bs=1 avail_mem=27.29 GB): 100%|██████████| 36/36 [00:02<00:00, 14.41it/s]
(SGLangHttpServer pid=176967, ip=10.124.45.22) Capturing batches (bs=64 avail_mem=27.35 GB):  64%|██████▍   | 23/36 [00:01<00:00, 16.71it/s]Capturing batches (bs=64 avail_mem=27.35 GB):  69%|██████▉   | 25/36 [00:01<00:00, 17.07it/s]Capturing batches (bs=56 avail_mem=27.34 GB):  69%|██████▉   | 25/36 [00:01<00:00, 17.07it/s]
(SGLangHttpServer pid=176973, ip=10.124.45.22) Capturing batches (bs=64 avail_mem=27.35 GB):  69%|██████▉   | 25/36 [00:01<00:00, 16.95it/s]Capturing batches (bs=56 avail_mem=27.34 GB):  69%|██████▉   | 25/36 [00:01<00:00, 16.95it/s]Capturing batches (bs=48 avail_mem=27.34 GB):  69%|██████▉   | 25/36 [00:01<00:00, 16.95it/s]
(SGLangHttpServer pid=176976, ip=10.124.45.22) Capturing batches (bs=96 avail_mem=27.37 GB):  58%|█████▊    | 21/36 [00:01<00:00, 15.98it/s]Capturing batches (bs=88 avail_mem=27.36 GB):  58%|█████▊    | 21/36 [00:01<00:00, 15.98it/s]Capturing batches (bs=80 avail_mem=27.36 GB):  58%|█████▊    | 21/36 [00:01<00:00, 15.98it/s]
(SGLangHttpServer pid=176970, ip=10.124.45.22) Capturing batches (bs=96 avail_mem=27.37 GB):  53%|█████▎    | 19/36 [00:01<00:01, 15.10it/s] Capturing batches (bs=96 avail_mem=27.37 GB):  58%|█████▊    | 21/36 [00:01<00:00, 15.55it/s]Capturing batches (bs=88 avail_mem=27.36 GB):  58%|█████▊    | 21/36 [00:01<00:00, 15.55it/s]
(SGLangHttpServer pid=176960, ip=10.124.45.22) Capturing batches (bs=48 avail_mem=27.34 GB):  69%|██████▉   | 25/36 [00:01<00:00, 17.24it/s]
(SGLangHttpServer pid=176960, ip=10.124.45.22) Capturing batches (bs=48 avail_mem=27.34 GB):  75%|███████▌  | 27/36 [00:01<00:00, 17.68it/s]Capturing batches (bs=40 avail_mem=27.33 GB):  75%|███████▌  | 27/36 [00:01<00:00, 17.68it/s]Capturing batches (bs=32 avail_mem=27.33 GB):  75%|███████▌  | 27/36 [00:01<00:00, 17.68it/s]
(SGLangHttpServer pid=176967, ip=10.124.45.22) Capturing batches (bs=48 avail_mem=27.34 GB):  69%|██████▉   | 25/36 [00:01<00:00, 17.07it/s]Capturing batches (bs=48 avail_mem=27.34 GB):  75%|███████▌  | 27/36 [00:01<00:00, 17.70it/s]Capturing batches (bs=40 avail_mem=27.33 GB):  75%|███████▌  | 27/36 [00:01<00:00, 17.70it/s]
(SGLangHttpServer pid=176973, ip=10.124.45.22) Capturing batches (bs=48 avail_mem=27.34 GB):  75%|███████▌  | 27/36 [00:01<00:00, 17.43it/s]Capturing batches (bs=40 avail_mem=27.33 GB):  75%|███████▌  | 27/36 [00:01<00:00, 17.43it/s]Capturing batches (bs=32 avail_mem=27.33 GB):  75%|███████▌  | 27/36 [00:01<00:00, 17.43it/s]
(SGLangHttpServer pid=176976, ip=10.124.45.22) Capturing batches (bs=80 avail_mem=27.36 GB):  64%|██████▍   | 23/36 [00:01<00:00, 16.36it/s]Capturing batches (bs=72 avail_mem=27.35 GB):  64%|██████▍   | 23/36 [00:01<00:00, 16.36it/s]Capturing batches (bs=64 avail_mem=27.35 GB):  64%|██████▍   | 23/36 [00:01<00:00, 16.36it/s]
(SGLangHttpServer pid=176970, ip=10.124.45.22) Capturing batches (bs=80 avail_mem=27.36 GB):  58%|█████▊    | 21/36 [00:01<00:00, 15.55it/s]Capturing batches (bs=80 avail_mem=27.36 GB):  64%|██████▍   | 23/36 [00:01<00:00, 16.29it/s]Capturing batches (bs=72 avail_mem=27.35 GB):  64%|██████▍   | 23/36 [00:01<00:00, 16.29it/s]
(SGLangHttpServer pid=176960, ip=10.124.45.22) Capturing batches (bs=24 avail_mem=27.32 GB):  75%|███████▌  | 27/36 [00:01<00:00, 17.68it/s]Capturing batches (bs=24 avail_mem=27.32 GB):  83%|████████▎ | 30/36 [00:02<00:00, 18.68it/s]Capturing batches (bs=16 avail_mem=27.32 GB):  83%|████████▎ | 30/36 [00:02<00:00, 18.68it/s]
(SGLangHttpServer pid=176967, ip=10.124.45.22) Capturing batches (bs=32 avail_mem=27.33 GB):  75%|███████▌  | 27/36 [00:01<00:00, 17.70it/s]Capturing batches (bs=32 avail_mem=27.33 GB):  81%|████████  | 29/36 [00:01<00:00, 18.26it/s]Capturing batches (bs=24 avail_mem=27.32 GB):  81%|████████  | 29/36 [00:01<00:00, 18.26it/s]
(SGLangHttpServer pid=176973, ip=10.124.45.22) Capturing batches (bs=32 avail_mem=27.33 GB):  81%|████████  | 29/36 [00:02<00:00, 18.02it/s]Capturing batches (bs=24 avail_mem=27.32 GB):  81%|████████  | 29/36 [00:02<00:00, 18.02it/s]Capturing batches (bs=16 avail_mem=27.32 GB):  81%|████████  | 29/36 [00:02<00:00, 18.02it/s]
(SGLangHttpServer pid=176976, ip=10.124.45.22) Capturing batches (bs=64 avail_mem=27.35 GB):  69%|██████▉   | 25/36 [00:01<00:00, 17.18it/s]Capturing batches (bs=56 avail_mem=27.34 GB):  69%|██████▉   | 25/36 [00:01<00:00, 17.18it/s]Capturing batches (bs=48 avail_mem=27.34 GB):  69%|██████▉   | 25/36 [00:01<00:00, 17.18it/s]
(SGLangHttpServer pid=176970, ip=10.124.45.22) Capturing batches (bs=64 avail_mem=27.35 GB):  64%|██████▍   | 23/36 [00:01<00:00, 16.29it/s]Capturing batches (bs=64 avail_mem=27.35 GB):  69%|██████▉   | 25/36 [00:01<00:00, 17.04it/s]Capturing batches (bs=56 avail_mem=27.34 GB):  69%|██████▉   | 25/36 [00:01<00:00, 17.04it/s]
(SGLangHttpServer pid=176960, ip=10.124.45.22) Capturing batches (bs=12 avail_mem=27.31 GB):  83%|████████▎ | 30/36 [00:02<00:00, 18.68it/s]
(SGLangHttpServer pid=176967, ip=10.124.45.22) Capturing batches (bs=16 avail_mem=27.32 GB):  81%|████████  | 29/36 [00:02<00:00, 18.26it/s]Capturing batches (bs=16 avail_mem=27.32 GB):  86%|████████▌ | 31/36 [00:02<00:00, 17.07it/s]Capturing batches (bs=12 avail_mem=27.31 GB):  86%|████████▌ | 31/36 [00:02<00:00, 17.07it/s]
(SGLangHttpServer pid=176973, ip=10.124.45.22) Capturing batches (bs=16 avail_mem=27.32 GB):  86%|████████▌ | 31/36 [00:02<00:00, 16.81it/s]Capturing batches (bs=12 avail_mem=27.31 GB):  86%|████████▌ | 31/36 [00:02<00:00, 16.81it/s]Capturing batches (bs=8 avail_mem=27.31 GB):  86%|████████▌ | 31/36 [00:02<00:00, 16.81it/s] 
(SGLangHttpServer pid=176976, ip=10.124.45.22) Capturing batches (bs=48 avail_mem=27.34 GB):  75%|███████▌  | 27/36 [00:01<00:00, 17.89it/s]Capturing batches (bs=40 avail_mem=27.33 GB):  75%|███████▌  | 27/36 [00:01<00:00, 17.89it/s]Capturing batches (bs=32 avail_mem=27.33 GB):  75%|███████▌  | 27/36 [00:01<00:00, 17.89it/s]
(SGLangHttpServer pid=176970, ip=10.124.45.22) Capturing batches (bs=48 avail_mem=27.34 GB):  69%|██████▉   | 25/36 [00:01<00:00, 17.04it/s]Capturing batches (bs=48 avail_mem=27.34 GB):  75%|███████▌  | 27/36 [00:01<00:00, 17.58it/s]Capturing batches (bs=40 avail_mem=27.33 GB):  75%|███████▌  | 27/36 [00:01<00:00, 17.58it/s]
(SGLangHttpServer pid=176960, ip=10.124.45.22) Capturing batches (bs=12 avail_mem=27.31 GB):  89%|████████▉ | 32/36 [00:02<00:00, 17.49it/s]Capturing batches (bs=8 avail_mem=27.31 GB):  89%|████████▉ | 32/36 [00:02<00:00, 17.49it/s] 
(SGLangHttpServer pid=176976, ip=10.124.45.22) Capturing batches (bs=32 avail_mem=27.33 GB):  81%|████████  | 29/36 [00:02<00:00, 18.01it/s]
(SGLangHttpServer pid=176976, ip=10.124.45.22) Capturing batches (bs=24 avail_mem=27.32 GB):  81%|████████  | 29/36 [00:02<00:00, 18.01it/s]
(SGLangHttpServer pid=176960, ip=10.124.45.22) Capturing batches (bs=4 avail_mem=27.30 GB):  89%|████████▉ | 32/36 [00:02<00:00, 17.49it/s]Capturing batches (bs=2 avail_mem=27.30 GB):  89%|████████▉ | 32/36 [00:02<00:00, 17.49it/s]
(SGLangHttpServer pid=176967, ip=10.124.45.22) Capturing batches (bs=8 avail_mem=27.31 GB):  86%|████████▌ | 31/36 [00:02<00:00, 17.07it/s] Capturing batches (bs=4 avail_mem=27.30 GB):  86%|████████▌ | 31/36 [00:02<00:00, 17.07it/s]
(SGLangHttpServer pid=176973, ip=10.124.45.22) Capturing batches (bs=4 avail_mem=27.30 GB):  86%|████████▌ | 31/36 [00:02<00:00, 16.81it/s]Capturing batches (bs=4 avail_mem=27.30 GB):  94%|█████████▍| 34/36 [00:02<00:00, 18.15it/s]Capturing batches (bs=2 avail_mem=27.30 GB):  94%|█████████▍| 34/36 [00:02<00:00, 18.15it/s]
(SGLangHttpServer pid=176976, ip=10.124.45.22) Capturing batches (bs=16 avail_mem=27.32 GB):  81%|████████  | 29/36 [00:02<00:00, 18.01it/s]
(SGLangHttpServer pid=176970, ip=10.124.45.22) Capturing batches (bs=32 avail_mem=27.33 GB):  75%|███████▌  | 27/36 [00:01<00:00, 17.58it/s]Capturing batches (bs=32 avail_mem=27.33 GB):  81%|████████  | 29/36 [00:02<00:00, 17.58it/s]Capturing batches (bs=24 avail_mem=27.32 GB):  81%|████████  | 29/36 [00:02<00:00, 17.58it/s]
(SGLangHttpServer pid=176973, ip=10.124.45.22) Capturing batches (bs=1 avail_mem=27.29 GB):  94%|█████████▍| 34/36 [00:02<00:00, 18.15it/s]
(SGLangHttpServer pid=176970, ip=10.124.45.22) Capturing batches (bs=16 avail_mem=27.32 GB):  81%|████████  | 29/36 [00:02<00:00, 17.58it/s]
(SGLangHttpServer pid=176960, ip=10.124.45.22) Capturing batches (bs=2 avail_mem=27.30 GB):  97%|█████████▋| 35/36 [00:02<00:00, 18.76it/s]Capturing batches (bs=1 avail_mem=27.29 GB):  97%|█████████▋| 35/36 [00:02<00:00, 18.76it/s]Capturing batches (bs=1 avail_mem=27.29 GB): 100%|██████████| 36/36 [00:02<00:00, 15.29it/s]
(SGLangHttpServer pid=176967, ip=10.124.45.22) Capturing batches (bs=4 avail_mem=27.30 GB):  94%|█████████▍| 34/36 [00:02<00:00, 18.41it/s]Capturing batches (bs=2 avail_mem=27.30 GB):  94%|█████████▍| 34/36 [00:02<00:00, 18.41it/s]Capturing batches (bs=1 avail_mem=27.29 GB):  94%|█████████▍| 34/36 [00:02<00:00, 18.41it/s]Capturing batches (bs=1 avail_mem=27.29 GB): 100%|██████████| 36/36 [00:02<00:00, 15.19it/s]
(SGLangHttpServer pid=176973, ip=10.124.45.22) Capturing batches (bs=1 avail_mem=27.29 GB): 100%|██████████| 36/36 [00:02<00:00, 15.02it/s]
(SGLangHttpServer pid=176976, ip=10.124.45.22) Capturing batches (bs=16 avail_mem=27.32 GB):  86%|████████▌ | 31/36 [00:02<00:00, 16.77it/s]Capturing batches (bs=12 avail_mem=27.31 GB):  86%|████████▌ | 31/36 [00:02<00:00, 16.77it/s]Capturing batches (bs=8 avail_mem=27.31 GB):  86%|████████▌ | 31/36 [00:02<00:00, 16.77it/s] 
(SGLangHttpServer pid=176970, ip=10.124.45.22) Capturing batches (bs=16 avail_mem=27.32 GB):  86%|████████▌ | 31/36 [00:02<00:00, 16.61it/s]Capturing batches (bs=12 avail_mem=27.31 GB):  86%|████████▌ | 31/36 [00:02<00:00, 16.61it/s]
(SGLangHttpServer pid=176976, ip=10.124.45.22) Capturing batches (bs=4 avail_mem=27.30 GB):  86%|████████▌ | 31/36 [00:02<00:00, 16.77it/s]Capturing batches (bs=4 avail_mem=27.30 GB):  94%|█████████▍| 34/36 [00:02<00:00, 17.90it/s]Capturing batches (bs=2 avail_mem=27.30 GB):  94%|█████████▍| 34/36 [00:02<00:00, 17.90it/s]
(SGLangHttpServer pid=176970, ip=10.124.45.22) Capturing batches (bs=8 avail_mem=27.31 GB):  86%|████████▌ | 31/36 [00:02<00:00, 16.61it/s] Capturing batches (bs=4 avail_mem=27.30 GB):  86%|████████▌ | 31/36 [00:02<00:00, 16.61it/s]
(SGLangHttpServer pid=176976, ip=10.124.45.22) Capturing batches (bs=1 avail_mem=27.29 GB):  94%|█████████▍| 34/36 [00:02<00:00, 17.90it/s]Capturing batches (bs=1 avail_mem=27.29 GB): 100%|██████████| 36/36 [00:02<00:00, 18.22it/s]Capturing batches (bs=1 avail_mem=27.29 GB): 100%|██████████| 36/36 [00:02<00:00, 14.95it/s]
(SGLangHttpServer pid=176970, ip=10.124.45.22) Capturing batches (bs=4 avail_mem=27.30 GB):  94%|█████████▍| 34/36 [00:02<00:00, 17.84it/s]Capturing batches (bs=2 avail_mem=27.30 GB):  94%|█████████▍| 34/36 [00:02<00:00, 17.84it/s]Capturing batches (bs=1 avail_mem=27.29 GB):  94%|█████████▍| 34/36 [00:02<00:00, 17.84it/s]
(SGLangHttpServer pid=176970, ip=10.124.45.22) Capturing batches (bs=1 avail_mem=27.29 GB): 100%|██████████| 36/36 [00:02<00:00, 18.29it/s]Capturing batches (bs=1 avail_mem=27.29 GB): 100%|██████████| 36/36 [00:02<00:00, 14.82it/s]
(TaskRunner pid=174046, ip=10.124.45.22) wandb: WARNING func: get_project_by_name, err: Request failed! url: https://ml.bytedance.net/inner/GetTrackingProjectByName, req_body: {'Name': 'specTool'}, resp_body: b'{"ResponseMetadata":{"RequestId":"","Action":"","Version":"","Service":"","Region":"","Error":{"Code":"MissingAuthenticationToken","CodeN":1709801,"Message":"zti token not found, please use DOAS cli to run script","RawError":{},"HTTPCode":401}}}'
(TaskRunner pid=174046, ip=10.124.45.22) wandb: WARNING func: get_project_by_name, err: Request failed! url: https://ml.bytedance.net/inner/GetTrackingProjectByName, req_body: {'Name': 'specTool'}, resp_body: b'{"ResponseMetadata":{"RequestId":"","Action":"","Version":"","Service":"","Region":"","Error":{"Code":"MissingAuthenticationToken","CodeN":1709801,"Message":"zti token not found, please use DOAS cli to run script","RawError":{},"HTTPCode":401}}}'
(TaskRunner pid=174046, ip=10.124.45.22) wandb: WARNING func: create_project, err: Request failed! url: https://ml.bytedance.net/inner/CreateTrackingProject, req_body: {'Name': 'specTool'}, resp_body: b'{"ResponseMetadata":{"RequestId":"","Action":"","Version":"","Service":"","Region":"","Error":{"Code":"MissingAuthenticationToken","CodeN":1709801,"Message":"zti token not found, please use DOAS cli to run script","RawError":{},"HTTPCode":401}}}'
(TaskRunner pid=174046, ip=10.124.45.22) wandb: WARNING func: alert, err: Request failed! url: https://ml.bytedance.net/inner/TrackingAlert, req_body: {'Title': 'Wandb Failed!', 'Text': 'Failed Function: create_project\nERR Message: Request failed! url: https://ml.bytedance.net/inner/CreateTrackingProject, req_body: {\'Name\': \'specTool\'}, resp_body: b\'{"ResponseMetadata":{"RequestId":"","Action":"","Version":"","Service":"","Region":"","Error":{"Code":"MissingAuthenticationToken","CodeN":1709801,"Message":"zti token not found, please use DOAS cli to run script","RawError":{},"HTTPCode":401}}}\''}, resp_body: b'{"ResponseMetadata":{"RequestId":"","Action":"","Version":"","Service":"","Region":"","Error":{"Code":"MissingAuthenticationToken","CodeN":1709801,"Message":"zti token not found, please use DOAS cli to run script","RawError":{},"HTTPCode":401}}}'
(TaskRunner pid=174046, ip=10.124.45.22) wandb: ⭐️ View project at 
(TaskRunner pid=174046, ip=10.124.45.22) wandb: - Waiting for wandb.init()...
(TaskRunner pid=174046, ip=10.124.45.22) wandb: \ Waiting for wandb.init()...
(TaskRunner pid=174046, ip=10.124.45.22) wandb: | Waiting for wandb.init()...
(TaskRunner pid=174046, ip=10.124.45.22) wandb: WARNING func: create_run, err: Request failed! url: https://ml.bytedance.net/inner/CreateTrackingRun, req_body: {'ProjectId': '', 'Name': 'baseline_hotpotqa_qwen3_8b_sleep0_toolcalls1_bs224_rollout8_step1_rolloutonly_4096_cap2_extra_20260607_174249_bs224', 'RunId': 'run_20260607_b16b0f19', 'Description': None, 'OuterType': None, 'OuterId': None, 'Tags': None, 'OuterInfo': {'is_seed': False}}, resp_body: b'{"ResponseMetadata":{"RequestId":"","Action":"","Version":"","Service":"","Region":"","Error":{"Code":"MissingAuthenticationToken","CodeN":1709801,"Message":"zti token not found, please use DOAS cli to run script","RawError":{},"HTTPCode":401}}}'
(TaskRunner pid=174046, ip=10.124.45.22) wandb: WARNING func: alert, err: Request failed! url: https://ml.bytedance.net/inner/TrackingAlert, req_body: {'Title': 'Wandb Failed!', 'Text': 'Failed Function: create_run\nERR Message: Request failed! url: https://ml.bytedance.net/inner/CreateTrackingRun, req_body: {\'ProjectId\': \'\', \'Name\': \'baseline_hotpotqa_qwen3_8b_sleep0_toolcalls1_bs224_rollout8_step1_rolloutonly_4096_cap2_extra_20260607_174249_bs224\', \'RunId\': \'run_20260607_b16b0f19\', \'Description\': None, \'OuterType\': None, \'OuterId\': None, \'Tags\': None, \'OuterInfo\': {\'is_seed\': False}}, resp_body: b\'{"ResponseMetadata":{"RequestId":"","Action":"","Version":"","Service":"","Region":"","Error":{"Code":"MissingAuthenticationToken","CodeN":1709801,"Message":"zti token not found, please use DOAS cli to run script","RawError":{},"HTTPCode":401}}}\''}, resp_body: b'{"ResponseMetadata":{"RequestId":"","Action":"","Version":"","Service":"","Region":"","Error":{"Code":"MissingAuthenticationToken","CodeN":1709801,"Message":"zti token not found, please use DOAS cli to run script","RawError":{},"HTTPCode":401}}}'
(TaskRunner pid=174046, ip=10.124.45.22) wandb: 🚀 View run at 
(TaskRunner pid=174046, ip=10.124.45.22) wandb: WARNING func: alert, err: Request failed! url: https://ml.bytedance.net/inner/TrackingAlert, req_body: {'Title': 'Tracking Run Created', 'Text': 'Created run [specTool/]()'}, resp_body: b'{"ResponseMetadata":{"RequestId":"","Action":"","Version":"","Service":"","Region":"","Error":{"Code":"MissingAuthenticationToken","CodeN":1709801,"Message":"zti token not found, please use DOAS cli to run script","RawError":{},"HTTPCode":401}}}'
(TaskRunner pid=174046, ip=10.124.45.22) wandb: WARNING func: set_run_config, err: set_run_config wandb init failed, skip.../
(TaskRunner pid=174046, ip=10.124.45.22) wandb: / Waiting for wandb.init()...
(pid=178934, ip=10.124.45.22) /usr/local/lib/python3.12/dist-packages/torch/amp/autocast_mode.py:270: UserWarning: User provided device_type of 'cuda', but CUDA is not available. Disabling
(pid=178934, ip=10.124.45.22)   warnings.warn(
(pid=178934, ip=10.124.45.22) Modular Diffusers is currently an experimental feature under active development. The API is subject to breaking changes in future releases.
(pid=178939, ip=10.124.45.22) /usr/local/lib/python3.12/dist-packages/torch/amp/autocast_mode.py:270: UserWarning: User provided device_type of 'cuda', but CUDA is not available. Disabling
(pid=178939, ip=10.124.45.22)   warnings.warn(
(pid=178938, ip=10.124.45.22) /usr/local/lib/python3.12/dist-packages/torch/amp/autocast_mode.py:270: UserWarning: User provided device_type of 'cuda', but CUDA is not available. Disabling
(pid=178938, ip=10.124.45.22)   warnings.warn(
(pid=178938, ip=10.124.45.22) Modular Diffusers is currently an experimental feature under active development. The API is subject to breaking changes in future releases.
(pid=178939, ip=10.124.45.22) Modular Diffusers is currently an experimental feature under active development. The API is subject to breaking changes in future releases.
(pid=178952, ip=10.124.45.22) /usr/local/lib/python3.12/dist-packages/torch/amp/autocast_mode.py:270: UserWarning: User provided device_type of 'cuda', but CUDA is not available. Disabling
(pid=178952, ip=10.124.45.22)   warnings.warn(
(pid=178952, ip=10.124.45.22) Modular Diffusers is currently an experimental feature under active development. The API is subject to breaking changes in future releases.
(pid=178948, ip=10.124.45.22) /usr/local/lib/python3.12/dist-packages/torch/amp/autocast_mode.py:270: UserWarning: User provided device_type of 'cuda', but CUDA is not available. Disabling
(pid=178948, ip=10.124.45.22)   warnings.warn(
(pid=178947, ip=10.124.45.22) /usr/local/lib/python3.12/dist-packages/torch/amp/autocast_mode.py:270: UserWarning: User provided device_type of 'cuda', but CUDA is not available. Disabling
(pid=178947, ip=10.124.45.22)   warnings.warn(
(pid=178947, ip=10.124.45.22) Modular Diffusers is currently an experimental feature under active development. The API is subject to breaking changes in future releases.
(pid=178944, ip=10.124.45.22) /usr/local/lib/python3.12/dist-packages/torch/amp/autocast_mode.py:270: UserWarning: User provided device_type of 'cuda', but CUDA is not available. Disabling
(pid=178944, ip=10.124.45.22)   warnings.warn(
(pid=178948, ip=10.124.45.22) Modular Diffusers is currently an experimental feature under active development. The API is subject to breaking changes in future releases.
(GlobalRequestLoadBalancer pid=178933, ip=10.124.45.22) /usr/local/lib/python3.12/dist-packages/torch/amp/autocast_mode.py:270: UserWarning: User provided device_type of 'cuda', but CUDA is not available. Disabling
(GlobalRequestLoadBalancer pid=178933, ip=10.124.45.22)   warnings.warn(
(GlobalRequestLoadBalancer pid=178933, ip=10.124.45.22) Modular Diffusers is currently an experimental feature under active development. The API is subject to breaking changes in future releases.
(pid=178944, ip=10.124.45.22) Modular Diffusers is currently an experimental feature under active development. The API is subject to breaking changes in future releases.
(pid=178937, ip=10.124.45.22) /usr/local/lib/python3.12/dist-packages/torch/amp/autocast_mode.py:270: UserWarning: User provided device_type of 'cuda', but CUDA is not available. Disabling
(pid=178937, ip=10.124.45.22)   warnings.warn(
(pid=178937, ip=10.124.45.22) Modular Diffusers is currently an experimental feature under active development. The API is subject to breaking changes in future releases.
(GlobalRequestLoadBalancer pid=178933, ip=10.124.45.22) /sgl-workspace/sglang/python/sglang/srt/layers/attention/fla/utils.py:212: UserWarning: Triton is not supported on current platform, roll back to CPU.
(GlobalRequestLoadBalancer pid=178933, ip=10.124.45.22)   warnings.warn(
(TaskRunner pid=174046, ip=10.124.45.22) wandb: Tracking run with wandb version 0.13.95
(TaskRunner pid=174046, ip=10.124.45.22) wandb: Run data is saved locally in /home/tiger/verl/wandb/run-20260607_181823-run_20260607_b16b0f19
(TaskRunner pid=174046, ip=10.124.45.22) wandb: Run `wandb offline` to turn off syncing.
(TaskRunner pid=174046, ip=10.124.45.22) wandb: WARNING func: save_file, err: save_file wandb init failed, skip.../
(SGLangHttpServer pid=176956, ip=10.124.45.22) /usr/local/lib/python3.12/dist-packages/fastapi/routing.py:313: FastAPIDeprecationWarning: ORJSONResponse is deprecated, FastAPI now serializes data directly to JSON bytes via Pydantic when a return type or response model is set, which is faster and doesn't need a custom response class. Read more in the FastAPI docs: https://fastapi.tiangolo.com/advanced/custom-response/#orjson-or-response-model and https://fastapi.tiangolo.com/tutorial/response-model/
(SGLangHttpServer pid=176956, ip=10.124.45.22)   return await dependant.call(**values)
(SGLangHttpServer pid=176957, ip=10.124.45.22) /usr/local/lib/python3.12/dist-packages/fastapi/routing.py:313: FastAPIDeprecationWarning: ORJSONResponse is deprecated, FastAPI now serializes data directly to JSON bytes via Pydantic when a return type or response model is set, which is faster and doesn't need a custom response class. Read more in the FastAPI docs: https://fastapi.tiangolo.com/advanced/custom-response/#orjson-or-response-model and https://fastapi.tiangolo.com/tutorial/response-model/
(SGLangHttpServer pid=176957, ip=10.124.45.22)   return await dependant.call(**values)
(SGLangHttpServer pid=176960, ip=10.124.45.22) /usr/local/lib/python3.12/dist-packages/fastapi/routing.py:313: FastAPIDeprecationWarning: ORJSONResponse is deprecated, FastAPI now serializes data directly to JSON bytes via Pydantic when a return type or response model is set, which is faster and doesn't need a custom response class. Read more in the FastAPI docs: https://fastapi.tiangolo.com/advanced/custom-response/#orjson-or-response-model and https://fastapi.tiangolo.com/tutorial/response-model/
(SGLangHttpServer pid=176960, ip=10.124.45.22)   return await dependant.call(**values)
(SGLangHttpServer pid=176964, ip=10.124.45.22) /usr/local/lib/python3.12/dist-packages/fastapi/routing.py:313: FastAPIDeprecationWarning: ORJSONResponse is deprecated, FastAPI now serializes data directly to JSON bytes via Pydantic when a return type or response model is set, which is faster and doesn't need a custom response class. Read more in the FastAPI docs: https://fastapi.tiangolo.com/advanced/custom-response/#orjson-or-response-model and https://fastapi.tiangolo.com/tutorial/response-model/
(SGLangHttpServer pid=176964, ip=10.124.45.22)   return await dependant.call(**values)
(SGLangHttpServer pid=176967, ip=10.124.45.22) /usr/local/lib/python3.12/dist-packages/fastapi/routing.py:313: FastAPIDeprecationWarning: ORJSONResponse is deprecated, FastAPI now serializes data directly to JSON bytes via Pydantic when a return type or response model is set, which is faster and doesn't need a custom response class. Read more in the FastAPI docs: https://fastapi.tiangolo.com/advanced/custom-response/#orjson-or-response-model and https://fastapi.tiangolo.com/tutorial/response-model/
(SGLangHttpServer pid=176967, ip=10.124.45.22)   return await dependant.call(**values)
(SGLangHttpServer pid=176973, ip=10.124.45.22) /usr/local/lib/python3.12/dist-packages/fastapi/routing.py:313: FastAPIDeprecationWarning: ORJSONResponse is deprecated, FastAPI now serializes data directly to JSON bytes via Pydantic when a return type or response model is set, which is faster and doesn't need a custom response class. Read more in the FastAPI docs: https://fastapi.tiangolo.com/advanced/custom-response/#orjson-or-response-model and https://fastapi.tiangolo.com/tutorial/response-model/
(SGLangHttpServer pid=176973, ip=10.124.45.22)   return await dependant.call(**values)
(SGLangHttpServer pid=176976, ip=10.124.45.22) /usr/local/lib/python3.12/dist-packages/fastapi/routing.py:313: FastAPIDeprecationWarning: ORJSONResponse is deprecated, FastAPI now serializes data directly to JSON bytes via Pydantic when a return type or response model is set, which is faster and doesn't need a custom response class. Read more in the FastAPI docs: https://fastapi.tiangolo.com/advanced/custom-response/#orjson-or-response-model and https://fastapi.tiangolo.com/tutorial/response-model/
(SGLangHttpServer pid=176976, ip=10.124.45.22)   return await dependant.call(**values)
(SGLangHttpServer pid=176970, ip=10.124.45.22) /usr/local/lib/python3.12/dist-packages/fastapi/routing.py:313: FastAPIDeprecationWarning: ORJSONResponse is deprecated, FastAPI now serializes data directly to JSON bytes via Pydantic when a return type or response model is set, which is faster and doesn't need a custom response class. Read more in the FastAPI docs: https://fastapi.tiangolo.com/advanced/custom-response/#orjson-or-response-model and https://fastapi.tiangolo.com/tutorial/response-model/
(SGLangHttpServer pid=176970, ip=10.124.45.22)   return await dependant.call(**values)
(GlobalRequestLoadBalancer pid=178933, ip=10.124.45.22) /sgl-workspace/sglang/python/sglang/srt/layers/quantization/awq.py:76: UserWarning: Only CUDA, HIP and XPU support AWQ currently.
(GlobalRequestLoadBalancer pid=178933, ip=10.124.45.22)   warnings.warn(f"Only CUDA, HIP and XPU support AWQ currently.")
(GlobalRequestLoadBalancer pid=178933, ip=10.124.45.22) /sgl-workspace/sglang/python/sglang/srt/layers/quantization/gguf.py:47: UserWarning: Only CUDA support GGUF quantization currently.
(GlobalRequestLoadBalancer pid=178933, ip=10.124.45.22)   warnings.warn(f"Only CUDA support GGUF quantization currently.")
(GlobalRequestLoadBalancer pid=178933, ip=10.124.45.22) /usr/local/lib/python3.12/dist-packages/opentelemetry/proto/collector/logs/v1/logs_service_pb2_grpc.py:21: RuntimeWarning: The grpc package installed is at version 1.59.5, but the generated code in opentelemetry/proto/collector/logs/v1/logs_service_pb2_grpc.py depends on grpcio>=1.63.2. Please upgrade your grpc module to grpcio>=1.63.2 or downgrade your generated code using grpcio-tools<=1.59.5. This warning will become an error in 1.65.0, scheduled for release on June 25, 2024.
(GlobalRequestLoadBalancer pid=178933, ip=10.124.45.22)   warnings.warn(
(GlobalRequestLoadBalancer pid=178933, ip=10.124.45.22) /usr/local/lib/python3.12/dist-packages/opentelemetry/proto/collector/metrics/v1/metrics_service_pb2_grpc.py:21: RuntimeWarning: The grpc package installed is at version 1.59.5, but the generated code in opentelemetry/proto/collector/metrics/v1/metrics_service_pb2_grpc.py depends on grpcio>=1.63.2. Please upgrade your grpc module to grpcio>=1.63.2 or downgrade your generated code using grpcio-tools<=1.59.5. This warning will become an error in 1.65.0, scheduled for release on June 25, 2024.
(GlobalRequestLoadBalancer pid=178933, ip=10.124.45.22)   warnings.warn(
(GlobalRequestLoadBalancer pid=178933, ip=10.124.45.22) /usr/local/lib/python3.12/dist-packages/opentelemetry/proto/collector/trace/v1/trace_service_pb2_grpc.py:21: RuntimeWarning: The grpc package installed is at version 1.59.5, but the generated code in opentelemetry/proto/collector/trace/v1/trace_service_pb2_grpc.py depends on grpcio>=1.63.2. Please upgrade your grpc module to grpcio>=1.63.2 or downgrade your generated code using grpcio-tools<=1.59.5. This warning will become an error in 1.65.0, scheduled for release on June 25, 2024.
(GlobalRequestLoadBalancer pid=178933, ip=10.124.45.22)   warnings.warn(
(GlobalRequestLoadBalancer pid=178933, ip=10.124.45.22) <frozen importlib._bootstrap_external>:1297: FutureWarning: The cuda.cudart module is deprecated and will be removed in a future release, please switch to use the cuda.bindings.runtime module instead.
(GlobalRequestLoadBalancer pid=178933, ip=10.124.45.22) <frozen importlib._bootstrap_external>:1297: FutureWarning: The cuda.nvrtc module is deprecated and will be removed in a future release, please switch to use the cuda.bindings.nvrtc module instead.
(TaskRunner pid=174046, ip=10.124.45.22) Training Progress:   0%|          | 0/1 [00:00<?, ?it/s]
(AgentLoopWorker pid=178944, ip=10.124.45.22) /sgl-workspace/sglang/python/sglang/srt/layers/attention/fla/utils.py:212: UserWarning: Triton is not supported on current platform, roll back to CPU.
(AgentLoopWorker pid=178944, ip=10.124.45.22)   warnings.warn(
(AgentLoopWorker pid=178939, ip=10.124.45.22) /sgl-workspace/sglang/python/sglang/srt/layers/attention/fla/utils.py:212: UserWarning: Triton is not supported on current platform, roll back to CPU.
(AgentLoopWorker pid=178939, ip=10.124.45.22)   warnings.warn(
(AgentLoopWorker pid=178934, ip=10.124.45.22) /sgl-workspace/sglang/python/sglang/srt/layers/attention/fla/utils.py:212: UserWarning: Triton is not supported on current platform, roll back to CPU.
(AgentLoopWorker pid=178934, ip=10.124.45.22)   warnings.warn(
(AgentLoopWorker pid=178947, ip=10.124.45.22) /sgl-workspace/sglang/python/sglang/srt/layers/attention/fla/utils.py:212: UserWarning: Triton is not supported on current platform, roll back to CPU.
(AgentLoopWorker pid=178947, ip=10.124.45.22)   warnings.warn(
(AgentLoopWorker pid=178937, ip=10.124.45.22) /sgl-workspace/sglang/python/sglang/srt/layers/attention/fla/utils.py:212: UserWarning: Triton is not supported on current platform, roll back to CPU.
(AgentLoopWorker pid=178937, ip=10.124.45.22)   warnings.warn(
(AgentLoopWorker pid=178938, ip=10.124.45.22) /sgl-workspace/sglang/python/sglang/srt/layers/attention/fla/utils.py:212: UserWarning: Triton is not supported on current platform, roll back to CPU.
(AgentLoopWorker pid=178938, ip=10.124.45.22)   warnings.warn(
(AgentLoopWorker pid=178948, ip=10.124.45.22) /sgl-workspace/sglang/python/sglang/srt/layers/attention/fla/utils.py:212: UserWarning: Triton is not supported on current platform, roll back to CPU.
(AgentLoopWorker pid=178948, ip=10.124.45.22)   warnings.warn(
(AgentLoopWorker pid=178952, ip=10.124.45.22) /sgl-workspace/sglang/python/sglang/srt/layers/attention/fla/utils.py:212: UserWarning: Triton is not supported on current platform, roll back to CPU.
(AgentLoopWorker pid=178952, ip=10.124.45.22)   warnings.warn(
(AgentLoopWorker pid=178934, ip=10.124.45.22) /sgl-workspace/sglang/python/sglang/srt/layers/quantization/awq.py:76: UserWarning: Only CUDA, HIP and XPU support AWQ currently.
(AgentLoopWorker pid=178934, ip=10.124.45.22)   warnings.warn(f"Only CUDA, HIP and XPU support AWQ currently.")
(AgentLoopWorker pid=178934, ip=10.124.45.22) /sgl-workspace/sglang/python/sglang/srt/layers/quantization/gguf.py:47: UserWarning: Only CUDA support GGUF quantization currently.
(AgentLoopWorker pid=178934, ip=10.124.45.22)   warnings.warn(f"Only CUDA support GGUF quantization currently.")
(AgentLoopWorker pid=178934, ip=10.124.45.22) /usr/local/lib/python3.12/dist-packages/opentelemetry/proto/collector/logs/v1/logs_service_pb2_grpc.py:21: RuntimeWarning: The grpc package installed is at version 1.59.5, but the generated code in opentelemetry/proto/collector/logs/v1/logs_service_pb2_grpc.py depends on grpcio>=1.63.2. Please upgrade your grpc module to grpcio>=1.63.2 or downgrade your generated code using grpcio-tools<=1.59.5. This warning will become an error in 1.65.0, scheduled for release on June 25, 2024.
(AgentLoopWorker pid=178934, ip=10.124.45.22)   warnings.warn(
(AgentLoopWorker pid=178934, ip=10.124.45.22) /usr/local/lib/python3.12/dist-packages/opentelemetry/proto/collector/metrics/v1/metrics_service_pb2_grpc.py:21: RuntimeWarning: The grpc package installed is at version 1.59.5, but the generated code in opentelemetry/proto/collector/metrics/v1/metrics_service_pb2_grpc.py depends on grpcio>=1.63.2. Please upgrade your grpc module to grpcio>=1.63.2 or downgrade your generated code using grpcio-tools<=1.59.5. This warning will become an error in 1.65.0, scheduled for release on June 25, 2024.
(AgentLoopWorker pid=178934, ip=10.124.45.22)   warnings.warn(
(AgentLoopWorker pid=178934, ip=10.124.45.22) /usr/local/lib/python3.12/dist-packages/opentelemetry/proto/collector/trace/v1/trace_service_pb2_grpc.py:21: RuntimeWarning: The grpc package installed is at version 1.59.5, but the generated code in opentelemetry/proto/collector/trace/v1/trace_service_pb2_grpc.py depends on grpcio>=1.63.2. Please upgrade your grpc module to grpcio>=1.63.2 or downgrade your generated code using grpcio-tools<=1.59.5. This warning will become an error in 1.65.0, scheduled for release on June 25, 2024.
(AgentLoopWorker pid=178934, ip=10.124.45.22)   warnings.warn(
(AgentLoopWorker pid=178934, ip=10.124.45.22) <frozen importlib._bootstrap_external>:1297: FutureWarning: The cuda.cudart module is deprecated and will be removed in a future release, please switch to use the cuda.bindings.runtime module instead.
(AgentLoopWorker pid=178934, ip=10.124.45.22) <frozen importlib._bootstrap_external>:1297: FutureWarning: The cuda.nvrtc module is deprecated and will be removed in a future release, please switch to use the cuda.bindings.nvrtc module instead.
