(WorkerDict pid=400936, ip=10.124.44.153) /usr/local/lib/python3.12/dist-packages/opentelemetry/proto/collector/trace/v1/trace_service_pb2_grpc.py:21: RuntimeWarning: The grpc package installed is at version 1.59.5, but the generated code in opentelemetry/proto/collector/trace/v1/trace_service_pb2_grpc.py depends on grpcio>=1.63.2. Please upgrade your grpc module to grpcio>=1.63.2 or downgrade your generated code using grpcio-tools<=1.59.5. This warning will become an error in 1.65.0, scheduled for release on June 25, 2024.
(WorkerDict pid=400936, ip=10.124.44.153)   warnings.warn(
(WorkerDict pid=400942, ip=10.124.44.153) <frozen importlib._bootstrap_external>:1297: FutureWarning: The cuda.cudart module is deprecated and will be removed in a future release, please switch to use the cuda.bindings.runtime module instead.
(WorkerDict pid=400942, ip=10.124.44.153) <frozen importlib._bootstrap_external>:1297: FutureWarning: The cuda.nvrtc module is deprecated and will be removed in a future release, please switch to use the cuda.bindings.nvrtc module instead.
(WorkerDict pid=400939, ip=10.124.44.153) <frozen importlib._bootstrap_external>:1297: FutureWarning: The cuda.cudart module is deprecated and will be removed in a future release, please switch to use the cuda.bindings.runtime module instead.
(WorkerDict pid=400939, ip=10.124.44.153) <frozen importlib._bootstrap_external>:1297: FutureWarning: The cuda.nvrtc module is deprecated and will be removed in a future release, please switch to use the cuda.bindings.nvrtc module instead.
(WorkerDict pid=400943, ip=10.124.44.153) <frozen importlib._bootstrap_external>:1297: FutureWarning: The cuda.cudart module is deprecated and will be removed in a future release, please switch to use the cuda.bindings.runtime module instead.
(WorkerDict pid=400943, ip=10.124.44.153) <frozen importlib._bootstrap_external>:1297: FutureWarning: The cuda.nvrtc module is deprecated and will be removed in a future release, please switch to use the cuda.bindings.nvrtc module instead.
(WorkerDict pid=400938, ip=10.124.44.153) <frozen importlib._bootstrap_external>:1297: FutureWarning: The cuda.cudart module is deprecated and will be removed in a future release, please switch to use the cuda.bindings.runtime module instead.
(WorkerDict pid=400938, ip=10.124.44.153) <frozen importlib._bootstrap_external>:1297: FutureWarning: The cuda.nvrtc module is deprecated and will be removed in a future release, please switch to use the cuda.bindings.nvrtc module instead.
(WorkerDict pid=400940, ip=10.124.44.153) <frozen importlib._bootstrap_external>:1297: FutureWarning: The cuda.cudart module is deprecated and will be removed in a future release, please switch to use the cuda.bindings.runtime module instead.
(WorkerDict pid=400940, ip=10.124.44.153) <frozen importlib._bootstrap_external>:1297: FutureWarning: The cuda.nvrtc module is deprecated and will be removed in a future release, please switch to use the cuda.bindings.nvrtc module instead.
(WorkerDict pid=400937, ip=10.124.44.153) <frozen importlib._bootstrap_external>:1297: FutureWarning: The cuda.cudart module is deprecated and will be removed in a future release, please switch to use the cuda.bindings.runtime module instead.
(WorkerDict pid=400937, ip=10.124.44.153) <frozen importlib._bootstrap_external>:1297: FutureWarning: The cuda.nvrtc module is deprecated and will be removed in a future release, please switch to use the cuda.bindings.nvrtc module instead.
(WorkerDict pid=400941, ip=10.124.44.153) <frozen importlib._bootstrap_external>:1297: FutureWarning: The cuda.cudart module is deprecated and will be removed in a future release, please switch to use the cuda.bindings.runtime module instead.
(WorkerDict pid=400941, ip=10.124.44.153) <frozen importlib._bootstrap_external>:1297: FutureWarning: The cuda.nvrtc module is deprecated and will be removed in a future release, please switch to use the cuda.bindings.nvrtc module instead.
(WorkerDict pid=400936, ip=10.124.44.153) <frozen importlib._bootstrap_external>:1297: FutureWarning: The cuda.cudart module is deprecated and will be removed in a future release, please switch to use the cuda.bindings.runtime module instead.
(WorkerDict pid=400936, ip=10.124.44.153) <frozen importlib._bootstrap_external>:1297: FutureWarning: The cuda.nvrtc module is deprecated and will be removed in a future release, please switch to use the cuda.bindings.nvrtc module instead.
(TaskRunner pid=399678, ip=10.124.44.153) /sgl-workspace/sglang/python/sglang/srt/layers/attention/fla/utils.py:212: UserWarning: Triton is not supported on current platform, roll back to CPU.
(TaskRunner pid=399678, ip=10.124.44.153)   warnings.warn(
(TaskRunner pid=399678, ip=10.124.44.153) /sgl-workspace/sglang/python/sglang/srt/layers/quantization/awq.py:76: UserWarning: Only CUDA, HIP and XPU support AWQ currently.
(TaskRunner pid=399678, ip=10.124.44.153)   warnings.warn(f"Only CUDA, HIP and XPU support AWQ currently.")
(TaskRunner pid=399678, ip=10.124.44.153) /sgl-workspace/sglang/python/sglang/srt/layers/quantization/gguf.py:47: UserWarning: Only CUDA support GGUF quantization currently.
(TaskRunner pid=399678, ip=10.124.44.153)   warnings.warn(f"Only CUDA support GGUF quantization currently.")
(TaskRunner pid=399678, ip=10.124.44.153) /usr/local/lib/python3.12/dist-packages/opentelemetry/proto/collector/logs/v1/logs_service_pb2_grpc.py:21: RuntimeWarning: The grpc package installed is at version 1.59.5, but the generated code in opentelemetry/proto/collector/logs/v1/logs_service_pb2_grpc.py depends on grpcio>=1.63.2. Please upgrade your grpc module to grpcio>=1.63.2 or downgrade your generated code using grpcio-tools<=1.59.5. This warning will become an error in 1.65.0, scheduled for release on June 25, 2024.
(TaskRunner pid=399678, ip=10.124.44.153)   warnings.warn(
(TaskRunner pid=399678, ip=10.124.44.153) /usr/local/lib/python3.12/dist-packages/opentelemetry/proto/collector/metrics/v1/metrics_service_pb2_grpc.py:21: RuntimeWarning: The grpc package installed is at version 1.59.5, but the generated code in opentelemetry/proto/collector/metrics/v1/metrics_service_pb2_grpc.py depends on grpcio>=1.63.2. Please upgrade your grpc module to grpcio>=1.63.2 or downgrade your generated code using grpcio-tools<=1.59.5. This warning will become an error in 1.65.0, scheduled for release on June 25, 2024.
(TaskRunner pid=399678, ip=10.124.44.153)   warnings.warn(
(TaskRunner pid=399678, ip=10.124.44.153) /usr/local/lib/python3.12/dist-packages/opentelemetry/proto/collector/trace/v1/trace_service_pb2_grpc.py:21: RuntimeWarning: The grpc package installed is at version 1.59.5, but the generated code in opentelemetry/proto/collector/trace/v1/trace_service_pb2_grpc.py depends on grpcio>=1.63.2. Please upgrade your grpc module to grpcio>=1.63.2 or downgrade your generated code using grpcio-tools<=1.59.5. This warning will become an error in 1.65.0, scheduled for release on June 25, 2024.
(TaskRunner pid=399678, ip=10.124.44.153)   warnings.warn(
(TaskRunner pid=399678, ip=10.124.44.153) <frozen importlib._bootstrap_external>:1297: FutureWarning: The cuda.cudart module is deprecated and will be removed in a future release, please switch to use the cuda.bindings.runtime module instead.
(TaskRunner pid=399678, ip=10.124.44.153) <frozen importlib._bootstrap_external>:1297: FutureWarning: The cuda.nvrtc module is deprecated and will be removed in a future release, please switch to use the cuda.bindings.nvrtc module instead.
(pid=403439, ip=10.124.44.153) /usr/local/lib/python3.12/dist-packages/torch/amp/autocast_mode.py:270: UserWarning: User provided device_type of 'cuda', but CUDA is not available. Disabling
(pid=403439, ip=10.124.44.153)   warnings.warn(
(pid=403439, ip=10.124.44.153) Modular Diffusers is currently an experimental feature under active development. The API is subject to breaking changes in future releases.
(pid=403430, ip=10.124.44.153) /usr/local/lib/python3.12/dist-packages/torch/amp/autocast_mode.py:270: UserWarning: User provided device_type of 'cuda', but CUDA is not available. Disabling
(pid=403430, ip=10.124.44.153)   warnings.warn(
(pid=403430, ip=10.124.44.153) Modular Diffusers is currently an experimental feature under active development. The API is subject to breaking changes in future releases.
(pid=403431, ip=10.124.44.153) /usr/local/lib/python3.12/dist-packages/torch/amp/autocast_mode.py:270: UserWarning: User provided device_type of 'cuda', but CUDA is not available. Disabling
(pid=403431, ip=10.124.44.153)   warnings.warn(
(pid=403434, ip=10.124.44.153) /usr/local/lib/python3.12/dist-packages/torch/amp/autocast_mode.py:270: UserWarning: User provided device_type of 'cuda', but CUDA is not available. Disabling
(pid=403434, ip=10.124.44.153)   warnings.warn(
(pid=403433, ip=10.124.44.153) /usr/local/lib/python3.12/dist-packages/torch/amp/autocast_mode.py:270: UserWarning: User provided device_type of 'cuda', but CUDA is not available. Disabling
(pid=403433, ip=10.124.44.153)   warnings.warn(
(pid=403431, ip=10.124.44.153) Modular Diffusers is currently an experimental feature under active development. The API is subject to breaking changes in future releases.
(pid=403433, ip=10.124.44.153) Modular Diffusers is currently an experimental feature under active development. The API is subject to breaking changes in future releases.
(pid=403434, ip=10.124.44.153) Modular Diffusers is currently an experimental feature under active development. The API is subject to breaking changes in future releases.
(pid=403429, ip=10.124.44.153) /usr/local/lib/python3.12/dist-packages/torch/amp/autocast_mode.py:270: UserWarning: User provided device_type of 'cuda', but CUDA is not available. Disabling
(pid=403429, ip=10.124.44.153)   warnings.warn(
(pid=403429, ip=10.124.44.153) Modular Diffusers is currently an experimental feature under active development. The API is subject to breaking changes in future releases.
(pid=403432, ip=10.124.44.153) /usr/local/lib/python3.12/dist-packages/torch/amp/autocast_mode.py:270: UserWarning: User provided device_type of 'cuda', but CUDA is not available. Disabling
(pid=403432, ip=10.124.44.153)   warnings.warn(
(pid=403432, ip=10.124.44.153) Modular Diffusers is currently an experimental feature under active development. The API is subject to breaking changes in future releases.
(pid=403428, ip=10.124.44.153) /usr/local/lib/python3.12/dist-packages/torch/amp/autocast_mode.py:270: UserWarning: User provided device_type of 'cuda', but CUDA is not available. Disabling
(pid=403428, ip=10.124.44.153)   warnings.warn(
(pid=403428, ip=10.124.44.153) Modular Diffusers is currently an experimental feature under active development. The API is subject to breaking changes in future releases.
(pid=404467, ip=10.124.44.153) Modular Diffusers is currently an experimental feature under active development. The API is subject to breaking changes in future releases.
(pid=404473, ip=10.124.44.153) Modular Diffusers is currently an experimental feature under active development. The API is subject to breaking changes in future releases.
(pid=404466, ip=10.124.44.153) Modular Diffusers is currently an experimental feature under active development. The API is subject to breaking changes in future releases.
(pid=404470, ip=10.124.44.153) Modular Diffusers is currently an experimental feature under active development. The API is subject to breaking changes in future releases.
(pid=404485, ip=10.124.44.153) Modular Diffusers is currently an experimental feature under active development. The API is subject to breaking changes in future releases.
(pid=404476, ip=10.124.44.153) Modular Diffusers is currently an experimental feature under active development. The API is subject to breaking changes in future releases.
(pid=404479, ip=10.124.44.153) Modular Diffusers is currently an experimental feature under active development. The API is subject to breaking changes in future releases.
(pid=404482, ip=10.124.44.153) Modular Diffusers is currently an experimental feature under active development. The API is subject to breaking changes in future releases.
(pid=404467, ip=10.124.44.153) /usr/local/lib/python3.12/dist-packages/opentelemetry/proto/collector/logs/v1/logs_service_pb2_grpc.py:21: RuntimeWarning: The grpc package installed is at version 1.59.5, but the generated code in opentelemetry/proto/collector/logs/v1/logs_service_pb2_grpc.py depends on grpcio>=1.63.2. Please upgrade your grpc module to grpcio>=1.63.2 or downgrade your generated code using grpcio-tools<=1.59.5. This warning will become an error in 1.65.0, scheduled for release on June 25, 2024.
(pid=404467, ip=10.124.44.153)   warnings.warn(
(pid=404467, ip=10.124.44.153) /usr/local/lib/python3.12/dist-packages/opentelemetry/proto/collector/metrics/v1/metrics_service_pb2_grpc.py:21: RuntimeWarning: The grpc package installed is at version 1.59.5, but the generated code in opentelemetry/proto/collector/metrics/v1/metrics_service_pb2_grpc.py depends on grpcio>=1.63.2. Please upgrade your grpc module to grpcio>=1.63.2 or downgrade your generated code using grpcio-tools<=1.59.5. This warning will become an error in 1.65.0, scheduled for release on June 25, 2024.
(pid=404467, ip=10.124.44.153)   warnings.warn(
(pid=404467, ip=10.124.44.153) /usr/local/lib/python3.12/dist-packages/opentelemetry/proto/collector/trace/v1/trace_service_pb2_grpc.py:21: RuntimeWarning: The grpc package installed is at version 1.59.5, but the generated code in opentelemetry/proto/collector/trace/v1/trace_service_pb2_grpc.py depends on grpcio>=1.63.2. Please upgrade your grpc module to grpcio>=1.63.2 or downgrade your generated code using grpcio-tools<=1.59.5. This warning will become an error in 1.65.0, scheduled for release on June 25, 2024.
(pid=404467, ip=10.124.44.153)   warnings.warn(
(pid=404467, ip=10.124.44.153) <frozen importlib._bootstrap_external>:1297: FutureWarning: The cuda.cudart module is deprecated and will be removed in a future release, please switch to use the cuda.bindings.runtime module instead.
(pid=404467, ip=10.124.44.153) <frozen importlib._bootstrap_external>:1297: FutureWarning: The cuda.nvrtc module is deprecated and will be removed in a future release, please switch to use the cuda.bindings.nvrtc module instead.
(pid=404466, ip=10.124.44.153) /usr/local/lib/python3.12/dist-packages/opentelemetry/proto/collector/logs/v1/logs_service_pb2_grpc.py:21: RuntimeWarning: The grpc package installed is at version 1.59.5, but the generated code in opentelemetry/proto/collector/logs/v1/logs_service_pb2_grpc.py depends on grpcio>=1.63.2. Please upgrade your grpc module to grpcio>=1.63.2 or downgrade your generated code using grpcio-tools<=1.59.5. This warning will become an error in 1.65.0, scheduled for release on June 25, 2024.
(pid=404466, ip=10.124.44.153)   warnings.warn(
(pid=404466, ip=10.124.44.153) /usr/local/lib/python3.12/dist-packages/opentelemetry/proto/collector/metrics/v1/metrics_service_pb2_grpc.py:21: RuntimeWarning: The grpc package installed is at version 1.59.5, but the generated code in opentelemetry/proto/collector/metrics/v1/metrics_service_pb2_grpc.py depends on grpcio>=1.63.2. Please upgrade your grpc module to grpcio>=1.63.2 or downgrade your generated code using grpcio-tools<=1.59.5. This warning will become an error in 1.65.0, scheduled for release on June 25, 2024.
(pid=404466, ip=10.124.44.153)   warnings.warn(
(pid=404466, ip=10.124.44.153) /usr/local/lib/python3.12/dist-packages/opentelemetry/proto/collector/trace/v1/trace_service_pb2_grpc.py:21: RuntimeWarning: The grpc package installed is at version 1.59.5, but the generated code in opentelemetry/proto/collector/trace/v1/trace_service_pb2_grpc.py depends on grpcio>=1.63.2. Please upgrade your grpc module to grpcio>=1.63.2 or downgrade your generated code using grpcio-tools<=1.59.5. This warning will become an error in 1.65.0, scheduled for release on June 25, 2024.
(pid=404466, ip=10.124.44.153)   warnings.warn(
(pid=404470, ip=10.124.44.153) /usr/local/lib/python3.12/dist-packages/opentelemetry/proto/collector/logs/v1/logs_service_pb2_grpc.py:21: RuntimeWarning: The grpc package installed is at version 1.59.5, but the generated code in opentelemetry/proto/collector/logs/v1/logs_service_pb2_grpc.py depends on grpcio>=1.63.2. Please upgrade your grpc module to grpcio>=1.63.2 or downgrade your generated code using grpcio-tools<=1.59.5. This warning will become an error in 1.65.0, scheduled for release on June 25, 2024.
(pid=404470, ip=10.124.44.153)   warnings.warn(
(pid=404470, ip=10.124.44.153) /usr/local/lib/python3.12/dist-packages/opentelemetry/proto/collector/metrics/v1/metrics_service_pb2_grpc.py:21: RuntimeWarning: The grpc package installed is at version 1.59.5, but the generated code in opentelemetry/proto/collector/metrics/v1/metrics_service_pb2_grpc.py depends on grpcio>=1.63.2. Please upgrade your grpc module to grpcio>=1.63.2 or downgrade your generated code using grpcio-tools<=1.59.5. This warning will become an error in 1.65.0, scheduled for release on June 25, 2024.
(pid=404470, ip=10.124.44.153)   warnings.warn(
(pid=404470, ip=10.124.44.153) /usr/local/lib/python3.12/dist-packages/opentelemetry/proto/collector/trace/v1/trace_service_pb2_grpc.py:21: RuntimeWarning: The grpc package installed is at version 1.59.5, but the generated code in opentelemetry/proto/collector/trace/v1/trace_service_pb2_grpc.py depends on grpcio>=1.63.2. Please upgrade your grpc module to grpcio>=1.63.2 or downgrade your generated code using grpcio-tools<=1.59.5. This warning will become an error in 1.65.0, scheduled for release on June 25, 2024.
(pid=404470, ip=10.124.44.153)   warnings.warn(
(pid=404473, ip=10.124.44.153) /usr/local/lib/python3.12/dist-packages/opentelemetry/proto/collector/logs/v1/logs_service_pb2_grpc.py:21: RuntimeWarning: The grpc package installed is at version 1.59.5, but the generated code in opentelemetry/proto/collector/logs/v1/logs_service_pb2_grpc.py depends on grpcio>=1.63.2. Please upgrade your grpc module to grpcio>=1.63.2 or downgrade your generated code using grpcio-tools<=1.59.5. This warning will become an error in 1.65.0, scheduled for release on June 25, 2024.
(pid=404473, ip=10.124.44.153)   warnings.warn(
(pid=404473, ip=10.124.44.153) /usr/local/lib/python3.12/dist-packages/opentelemetry/proto/collector/metrics/v1/metrics_service_pb2_grpc.py:21: RuntimeWarning: The grpc package installed is at version 1.59.5, but the generated code in opentelemetry/proto/collector/metrics/v1/metrics_service_pb2_grpc.py depends on grpcio>=1.63.2. Please upgrade your grpc module to grpcio>=1.63.2 or downgrade your generated code using grpcio-tools<=1.59.5. This warning will become an error in 1.65.0, scheduled for release on June 25, 2024.
(pid=404473, ip=10.124.44.153)   warnings.warn(
(pid=404473, ip=10.124.44.153) /usr/local/lib/python3.12/dist-packages/opentelemetry/proto/collector/trace/v1/trace_service_pb2_grpc.py:21: RuntimeWarning: The grpc package installed is at version 1.59.5, but the generated code in opentelemetry/proto/collector/trace/v1/trace_service_pb2_grpc.py depends on grpcio>=1.63.2. Please upgrade your grpc module to grpcio>=1.63.2 or downgrade your generated code using grpcio-tools<=1.59.5. This warning will become an error in 1.65.0, scheduled for release on June 25, 2024.
(pid=404473, ip=10.124.44.153)   warnings.warn(
(TaskRunner pid=399678, ip=10.124.44.153) filter dataset len: 1024
(TaskRunner pid=399678, ip=10.124.44.153) Size of train dataloader: 2826, Size of val dataloader: 1
(TaskRunner pid=399678, ip=10.124.44.153) Total training steps: 5
(TaskRunner pid=399678, ip=10.124.44.153) colocated worker base class <class 'verl.single_controller.base.worker.Worker'>
(WorkerDict pid=400940, ip=10.124.44.153) [Gloo] Rank 4 is connected to 7 peer ranks. Expected number of connected peer ranks is : 7
(WorkerDict pid=400942, ip=10.124.44.153) [Gloo] Rank 6 is connected to 7 peer ranks. Expected number of connected peer ranks is : 7
(WorkerDict pid=400943, ip=10.124.44.153) [Gloo] Rank 7 is connected to 7 peer ranks. Expected number of connected peer ranks is : 7
(WorkerDict pid=400938, ip=10.124.44.153) [Gloo] Rank 2 is connected to 7 peer ranks. Expected number of connected peer ranks is : 7
(WorkerDict pid=400939, ip=10.124.44.153) [Gloo] Rank 3 is connected to 7 peer ranks. Expected number of connected peer ranks is : 7
(WorkerDict pid=400937, ip=10.124.44.153) [Gloo] Rank 1 is connected to 7 peer ranks. Expected number of connected peer ranks is : 7
(WorkerDict pid=400941, ip=10.124.44.153) [Gloo] Rank 5 is connected to 7 peer ranks. Expected number of connected peer ranks is : 7
(WorkerDict pid=400936, ip=10.124.44.153) [Gloo] Rank 0 is connected to 7 peer ranks. Expected number of connected peer ranks is : 7
(WorkerDict pid=400942, ip=10.124.44.153) Monkey patch state_dict in AutoModelForCausalLMWithValueHead. 
(WorkerDict pid=400942, ip=10.124.44.153) Monkey patch _flash_attention_forward in transformers.integrations.flash_attention
(WorkerDict pid=400942, ip=10.124.44.153) Skipping monkey patch for Qwen3ForCausalLM as use_fused_kernels is False or fused_kernels_backend is torch
(WorkerDict pid=400936, ip=10.124.44.153) Monkey patch state_dict in AutoModelForCausalLMWithValueHead. 
(WorkerDict pid=400936, ip=10.124.44.153) Monkey patch _flash_attention_forward in transformers.integrations.flash_attention
(WorkerDict pid=400936, ip=10.124.44.153) Skipping monkey patch for Qwen3ForCausalLM as use_fused_kernels is False or fused_kernels_backend is torch
(WorkerDict pid=400940, ip=10.124.44.153) Monkey patch state_dict in AutoModelForCausalLMWithValueHead. 
(WorkerDict pid=400940, ip=10.124.44.153) Monkey patch _flash_attention_forward in transformers.integrations.flash_attention
(WorkerDict pid=400940, ip=10.124.44.153) Skipping monkey patch for Qwen3ForCausalLM as use_fused_kernels is False or fused_kernels_backend is torch
(WorkerDict pid=400943, ip=10.124.44.153) Monkey patch state_dict in AutoModelForCausalLMWithValueHead. 
(WorkerDict pid=400943, ip=10.124.44.153) Monkey patch _flash_attention_forward in transformers.integrations.flash_attention
(WorkerDict pid=400943, ip=10.124.44.153) Skipping monkey patch for Qwen3ForCausalLM as use_fused_kernels is False or fused_kernels_backend is torch
(WorkerDict pid=400941, ip=10.124.44.153) Monkey patch state_dict in AutoModelForCausalLMWithValueHead. 
(WorkerDict pid=400941, ip=10.124.44.153) Monkey patch _flash_attention_forward in transformers.integrations.flash_attention
(WorkerDict pid=400941, ip=10.124.44.153) Skipping monkey patch for Qwen3ForCausalLM as use_fused_kernels is False or fused_kernels_backend is torch
(WorkerDict pid=400938, ip=10.124.44.153) Monkey patch state_dict in AutoModelForCausalLMWithValueHead. 
(WorkerDict pid=400938, ip=10.124.44.153) Monkey patch _flash_attention_forward in transformers.integrations.flash_attention
(WorkerDict pid=400938, ip=10.124.44.153) Skipping monkey patch for Qwen3ForCausalLM as use_fused_kernels is False or fused_kernels_backend is torch
(WorkerDict pid=400939, ip=10.124.44.153) Monkey patch state_dict in AutoModelForCausalLMWithValueHead. 
(WorkerDict pid=400939, ip=10.124.44.153) Monkey patch _flash_attention_forward in transformers.integrations.flash_attention
(WorkerDict pid=400939, ip=10.124.44.153) Skipping monkey patch for Qwen3ForCausalLM as use_fused_kernels is False or fused_kernels_backend is torch
(WorkerDict pid=400937, ip=10.124.44.153) Monkey patch state_dict in AutoModelForCausalLMWithValueHead. 
(WorkerDict pid=400937, ip=10.124.44.153) Monkey patch _flash_attention_forward in transformers.integrations.flash_attention
(WorkerDict pid=400937, ip=10.124.44.153) Skipping monkey patch for Qwen3ForCausalLM as use_fused_kernels is False or fused_kernels_backend is torch
(WorkerDict pid=400936, ip=10.124.44.153) Qwen3ForCausalLM contains 8.19B parameters
(WorkerDict pid=400936, ip=10.124.44.153) Before FSDP, memory allocated (GB): 0.00, memory reserved (GB): 0.00, device memory used/total (GB): 0.41/79.15
(WorkerDict pid=400940, ip=10.124.44.153) [Gloo] Rank 4 is connected to 7 peer ranks. Expected number of connected peer ranks is : 7
(WorkerDict pid=400940, ip=10.124.44.153) [Gloo] Rank 0 is connected to 0 peer ranks. Expected number of connected peer ranks is : 0
(WorkerDict pid=400940, ip=10.124.44.153) [Gloo] Rank 0 is connected to 0 peer ranks. Expected number of connected peer ranks is : 0
(WorkerDict pid=400942, ip=10.124.44.153) [Gloo] Rank 6 is connected to 7 peer ranks. Expected number of connected peer ranks is : 7
(WorkerDict pid=400942, ip=10.124.44.153) [Gloo] Rank 0 is connected to 0 peer ranks. Expected number of connected peer ranks is : 0
(WorkerDict pid=400942, ip=10.124.44.153) [Gloo] Rank 0 is connected to 0 peer ranks. Expected number of connected peer ranks is : 0
(WorkerDict pid=400943, ip=10.124.44.153) [Gloo] Rank 7 is connected to 7 peer ranks. Expected number of connected peer ranks is : 7
(WorkerDict pid=400943, ip=10.124.44.153) [Gloo] Rank 0 is connected to 0 peer ranks. Expected number of connected peer ranks is : 0
(WorkerDict pid=400943, ip=10.124.44.153) [Gloo] Rank 0 is connected to 0 peer ranks. Expected number of connected peer ranks is : 0
(WorkerDict pid=400938, ip=10.124.44.153) [Gloo] Rank 2 is connected to 7 peer ranks. Expected number of connected peer ranks is : 7
(WorkerDict pid=400938, ip=10.124.44.153) [Gloo] Rank 0 is connected to 0 peer ranks. Expected number of connected peer ranks is : 0
(WorkerDict pid=400938, ip=10.124.44.153) [Gloo] Rank 0 is connected to 0 peer ranks. Expected number of connected peer ranks is : 0
(WorkerDict pid=400939, ip=10.124.44.153) [Gloo] Rank 3 is connected to 7 peer ranks. Expected number of connected peer ranks is : 7
(WorkerDict pid=400939, ip=10.124.44.153) [Gloo] Rank 0 is connected to 0 peer ranks. Expected number of connected peer ranks is : 0
(WorkerDict pid=400939, ip=10.124.44.153) [Gloo] Rank 0 is connected to 0 peer ranks. Expected number of connected peer ranks is : 0
(WorkerDict pid=400937, ip=10.124.44.153) [Gloo] Rank 1 is connected to 7 peer ranks. Expected number of connected peer ranks is : 7
(WorkerDict pid=400937, ip=10.124.44.153) [Gloo] Rank 0 is connected to 0 peer ranks. Expected number of connected peer ranks is : 0
(WorkerDict pid=400937, ip=10.124.44.153) [Gloo] Rank 0 is connected to 0 peer ranks. Expected number of connected peer ranks is : 0
(WorkerDict pid=400941, ip=10.124.44.153) [Gloo] Rank 5 is connected to 7 peer ranks. Expected number of connected peer ranks is : 7
(WorkerDict pid=400941, ip=10.124.44.153) [Gloo] Rank 0 is connected to 0 peer ranks. Expected number of connected peer ranks is : 0
(WorkerDict pid=400941, ip=10.124.44.153) [Gloo] Rank 0 is connected to 0 peer ranks. Expected number of connected peer ranks is : 0
(WorkerDict pid=400936, ip=10.124.44.153) After FSDP, memory allocated (GB): 3.81, memory reserved (GB): 18.74, device memory used/total (GB): 19.82/79.15
(WorkerDict pid=400936, ip=10.124.44.153) Total steps: 5, num_warmup_steps: 0
(WorkerDict pid=400936, ip=10.124.44.153) NCCL version 2.27.5+cuda12.9
(WorkerDict pid=400936, ip=10.124.44.153) [Gloo] Rank 0 is connected to 7 peer ranks. Expected number of connected peer ranks is : 7
(WorkerDict pid=400936, ip=10.124.44.153) [Gloo] Rank 0 is connected to 0 peer ranks. Expected number of connected peer ranks is : 0
(WorkerDict pid=400936, ip=10.124.44.153) [Gloo] Rank 0 is connected to 0 peer ranks. Expected number of connected peer ranks is : 0
(pid=404466, ip=10.124.44.153) <frozen importlib._bootstrap_external>:1297: FutureWarning: The cuda.cudart module is deprecated and will be removed in a future release, please switch to use the cuda.bindings.runtime module instead.
(pid=404466, ip=10.124.44.153) <frozen importlib._bootstrap_external>:1297: FutureWarning: The cuda.nvrtc module is deprecated and will be removed in a future release, please switch to use the cuda.bindings.nvrtc module instead.
(pid=404470, ip=10.124.44.153) <frozen importlib._bootstrap_external>:1297: FutureWarning: The cuda.cudart module is deprecated and will be removed in a future release, please switch to use the cuda.bindings.runtime module instead.
(pid=404470, ip=10.124.44.153) <frozen importlib._bootstrap_external>:1297: FutureWarning: The cuda.nvrtc module is deprecated and will be removed in a future release, please switch to use the cuda.bindings.nvrtc module instead.
(pid=404473, ip=10.124.44.153) <frozen importlib._bootstrap_external>:1297: FutureWarning: The cuda.cudart module is deprecated and will be removed in a future release, please switch to use the cuda.bindings.runtime module instead.
(pid=404473, ip=10.124.44.153) <frozen importlib._bootstrap_external>:1297: FutureWarning: The cuda.nvrtc module is deprecated and will be removed in a future release, please switch to use the cuda.bindings.nvrtc module instead.
(pid=404476, ip=10.124.44.153) /usr/local/lib/python3.12/dist-packages/opentelemetry/proto/collector/logs/v1/logs_service_pb2_grpc.py:21: RuntimeWarning: The grpc package installed is at version 1.59.5, but the generated code in opentelemetry/proto/collector/logs/v1/logs_service_pb2_grpc.py depends on grpcio>=1.63.2. Please upgrade your grpc module to grpcio>=1.63.2 or downgrade your generated code using grpcio-tools<=1.59.5. This warning will become an error in 1.65.0, scheduled for release on June 25, 2024.
(pid=404476, ip=10.124.44.153)   warnings.warn(
(pid=404476, ip=10.124.44.153) /usr/local/lib/python3.12/dist-packages/opentelemetry/proto/collector/metrics/v1/metrics_service_pb2_grpc.py:21: RuntimeWarning: The grpc package installed is at version 1.59.5, but the generated code in opentelemetry/proto/collector/metrics/v1/metrics_service_pb2_grpc.py depends on grpcio>=1.63.2. Please upgrade your grpc module to grpcio>=1.63.2 or downgrade your generated code using grpcio-tools<=1.59.5. This warning will become an error in 1.65.0, scheduled for release on June 25, 2024.
(pid=404476, ip=10.124.44.153)   warnings.warn(
(pid=404476, ip=10.124.44.153) /usr/local/lib/python3.12/dist-packages/opentelemetry/proto/collector/trace/v1/trace_service_pb2_grpc.py:21: RuntimeWarning: The grpc package installed is at version 1.59.5, but the generated code in opentelemetry/proto/collector/trace/v1/trace_service_pb2_grpc.py depends on grpcio>=1.63.2. Please upgrade your grpc module to grpcio>=1.63.2 or downgrade your generated code using grpcio-tools<=1.59.5. This warning will become an error in 1.65.0, scheduled for release on June 25, 2024.
(pid=404476, ip=10.124.44.153)   warnings.warn(
(pid=404485, ip=10.124.44.153) /usr/local/lib/python3.12/dist-packages/opentelemetry/proto/collector/logs/v1/logs_service_pb2_grpc.py:21: RuntimeWarning: The grpc package installed is at version 1.59.5, but the generated code in opentelemetry/proto/collector/logs/v1/logs_service_pb2_grpc.py depends on grpcio>=1.63.2. Please upgrade your grpc module to grpcio>=1.63.2 or downgrade your generated code using grpcio-tools<=1.59.5. This warning will become an error in 1.65.0, scheduled for release on June 25, 2024.
(pid=404485, ip=10.124.44.153)   warnings.warn(
(pid=404485, ip=10.124.44.153) /usr/local/lib/python3.12/dist-packages/opentelemetry/proto/collector/metrics/v1/metrics_service_pb2_grpc.py:21: RuntimeWarning: The grpc package installed is at version 1.59.5, but the generated code in opentelemetry/proto/collector/metrics/v1/metrics_service_pb2_grpc.py depends on grpcio>=1.63.2. Please upgrade your grpc module to grpcio>=1.63.2 or downgrade your generated code using grpcio-tools<=1.59.5. This warning will become an error in 1.65.0, scheduled for release on June 25, 2024.
(pid=404485, ip=10.124.44.153)   warnings.warn(
(pid=404485, ip=10.124.44.153) /usr/local/lib/python3.12/dist-packages/opentelemetry/proto/collector/trace/v1/trace_service_pb2_grpc.py:21: RuntimeWarning: The grpc package installed is at version 1.59.5, but the generated code in opentelemetry/proto/collector/trace/v1/trace_service_pb2_grpc.py depends on grpcio>=1.63.2. Please upgrade your grpc module to grpcio>=1.63.2 or downgrade your generated code using grpcio-tools<=1.59.5. This warning will become an error in 1.65.0, scheduled for release on June 25, 2024.
(pid=404485, ip=10.124.44.153)   warnings.warn(
(pid=404482, ip=10.124.44.153) /usr/local/lib/python3.12/dist-packages/opentelemetry/proto/collector/logs/v1/logs_service_pb2_grpc.py:21: RuntimeWarning: The grpc package installed is at version 1.59.5, but the generated code in opentelemetry/proto/collector/logs/v1/logs_service_pb2_grpc.py depends on grpcio>=1.63.2. Please upgrade your grpc module to grpcio>=1.63.2 or downgrade your generated code using grpcio-tools<=1.59.5. This warning will become an error in 1.65.0, scheduled for release on June 25, 2024.
(pid=404482, ip=10.124.44.153)   warnings.warn(
(pid=404479, ip=10.124.44.153) /usr/local/lib/python3.12/dist-packages/opentelemetry/proto/collector/logs/v1/logs_service_pb2_grpc.py:21: RuntimeWarning: The grpc package installed is at version 1.59.5, but the generated code in opentelemetry/proto/collector/logs/v1/logs_service_pb2_grpc.py depends on grpcio>=1.63.2. Please upgrade your grpc module to grpcio>=1.63.2 or downgrade your generated code using grpcio-tools<=1.59.5. This warning will become an error in 1.65.0, scheduled for release on June 25, 2024.
(pid=404479, ip=10.124.44.153)   warnings.warn(
(pid=404479, ip=10.124.44.153) /usr/local/lib/python3.12/dist-packages/opentelemetry/proto/collector/metrics/v1/metrics_service_pb2_grpc.py:21: RuntimeWarning: The grpc package installed is at version 1.59.5, but the generated code in opentelemetry/proto/collector/metrics/v1/metrics_service_pb2_grpc.py depends on grpcio>=1.63.2. Please upgrade your grpc module to grpcio>=1.63.2 or downgrade your generated code using grpcio-tools<=1.59.5. This warning will become an error in 1.65.0, scheduled for release on June 25, 2024.
(pid=404479, ip=10.124.44.153)   warnings.warn(
(pid=404479, ip=10.124.44.153) /usr/local/lib/python3.12/dist-packages/opentelemetry/proto/collector/trace/v1/trace_service_pb2_grpc.py:21: RuntimeWarning: The grpc package installed is at version 1.59.5, but the generated code in opentelemetry/proto/collector/trace/v1/trace_service_pb2_grpc.py depends on grpcio>=1.63.2. Please upgrade your grpc module to grpcio>=1.63.2 or downgrade your generated code using grpcio-tools<=1.59.5. This warning will become an error in 1.65.0, scheduled for release on June 25, 2024.
(pid=404479, ip=10.124.44.153)   warnings.warn(
(pid=404482, ip=10.124.44.153) /usr/local/lib/python3.12/dist-packages/opentelemetry/proto/collector/metrics/v1/metrics_service_pb2_grpc.py:21: RuntimeWarning: The grpc package installed is at version 1.59.5, but the generated code in opentelemetry/proto/collector/metrics/v1/metrics_service_pb2_grpc.py depends on grpcio>=1.63.2. Please upgrade your grpc module to grpcio>=1.63.2 or downgrade your generated code using grpcio-tools<=1.59.5. This warning will become an error in 1.65.0, scheduled for release on June 25, 2024.
(pid=404482, ip=10.124.44.153)   warnings.warn(
(pid=404482, ip=10.124.44.153) /usr/local/lib/python3.12/dist-packages/opentelemetry/proto/collector/trace/v1/trace_service_pb2_grpc.py:21: RuntimeWarning: The grpc package installed is at version 1.59.5, but the generated code in opentelemetry/proto/collector/trace/v1/trace_service_pb2_grpc.py depends on grpcio>=1.63.2. Please upgrade your grpc module to grpcio>=1.63.2 or downgrade your generated code using grpcio-tools<=1.59.5. This warning will become an error in 1.65.0, scheduled for release on June 25, 2024.
(pid=404482, ip=10.124.44.153)   warnings.warn(
(pid=404476, ip=10.124.44.153) <frozen importlib._bootstrap_external>:1297: FutureWarning: The cuda.cudart module is deprecated and will be removed in a future release, please switch to use the cuda.bindings.runtime module instead.
(pid=404476, ip=10.124.44.153) <frozen importlib._bootstrap_external>:1297: FutureWarning: The cuda.nvrtc module is deprecated and will be removed in a future release, please switch to use the cuda.bindings.nvrtc module instead.
(pid=404485, ip=10.124.44.153) <frozen importlib._bootstrap_external>:1297: FutureWarning: The cuda.cudart module is deprecated and will be removed in a future release, please switch to use the cuda.bindings.runtime module instead.
(pid=404485, ip=10.124.44.153) <frozen importlib._bootstrap_external>:1297: FutureWarning: The cuda.nvrtc module is deprecated and will be removed in a future release, please switch to use the cuda.bindings.nvrtc module instead.
(pid=404479, ip=10.124.44.153) <frozen importlib._bootstrap_external>:1297: FutureWarning: The cuda.cudart module is deprecated and will be removed in a future release, please switch to use the cuda.bindings.runtime module instead.
(pid=404479, ip=10.124.44.153) <frozen importlib._bootstrap_external>:1297: FutureWarning: The cuda.nvrtc module is deprecated and will be removed in a future release, please switch to use the cuda.bindings.nvrtc module instead.
(pid=404482, ip=10.124.44.153) <frozen importlib._bootstrap_external>:1297: FutureWarning: The cuda.cudart module is deprecated and will be removed in a future release, please switch to use the cuda.bindings.runtime module instead.
(pid=404482, ip=10.124.44.153) <frozen importlib._bootstrap_external>:1297: FutureWarning: The cuda.nvrtc module is deprecated and will be removed in a future release, please switch to use the cuda.bindings.nvrtc module instead.
(SGLangHttpServer pid=404467, ip=10.124.44.153) WARNING:2026-06-06 09:29:37,139:agent loop only support torch and npu profiler, got None
(SGLangHttpServer pid=404467, ip=10.124.44.153) SGLang http server: rollout_mode=<RolloutMode.HYBRID: 'hybrid'>, replica_rank=1, node_rank=0, nnodes=1, cuda_visible_devices='1', role=null
(SGLangHttpServer pid=404466, ip=10.124.44.153) SGLang http server: rollout_mode=<RolloutMode.HYBRID: 'hybrid'>, replica_rank=0, node_rank=0, nnodes=1, cuda_visible_devices='0', role=null
(SGLangHttpServer pid=404470, ip=10.124.44.153) SGLang http server: rollout_mode=<RolloutMode.HYBRID: 'hybrid'>, replica_rank=2, node_rank=0, nnodes=1, cuda_visible_devices='2', role=null
(SGLangHttpServer pid=404473, ip=10.124.44.153) SGLang http server: rollout_mode=<RolloutMode.HYBRID: 'hybrid'>, replica_rank=3, node_rank=0, nnodes=1, cuda_visible_devices='3', role=null
Error executing job with overrides: ['algorithm.adv_estimator=grpo', 'algorithm.use_kl_in_reward=False', 'data.train_files=/home/tiger/data/hotpotqa_tool_agent/train.parquet', 'data.val_files=/home/tiger/data/hotpotqa_tool_agent/test.parquet', 'data.train_batch_size=32', 'data.max_prompt_length=4096', 'data.max_response_length=4096', 'data.shuffle=False', 'data.seed=42', 'data.return_raw_chat=True', 'data.filter_overlong_prompts=True', 'data.truncation=error', '+data.apply_chat_template_kwargs.enable_thinking=False', 'actor_rollout_ref.model.path=/home/tiger/models/Qwen3-8B', 'actor_rollout_ref.model.use_remove_padding=True', 'actor_rollout_ref.model.enable_gradient_checkpointing=True', 'actor_rollout_ref.actor.optim.lr=1e-6', 'actor_rollout_ref.actor.ppo_mini_batch_size=4', 'actor_rollout_ref.actor.ppo_micro_batch_size_per_gpu=1', 'actor_rollout_ref.actor.shuffle=False', 'actor_rollout_ref.actor.data_loader_seed=42', 'actor_rollout_ref.actor.use_kl_loss=False', 'actor_rollout_ref.actor.kl_loss_coef=0.001', 'actor_rollout_ref.actor.kl_loss_type=low_var_kl', 'actor_rollout_ref.actor.entropy_coeff=0', 'actor_rollout_ref.actor.fsdp_config.param_offload=False', 'actor_rollout_ref.actor.fsdp_config.optimizer_offload=False', 'actor_rollout_ref.rollout.name=sglang', 'actor_rollout_ref.rollout.mode=async', 'actor_rollout_ref.rollout.tensor_model_parallel_size=1', 'actor_rollout_ref.rollout.gpu_memory_utilization=0.6', 'actor_rollout_ref.rollout.n=8', 'actor_rollout_ref.rollout.do_sample=False', 'actor_rollout_ref.rollout.temperature=0', 'actor_rollout_ref.rollout.top_p=1.0', 'actor_rollout_ref.rollout.top_k=-1', 'actor_rollout_ref.rollout.log_prob_micro_batch_size_per_gpu=8', 'actor_rollout_ref.rollout.multi_turn.enable=True', 'actor_rollout_ref.rollout.multi_turn.format=hermes', 'actor_rollout_ref.rollout.multi_turn.function_tool_path=examples/agent_loop/hotpot_fixed_context_tool.py', 'actor_rollout_ref.rollout.agent.default_agent_loop=tool_agent', 'actor_rollout_ref.rollout.prometheus.enable=true', 'actor_rollout_ref.rollout.prometheus.port=9090', 'actor_rollout_ref.rollout.disable_log_stats=False', 'actor_rollout_ref.rollout.max_model_len=4096', 'actor_rollout_ref.rollout.multi_turn.max_tool_response_length=12000', "+ray_kwargs.ray_init.runtime_env.env_vars.GSM8K_TOOL_SLEEP_MS='0'", "+ray_kwargs.ray_init.runtime_env.env_vars.GSM8K_TOOL_SLEEP_DIST=''", "+ray_kwargs.ray_init.runtime_env.env_vars.GSM8K_TOOL_SLEEP_SEED=''", "+ray_kwargs.ray_init.runtime_env.env_vars.GSM8K_MIN_TOOL_CALLS='1'", "+ray_kwargs.ray_init.runtime_env.env_vars.HOTPOT_TOOL_SLEEP_MS='0'", "+ray_kwargs.ray_init.runtime_env.env_vars.HOTPOT_TOOL_SLEEP_DIST=''", "+ray_kwargs.ray_init.runtime_env.env_vars.HOTPOT_TOOL_SLEEP_SEED=''", "+ray_kwargs.ray_init.runtime_env.env_vars.HOTPOT_TOOL_LATENCY_SECONDS_LIST=''", "+ray_kwargs.ray_init.runtime_env.env_vars.HOTPOT_MIN_TOOL_CALLS='1'", "+ray_kwargs.ray_init.runtime_env.env_vars.HOTPOT_AUTO_TOOL_NAME='retrieve_hotpot_context'", "+ray_kwargs.ray_init.runtime_env.env_vars.HOTPOT_SPECULATIVE_TOOL_PREFETCH=''", "+ray_kwargs.ray_init.runtime_env.env_vars.HOTPOT_SPECULATIVE_JSONL=''", "+ray_kwargs.ray_init.runtime_env.env_vars.HOTPOT_MAIN_ENABLE_THINKING=''", "+ray_kwargs.ray_init.runtime_env.env_vars.HOTPOT_NON_THINKING_MAX_NEW_TOKENS=''", "+ray_kwargs.ray_init.runtime_env.env_vars.ONLINE_SEARCH_RETRIEVAL_URL='http://127.0.0.1:8000/retrieve'", "+ray_kwargs.ray_init.runtime_env.env_vars.ONLINE_SEARCH_TOPK='3'", "+ray_kwargs.ray_init.runtime_env.env_vars.ONLINE_SEARCH_TIMEOUT='20'", "+ray_kwargs.ray_init.runtime_env.env_vars.ONLINE_SEARCH_MAX_CHARS='12000'", "+ray_kwargs.ray_init.runtime_env.env_vars.AGENT_LOOP_PER_TURN_MAX_RESPONSE_LENGTH='500'", "+ray_kwargs.ray_init.runtime_env.env_vars.MOCK_BATCH_SIZE='768'", "+ray_kwargs.ray_init.runtime_env.env_vars.PARTIAL_ASYNC_NUM_STARTS='9'", "+ray_kwargs.ray_init.runtime_env.env_vars.PARTIAL_ASYNC_WARMUP_STEPS='0'", 'trainer.logger=["console","tensorboard","wandb"]', 'trainer.project_name=specTool', 'trainer.experiment_name=baseline_hotpotqa_qwen3_8b_sleep0_toolcalls1_bs32_rollout8_step5_baseline_fixed500_min1_bs32_n8_step5_20260606_092645', 'trainer.n_gpus_per_node=8', 'trainer.nnodes=1', 'trainer.val_before_train=False', 'trainer.save_freq=-1', 'trainer.test_freq=-1', 'trainer.total_training_steps=5']
(TaskRunner pid=399678, ip=10.124.44.153) ERROR:2026-06-06 09:29:37,254:Got error when executing task.
(TaskRunner pid=399678, ip=10.124.44.153) Traceback (most recent call last):
(TaskRunner pid=399678, ip=10.124.44.153)   File "python/ray/_raylet.pyx", line 1979, in ray._raylet.execute_task
(TaskRunner pid=399678, ip=10.124.44.153)   File "python/ray/_raylet.pyx", line 2087, in ray._raylet.execute_task
(TaskRunner pid=399678, ip=10.124.44.153)   File "python/ray/_raylet.pyx", line 1986, in ray._raylet.execute_task
(TaskRunner pid=399678, ip=10.124.44.153)   File "python/ray/_raylet.pyx", line 1920, in ray._raylet.execute_task.function_executor
(TaskRunner pid=399678, ip=10.124.44.153)   File "/usr/local/lib/python3.12/dist-packages/ray/_private/function_manager.py", line 687, in actor_method_executor
(TaskRunner pid=399678, ip=10.124.44.153)     return method(__ray_actor, *args, **kwargs)
(TaskRunner pid=399678, ip=10.124.44.153)            ^^^^^^^^^^^^^^^^^^^^^^^^^^^^^^^^^^^^
(TaskRunner pid=399678, ip=10.124.44.153)   File "/usr/local/lib/python3.12/dist-packages/ray/util/tracing/tracing_helper.py", line 463, in _resume_span
(TaskRunner pid=399678, ip=10.124.44.153)     return method(self, *_args, **_kwargs)
(TaskRunner pid=399678, ip=10.124.44.153)            ^^^^^^^^^^^^^^^^^^^^^^^^^^^^^^^
(TaskRunner pid=399678, ip=10.124.44.153)   File "/home/tiger/verl/verl/trainer/main_ppo.py", line 312, in run
(TaskRunner pid=399678, ip=10.124.44.153)     trainer.init_workers()
(TaskRunner pid=399678, ip=10.124.44.153)   File "/home/tiger/verl/verl/trainer/ppo/ray_trainer.py", line 942, in init_workers
(TaskRunner pid=399678, ip=10.124.44.153)     self.llm_server_manager = LLMServerManager.create(
(TaskRunner pid=399678, ip=10.124.44.153)                               ^^^^^^^^^^^^^^^^^^^^^^^^
(TaskRunner pid=399678, ip=10.124.44.153)   File "/home/tiger/verl/verl/utils/ray_utils.py", line 123, in wrapper
(TaskRunner pid=399678, ip=10.124.44.153)     return asyncio.run(coro)
(TaskRunner pid=399678, ip=10.124.44.153)            ^^^^^^^^^^^^^^^^^
(TaskRunner pid=399678, ip=10.124.44.153)   File "/usr/lib/python3.12/asyncio/runners.py", line 194, in run
(TaskRunner pid=399678, ip=10.124.44.153)     return runner.run(main)
(TaskRunner pid=399678, ip=10.124.44.153)            ^^^^^^^^^^^^^^^^
(TaskRunner pid=399678, ip=10.124.44.153)   File "/usr/lib/python3.12/asyncio/runners.py", line 118, in run
(TaskRunner pid=399678, ip=10.124.44.153)     return self._loop.run_until_complete(task)
(TaskRunner pid=399678, ip=10.124.44.153)            ^^^^^^^^^^^^^^^^^^^^^^^^^^^^^^^^^^^
(TaskRunner pid=399678, ip=10.124.44.153)   File "uvloop/loop.pyx", line 1518, in uvloop.loop.Loop.run_until_complete
(TaskRunner pid=399678, ip=10.124.44.153)   File "/home/tiger/verl/verl/workers/rollout/llm_server.py", line 262, in create
(TaskRunner pid=399678, ip=10.124.44.153)     await instance._initialize_llm_servers()
(TaskRunner pid=399678, ip=10.124.44.153)   File "/home/tiger/verl/verl/workers/rollout/llm_server.py", line 315, in _initialize_llm_servers
(TaskRunner pid=399678, ip=10.124.44.153)     await asyncio.gather(*[server.init_hybrid(self.worker_group) for server in self.rollout_replicas])
(TaskRunner pid=399678, ip=10.124.44.153)   File "/home/tiger/verl/verl/workers/rollout/replica.py", line 141, in init_hybrid
(TaskRunner pid=399678, ip=10.124.44.153)     await self.launch_servers()
(TaskRunner pid=399678, ip=10.124.44.153)   File "/home/tiger/verl/verl/workers/rollout/sglang_rollout/async_sglang_server.py", line 814, in launch_servers
(TaskRunner pid=399678, ip=10.124.44.153)     await asyncio.gather(
(TaskRunner pid=399678, ip=10.124.44.153)   File "/usr/lib/python3.12/asyncio/tasks.py", line 684, in _wrap_awaitable
(TaskRunner pid=399678, ip=10.124.44.153)     return await awaitable
(TaskRunner pid=399678, ip=10.124.44.153)            ^^^^^^^^^^^^^^^
(TaskRunner pid=399678, ip=10.124.44.153) ray.exceptions.RayTaskError: [36mray::SGLangHttpServer.launch_server()[39m (pid=404467, ip=10.124.44.153, actor_id=801ffb35856467302545b4f701000000, repr=<verl.workers.rollout.sglang_rollout.async_sglang_server.SGLangHttpServer object at 0x7fa84d5c3440>)
(TaskRunner pid=399678, ip=10.124.44.153)            ^^^^^^^^^^^^^^^^^^^^^^^^^^^^^
(TaskRunner pid=399678, ip=10.124.44.153) StopIteration
(TaskRunner pid=399678, ip=10.124.44.153) 
(TaskRunner pid=399678, ip=10.124.44.153) During handling of the above exception, another exception occurred:
(TaskRunner pid=399678, ip=10.124.44.153) 
(TaskRunner pid=399678, ip=10.124.44.153) [36mray::SGLangHttpServer.launch_server()[39m (pid=404467, ip=10.124.44.153, actor_id=801ffb35856467302545b4f701000000, repr=<verl.workers.rollout.sglang_rollout.async_sglang_server.SGLangHttpServer object at 0x7fa84d5c3440>)
(TaskRunner pid=399678, ip=10.124.44.153)   File "/sgl-workspace/sglang/python/sglang/srt/utils/common.py", line 1098, in assert_pkg_version
(TaskRunner pid=399678, ip=10.124.44.153)     installed_version = version(pkg)
(TaskRunner pid=399678, ip=10.124.44.153)                         ^^^^^^^^^^^^
(TaskRunner pid=399678, ip=10.124.44.153)   File "/usr/lib/python3.12/importlib/metadata/__init__.py", line 889, in version
(TaskRunner pid=399678, ip=10.124.44.153)     return distribution(distribution_name).version
(TaskRunner pid=399678, ip=10.124.44.153)            ^^^^^^^^^^^^^^^^^^^^^^^^^^^^^^^
(TaskRunner pid=399678, ip=10.124.44.153)   File "/usr/lib/python3.12/importlib/metadata/__init__.py", line 862, in distribution
(TaskRunner pid=399678, ip=10.124.44.153)     return Distribution.from_name(distribution_name)
(TaskRunner pid=399678, ip=10.124.44.153)            ^^^^^^^^^^^^^^^^^^^^^^^^^^^^^^^^^^^^^^^^^
(TaskRunner pid=399678, ip=10.124.44.153)   File "/usr/lib/python3.12/importlib/metadata/__init__.py", line 399, in from_name
(TaskRunner pid=399678, ip=10.124.44.153)     raise PackageNotFoundError(name)
(TaskRunner pid=399678, ip=10.124.44.153) importlib.metadata.PackageNotFoundError: No package metadata was found for sglang_kernel
(TaskRunner pid=399678, ip=10.124.44.153) 
(TaskRunner pid=399678, ip=10.124.44.153) During handling of the above exception, another exception occurred:
(TaskRunner pid=399678, ip=10.124.44.153) 
(TaskRunner pid=399678, ip=10.124.44.153) [36mray::SGLangHttpServer.launch_server()[39m (pid=404467, ip=10.124.44.153, actor_id=801ffb35856467302545b4f701000000, repr=<verl.workers.rollout.sglang_rollout.async_sglang_server.SGLangHttpServer object at 0x7fa84d5c3440>)
(TaskRunner pid=399678, ip=10.124.44.153)   File "/usr/lib/python3.12/concurrent/futures/_base.py", line 456, in result
(TaskRunner pid=399678, ip=10.124.44.153)     return self.__get_result()
(TaskRunner pid=399678, ip=10.124.44.153)            ^^^^^^^^^^^^^^^^^^^
(TaskRunner pid=399678, ip=10.124.44.153)   File "/usr/lib/python3.12/concurrent/futures/_base.py", line 401, in __get_result
(TaskRunner pid=399678, ip=10.124.44.153)     raise self._exception
(TaskRunner pid=399678, ip=10.124.44.153)            ^^^^^^^^^^^^^^^^^^^^^^^^^^^^^^^^^^^^^
