(SGLangHttpServer pid=1979660, ip=10.124.44.153) Capturing batches (bs=184 avail_mem=27.43 GB):  28%|██▊       | 10/36 [00:00<00:02, 11.77it/s]Capturing batches (bs=176 avail_mem=27.43 GB):  28%|██▊       | 10/36 [00:00<00:02, 11.77it/s]Capturing batches (bs=168 avail_mem=27.42 GB):  28%|██▊       | 10/36 [00:01<00:02, 11.77it/s]
(SGLangHttpServer pid=1979640, ip=10.124.44.153) Capturing batches (bs=128 avail_mem=27.40 GB):  42%|████▏     | 15/36 [00:01<00:01, 12.71it/s]
(SGLangHttpServer pid=1979637, ip=10.124.44.153) Capturing batches (bs=64 avail_mem=27.35 GB):  69%|██████▉   | 25/36 [00:01<00:00, 15.98it/s]Capturing batches (bs=56 avail_mem=27.34 GB):  69%|██████▉   | 25/36 [00:01<00:00, 15.98it/s]
(SGLangHttpServer pid=1979645, ip=10.124.44.153) Capturing batches (bs=144 avail_mem=27.41 GB):  42%|████▏     | 15/36 [00:01<00:01, 13.36it/s]Capturing batches (bs=136 avail_mem=27.40 GB):  42%|████▏     | 15/36 [00:01<00:01, 13.36it/s]
(SGLangHttpServer pid=1979636, ip=10.124.44.153) Capturing batches (bs=144 avail_mem=28.64 GB):  42%|████▏     | 15/36 [00:01<00:01, 13.21it/s]
(SGLangHttpServer pid=1979636, ip=10.124.44.153) Capturing batches (bs=136 avail_mem=28.63 GB):  42%|████▏     | 15/36 [00:01<00:01, 13.21it/s]
(SGLangHttpServer pid=1979654, ip=10.124.44.153) Capturing batches (bs=144 avail_mem=27.41 GB):  42%|████▏     | 15/36 [00:01<00:01, 12.83it/s]
(SGLangHttpServer pid=1979654, ip=10.124.44.153) Capturing batches (bs=136 avail_mem=27.40 GB):  42%|████▏     | 15/36 [00:01<00:01, 12.83it/s]
(SGLangHttpServer pid=1979640, ip=10.124.44.153) Capturing batches (bs=128 avail_mem=27.40 GB):  47%|████▋     | 17/36 [00:01<00:01, 13.30it/s]Capturing batches (bs=120 avail_mem=27.39 GB):  47%|████▋     | 17/36 [00:01<00:01, 13.30it/s]Capturing batches (bs=112 avail_mem=27.38 GB):  47%|████▋     | 17/36 [00:01<00:01, 13.30it/s]
(SGLangHttpServer pid=1979637, ip=10.124.44.153) Capturing batches (bs=48 avail_mem=27.34 GB):  69%|██████▉   | 25/36 [00:01<00:00, 15.98it/s]Capturing batches (bs=48 avail_mem=27.34 GB):  75%|███████▌  | 27/36 [00:02<00:00, 16.53it/s]Capturing batches (bs=40 avail_mem=27.33 GB):  75%|███████▌  | 27/36 [00:02<00:00, 16.53it/s]
(SGLangHttpServer pid=1979636, ip=10.124.44.153) Capturing batches (bs=128 avail_mem=28.63 GB):  42%|████▏     | 15/36 [00:01<00:01, 13.21it/s]
(SGLangHttpServer pid=1979645, ip=10.124.44.153) Capturing batches (bs=128 avail_mem=27.40 GB):  42%|████▏     | 15/36 [00:01<00:01, 13.36it/s]Capturing batches (bs=128 avail_mem=27.40 GB):  47%|████▋     | 17/36 [00:01<00:01, 14.24it/s]Capturing batches (bs=120 avail_mem=27.39 GB):  47%|████▋     | 17/36 [00:01<00:01, 14.24it/s]
(SGLangHttpServer pid=1979654, ip=10.124.44.153) Capturing batches (bs=128 avail_mem=27.40 GB):  42%|████▏     | 15/36 [00:01<00:01, 12.83it/s]
(SGLangHttpServer pid=1979648, ip=10.124.44.153) Capturing batches (bs=160 avail_mem=27.42 GB):  31%|███       | 11/36 [00:01<00:02, 12.46it/s]Capturing batches (bs=160 avail_mem=27.42 GB):  36%|███▌      | 13/36 [00:01<00:01, 12.92it/s]Capturing batches (bs=152 avail_mem=27.41 GB):  36%|███▌      | 13/36 [00:01<00:01, 12.92it/s]
(SGLangHttpServer pid=1979657, ip=10.124.44.153) Capturing batches (bs=168 avail_mem=27.42 GB):  33%|███▎      | 12/36 [00:01<00:01, 12.60it/s]Capturing batches (bs=160 avail_mem=27.42 GB):  33%|███▎      | 12/36 [00:01<00:01, 12.60it/s]Capturing batches (bs=152 avail_mem=27.41 GB):  33%|███▎      | 12/36 [00:01<00:01, 12.60it/s]
(SGLangHttpServer pid=1979660, ip=10.124.44.153) Capturing batches (bs=168 avail_mem=27.42 GB):  33%|███▎      | 12/36 [00:01<00:01, 12.43it/s]Capturing batches (bs=160 avail_mem=27.42 GB):  33%|███▎      | 12/36 [00:01<00:01, 12.43it/s]Capturing batches (bs=152 avail_mem=27.41 GB):  33%|███▎      | 12/36 [00:01<00:01, 12.43it/s]
(SGLangHttpServer pid=1979640, ip=10.124.44.153) Capturing batches (bs=112 avail_mem=27.38 GB):  53%|█████▎    | 19/36 [00:01<00:01, 14.47it/s]Capturing batches (bs=104 avail_mem=27.38 GB):  53%|█████▎    | 19/36 [00:01<00:01, 14.47it/s]Capturing batches (bs=96 avail_mem=27.37 GB):  53%|█████▎    | 19/36 [00:01<00:01, 14.47it/s] 
(SGLangHttpServer pid=1979637, ip=10.124.44.153) Capturing batches (bs=32 avail_mem=27.33 GB):  75%|███████▌  | 27/36 [00:02<00:00, 16.53it/s]Capturing batches (bs=24 avail_mem=27.32 GB):  75%|███████▌  | 27/36 [00:02<00:00, 16.53it/s]
(SGLangHttpServer pid=1979636, ip=10.124.44.153) Capturing batches (bs=128 avail_mem=28.63 GB):  47%|████▋     | 17/36 [00:01<00:01, 14.04it/s]Capturing batches (bs=120 avail_mem=28.62 GB):  47%|████▋     | 17/36 [00:01<00:01, 14.04it/s]Capturing batches (bs=112 avail_mem=28.61 GB):  47%|████▋     | 17/36 [00:01<00:01, 14.04it/s]
(SGLangHttpServer pid=1979645, ip=10.124.44.153) Capturing batches (bs=112 avail_mem=27.38 GB):  47%|████▋     | 17/36 [00:01<00:01, 14.24it/s]Capturing batches (bs=112 avail_mem=27.38 GB):  53%|█████▎    | 19/36 [00:01<00:01, 15.36it/s]Capturing batches (bs=104 avail_mem=27.38 GB):  53%|█████▎    | 19/36 [00:01<00:01, 15.36it/s]
(SGLangHttpServer pid=1979654, ip=10.124.44.153) Capturing batches (bs=128 avail_mem=27.40 GB):  47%|████▋     | 17/36 [00:01<00:01, 13.69it/s]Capturing batches (bs=120 avail_mem=27.39 GB):  47%|████▋     | 17/36 [00:01<00:01, 13.69it/s]Capturing batches (bs=112 avail_mem=27.38 GB):  47%|████▋     | 17/36 [00:01<00:01, 13.69it/s]
(SGLangHttpServer pid=1979648, ip=10.124.44.153) Capturing batches (bs=144 avail_mem=27.41 GB):  36%|███▌      | 13/36 [00:01<00:01, 12.92it/s]
(SGLangHttpServer pid=1979657, ip=10.124.44.153) Capturing batches (bs=152 avail_mem=27.41 GB):  39%|███▉      | 14/36 [00:01<00:01, 13.15it/s]Capturing batches (bs=144 avail_mem=27.41 GB):  39%|███▉      | 14/36 [00:01<00:01, 13.15it/s]
(SGLangHttpServer pid=1979660, ip=10.124.44.153) Capturing batches (bs=152 avail_mem=27.41 GB):  39%|███▉      | 14/36 [00:01<00:01, 13.09it/s]Capturing batches (bs=144 avail_mem=27.41 GB):  39%|███▉      | 14/36 [00:01<00:01, 13.09it/s]
(SGLangHttpServer pid=1979648, ip=10.124.44.153) Capturing batches (bs=144 avail_mem=27.41 GB):  42%|████▏     | 15/36 [00:01<00:01, 13.64it/s]Capturing batches (bs=136 avail_mem=27.40 GB):  42%|████▏     | 15/36 [00:01<00:01, 13.64it/s]
(SGLangHttpServer pid=1979657, ip=10.124.44.153) Capturing batches (bs=136 avail_mem=27.40 GB):  39%|███▉      | 14/36 [00:01<00:01, 13.15it/s]
(SGLangHttpServer pid=1979660, ip=10.124.44.153) Capturing batches (bs=136 avail_mem=27.40 GB):  39%|███▉      | 14/36 [00:01<00:01, 13.09it/s]
(SGLangHttpServer pid=1979636, ip=10.124.44.153) Capturing batches (bs=112 avail_mem=28.61 GB):  53%|█████▎    | 19/36 [00:01<00:01, 15.07it/s]Capturing batches (bs=104 avail_mem=28.60 GB):  53%|█████▎    | 19/36 [00:01<00:01, 15.07it/s]
(SGLangHttpServer pid=1979654, ip=10.124.44.153) Capturing batches (bs=112 avail_mem=27.38 GB):  53%|█████▎    | 19/36 [00:01<00:01, 14.84it/s]Capturing batches (bs=104 avail_mem=27.38 GB):  53%|█████▎    | 19/36 [00:01<00:01, 14.84it/s]
(SGLangHttpServer pid=1979640, ip=10.124.44.153) Capturing batches (bs=96 avail_mem=27.37 GB):  58%|█████▊    | 21/36 [00:01<00:00, 15.48it/s]Capturing batches (bs=88 avail_mem=27.36 GB):  58%|█████▊    | 21/36 [00:01<00:00, 15.48it/s]Capturing batches (bs=80 avail_mem=27.36 GB):  58%|█████▊    | 21/36 [00:01<00:00, 15.48it/s]
(SGLangHttpServer pid=1979637, ip=10.124.44.153) Capturing batches (bs=24 avail_mem=27.32 GB):  83%|████████▎ | 30/36 [00:02<00:00, 17.81it/s]Capturing batches (bs=16 avail_mem=27.32 GB):  83%|████████▎ | 30/36 [00:02<00:00, 17.81it/s]Capturing batches (bs=12 avail_mem=27.31 GB):  83%|████████▎ | 30/36 [00:02<00:00, 17.81it/s]
(SGLangHttpServer pid=1979636, ip=10.124.44.153) Capturing batches (bs=96 avail_mem=28.60 GB):  53%|█████▎    | 19/36 [00:01<00:01, 15.07it/s] Capturing batches (bs=96 avail_mem=28.60 GB):  58%|█████▊    | 21/36 [00:01<00:00, 15.77it/s]Capturing batches (bs=88 avail_mem=28.59 GB):  58%|█████▊    | 21/36 [00:01<00:00, 15.77it/s]
(SGLangHttpServer pid=1979645, ip=10.124.44.153) Capturing batches (bs=96 avail_mem=27.37 GB):  53%|█████▎    | 19/36 [00:01<00:01, 15.36it/s] Capturing batches (bs=96 avail_mem=27.37 GB):  58%|█████▊    | 21/36 [00:01<00:00, 15.94it/s]Capturing batches (bs=88 avail_mem=27.36 GB):  58%|█████▊    | 21/36 [00:01<00:00, 15.94it/s]
(SGLangHttpServer pid=1979654, ip=10.124.44.153) Capturing batches (bs=96 avail_mem=27.37 GB):  53%|█████▎    | 19/36 [00:01<00:01, 14.84it/s] Capturing batches (bs=96 avail_mem=27.37 GB):  58%|█████▊    | 21/36 [00:01<00:00, 15.73it/s]Capturing batches (bs=88 avail_mem=27.36 GB):  58%|█████▊    | 21/36 [00:01<00:00, 15.73it/s]
(SGLangHttpServer pid=1979648, ip=10.124.44.153) Capturing batches (bs=128 avail_mem=27.40 GB):  42%|████▏     | 15/36 [00:01<00:01, 13.64it/s]
(SGLangHttpServer pid=1979657, ip=10.124.44.153) Capturing batches (bs=136 avail_mem=27.40 GB):  44%|████▍     | 16/36 [00:01<00:01, 13.72it/s]Capturing batches (bs=128 avail_mem=27.40 GB):  44%|████▍     | 16/36 [00:01<00:01, 13.72it/s]
(SGLangHttpServer pid=1979660, ip=10.124.44.153) Capturing batches (bs=136 avail_mem=27.40 GB):  44%|████▍     | 16/36 [00:01<00:01, 13.71it/s]Capturing batches (bs=128 avail_mem=27.40 GB):  44%|████▍     | 16/36 [00:01<00:01, 13.71it/s]
(SGLangHttpServer pid=1979640, ip=10.124.44.153) Capturing batches (bs=80 avail_mem=27.36 GB):  64%|██████▍   | 23/36 [00:01<00:00, 16.03it/s]Capturing batches (bs=72 avail_mem=27.35 GB):  64%|██████▍   | 23/36 [00:01<00:00, 16.03it/s]Capturing batches (bs=64 avail_mem=27.35 GB):  64%|██████▍   | 23/36 [00:01<00:00, 16.03it/s]
(SGLangHttpServer pid=1979637, ip=10.124.44.153) Capturing batches (bs=12 avail_mem=27.31 GB):  89%|████████▉ | 32/36 [00:02<00:00, 16.79it/s]Capturing batches (bs=8 avail_mem=27.31 GB):  89%|████████▉ | 32/36 [00:02<00:00, 16.79it/s] Capturing batches (bs=4 avail_mem=27.30 GB):  89%|████████▉ | 32/36 [00:02<00:00, 16.79it/s]
(SGLangHttpServer pid=1979636, ip=10.124.44.153) Capturing batches (bs=80 avail_mem=28.59 GB):  58%|█████▊    | 21/36 [00:01<00:00, 15.77it/s]Capturing batches (bs=80 avail_mem=28.59 GB):  64%|██████▍   | 23/36 [00:01<00:00, 16.71it/s]Capturing batches (bs=72 avail_mem=28.58 GB):  64%|██████▍   | 23/36 [00:01<00:00, 16.71it/s]
(SGLangHttpServer pid=1979645, ip=10.124.44.153) Capturing batches (bs=80 avail_mem=27.36 GB):  58%|█████▊    | 21/36 [00:01<00:00, 15.94it/s]Capturing batches (bs=80 avail_mem=27.36 GB):  64%|██████▍   | 23/36 [00:01<00:00, 16.58it/s]Capturing batches (bs=72 avail_mem=27.35 GB):  64%|██████▍   | 23/36 [00:01<00:00, 16.58it/s]
(SGLangHttpServer pid=1979654, ip=10.124.44.153) Capturing batches (bs=80 avail_mem=27.36 GB):  58%|█████▊    | 21/36 [00:01<00:00, 15.73it/s]Capturing batches (bs=80 avail_mem=27.36 GB):  64%|██████▍   | 23/36 [00:01<00:00, 16.71it/s]Capturing batches (bs=72 avail_mem=27.35 GB):  64%|██████▍   | 23/36 [00:01<00:00, 16.71it/s]
(SGLangHttpServer pid=1979648, ip=10.124.44.153) Capturing batches (bs=128 avail_mem=27.40 GB):  47%|████▋     | 17/36 [00:01<00:01, 14.03it/s]Capturing batches (bs=120 avail_mem=27.39 GB):  47%|████▋     | 17/36 [00:01<00:01, 14.03it/s]Capturing batches (bs=112 avail_mem=27.38 GB):  47%|████▋     | 17/36 [00:01<00:01, 14.03it/s]
(SGLangHttpServer pid=1979657, ip=10.124.44.153) Capturing batches (bs=120 avail_mem=27.39 GB):  44%|████▍     | 16/36 [00:01<00:01, 13.72it/s]Capturing batches (bs=120 avail_mem=27.39 GB):  50%|█████     | 18/36 [00:01<00:01, 14.57it/s]Capturing batches (bs=112 avail_mem=27.38 GB):  50%|█████     | 18/36 [00:01<00:01, 14.57it/s]
(SGLangHttpServer pid=1979660, ip=10.124.44.153) Capturing batches (bs=120 avail_mem=27.39 GB):  44%|████▍     | 16/36 [00:01<00:01, 13.71it/s]Capturing batches (bs=120 avail_mem=27.39 GB):  50%|█████     | 18/36 [00:01<00:01, 14.72it/s]Capturing batches (bs=112 avail_mem=27.38 GB):  50%|█████     | 18/36 [00:01<00:01, 14.72it/s]
(SGLangHttpServer pid=1979660, ip=10.124.44.153) Capturing batches (bs=104 avail_mem=27.38 GB):  50%|█████     | 18/36 [00:01<00:01, 14.72it/s]
(SGLangHttpServer pid=1979657, ip=10.124.44.153) Capturing batches (bs=104 avail_mem=27.38 GB):  50%|█████     | 18/36 [00:01<00:01, 14.57it/s]
(SGLangHttpServer pid=1979648, ip=10.124.44.153) Capturing batches (bs=112 avail_mem=27.38 GB):  53%|█████▎    | 19/36 [00:01<00:01, 15.20it/s]Capturing batches (bs=104 avail_mem=27.38 GB):  53%|█████▎    | 19/36 [00:01<00:01, 15.20it/s]
(SGLangHttpServer pid=1979640, ip=10.124.44.153) Capturing batches (bs=64 avail_mem=27.35 GB):  69%|██████▉   | 25/36 [00:01<00:00, 17.05it/s]Capturing batches (bs=56 avail_mem=27.34 GB):  69%|██████▉   | 25/36 [00:01<00:00, 17.05it/s]Capturing batches (bs=48 avail_mem=27.34 GB):  69%|██████▉   | 25/36 [00:01<00:00, 17.05it/s]
(SGLangHttpServer pid=1979637, ip=10.124.44.153) Capturing batches (bs=2 avail_mem=27.30 GB):  89%|████████▉ | 32/36 [00:02<00:00, 16.79it/s]Capturing batches (bs=2 avail_mem=27.30 GB):  97%|█████████▋| 35/36 [00:02<00:00, 18.05it/s]Capturing batches (bs=1 avail_mem=27.29 GB):  97%|█████████▋| 35/36 [00:02<00:00, 18.05it/s]
(SGLangHttpServer pid=1979636, ip=10.124.44.153) Capturing batches (bs=64 avail_mem=28.58 GB):  64%|██████▍   | 23/36 [00:01<00:00, 16.71it/s]Capturing batches (bs=64 avail_mem=28.58 GB):  69%|██████▉   | 25/36 [00:01<00:00, 17.40it/s]Capturing batches (bs=56 avail_mem=28.57 GB):  69%|██████▉   | 25/36 [00:01<00:00, 17.40it/s]
(SGLangHttpServer pid=1979645, ip=10.124.44.153) Capturing batches (bs=64 avail_mem=27.35 GB):  64%|██████▍   | 23/36 [00:01<00:00, 16.58it/s]Capturing batches (bs=64 avail_mem=27.35 GB):  69%|██████▉   | 25/36 [00:01<00:00, 17.25it/s]Capturing batches (bs=56 avail_mem=27.34 GB):  69%|██████▉   | 25/36 [00:01<00:00, 17.25it/s]
(SGLangHttpServer pid=1979654, ip=10.124.44.153) Capturing batches (bs=64 avail_mem=27.35 GB):  64%|██████▍   | 23/36 [00:01<00:00, 16.71it/s]Capturing batches (bs=64 avail_mem=27.35 GB):  69%|██████▉   | 25/36 [00:01<00:00, 17.40it/s]Capturing batches (bs=56 avail_mem=27.34 GB):  69%|██████▉   | 25/36 [00:01<00:00, 17.40it/s]
(SGLangHttpServer pid=1979648, ip=10.124.44.153) Capturing batches (bs=96 avail_mem=27.37 GB):  53%|█████▎    | 19/36 [00:01<00:01, 15.20it/s] Capturing batches (bs=96 avail_mem=27.37 GB):  58%|█████▊    | 21/36 [00:01<00:00, 15.99it/s]Capturing batches (bs=88 avail_mem=27.36 GB):  58%|█████▊    | 21/36 [00:01<00:00, 15.99it/s]
(SGLangHttpServer pid=1979657, ip=10.124.44.153) Capturing batches (bs=104 avail_mem=27.38 GB):  56%|█████▌    | 20/36 [00:01<00:01, 15.67it/s]Capturing batches (bs=96 avail_mem=27.37 GB):  56%|█████▌    | 20/36 [00:01<00:01, 15.67it/s] Capturing batches (bs=88 avail_mem=27.36 GB):  56%|█████▌    | 20/36 [00:01<00:01, 15.67it/s]
(SGLangHttpServer pid=1979660, ip=10.124.44.153) Capturing batches (bs=104 avail_mem=27.38 GB):  56%|█████▌    | 20/36 [00:01<00:01, 15.73it/s]Capturing batches (bs=96 avail_mem=27.37 GB):  56%|█████▌    | 20/36 [00:01<00:01, 15.73it/s] Capturing batches (bs=88 avail_mem=27.36 GB):  56%|█████▌    | 20/36 [00:01<00:01, 15.73it/s]
(SGLangHttpServer pid=1979637, ip=10.124.44.153) Capturing batches (bs=1 avail_mem=27.29 GB): 100%|██████████| 36/36 [00:02<00:00, 14.30it/s]
(SGLangHttpServer pid=1979640, ip=10.124.44.153) Capturing batches (bs=48 avail_mem=27.34 GB):  75%|███████▌  | 27/36 [00:02<00:00, 17.68it/s]Capturing batches (bs=40 avail_mem=27.33 GB):  75%|███████▌  | 27/36 [00:02<00:00, 17.68it/s]Capturing batches (bs=32 avail_mem=27.33 GB):  75%|███████▌  | 27/36 [00:02<00:00, 17.68it/s]
(SGLangHttpServer pid=1979636, ip=10.124.44.153) Capturing batches (bs=48 avail_mem=28.57 GB):  69%|██████▉   | 25/36 [00:01<00:00, 17.40it/s]Capturing batches (bs=48 avail_mem=28.57 GB):  75%|███████▌  | 27/36 [00:01<00:00, 17.29it/s]Capturing batches (bs=40 avail_mem=28.56 GB):  75%|███████▌  | 27/36 [00:01<00:00, 17.29it/s]
(SGLangHttpServer pid=1979645, ip=10.124.44.153) Capturing batches (bs=48 avail_mem=27.34 GB):  69%|██████▉   | 25/36 [00:01<00:00, 17.25it/s]Capturing batches (bs=48 avail_mem=27.34 GB):  75%|███████▌  | 27/36 [00:01<00:00, 16.93it/s]Capturing batches (bs=40 avail_mem=27.33 GB):  75%|███████▌  | 27/36 [00:01<00:00, 16.93it/s]
(SGLangHttpServer pid=1979654, ip=10.124.44.153) Capturing batches (bs=48 avail_mem=27.34 GB):  69%|██████▉   | 25/36 [00:01<00:00, 17.40it/s]Capturing batches (bs=48 avail_mem=27.34 GB):  75%|███████▌  | 27/36 [00:02<00:00, 17.32it/s]Capturing batches (bs=40 avail_mem=27.33 GB):  75%|███████▌  | 27/36 [00:02<00:00, 17.32it/s]
(SGLangHttpServer pid=1979648, ip=10.124.44.153) Capturing batches (bs=80 avail_mem=27.36 GB):  58%|█████▊    | 21/36 [00:01<00:00, 15.99it/s]
(SGLangHttpServer pid=1979657, ip=10.124.44.153) Capturing batches (bs=88 avail_mem=27.36 GB):  61%|██████    | 22/36 [00:01<00:00, 15.96it/s]Capturing batches (bs=80 avail_mem=27.36 GB):  61%|██████    | 22/36 [00:01<00:00, 15.96it/s]
(SGLangHttpServer pid=1979660, ip=10.124.44.153) Capturing batches (bs=88 avail_mem=27.36 GB):  61%|██████    | 22/36 [00:01<00:00, 15.83it/s]Capturing batches (bs=80 avail_mem=27.36 GB):  61%|██████    | 22/36 [00:01<00:00, 15.83it/s]
(SGLangHttpServer pid=1979648, ip=10.124.44.153) Capturing batches (bs=80 avail_mem=27.36 GB):  64%|██████▍   | 23/36 [00:01<00:00, 16.28it/s]Capturing batches (bs=72 avail_mem=27.35 GB):  64%|██████▍   | 23/36 [00:01<00:00, 16.28it/s]
(SGLangHttpServer pid=1979657, ip=10.124.44.153) Capturing batches (bs=72 avail_mem=27.35 GB):  61%|██████    | 22/36 [00:01<00:00, 15.96it/s]
(SGLangHttpServer pid=1979660, ip=10.124.44.153) Capturing batches (bs=72 avail_mem=27.35 GB):  61%|██████    | 22/36 [00:01<00:00, 15.83it/s]
(SGLangHttpServer pid=1979640, ip=10.124.44.153) Capturing batches (bs=32 avail_mem=27.33 GB):  81%|████████  | 29/36 [00:02<00:00, 17.73it/s]Capturing batches (bs=24 avail_mem=27.32 GB):  81%|████████  | 29/36 [00:02<00:00, 17.73it/s]Capturing batches (bs=16 avail_mem=27.32 GB):  81%|████████  | 29/36 [00:02<00:00, 17.73it/s]
(SGLangHttpServer pid=1979636, ip=10.124.44.153) Capturing batches (bs=32 avail_mem=28.56 GB):  75%|███████▌  | 27/36 [00:02<00:00, 17.29it/s]Capturing batches (bs=32 avail_mem=28.56 GB):  81%|████████  | 29/36 [00:02<00:00, 17.74it/s]Capturing batches (bs=24 avail_mem=28.55 GB):  81%|████████  | 29/36 [00:02<00:00, 17.74it/s]
(SGLangHttpServer pid=1979645, ip=10.124.44.153) Capturing batches (bs=32 avail_mem=27.33 GB):  75%|███████▌  | 27/36 [00:02<00:00, 16.93it/s]Capturing batches (bs=32 avail_mem=27.33 GB):  81%|████████  | 29/36 [00:02<00:00, 17.67it/s]Capturing batches (bs=24 avail_mem=27.32 GB):  81%|████████  | 29/36 [00:02<00:00, 17.67it/s]
(SGLangHttpServer pid=1979654, ip=10.124.44.153) Capturing batches (bs=32 avail_mem=27.33 GB):  75%|███████▌  | 27/36 [00:02<00:00, 17.32it/s]Capturing batches (bs=32 avail_mem=27.33 GB):  81%|████████  | 29/36 [00:02<00:00, 17.76it/s]Capturing batches (bs=24 avail_mem=27.32 GB):  81%|████████  | 29/36 [00:02<00:00, 17.76it/s]
(SGLangHttpServer pid=1979648, ip=10.124.44.153) Capturing batches (bs=64 avail_mem=27.35 GB):  64%|██████▍   | 23/36 [00:01<00:00, 16.28it/s]
(SGLangHttpServer pid=1979657, ip=10.124.44.153) Capturing batches (bs=72 avail_mem=27.35 GB):  67%|██████▋   | 24/36 [00:01<00:00, 16.54it/s]Capturing batches (bs=64 avail_mem=27.35 GB):  67%|██████▋   | 24/36 [00:01<00:00, 16.54it/s]
(SGLangHttpServer pid=1979660, ip=10.124.44.153) Capturing batches (bs=72 avail_mem=27.35 GB):  67%|██████▋   | 24/36 [00:01<00:00, 16.52it/s]Capturing batches (bs=64 avail_mem=27.35 GB):  67%|██████▋   | 24/36 [00:01<00:00, 16.52it/s]
(SGLangHttpServer pid=1979648, ip=10.124.44.153) Capturing batches (bs=64 avail_mem=27.35 GB):  69%|██████▉   | 25/36 [00:01<00:00, 16.70it/s]Capturing batches (bs=56 avail_mem=27.34 GB):  69%|██████▉   | 25/36 [00:01<00:00, 16.70it/s]
(SGLangHttpServer pid=1979657, ip=10.124.44.153) Capturing batches (bs=56 avail_mem=27.34 GB):  67%|██████▋   | 24/36 [00:01<00:00, 16.54it/s]
(SGLangHttpServer pid=1979660, ip=10.124.44.153) Capturing batches (bs=56 avail_mem=27.34 GB):  67%|██████▋   | 24/36 [00:01<00:00, 16.52it/s]
(SGLangHttpServer pid=1979640, ip=10.124.44.153) Capturing batches (bs=16 avail_mem=27.32 GB):  86%|████████▌ | 31/36 [00:02<00:00, 16.71it/s]Capturing batches (bs=12 avail_mem=27.31 GB):  86%|████████▌ | 31/36 [00:02<00:00, 16.71it/s]Capturing batches (bs=8 avail_mem=27.31 GB):  86%|████████▌ | 31/36 [00:02<00:00, 16.71it/s] 
(SGLangHttpServer pid=1979636, ip=10.124.44.153) Capturing batches (bs=16 avail_mem=28.55 GB):  81%|████████  | 29/36 [00:02<00:00, 17.74it/s]Capturing batches (bs=16 avail_mem=28.55 GB):  86%|████████▌ | 31/36 [00:02<00:00, 16.69it/s]Capturing batches (bs=12 avail_mem=28.54 GB):  86%|████████▌ | 31/36 [00:02<00:00, 16.69it/s]
(SGLangHttpServer pid=1979645, ip=10.124.44.153) Capturing batches (bs=16 avail_mem=27.32 GB):  81%|████████  | 29/36 [00:02<00:00, 17.67it/s]Capturing batches (bs=16 avail_mem=27.32 GB):  86%|████████▌ | 31/36 [00:02<00:00, 16.70it/s]Capturing batches (bs=12 avail_mem=27.31 GB):  86%|████████▌ | 31/36 [00:02<00:00, 16.70it/s]
(SGLangHttpServer pid=1979654, ip=10.124.44.153) Capturing batches (bs=16 avail_mem=27.32 GB):  81%|████████  | 29/36 [00:02<00:00, 17.76it/s]Capturing batches (bs=16 avail_mem=27.32 GB):  86%|████████▌ | 31/36 [00:02<00:00, 16.77it/s]Capturing batches (bs=12 avail_mem=27.31 GB):  86%|████████▌ | 31/36 [00:02<00:00, 16.77it/s]
(SGLangHttpServer pid=1979648, ip=10.124.44.153) Capturing batches (bs=48 avail_mem=27.34 GB):  69%|██████▉   | 25/36 [00:01<00:00, 16.70it/s]Capturing batches (bs=48 avail_mem=27.34 GB):  75%|███████▌  | 27/36 [00:01<00:00, 17.13it/s]Capturing batches (bs=40 avail_mem=27.33 GB):  75%|███████▌  | 27/36 [00:01<00:00, 17.13it/s]
(SGLangHttpServer pid=1979657, ip=10.124.44.153) Capturing batches (bs=56 avail_mem=27.34 GB):  72%|███████▏  | 26/36 [00:01<00:00, 16.90it/s]Capturing batches (bs=48 avail_mem=27.34 GB):  72%|███████▏  | 26/36 [00:01<00:00, 16.90it/s]
(SGLangHttpServer pid=1979660, ip=10.124.44.153) Capturing batches (bs=56 avail_mem=27.34 GB):  72%|███████▏  | 26/36 [00:01<00:00, 16.89it/s]Capturing batches (bs=48 avail_mem=27.34 GB):  72%|███████▏  | 26/36 [00:01<00:00, 16.89it/s]Capturing batches (bs=40 avail_mem=27.33 GB):  72%|███████▏  | 26/36 [00:02<00:00, 16.89it/s]
(SGLangHttpServer pid=1979657, ip=10.124.44.153) Capturing batches (bs=40 avail_mem=27.33 GB):  72%|███████▏  | 26/36 [00:02<00:00, 16.90it/s]
(SGLangHttpServer pid=1979640, ip=10.124.44.153) Capturing batches (bs=8 avail_mem=27.31 GB):  92%|█████████▏| 33/36 [00:02<00:00, 17.31it/s]Capturing batches (bs=4 avail_mem=27.30 GB):  92%|█████████▏| 33/36 [00:02<00:00, 17.31it/s]Capturing batches (bs=2 avail_mem=27.30 GB):  92%|█████████▏| 33/36 [00:02<00:00, 17.31it/s]
(SGLangHttpServer pid=1979636, ip=10.124.44.153) Capturing batches (bs=8 avail_mem=28.54 GB):  86%|████████▌ | 31/36 [00:02<00:00, 16.69it/s] Capturing batches (bs=4 avail_mem=28.53 GB):  86%|████████▌ | 31/36 [00:02<00:00, 16.69it/s]
(SGLangHttpServer pid=1979645, ip=10.124.44.153) Capturing batches (bs=8 avail_mem=27.31 GB):  86%|████████▌ | 31/36 [00:02<00:00, 16.70it/s] Capturing batches (bs=4 avail_mem=27.30 GB):  86%|████████▌ | 31/36 [00:02<00:00, 16.70it/s]
(SGLangHttpServer pid=1979654, ip=10.124.44.153) Capturing batches (bs=8 avail_mem=27.31 GB):  86%|████████▌ | 31/36 [00:02<00:00, 16.77it/s] Capturing batches (bs=4 avail_mem=27.30 GB):  86%|████████▌ | 31/36 [00:02<00:00, 16.77it/s]
(SGLangHttpServer pid=1979648, ip=10.124.44.153) Capturing batches (bs=32 avail_mem=27.33 GB):  75%|███████▌  | 27/36 [00:02<00:00, 17.13it/s]Capturing batches (bs=32 avail_mem=27.33 GB):  81%|████████  | 29/36 [00:02<00:00, 17.73it/s]Capturing batches (bs=24 avail_mem=27.32 GB):  81%|████████  | 29/36 [00:02<00:00, 17.73it/s]
(SGLangHttpServer pid=1979657, ip=10.124.44.153) Capturing batches (bs=40 avail_mem=27.33 GB):  78%|███████▊  | 28/36 [00:02<00:00, 16.16it/s]Capturing batches (bs=32 avail_mem=27.33 GB):  78%|███████▊  | 28/36 [00:02<00:00, 16.16it/s]
(SGLangHttpServer pid=1979660, ip=10.124.44.153) Capturing batches (bs=40 avail_mem=27.33 GB):  78%|███████▊  | 28/36 [00:02<00:00, 17.25it/s]Capturing batches (bs=32 avail_mem=27.33 GB):  78%|███████▊  | 28/36 [00:02<00:00, 17.25it/s]Capturing batches (bs=24 avail_mem=27.32 GB):  78%|███████▊  | 28/36 [00:02<00:00, 17.25it/s]
(SGLangHttpServer pid=1979640, ip=10.124.44.153) Capturing batches (bs=1 avail_mem=27.29 GB):  92%|█████████▏| 33/36 [00:02<00:00, 17.31it/s]Capturing batches (bs=1 avail_mem=27.29 GB): 100%|██████████| 36/36 [00:02<00:00, 18.52it/s]Capturing batches (bs=1 avail_mem=27.29 GB): 100%|██████████| 36/36 [00:02<00:00, 14.27it/s]
(SGLangHttpServer pid=1979636, ip=10.124.44.153) Capturing batches (bs=4 avail_mem=28.53 GB):  94%|█████████▍| 34/36 [00:02<00:00, 18.08it/s]Capturing batches (bs=2 avail_mem=28.53 GB):  94%|█████████▍| 34/36 [00:02<00:00, 18.08it/s]Capturing batches (bs=1 avail_mem=28.52 GB):  94%|█████████▍| 34/36 [00:02<00:00, 18.08it/s]
(SGLangHttpServer pid=1979645, ip=10.124.44.153) Capturing batches (bs=4 avail_mem=27.30 GB):  94%|█████████▍| 34/36 [00:02<00:00, 18.07it/s]Capturing batches (bs=2 avail_mem=27.30 GB):  94%|█████████▍| 34/36 [00:02<00:00, 18.07it/s]Capturing batches (bs=1 avail_mem=27.29 GB):  94%|█████████▍| 34/36 [00:02<00:00, 18.07it/s]
(SGLangHttpServer pid=1979654, ip=10.124.44.153) Capturing batches (bs=4 avail_mem=27.30 GB):  94%|█████████▍| 34/36 [00:02<00:00, 18.15it/s]Capturing batches (bs=2 avail_mem=27.30 GB):  94%|█████████▍| 34/36 [00:02<00:00, 18.15it/s]Capturing batches (bs=1 avail_mem=27.29 GB):  94%|█████████▍| 34/36 [00:02<00:00, 18.15it/s]
(SGLangHttpServer pid=1979648, ip=10.124.44.153) Capturing batches (bs=16 avail_mem=27.32 GB):  81%|████████  | 29/36 [00:02<00:00, 17.73it/s]
(SGLangHttpServer pid=1979657, ip=10.124.44.153) Capturing batches (bs=24 avail_mem=27.32 GB):  78%|███████▊  | 28/36 [00:02<00:00, 16.16it/s]Capturing batches (bs=24 avail_mem=27.32 GB):  83%|████████▎ | 30/36 [00:02<00:00, 16.70it/s]Capturing batches (bs=16 avail_mem=27.32 GB):  83%|████████▎ | 30/36 [00:02<00:00, 16.70it/s]
(SGLangHttpServer pid=1979660, ip=10.124.44.153) Capturing batches (bs=24 avail_mem=27.32 GB):  83%|████████▎ | 30/36 [00:02<00:00, 17.86it/s]Capturing batches (bs=16 avail_mem=27.32 GB):  83%|████████▎ | 30/36 [00:02<00:00, 17.86it/s]
(SGLangHttpServer pid=1979636, ip=10.124.44.153) Capturing batches (bs=1 avail_mem=28.52 GB): 100%|██████████| 36/36 [00:02<00:00, 14.53it/s]
(SGLangHttpServer pid=1979645, ip=10.124.44.153) Capturing batches (bs=1 avail_mem=27.29 GB): 100%|██████████| 36/36 [00:02<00:00, 14.65it/s]
(SGLangHttpServer pid=1979654, ip=10.124.44.153) Capturing batches (bs=1 avail_mem=27.29 GB): 100%|██████████| 36/36 [00:02<00:00, 14.41it/s]
(SGLangHttpServer pid=1979648, ip=10.124.44.153) Capturing batches (bs=16 avail_mem=27.32 GB):  86%|████████▌ | 31/36 [00:02<00:00, 16.65it/s]Capturing batches (bs=12 avail_mem=27.31 GB):  86%|████████▌ | 31/36 [00:02<00:00, 16.65it/s]Capturing batches (bs=8 avail_mem=27.31 GB):  86%|████████▌ | 31/36 [00:02<00:00, 16.65it/s] 
(SGLangHttpServer pid=1979657, ip=10.124.44.153) Capturing batches (bs=12 avail_mem=27.31 GB):  83%|████████▎ | 30/36 [00:02<00:00, 16.70it/s]Capturing batches (bs=12 avail_mem=27.31 GB):  89%|████████▉ | 32/36 [00:02<00:00, 15.91it/s]Capturing batches (bs=8 avail_mem=27.31 GB):  89%|████████▉ | 32/36 [00:02<00:00, 15.91it/s] 
(SGLangHttpServer pid=1979660, ip=10.124.44.153) Capturing batches (bs=12 avail_mem=27.31 GB):  83%|████████▎ | 30/36 [00:02<00:00, 17.86it/s]Capturing batches (bs=12 avail_mem=27.31 GB):  89%|████████▉ | 32/36 [00:02<00:00, 16.82it/s]Capturing batches (bs=8 avail_mem=27.31 GB):  89%|████████▉ | 32/36 [00:02<00:00, 16.82it/s] 
(SGLangHttpServer pid=1979648, ip=10.124.44.153) Capturing batches (bs=4 avail_mem=27.30 GB):  86%|████████▌ | 31/36 [00:02<00:00, 16.65it/s]
(SGLangHttpServer pid=1979660, ip=10.124.44.153) Capturing batches (bs=4 avail_mem=27.30 GB):  89%|████████▉ | 32/36 [00:02<00:00, 16.82it/s]
(SGLangHttpServer pid=1979648, ip=10.124.44.153) Capturing batches (bs=4 avail_mem=27.30 GB):  94%|█████████▍| 34/36 [00:02<00:00, 17.99it/s]Capturing batches (bs=2 avail_mem=27.30 GB):  94%|█████████▍| 34/36 [00:02<00:00, 17.99it/s]Capturing batches (bs=1 avail_mem=27.29 GB):  94%|█████████▍| 34/36 [00:02<00:00, 17.99it/s]
(SGLangHttpServer pid=1979657, ip=10.124.44.153) Capturing batches (bs=4 avail_mem=27.30 GB):  89%|████████▉ | 32/36 [00:02<00:00, 15.91it/s]Capturing batches (bs=4 avail_mem=27.30 GB):  94%|█████████▍| 34/36 [00:02<00:00, 16.91it/s]Capturing batches (bs=2 avail_mem=27.30 GB):  94%|█████████▍| 34/36 [00:02<00:00, 16.91it/s]
(SGLangHttpServer pid=1979660, ip=10.124.44.153) Capturing batches (bs=2 avail_mem=27.30 GB):  89%|████████▉ | 32/36 [00:02<00:00, 16.82it/s]Capturing batches (bs=2 avail_mem=27.30 GB):  97%|█████████▋| 35/36 [00:02<00:00, 18.15it/s]Capturing batches (bs=1 avail_mem=27.29 GB):  97%|█████████▋| 35/36 [00:02<00:00, 18.15it/s]
(SGLangHttpServer pid=1979648, ip=10.124.44.153) Capturing batches (bs=1 avail_mem=27.29 GB): 100%|██████████| 36/36 [00:02<00:00, 14.63it/s]
(SGLangHttpServer pid=1979657, ip=10.124.44.153) Capturing batches (bs=1 avail_mem=27.29 GB):  94%|█████████▍| 34/36 [00:02<00:00, 16.91it/s]Capturing batches (bs=1 avail_mem=27.29 GB): 100%|██████████| 36/36 [00:02<00:00, 17.45it/s]Capturing batches (bs=1 avail_mem=27.29 GB): 100%|██████████| 36/36 [00:02<00:00, 14.02it/s]
(SGLangHttpServer pid=1979660, ip=10.124.44.153) Capturing batches (bs=1 avail_mem=27.29 GB): 100%|██████████| 36/36 [00:02<00:00, 14.29it/s]
(TaskRunner pid=1973015, ip=10.124.44.153) wandb: WARNING func: get_project_by_name, err: Request failed! url: https://ml.bytedance.net/inner/GetTrackingProjectByName, req_body: {'Name': 'specTool'}, resp_body: b'{"ResponseMetadata":{"RequestId":"","Action":"","Version":"","Service":"","Region":"","Error":{"Code":"MissingAuthenticationToken","CodeN":1709801,"Message":"zti token not found, please use DOAS cli to run script","RawError":{},"HTTPCode":401}}}'
(TaskRunner pid=1973015, ip=10.124.44.153) wandb: WARNING func: get_project_by_name, err: Request failed! url: https://ml.bytedance.net/inner/GetTrackingProjectByName, req_body: {'Name': 'specTool'}, resp_body: b'{"ResponseMetadata":{"RequestId":"","Action":"","Version":"","Service":"","Region":"","Error":{"Code":"MissingAuthenticationToken","CodeN":1709801,"Message":"zti token not found, please use DOAS cli to run script","RawError":{},"HTTPCode":401}}}'
(TaskRunner pid=1973015, ip=10.124.44.153) wandb: WARNING func: create_project, err: Request failed! url: https://ml.bytedance.net/inner/CreateTrackingProject, req_body: {'Name': 'specTool'}, resp_body: b'{"ResponseMetadata":{"RequestId":"","Action":"","Version":"","Service":"","Region":"","Error":{"Code":"MissingAuthenticationToken","CodeN":1709801,"Message":"zti token not found, please use DOAS cli to run script","RawError":{},"HTTPCode":401}}}'
(TaskRunner pid=1973015, ip=10.124.44.153) wandb: WARNING func: alert, err: Request failed! url: https://ml.bytedance.net/inner/TrackingAlert, req_body: {'Title': 'Wandb Failed!', 'Text': 'Failed Function: create_project\nERR Message: Request failed! url: https://ml.bytedance.net/inner/CreateTrackingProject, req_body: {\'Name\': \'specTool\'}, resp_body: b\'{"ResponseMetadata":{"RequestId":"","Action":"","Version":"","Service":"","Region":"","Error":{"Code":"MissingAuthenticationToken","CodeN":1709801,"Message":"zti token not found, please use DOAS cli to run script","RawError":{},"HTTPCode":401}}}\''}, resp_body: b'{"ResponseMetadata":{"RequestId":"","Action":"","Version":"","Service":"","Region":"","Error":{"Code":"MissingAuthenticationToken","CodeN":1709801,"Message":"zti token not found, please use DOAS cli to run script","RawError":{},"HTTPCode":401}}}'
(TaskRunner pid=1973015, ip=10.124.44.153) wandb: ⭐️ View project at 
(TaskRunner pid=1973015, ip=10.124.44.153) wandb: - Waiting for wandb.init()...
(TaskRunner pid=1973015, ip=10.124.44.153) wandb: \ Waiting for wandb.init()...
(TaskRunner pid=1973015, ip=10.124.44.153) wandb: | Waiting for wandb.init()...
(TaskRunner pid=1973015, ip=10.124.44.153) wandb: WARNING func: create_run, err: Request failed! url: https://ml.bytedance.net/inner/CreateTrackingRun, req_body: {'ProjectId': '', 'Name': 'baseline_hotpotqa_qwen3_8b_sleep0_toolcalls1_bs2048_rollout8_step1_maxlen4096_cap2_20260607_052720_bs2048', 'RunId': 'run_20260607_6abc7d70', 'Description': None, 'OuterType': None, 'OuterId': None, 'Tags': None, 'OuterInfo': {'is_seed': False}}, resp_body: b'{"ResponseMetadata":{"RequestId":"","Action":"","Version":"","Service":"","Region":"","Error":{"Code":"MissingAuthenticationToken","CodeN":1709801,"Message":"zti token not found, please use DOAS cli to run script","RawError":{},"HTTPCode":401}}}'
(TaskRunner pid=1973015, ip=10.124.44.153) wandb: WARNING func: alert, err: Request failed! url: https://ml.bytedance.net/inner/TrackingAlert, req_body: {'Title': 'Wandb Failed!', 'Text': 'Failed Function: create_run\nERR Message: Request failed! url: https://ml.bytedance.net/inner/CreateTrackingRun, req_body: {\'ProjectId\': \'\', \'Name\': \'baseline_hotpotqa_qwen3_8b_sleep0_toolcalls1_bs2048_rollout8_step1_maxlen4096_cap2_20260607_052720_bs2048\', \'RunId\': \'run_20260607_6abc7d70\', \'Description\': None, \'OuterType\': None, \'OuterId\': None, \'Tags\': None, \'OuterInfo\': {\'is_seed\': False}}, resp_body: b\'{"ResponseMetadata":{"RequestId":"","Action":"","Version":"","Service":"","Region":"","Error":{"Code":"MissingAuthenticationToken","CodeN":1709801,"Message":"zti token not found, please use DOAS cli to run script","RawError":{},"HTTPCode":401}}}\''}, resp_body: b'{"ResponseMetadata":{"RequestId":"","Action":"","Version":"","Service":"","Region":"","Error":{"Code":"MissingAuthenticationToken","CodeN":1709801,"Message":"zti token not found, please use DOAS cli to run script","RawError":{},"HTTPCode":401}}}'
(TaskRunner pid=1973015, ip=10.124.44.153) wandb: 🚀 View run at 
(TaskRunner pid=1973015, ip=10.124.44.153) wandb: WARNING func: alert, err: Request failed! url: https://ml.bytedance.net/inner/TrackingAlert, req_body: {'Title': 'Tracking Run Created', 'Text': 'Created run [specTool/]()'}, resp_body: b'{"ResponseMetadata":{"RequestId":"","Action":"","Version":"","Service":"","Region":"","Error":{"Code":"MissingAuthenticationToken","CodeN":1709801,"Message":"zti token not found, please use DOAS cli to run script","RawError":{},"HTTPCode":401}}}'
(TaskRunner pid=1973015, ip=10.124.44.153) wandb: WARNING func: set_run_config, err: set_run_config wandb init failed, skip.../
(TaskRunner pid=1973015, ip=10.124.44.153) wandb: / Waiting for wandb.init()...
(GlobalRequestLoadBalancer pid=1991302, ip=10.124.44.153) /usr/local/lib/python3.12/dist-packages/torch/amp/autocast_mode.py:270: UserWarning: User provided device_type of 'cuda', but CUDA is not available. Disabling
(GlobalRequestLoadBalancer pid=1991302, ip=10.124.44.153)   warnings.warn(
(GlobalRequestLoadBalancer pid=1991302, ip=10.124.44.153) Modular Diffusers is currently an experimental feature under active development. The API is subject to breaking changes in future releases.
(pid=1991312, ip=10.124.44.153) /usr/local/lib/python3.12/dist-packages/torch/amp/autocast_mode.py:270: UserWarning: User provided device_type of 'cuda', but CUDA is not available. Disabling
(pid=1991312, ip=10.124.44.153)   warnings.warn(
(pid=1991312, ip=10.124.44.153) Modular Diffusers is currently an experimental feature under active development. The API is subject to breaking changes in future releases.
(pid=1991308, ip=10.124.44.153) /usr/local/lib/python3.12/dist-packages/torch/amp/autocast_mode.py:270: UserWarning: User provided device_type of 'cuda', but CUDA is not available. Disabling
(pid=1991308, ip=10.124.44.153)   warnings.warn(
(pid=1991309, ip=10.124.44.153) /usr/local/lib/python3.12/dist-packages/torch/amp/autocast_mode.py:270: UserWarning: User provided device_type of 'cuda', but CUDA is not available. Disabling
(pid=1991309, ip=10.124.44.153)   warnings.warn(
(pid=1991309, ip=10.124.44.153) Modular Diffusers is currently an experimental feature under active development. The API is subject to breaking changes in future releases.
(pid=1991308, ip=10.124.44.153) Modular Diffusers is currently an experimental feature under active development. The API is subject to breaking changes in future releases.
(pid=1991315, ip=10.124.44.153) /usr/local/lib/python3.12/dist-packages/torch/amp/autocast_mode.py:270: UserWarning: User provided device_type of 'cuda', but CUDA is not available. Disabling
(pid=1991315, ip=10.124.44.153)   warnings.warn(
(pid=1991315, ip=10.124.44.153) Modular Diffusers is currently an experimental feature under active development. The API is subject to breaking changes in future releases.
(pid=1991322, ip=10.124.44.153) /usr/local/lib/python3.12/dist-packages/torch/amp/autocast_mode.py:270: UserWarning: User provided device_type of 'cuda', but CUDA is not available. Disabling
(pid=1991322, ip=10.124.44.153)   warnings.warn(
(pid=1991322, ip=10.124.44.153) Modular Diffusers is currently an experimental feature under active development. The API is subject to breaking changes in future releases.
(pid=1991324, ip=10.124.44.153) /usr/local/lib/python3.12/dist-packages/torch/amp/autocast_mode.py:270: UserWarning: User provided device_type of 'cuda', but CUDA is not available. Disabling
(pid=1991324, ip=10.124.44.153)   warnings.warn(
(pid=1991324, ip=10.124.44.153) Modular Diffusers is currently an experimental feature under active development. The API is subject to breaking changes in future releases.
(pid=1991318, ip=10.124.44.153) /usr/local/lib/python3.12/dist-packages/torch/amp/autocast_mode.py:270: UserWarning: User provided device_type of 'cuda', but CUDA is not available. Disabling
(pid=1991318, ip=10.124.44.153)   warnings.warn(
(pid=1991318, ip=10.124.44.153) Modular Diffusers is currently an experimental feature under active development. The API is subject to breaking changes in future releases.
(pid=1991319, ip=10.124.44.153) /usr/local/lib/python3.12/dist-packages/torch/amp/autocast_mode.py:270: UserWarning: User provided device_type of 'cuda', but CUDA is not available. Disabling
(pid=1991319, ip=10.124.44.153)   warnings.warn(
(pid=1991319, ip=10.124.44.153) Modular Diffusers is currently an experimental feature under active development. The API is subject to breaking changes in future releases.
(GlobalRequestLoadBalancer pid=1991302, ip=10.124.44.153) /sgl-workspace/sglang/python/sglang/srt/layers/attention/fla/utils.py:212: UserWarning: Triton is not supported on current platform, roll back to CPU.
(GlobalRequestLoadBalancer pid=1991302, ip=10.124.44.153)   warnings.warn(
(TaskRunner pid=1973015, ip=10.124.44.153) wandb: Tracking run with wandb version 0.13.95
(TaskRunner pid=1973015, ip=10.124.44.153) wandb: Run data is saved locally in /home/tiger/verl/wandb/run-20260607_055031-run_20260607_6abc7d70
(TaskRunner pid=1973015, ip=10.124.44.153) wandb: Run `wandb offline` to turn off syncing.
(TaskRunner pid=1973015, ip=10.124.44.153) wandb: WARNING func: save_file, err: save_file wandb init failed, skip.../
(SGLangHttpServer pid=1979640, ip=10.124.44.153) /usr/local/lib/python3.12/dist-packages/fastapi/routing.py:313: FastAPIDeprecationWarning: ORJSONResponse is deprecated, FastAPI now serializes data directly to JSON bytes via Pydantic when a return type or response model is set, which is faster and doesn't need a custom response class. Read more in the FastAPI docs: https://fastapi.tiangolo.com/advanced/custom-response/#orjson-or-response-model and https://fastapi.tiangolo.com/tutorial/response-model/
(SGLangHttpServer pid=1979640, ip=10.124.44.153)   return await dependant.call(**values)
(SGLangHttpServer pid=1979637, ip=10.124.44.153) /usr/local/lib/python3.12/dist-packages/fastapi/routing.py:313: FastAPIDeprecationWarning: ORJSONResponse is deprecated, FastAPI now serializes data directly to JSON bytes via Pydantic when a return type or response model is set, which is faster and doesn't need a custom response class. Read more in the FastAPI docs: https://fastapi.tiangolo.com/advanced/custom-response/#orjson-or-response-model and https://fastapi.tiangolo.com/tutorial/response-model/
(SGLangHttpServer pid=1979637, ip=10.124.44.153)   return await dependant.call(**values)
(SGLangHttpServer pid=1979636, ip=10.124.44.153) /usr/local/lib/python3.12/dist-packages/fastapi/routing.py:313: FastAPIDeprecationWarning: ORJSONResponse is deprecated, FastAPI now serializes data directly to JSON bytes via Pydantic when a return type or response model is set, which is faster and doesn't need a custom response class. Read more in the FastAPI docs: https://fastapi.tiangolo.com/advanced/custom-response/#orjson-or-response-model and https://fastapi.tiangolo.com/tutorial/response-model/
(SGLangHttpServer pid=1979636, ip=10.124.44.153)   return await dependant.call(**values)
(SGLangHttpServer pid=1979645, ip=10.124.44.153) /usr/local/lib/python3.12/dist-packages/fastapi/routing.py:313: FastAPIDeprecationWarning: ORJSONResponse is deprecated, FastAPI now serializes data directly to JSON bytes via Pydantic when a return type or response model is set, which is faster and doesn't need a custom response class. Read more in the FastAPI docs: https://fastapi.tiangolo.com/advanced/custom-response/#orjson-or-response-model and https://fastapi.tiangolo.com/tutorial/response-model/
(SGLangHttpServer pid=1979645, ip=10.124.44.153)   return await dependant.call(**values)
(SGLangHttpServer pid=1979654, ip=10.124.44.153) /usr/local/lib/python3.12/dist-packages/fastapi/routing.py:313: FastAPIDeprecationWarning: ORJSONResponse is deprecated, FastAPI now serializes data directly to JSON bytes via Pydantic when a return type or response model is set, which is faster and doesn't need a custom response class. Read more in the FastAPI docs: https://fastapi.tiangolo.com/advanced/custom-response/#orjson-or-response-model and https://fastapi.tiangolo.com/tutorial/response-model/
(SGLangHttpServer pid=1979654, ip=10.124.44.153)   return await dependant.call(**values)
(SGLangHttpServer pid=1979648, ip=10.124.44.153) /usr/local/lib/python3.12/dist-packages/fastapi/routing.py:313: FastAPIDeprecationWarning: ORJSONResponse is deprecated, FastAPI now serializes data directly to JSON bytes via Pydantic when a return type or response model is set, which is faster and doesn't need a custom response class. Read more in the FastAPI docs: https://fastapi.tiangolo.com/advanced/custom-response/#orjson-or-response-model and https://fastapi.tiangolo.com/tutorial/response-model/
(SGLangHttpServer pid=1979648, ip=10.124.44.153)   return await dependant.call(**values)
(SGLangHttpServer pid=1979657, ip=10.124.44.153) /usr/local/lib/python3.12/dist-packages/fastapi/routing.py:313: FastAPIDeprecationWarning: ORJSONResponse is deprecated, FastAPI now serializes data directly to JSON bytes via Pydantic when a return type or response model is set, which is faster and doesn't need a custom response class. Read more in the FastAPI docs: https://fastapi.tiangolo.com/advanced/custom-response/#orjson-or-response-model and https://fastapi.tiangolo.com/tutorial/response-model/
(SGLangHttpServer pid=1979657, ip=10.124.44.153)   return await dependant.call(**values)
(SGLangHttpServer pid=1979660, ip=10.124.44.153) /usr/local/lib/python3.12/dist-packages/fastapi/routing.py:313: FastAPIDeprecationWarning: ORJSONResponse is deprecated, FastAPI now serializes data directly to JSON bytes via Pydantic when a return type or response model is set, which is faster and doesn't need a custom response class. Read more in the FastAPI docs: https://fastapi.tiangolo.com/advanced/custom-response/#orjson-or-response-model and https://fastapi.tiangolo.com/tutorial/response-model/
(SGLangHttpServer pid=1979660, ip=10.124.44.153)   return await dependant.call(**values)
(GlobalRequestLoadBalancer pid=1991302, ip=10.124.44.153) /sgl-workspace/sglang/python/sglang/srt/layers/quantization/awq.py:76: UserWarning: Only CUDA, HIP and XPU support AWQ currently.
(GlobalRequestLoadBalancer pid=1991302, ip=10.124.44.153)   warnings.warn(f"Only CUDA, HIP and XPU support AWQ currently.")
(GlobalRequestLoadBalancer pid=1991302, ip=10.124.44.153) /sgl-workspace/sglang/python/sglang/srt/layers/quantization/gguf.py:47: UserWarning: Only CUDA support GGUF quantization currently.
(GlobalRequestLoadBalancer pid=1991302, ip=10.124.44.153)   warnings.warn(f"Only CUDA support GGUF quantization currently.")
(GlobalRequestLoadBalancer pid=1991302, ip=10.124.44.153) /usr/local/lib/python3.12/dist-packages/opentelemetry/proto/collector/logs/v1/logs_service_pb2_grpc.py:21: RuntimeWarning: The grpc package installed is at version 1.59.5, but the generated code in opentelemetry/proto/collector/logs/v1/logs_service_pb2_grpc.py depends on grpcio>=1.63.2. Please upgrade your grpc module to grpcio>=1.63.2 or downgrade your generated code using grpcio-tools<=1.59.5. This warning will become an error in 1.65.0, scheduled for release on June 25, 2024.
(GlobalRequestLoadBalancer pid=1991302, ip=10.124.44.153)   warnings.warn(
(GlobalRequestLoadBalancer pid=1991302, ip=10.124.44.153) /usr/local/lib/python3.12/dist-packages/opentelemetry/proto/collector/metrics/v1/metrics_service_pb2_grpc.py:21: RuntimeWarning: The grpc package installed is at version 1.59.5, but the generated code in opentelemetry/proto/collector/metrics/v1/metrics_service_pb2_grpc.py depends on grpcio>=1.63.2. Please upgrade your grpc module to grpcio>=1.63.2 or downgrade your generated code using grpcio-tools<=1.59.5. This warning will become an error in 1.65.0, scheduled for release on June 25, 2024.
(GlobalRequestLoadBalancer pid=1991302, ip=10.124.44.153)   warnings.warn(
(GlobalRequestLoadBalancer pid=1991302, ip=10.124.44.153) /usr/local/lib/python3.12/dist-packages/opentelemetry/proto/collector/trace/v1/trace_service_pb2_grpc.py:21: RuntimeWarning: The grpc package installed is at version 1.59.5, but the generated code in opentelemetry/proto/collector/trace/v1/trace_service_pb2_grpc.py depends on grpcio>=1.63.2. Please upgrade your grpc module to grpcio>=1.63.2 or downgrade your generated code using grpcio-tools<=1.59.5. This warning will become an error in 1.65.0, scheduled for release on June 25, 2024.
(GlobalRequestLoadBalancer pid=1991302, ip=10.124.44.153)   warnings.warn(
(GlobalRequestLoadBalancer pid=1991302, ip=10.124.44.153) <frozen importlib._bootstrap_external>:1297: FutureWarning: The cuda.cudart module is deprecated and will be removed in a future release, please switch to use the cuda.bindings.runtime module instead.
(GlobalRequestLoadBalancer pid=1991302, ip=10.124.44.153) <frozen importlib._bootstrap_external>:1297: FutureWarning: The cuda.nvrtc module is deprecated and will be removed in a future release, please switch to use the cuda.bindings.nvrtc module instead.
(TaskRunner pid=1973015, ip=10.124.44.153) Training Progress:   0%|          | 0/1 [00:00<?, ?it/s]
(WorkerDict pid=1977001, ip=10.124.44.153) [Gloo] Rank 2 is connected to 7 peer ranks. Expected number of connected peer ranks is : 7
(WorkerDict pid=1977001, ip=10.124.44.153) [Gloo] Rank 0 is connected to 0 peer ranks. Expected number of connected peer ranks is : 0
(WorkerDict pid=1977001, ip=10.124.44.153) [Gloo] Rank 0 is connected to 0 peer ranks. Expected number of connected peer ranks is : 0
(WorkerDict pid=1977000, ip=10.124.44.153) [Gloo] Rank 1 is connected to 7 peer ranks. Expected number of connected peer ranks is : 7
(WorkerDict pid=1977000, ip=10.124.44.153) [Gloo] Rank 0 is connected to 0 peer ranks. Expected number of connected peer ranks is : 0
(WorkerDict pid=1977000, ip=10.124.44.153) [Gloo] Rank 0 is connected to 0 peer ranks. Expected number of connected peer ranks is : 0
(WorkerDict pid=1977005, ip=10.124.44.153) [Gloo] Rank 7 is connected to 7 peer ranks. Expected number of connected peer ranks is : 7
(WorkerDict pid=1977005, ip=10.124.44.153) [Gloo] Rank 0 is connected to 0 peer ranks. Expected number of connected peer ranks is : 0
(WorkerDict pid=1977005, ip=10.124.44.153) [Gloo] Rank 0 is connected to 0 peer ranks. Expected number of connected peer ranks is : 0
(WorkerDict pid=1977004, ip=10.124.44.153) [Gloo] Rank 5 is connected to 7 peer ranks. Expected number of connected peer ranks is : 7
(WorkerDict pid=1977004, ip=10.124.44.153) [Gloo] Rank 0 is connected to 0 peer ranks. Expected number of connected peer ranks is : 0
(WorkerDict pid=1977004, ip=10.124.44.153) [Gloo] Rank 0 is connected to 0 peer ranks. Expected number of connected peer ranks is : 0
(SGLangHttpServer pid=1979637, ip=10.124.44.153) SGLang http server: rollout_mode=<RolloutMode.HYBRID: 'hybrid'>, replica_rank=1, node_rank=0, nnodes=1, cuda_visible_devices='1', role=null
(SGLangHttpServer pid=1979640, ip=10.124.44.153) SGLang http server: rollout_mode=<RolloutMode.HYBRID: 'hybrid'>, replica_rank=2, node_rank=0, nnodes=1, cuda_visible_devices='2', role=null
(SGLangHttpServer pid=1979654, ip=10.124.44.153) SGLang http server: rollout_mode=<RolloutMode.HYBRID: 'hybrid'>, replica_rank=5, node_rank=0, nnodes=1, cuda_visible_devices='5', role=null
(SGLangHttpServer pid=1979636, ip=10.124.44.153) SGLang http server: rollout_mode=<RolloutMode.HYBRID: 'hybrid'>, replica_rank=0, node_rank=0, nnodes=1, cuda_visible_devices='0', role=null
