(SGLangHttpServer pid=61830, ip=10.124.45.22) Capturing batches (bs=128 avail_mem=27.40 GB):  42%|████▏     | 15/36 [00:01<00:01, 12.04it/s]Capturing batches (bs=128 avail_mem=27.40 GB):  47%|████▋     | 17/36 [00:01<00:01, 11.09it/s]Capturing batches (bs=120 avail_mem=27.39 GB):  47%|████▋     | 17/36 [00:01<00:01, 11.09it/s]
(SGLangHttpServer pid=61812, ip=10.124.45.22) Capturing batches (bs=128 avail_mem=27.40 GB):  47%|████▋     | 17/36 [00:01<00:01, 11.12it/s]Capturing batches (bs=120 avail_mem=27.39 GB):  47%|████▋     | 17/36 [00:01<00:01, 11.12it/s]
(SGLangHttpServer pid=61815, ip=10.124.45.22) Capturing batches (bs=64 avail_mem=27.35 GB):  64%|██████▍   | 23/36 [00:02<00:01, 11.95it/s]Capturing batches (bs=64 avail_mem=27.35 GB):  69%|██████▉   | 25/36 [00:02<00:00, 12.56it/s]Capturing batches (bs=56 avail_mem=27.34 GB):  69%|██████▉   | 25/36 [00:02<00:00, 12.56it/s]
(SGLangHttpServer pid=61821, ip=10.124.45.22) Capturing batches (bs=184 avail_mem=27.43 GB):  28%|██▊       | 10/36 [00:01<00:02,  9.96it/s]Capturing batches (bs=176 avail_mem=27.43 GB):  28%|██▊       | 10/36 [00:01<00:02,  9.96it/s]
(SGLangHttpServer pid=61818, ip=10.124.45.22) Capturing batches (bs=184 avail_mem=27.43 GB):  28%|██▊       | 10/36 [00:01<00:02, 10.02it/s]Capturing batches (bs=176 avail_mem=27.43 GB):  28%|██▊       | 10/36 [00:01<00:02, 10.02it/s]
(SGLangHttpServer pid=61824, ip=10.124.45.22) Capturing batches (bs=192 avail_mem=27.44 GB):  25%|██▌       | 9/36 [00:01<00:02,  9.67it/s]Capturing batches (bs=184 avail_mem=27.43 GB):  25%|██▌       | 9/36 [00:01<00:02,  9.67it/s]Capturing batches (bs=176 avail_mem=27.43 GB):  25%|██▌       | 9/36 [00:01<00:02,  9.67it/s]
(SGLangHttpServer pid=61827, ip=10.124.45.22) Capturing batches (bs=184 avail_mem=27.43 GB):  28%|██▊       | 10/36 [00:01<00:02, 10.39it/s]Capturing batches (bs=176 avail_mem=27.43 GB):  28%|██▊       | 10/36 [00:01<00:02, 10.39it/s]
(SGLangHttpServer pid=61830, ip=10.124.45.22) Capturing batches (bs=112 avail_mem=27.38 GB):  47%|████▋     | 17/36 [00:01<00:01, 11.09it/s]Capturing batches (bs=112 avail_mem=27.38 GB):  53%|█████▎    | 19/36 [00:01<00:01, 12.08it/s]Capturing batches (bs=104 avail_mem=27.38 GB):  53%|█████▎    | 19/36 [00:01<00:01, 12.08it/s]
(SGLangHttpServer pid=61812, ip=10.124.45.22) Capturing batches (bs=112 avail_mem=27.38 GB):  47%|████▋     | 17/36 [00:01<00:01, 11.12it/s]Capturing batches (bs=112 avail_mem=27.38 GB):  53%|█████▎    | 19/36 [00:01<00:01, 12.55it/s]Capturing batches (bs=104 avail_mem=27.38 GB):  53%|█████▎    | 19/36 [00:01<00:01, 12.55it/s]
(SGLangHttpServer pid=61815, ip=10.124.45.22) Capturing batches (bs=48 avail_mem=27.34 GB):  69%|██████▉   | 25/36 [00:02<00:00, 12.56it/s]Capturing batches (bs=48 avail_mem=27.34 GB):  75%|███████▌  | 27/36 [00:02<00:00, 13.95it/s]Capturing batches (bs=40 avail_mem=27.33 GB):  75%|███████▌  | 27/36 [00:02<00:00, 13.95it/s]
(SGLangHttpServer pid=61821, ip=10.124.45.22) Capturing batches (bs=168 avail_mem=27.42 GB):  28%|██▊       | 10/36 [00:01<00:02,  9.96it/s]Capturing batches (bs=168 avail_mem=27.42 GB):  33%|███▎      | 12/36 [00:01<00:02, 11.26it/s]Capturing batches (bs=160 avail_mem=27.42 GB):  33%|███▎      | 12/36 [00:01<00:02, 11.26it/s]
(SGLangHttpServer pid=61818, ip=10.124.45.22) Capturing batches (bs=168 avail_mem=27.42 GB):  28%|██▊       | 10/36 [00:01<00:02, 10.02it/s]Capturing batches (bs=168 avail_mem=27.42 GB):  33%|███▎      | 12/36 [00:01<00:02, 11.35it/s]Capturing batches (bs=160 avail_mem=27.42 GB):  33%|███▎      | 12/36 [00:01<00:02, 11.35it/s]
(SGLangHttpServer pid=61824, ip=10.124.45.22) Capturing batches (bs=176 avail_mem=27.43 GB):  31%|███       | 11/36 [00:01<00:02, 10.86it/s]Capturing batches (bs=168 avail_mem=27.42 GB):  31%|███       | 11/36 [00:01<00:02, 10.86it/s]
(SGLangHttpServer pid=61827, ip=10.124.45.22) Capturing batches (bs=168 avail_mem=27.42 GB):  28%|██▊       | 10/36 [00:01<00:02, 10.39it/s]Capturing batches (bs=168 avail_mem=27.42 GB):  33%|███▎      | 12/36 [00:01<00:02, 11.66it/s]Capturing batches (bs=160 avail_mem=27.42 GB):  33%|███▎      | 12/36 [00:01<00:02, 11.66it/s]
(SGLangHttpServer pid=61830, ip=10.124.45.22) Capturing batches (bs=96 avail_mem=27.37 GB):  53%|█████▎    | 19/36 [00:01<00:01, 12.08it/s] Capturing batches (bs=96 avail_mem=27.37 GB):  58%|█████▊    | 21/36 [00:01<00:01, 13.49it/s]Capturing batches (bs=88 avail_mem=27.36 GB):  58%|█████▊    | 21/36 [00:01<00:01, 13.49it/s]
(SGLangHttpServer pid=61812, ip=10.124.45.22) Capturing batches (bs=96 avail_mem=27.37 GB):  53%|█████▎    | 19/36 [00:01<00:01, 12.55it/s] Capturing batches (bs=96 avail_mem=27.37 GB):  58%|█████▊    | 21/36 [00:01<00:01, 13.81it/s]Capturing batches (bs=88 avail_mem=27.36 GB):  58%|█████▊    | 21/36 [00:01<00:01, 13.81it/s]
(SGLangHttpServer pid=61815, ip=10.124.45.22) Capturing batches (bs=32 avail_mem=27.33 GB):  75%|███████▌  | 27/36 [00:02<00:00, 13.95it/s]Capturing batches (bs=32 avail_mem=27.33 GB):  81%|████████  | 29/36 [00:02<00:00, 15.23it/s]Capturing batches (bs=24 avail_mem=27.32 GB):  81%|████████  | 29/36 [00:02<00:00, 15.23it/s]
(SGLangHttpServer pid=61821, ip=10.124.45.22) Capturing batches (bs=152 avail_mem=27.41 GB):  33%|███▎      | 12/36 [00:01<00:02, 11.26it/s]
(SGLangHttpServer pid=61818, ip=10.124.45.22) Capturing batches (bs=152 avail_mem=27.41 GB):  33%|███▎      | 12/36 [00:01<00:02, 11.35it/s]
(SGLangHttpServer pid=61824, ip=10.124.45.22) Capturing batches (bs=160 avail_mem=27.42 GB):  31%|███       | 11/36 [00:01<00:02, 10.86it/s]Capturing batches (bs=160 avail_mem=27.42 GB):  36%|███▌      | 13/36 [00:01<00:01, 11.63it/s]Capturing batches (bs=152 avail_mem=27.41 GB):  36%|███▌      | 13/36 [00:01<00:01, 11.63it/s]
(SGLangHttpServer pid=61827, ip=10.124.45.22) Capturing batches (bs=152 avail_mem=27.41 GB):  33%|███▎      | 12/36 [00:01<00:02, 11.66it/s]
(SGLangHttpServer pid=61830, ip=10.124.45.22) Capturing batches (bs=80 avail_mem=27.36 GB):  58%|█████▊    | 21/36 [00:01<00:01, 13.49it/s]Capturing batches (bs=80 avail_mem=27.36 GB):  64%|██████▍   | 23/36 [00:01<00:00, 14.61it/s]Capturing batches (bs=72 avail_mem=27.35 GB):  64%|██████▍   | 23/36 [00:01<00:00, 14.61it/s]
(SGLangHttpServer pid=61827, ip=10.124.45.22) Capturing batches (bs=152 avail_mem=27.41 GB):  39%|███▉      | 14/36 [00:01<00:01, 12.40it/s]Capturing batches (bs=144 avail_mem=27.41 GB):  39%|███▉      | 14/36 [00:01<00:01, 12.40it/s]
(SGLangHttpServer pid=61812, ip=10.124.45.22) Capturing batches (bs=80 avail_mem=27.36 GB):  58%|█████▊    | 21/36 [00:01<00:01, 13.81it/s]Capturing batches (bs=80 avail_mem=27.36 GB):  64%|██████▍   | 23/36 [00:02<00:00, 14.58it/s]Capturing batches (bs=72 avail_mem=27.35 GB):  64%|██████▍   | 23/36 [00:02<00:00, 14.58it/s]
(SGLangHttpServer pid=61815, ip=10.124.45.22) Capturing batches (bs=16 avail_mem=27.32 GB):  81%|████████  | 29/36 [00:02<00:00, 15.23it/s]Capturing batches (bs=16 avail_mem=27.32 GB):  86%|████████▌ | 31/36 [00:02<00:00, 14.83it/s]Capturing batches (bs=12 avail_mem=27.31 GB):  86%|████████▌ | 31/36 [00:02<00:00, 14.83it/s]
(SGLangHttpServer pid=61821, ip=10.124.45.22) Capturing batches (bs=152 avail_mem=27.41 GB):  39%|███▉      | 14/36 [00:01<00:01, 12.03it/s]Capturing batches (bs=144 avail_mem=27.41 GB):  39%|███▉      | 14/36 [00:01<00:01, 12.03it/s]Capturing batches (bs=136 avail_mem=27.40 GB):  39%|███▉      | 14/36 [00:01<00:01, 12.03it/s]
(SGLangHttpServer pid=61818, ip=10.124.45.22) Capturing batches (bs=152 avail_mem=27.41 GB):  39%|███▉      | 14/36 [00:01<00:01, 11.97it/s]Capturing batches (bs=144 avail_mem=27.41 GB):  39%|███▉      | 14/36 [00:01<00:01, 11.97it/s]Capturing batches (bs=136 avail_mem=27.40 GB):  39%|███▉      | 14/36 [00:01<00:01, 11.97it/s]
(SGLangHttpServer pid=61824, ip=10.124.45.22) Capturing batches (bs=144 avail_mem=27.41 GB):  36%|███▌      | 13/36 [00:01<00:01, 11.63it/s]
(SGLangHttpServer pid=61827, ip=10.124.45.22) Capturing batches (bs=136 avail_mem=27.40 GB):  39%|███▉      | 14/36 [00:01<00:01, 12.40it/s]
(SGLangHttpServer pid=61830, ip=10.124.45.22) Capturing batches (bs=64 avail_mem=27.35 GB):  64%|██████▍   | 23/36 [00:02<00:00, 14.61it/s]Capturing batches (bs=64 avail_mem=27.35 GB):  69%|██████▉   | 25/36 [00:02<00:00, 15.38it/s]Capturing batches (bs=56 avail_mem=27.34 GB):  69%|██████▉   | 25/36 [00:02<00:00, 15.38it/s]
(SGLangHttpServer pid=61824, ip=10.124.45.22) Capturing batches (bs=144 avail_mem=27.41 GB):  42%|████▏     | 15/36 [00:01<00:01, 12.63it/s]Capturing batches (bs=136 avail_mem=27.40 GB):  42%|████▏     | 15/36 [00:01<00:01, 12.63it/s]
(SGLangHttpServer pid=61812, ip=10.124.45.22) Capturing batches (bs=64 avail_mem=27.35 GB):  64%|██████▍   | 23/36 [00:02<00:00, 14.58it/s]Capturing batches (bs=56 avail_mem=27.34 GB):  64%|██████▍   | 23/36 [00:02<00:00, 14.58it/s]Capturing batches (bs=56 avail_mem=27.34 GB):  72%|███████▏  | 26/36 [00:02<00:00, 16.41it/s]Capturing batches (bs=48 avail_mem=27.34 GB):  72%|███████▏  | 26/36 [00:02<00:00, 16.41it/s]
(SGLangHttpServer pid=61815, ip=10.124.45.22) Capturing batches (bs=8 avail_mem=27.31 GB):  86%|████████▌ | 31/36 [00:02<00:00, 14.83it/s] Capturing batches (bs=4 avail_mem=27.30 GB):  86%|████████▌ | 31/36 [00:02<00:00, 14.83it/s]
(SGLangHttpServer pid=61821, ip=10.124.45.22) Capturing batches (bs=136 avail_mem=27.40 GB):  44%|████▍     | 16/36 [00:01<00:01, 13.05it/s]Capturing batches (bs=128 avail_mem=27.40 GB):  44%|████▍     | 16/36 [00:01<00:01, 13.05it/s]Capturing batches (bs=120 avail_mem=27.39 GB):  44%|████▍     | 16/36 [00:01<00:01, 13.05it/s]
(SGLangHttpServer pid=61818, ip=10.124.45.22) Capturing batches (bs=136 avail_mem=27.40 GB):  44%|████▍     | 16/36 [00:01<00:01, 13.01it/s]Capturing batches (bs=128 avail_mem=27.40 GB):  44%|████▍     | 16/36 [00:01<00:01, 13.01it/s]Capturing batches (bs=120 avail_mem=27.39 GB):  44%|████▍     | 16/36 [00:01<00:01, 13.01it/s]
(SGLangHttpServer pid=61824, ip=10.124.45.22) Capturing batches (bs=128 avail_mem=27.40 GB):  42%|████▏     | 15/36 [00:01<00:01, 12.63it/s]
(SGLangHttpServer pid=61827, ip=10.124.45.22) Capturing batches (bs=136 avail_mem=27.40 GB):  44%|████▍     | 16/36 [00:01<00:01, 13.36it/s]Capturing batches (bs=128 avail_mem=27.40 GB):  44%|████▍     | 16/36 [00:01<00:01, 13.36it/s]Capturing batches (bs=120 avail_mem=27.39 GB):  44%|████▍     | 16/36 [00:01<00:01, 13.36it/s]
(SGLangHttpServer pid=61830, ip=10.124.45.22) Capturing batches (bs=48 avail_mem=27.34 GB):  69%|██████▉   | 25/36 [00:02<00:00, 15.38it/s]Capturing batches (bs=40 avail_mem=27.33 GB):  69%|██████▉   | 25/36 [00:02<00:00, 15.38it/s]
(SGLangHttpServer pid=61812, ip=10.124.45.22) Capturing batches (bs=40 avail_mem=27.33 GB):  72%|███████▏  | 26/36 [00:02<00:00, 16.41it/s]Capturing batches (bs=40 avail_mem=27.33 GB):  78%|███████▊  | 28/36 [00:02<00:00, 16.78it/s]Capturing batches (bs=32 avail_mem=27.33 GB):  78%|███████▊  | 28/36 [00:02<00:00, 16.78it/s]
(SGLangHttpServer pid=61815, ip=10.124.45.22) Capturing batches (bs=4 avail_mem=27.30 GB):  94%|█████████▍| 34/36 [00:02<00:00, 16.75it/s]Capturing batches (bs=2 avail_mem=27.30 GB):  94%|█████████▍| 34/36 [00:02<00:00, 16.75it/s]Capturing batches (bs=1 avail_mem=27.29 GB):  94%|█████████▍| 34/36 [00:02<00:00, 16.75it/s]
(SGLangHttpServer pid=61821, ip=10.124.45.22) Capturing batches (bs=120 avail_mem=27.39 GB):  50%|█████     | 18/36 [00:01<00:01, 14.06it/s]Capturing batches (bs=112 avail_mem=27.38 GB):  50%|█████     | 18/36 [00:01<00:01, 14.06it/s]Capturing batches (bs=104 avail_mem=27.38 GB):  50%|█████     | 18/36 [00:01<00:01, 14.06it/s]
(SGLangHttpServer pid=61818, ip=10.124.45.22) Capturing batches (bs=120 avail_mem=27.39 GB):  50%|█████     | 18/36 [00:01<00:01, 13.75it/s]Capturing batches (bs=112 avail_mem=27.38 GB):  50%|█████     | 18/36 [00:01<00:01, 13.75it/s]
(SGLangHttpServer pid=61824, ip=10.124.45.22) Capturing batches (bs=128 avail_mem=27.40 GB):  47%|████▋     | 17/36 [00:01<00:01, 13.44it/s]Capturing batches (bs=120 avail_mem=27.39 GB):  47%|████▋     | 17/36 [00:01<00:01, 13.44it/s]Capturing batches (bs=112 avail_mem=27.38 GB):  47%|████▋     | 17/36 [00:01<00:01, 13.44it/s]
(SGLangHttpServer pid=61827, ip=10.124.45.22) Capturing batches (bs=120 avail_mem=27.39 GB):  50%|█████     | 18/36 [00:01<00:01, 14.54it/s]Capturing batches (bs=112 avail_mem=27.38 GB):  50%|█████     | 18/36 [00:01<00:01, 14.54it/s]Capturing batches (bs=104 avail_mem=27.38 GB):  50%|█████     | 18/36 [00:01<00:01, 14.54it/s]
(SGLangHttpServer pid=61830, ip=10.124.45.22) Capturing batches (bs=40 avail_mem=27.33 GB):  78%|███████▊  | 28/36 [00:02<00:00, 16.99it/s]Capturing batches (bs=32 avail_mem=27.33 GB):  78%|███████▊  | 28/36 [00:02<00:00, 16.99it/s]Capturing batches (bs=24 avail_mem=27.32 GB):  78%|███████▊  | 28/36 [00:02<00:00, 16.99it/s]
(SGLangHttpServer pid=61812, ip=10.124.45.22) Capturing batches (bs=24 avail_mem=27.32 GB):  78%|███████▊  | 28/36 [00:02<00:00, 16.78it/s]Capturing batches (bs=16 avail_mem=27.32 GB):  78%|███████▊  | 28/36 [00:02<00:00, 16.78it/s]
(SGLangHttpServer pid=61815, ip=10.124.45.22) Capturing batches (bs=1 avail_mem=27.29 GB): 100%|██████████| 36/36 [00:02<00:00, 13.32it/s]
(SGLangHttpServer pid=61821, ip=10.124.45.22) Capturing batches (bs=104 avail_mem=27.38 GB):  56%|█████▌    | 20/36 [00:01<00:01, 14.87it/s]Capturing batches (bs=96 avail_mem=27.37 GB):  56%|█████▌    | 20/36 [00:01<00:01, 14.87it/s] Capturing batches (bs=88 avail_mem=27.36 GB):  56%|█████▌    | 20/36 [00:01<00:01, 14.87it/s]
(SGLangHttpServer pid=61818, ip=10.124.45.22) Capturing batches (bs=104 avail_mem=27.38 GB):  50%|█████     | 18/36 [00:01<00:01, 13.75it/s]Capturing batches (bs=104 avail_mem=27.38 GB):  56%|█████▌    | 20/36 [00:01<00:01, 14.60it/s]Capturing batches (bs=96 avail_mem=27.37 GB):  56%|█████▌    | 20/36 [00:01<00:01, 14.60it/s] 
(SGLangHttpServer pid=61824, ip=10.124.45.22) Capturing batches (bs=112 avail_mem=27.38 GB):  53%|█████▎    | 19/36 [00:01<00:01, 14.00it/s]Capturing batches (bs=104 avail_mem=27.38 GB):  53%|█████▎    | 19/36 [00:01<00:01, 14.00it/s]Capturing batches (bs=96 avail_mem=27.37 GB):  53%|█████▎    | 19/36 [00:01<00:01, 14.00it/s] 
(SGLangHttpServer pid=61827, ip=10.124.45.22) Capturing batches (bs=104 avail_mem=27.38 GB):  56%|█████▌    | 20/36 [00:01<00:01, 14.99it/s]Capturing batches (bs=96 avail_mem=27.37 GB):  56%|█████▌    | 20/36 [00:01<00:01, 14.99it/s] Capturing batches (bs=88 avail_mem=27.36 GB):  56%|█████▌    | 20/36 [00:01<00:01, 14.99it/s]
(SGLangHttpServer pid=61830, ip=10.124.45.22) Capturing batches (bs=24 avail_mem=27.32 GB):  83%|████████▎ | 30/36 [00:02<00:00, 17.42it/s]Capturing batches (bs=16 avail_mem=27.32 GB):  83%|████████▎ | 30/36 [00:02<00:00, 17.42it/s]Capturing batches (bs=12 avail_mem=27.31 GB):  83%|████████▎ | 30/36 [00:02<00:00, 17.42it/s]
(SGLangHttpServer pid=61812, ip=10.124.45.22) Capturing batches (bs=16 avail_mem=27.32 GB):  86%|████████▌ | 31/36 [00:02<00:00, 16.76it/s]Capturing batches (bs=12 avail_mem=27.31 GB):  86%|████████▌ | 31/36 [00:02<00:00, 16.76it/s]
(SGLangHttpServer pid=61821, ip=10.124.45.22) Capturing batches (bs=88 avail_mem=27.36 GB):  61%|██████    | 22/36 [00:01<00:00, 15.92it/s]Capturing batches (bs=80 avail_mem=27.36 GB):  61%|██████    | 22/36 [00:01<00:00, 15.92it/s]Capturing batches (bs=72 avail_mem=27.35 GB):  61%|██████    | 22/36 [00:01<00:00, 15.92it/s]
(SGLangHttpServer pid=61818, ip=10.124.45.22) Capturing batches (bs=88 avail_mem=27.36 GB):  56%|█████▌    | 20/36 [00:01<00:01, 14.60it/s]Capturing batches (bs=88 avail_mem=27.36 GB):  61%|██████    | 22/36 [00:01<00:00, 15.73it/s]Capturing batches (bs=80 avail_mem=27.36 GB):  61%|██████    | 22/36 [00:01<00:00, 15.73it/s]
(SGLangHttpServer pid=61824, ip=10.124.45.22) Capturing batches (bs=96 avail_mem=27.37 GB):  58%|█████▊    | 21/36 [00:01<00:01, 14.67it/s]Capturing batches (bs=88 avail_mem=27.36 GB):  58%|█████▊    | 21/36 [00:01<00:01, 14.67it/s]
(SGLangHttpServer pid=61827, ip=10.124.45.22) Capturing batches (bs=88 avail_mem=27.36 GB):  61%|██████    | 22/36 [00:01<00:00, 16.13it/s]Capturing batches (bs=80 avail_mem=27.36 GB):  61%|██████    | 22/36 [00:01<00:00, 16.13it/s]Capturing batches (bs=72 avail_mem=27.35 GB):  61%|██████    | 22/36 [00:01<00:00, 16.13it/s]
(SGLangHttpServer pid=61830, ip=10.124.45.22) Capturing batches (bs=12 avail_mem=27.31 GB):  89%|████████▉ | 32/36 [00:02<00:00, 16.53it/s]Capturing batches (bs=8 avail_mem=27.31 GB):  89%|████████▉ | 32/36 [00:02<00:00, 16.53it/s] Capturing batches (bs=4 avail_mem=27.30 GB):  89%|████████▉ | 32/36 [00:02<00:00, 16.53it/s]
(SGLangHttpServer pid=61824, ip=10.124.45.22) Capturing batches (bs=80 avail_mem=27.36 GB):  58%|█████▊    | 21/36 [00:01<00:01, 14.67it/s]
(SGLangHttpServer pid=61812, ip=10.124.45.22) Capturing batches (bs=8 avail_mem=27.31 GB):  86%|████████▌ | 31/36 [00:02<00:00, 16.76it/s] 
(SGLangHttpServer pid=61818, ip=10.124.45.22) Capturing batches (bs=72 avail_mem=27.35 GB):  61%|██████    | 22/36 [00:01<00:00, 15.73it/s]
(SGLangHttpServer pid=61812, ip=10.124.45.22) Capturing batches (bs=4 avail_mem=27.30 GB):  86%|████████▌ | 31/36 [00:02<00:00, 16.76it/s]Capturing batches (bs=4 avail_mem=27.30 GB):  94%|█████████▍| 34/36 [00:02<00:00, 17.86it/s]Capturing batches (bs=2 avail_mem=27.30 GB):  94%|█████████▍| 34/36 [00:02<00:00, 17.86it/s]
(SGLangHttpServer pid=61821, ip=10.124.45.22) Capturing batches (bs=72 avail_mem=27.35 GB):  67%|██████▋   | 24/36 [00:02<00:00, 16.38it/s]Capturing batches (bs=64 avail_mem=27.35 GB):  67%|██████▋   | 24/36 [00:02<00:00, 16.38it/s]Capturing batches (bs=56 avail_mem=27.34 GB):  67%|██████▋   | 24/36 [00:02<00:00, 16.38it/s]
(SGLangHttpServer pid=61818, ip=10.124.45.22) Capturing batches (bs=72 avail_mem=27.35 GB):  67%|██████▋   | 24/36 [00:02<00:00, 16.12it/s]Capturing batches (bs=64 avail_mem=27.35 GB):  67%|██████▋   | 24/36 [00:02<00:00, 16.12it/s]
(SGLangHttpServer pid=61824, ip=10.124.45.22) Capturing batches (bs=80 avail_mem=27.36 GB):  64%|██████▍   | 23/36 [00:01<00:00, 14.98it/s]Capturing batches (bs=72 avail_mem=27.35 GB):  64%|██████▍   | 23/36 [00:01<00:00, 14.98it/s]
(SGLangHttpServer pid=61827, ip=10.124.45.22) Capturing batches (bs=72 avail_mem=27.35 GB):  67%|██████▋   | 24/36 [00:02<00:00, 16.56it/s]Capturing batches (bs=64 avail_mem=27.35 GB):  67%|██████▋   | 24/36 [00:02<00:00, 16.56it/s]Capturing batches (bs=56 avail_mem=27.34 GB):  67%|██████▋   | 24/36 [00:02<00:00, 16.56it/s]
(SGLangHttpServer pid=61830, ip=10.124.45.22) Capturing batches (bs=2 avail_mem=27.30 GB):  89%|████████▉ | 32/36 [00:02<00:00, 16.53it/s]Capturing batches (bs=2 avail_mem=27.30 GB):  97%|█████████▋| 35/36 [00:02<00:00, 17.77it/s]Capturing batches (bs=1 avail_mem=27.29 GB):  97%|█████████▋| 35/36 [00:02<00:00, 17.77it/s]
(SGLangHttpServer pid=61818, ip=10.124.45.22) Capturing batches (bs=56 avail_mem=27.34 GB):  67%|██████▋   | 24/36 [00:02<00:00, 16.12it/s]
(SGLangHttpServer pid=61824, ip=10.124.45.22) Capturing batches (bs=64 avail_mem=27.35 GB):  64%|██████▍   | 23/36 [00:02<00:00, 14.98it/s]
(SGLangHttpServer pid=61812, ip=10.124.45.22) Capturing batches (bs=1 avail_mem=27.29 GB):  94%|█████████▍| 34/36 [00:02<00:00, 17.86it/s]Capturing batches (bs=1 avail_mem=27.29 GB): 100%|██████████| 36/36 [00:02<00:00, 13.28it/s]
(SGLangHttpServer pid=61821, ip=10.124.45.22) Capturing batches (bs=56 avail_mem=27.34 GB):  72%|███████▏  | 26/36 [00:02<00:00, 17.00it/s]Capturing batches (bs=48 avail_mem=27.34 GB):  72%|███████▏  | 26/36 [00:02<00:00, 17.00it/s]Capturing batches (bs=40 avail_mem=27.33 GB):  72%|███████▏  | 26/36 [00:02<00:00, 17.00it/s]
(SGLangHttpServer pid=61818, ip=10.124.45.22) Capturing batches (bs=56 avail_mem=27.34 GB):  72%|███████▏  | 26/36 [00:02<00:00, 16.91it/s]Capturing batches (bs=48 avail_mem=27.34 GB):  72%|███████▏  | 26/36 [00:02<00:00, 16.91it/s]Capturing batches (bs=40 avail_mem=27.33 GB):  72%|███████▏  | 26/36 [00:02<00:00, 16.91it/s]
(SGLangHttpServer pid=61824, ip=10.124.45.22) Capturing batches (bs=64 avail_mem=27.35 GB):  69%|██████▉   | 25/36 [00:02<00:00, 15.96it/s]Capturing batches (bs=56 avail_mem=27.34 GB):  69%|██████▉   | 25/36 [00:02<00:00, 15.96it/s]Capturing batches (bs=48 avail_mem=27.34 GB):  69%|██████▉   | 25/36 [00:02<00:00, 15.96it/s]
(SGLangHttpServer pid=61827, ip=10.124.45.22) Capturing batches (bs=56 avail_mem=27.34 GB):  72%|███████▏  | 26/36 [00:02<00:00, 16.95it/s]Capturing batches (bs=48 avail_mem=27.34 GB):  72%|███████▏  | 26/36 [00:02<00:00, 16.95it/s]Capturing batches (bs=40 avail_mem=27.33 GB):  72%|███████▏  | 26/36 [00:02<00:00, 16.95it/s]Capturing batches (bs=32 avail_mem=27.33 GB):  72%|███████▏  | 26/36 [00:02<00:00, 16.95it/s]
(SGLangHttpServer pid=61830, ip=10.124.45.22) Capturing batches (bs=1 avail_mem=27.29 GB): 100%|██████████| 36/36 [00:02<00:00, 13.35it/s]
(SGLangHttpServer pid=61821, ip=10.124.45.22) Capturing batches (bs=40 avail_mem=27.33 GB):  78%|███████▊  | 28/36 [00:02<00:00, 17.09it/s]Capturing batches (bs=32 avail_mem=27.33 GB):  78%|███████▊  | 28/36 [00:02<00:00, 17.09it/s]Capturing batches (bs=24 avail_mem=27.32 GB):  78%|███████▊  | 28/36 [00:02<00:00, 17.09it/s]
(SGLangHttpServer pid=61818, ip=10.124.45.22) Capturing batches (bs=40 avail_mem=27.33 GB):  78%|███████▊  | 28/36 [00:02<00:00, 17.58it/s]Capturing batches (bs=32 avail_mem=27.33 GB):  78%|███████▊  | 28/36 [00:02<00:00, 17.58it/s]Capturing batches (bs=24 avail_mem=27.32 GB):  78%|███████▊  | 28/36 [00:02<00:00, 17.58it/s]
(SGLangHttpServer pid=61824, ip=10.124.45.22) Capturing batches (bs=48 avail_mem=27.34 GB):  75%|███████▌  | 27/36 [00:02<00:00, 16.10it/s]Capturing batches (bs=40 avail_mem=27.33 GB):  75%|███████▌  | 27/36 [00:02<00:00, 16.10it/s]
(SGLangHttpServer pid=61827, ip=10.124.45.22) Capturing batches (bs=32 avail_mem=27.33 GB):  81%|████████  | 29/36 [00:02<00:00, 18.06it/s]Capturing batches (bs=24 avail_mem=27.32 GB):  81%|████████  | 29/36 [00:02<00:00, 18.06it/s]Capturing batches (bs=16 avail_mem=27.32 GB):  81%|████████  | 29/36 [00:02<00:00, 18.06it/s]
(SGLangHttpServer pid=61821, ip=10.124.45.22) Capturing batches (bs=24 avail_mem=27.32 GB):  83%|████████▎ | 30/36 [00:02<00:00, 17.28it/s]Capturing batches (bs=16 avail_mem=27.32 GB):  83%|████████▎ | 30/36 [00:02<00:00, 17.28it/s]
(SGLangHttpServer pid=61818, ip=10.124.45.22) Capturing batches (bs=24 avail_mem=27.32 GB):  83%|████████▎ | 30/36 [00:02<00:00, 17.99it/s]Capturing batches (bs=16 avail_mem=27.32 GB):  83%|████████▎ | 30/36 [00:02<00:00, 17.99it/s]
(SGLangHttpServer pid=61824, ip=10.124.45.22) Capturing batches (bs=32 avail_mem=27.33 GB):  75%|███████▌  | 27/36 [00:02<00:00, 16.10it/s]Capturing batches (bs=32 avail_mem=27.33 GB):  81%|████████  | 29/36 [00:02<00:00, 16.46it/s]Capturing batches (bs=24 avail_mem=27.32 GB):  81%|████████  | 29/36 [00:02<00:00, 16.46it/s]
(SGLangHttpServer pid=61827, ip=10.124.45.22) Capturing batches (bs=16 avail_mem=27.32 GB):  86%|████████▌ | 31/36 [00:02<00:00, 16.84it/s]Capturing batches (bs=12 avail_mem=27.31 GB):  86%|████████▌ | 31/36 [00:02<00:00, 16.84it/s]
(SGLangHttpServer pid=61821, ip=10.124.45.22) Capturing batches (bs=12 avail_mem=27.31 GB):  83%|████████▎ | 30/36 [00:02<00:00, 17.28it/s]Capturing batches (bs=12 avail_mem=27.31 GB):  89%|████████▉ | 32/36 [00:02<00:00, 16.46it/s]Capturing batches (bs=8 avail_mem=27.31 GB):  89%|████████▉ | 32/36 [00:02<00:00, 16.46it/s] 
(SGLangHttpServer pid=61818, ip=10.124.45.22) Capturing batches (bs=12 avail_mem=27.31 GB):  83%|████████▎ | 30/36 [00:02<00:00, 17.99it/s]Capturing batches (bs=12 avail_mem=27.31 GB):  89%|████████▉ | 32/36 [00:02<00:00, 16.85it/s]Capturing batches (bs=8 avail_mem=27.31 GB):  89%|████████▉ | 32/36 [00:02<00:00, 16.85it/s] 
(SGLangHttpServer pid=61824, ip=10.124.45.22) Capturing batches (bs=16 avail_mem=27.32 GB):  81%|████████  | 29/36 [00:02<00:00, 16.46it/s]Capturing batches (bs=16 avail_mem=27.32 GB):  86%|████████▌ | 31/36 [00:02<00:00, 15.91it/s]Capturing batches (bs=12 avail_mem=27.31 GB):  86%|████████▌ | 31/36 [00:02<00:00, 15.91it/s]
(SGLangHttpServer pid=61827, ip=10.124.45.22) Capturing batches (bs=8 avail_mem=27.31 GB):  86%|████████▌ | 31/36 [00:02<00:00, 16.84it/s] Capturing batches (bs=4 avail_mem=27.30 GB):  86%|████████▌ | 31/36 [00:02<00:00, 16.84it/s]Capturing batches (bs=4 avail_mem=27.30 GB):  94%|█████████▍| 34/36 [00:02<00:00, 18.31it/s]Capturing batches (bs=2 avail_mem=27.30 GB):  94%|█████████▍| 34/36 [00:02<00:00, 18.31it/s]
(SGLangHttpServer pid=61818, ip=10.124.45.22) Capturing batches (bs=4 avail_mem=27.30 GB):  89%|████████▉ | 32/36 [00:02<00:00, 16.85it/s]
(SGLangHttpServer pid=61821, ip=10.124.45.22) Capturing batches (bs=4 avail_mem=27.30 GB):  89%|████████▉ | 32/36 [00:02<00:00, 16.46it/s]Capturing batches (bs=4 avail_mem=27.30 GB):  94%|█████████▍| 34/36 [00:02<00:00, 16.41it/s]Capturing batches (bs=2 avail_mem=27.30 GB):  94%|█████████▍| 34/36 [00:02<00:00, 16.41it/s]
(SGLangHttpServer pid=61818, ip=10.124.45.22) Capturing batches (bs=4 avail_mem=27.30 GB):  94%|█████████▍| 34/36 [00:02<00:00, 17.51it/s]Capturing batches (bs=2 avail_mem=27.30 GB):  94%|█████████▍| 34/36 [00:02<00:00, 17.51it/s]Capturing batches (bs=1 avail_mem=27.29 GB):  94%|█████████▍| 34/36 [00:02<00:00, 17.51it/s]
(SGLangHttpServer pid=61824, ip=10.124.45.22) Capturing batches (bs=8 avail_mem=27.31 GB):  86%|████████▌ | 31/36 [00:02<00:00, 15.91it/s] Capturing batches (bs=8 avail_mem=27.31 GB):  92%|█████████▏| 33/36 [00:02<00:00, 16.81it/s]Capturing batches (bs=4 avail_mem=27.30 GB):  92%|█████████▏| 33/36 [00:02<00:00, 16.81it/s]
(SGLangHttpServer pid=61827, ip=10.124.45.22) Capturing batches (bs=1 avail_mem=27.29 GB):  94%|█████████▍| 34/36 [00:02<00:00, 18.31it/s]Capturing batches (bs=1 avail_mem=27.29 GB): 100%|██████████| 36/36 [00:02<00:00, 13.60it/s]
(SGLangHttpServer pid=61821, ip=10.124.45.22) Capturing batches (bs=1 avail_mem=27.29 GB):  94%|█████████▍| 34/36 [00:02<00:00, 16.41it/s]Capturing batches (bs=1 avail_mem=27.29 GB): 100%|██████████| 36/36 [00:02<00:00, 13.22it/s]
(SGLangHttpServer pid=61818, ip=10.124.45.22) Capturing batches (bs=1 avail_mem=27.29 GB): 100%|██████████| 36/36 [00:02<00:00, 13.37it/s]
(SGLangHttpServer pid=61824, ip=10.124.45.22) Capturing batches (bs=2 avail_mem=27.30 GB):  92%|█████████▏| 33/36 [00:02<00:00, 16.81it/s]Capturing batches (bs=1 avail_mem=27.29 GB):  92%|█████████▏| 33/36 [00:02<00:00, 16.81it/s]
(SGLangHttpServer pid=61824, ip=10.124.45.22) Capturing batches (bs=1 avail_mem=27.29 GB): 100%|██████████| 36/36 [00:02<00:00, 18.43it/s]Capturing batches (bs=1 avail_mem=27.29 GB): 100%|██████████| 36/36 [00:02<00:00, 13.41it/s]
(TaskRunner pid=55346, ip=10.124.45.22) wandb: WARNING func: get_project_by_name, err: Request failed! url: https://ml.bytedance.net/inner/GetTrackingProjectByName, req_body: {'Name': 'specTool'}, resp_body: b'{"ResponseMetadata":{"RequestId":"","Action":"","Version":"","Service":"","Region":"","Error":{"Code":"MissingAuthenticationToken","CodeN":1709801,"Message":"zti token not found, please use DOAS cli to run script","RawError":{},"HTTPCode":401}}}'
(TaskRunner pid=55346, ip=10.124.45.22) wandb: WARNING func: get_project_by_name, err: Request failed! url: https://ml.bytedance.net/inner/GetTrackingProjectByName, req_body: {'Name': 'specTool'}, resp_body: b'{"ResponseMetadata":{"RequestId":"","Action":"","Version":"","Service":"","Region":"","Error":{"Code":"MissingAuthenticationToken","CodeN":1709801,"Message":"zti token not found, please use DOAS cli to run script","RawError":{},"HTTPCode":401}}}'
(TaskRunner pid=55346, ip=10.124.45.22) wandb: WARNING func: create_project, err: Request failed! url: https://ml.bytedance.net/inner/CreateTrackingProject, req_body: {'Name': 'specTool'}, resp_body: b'{"ResponseMetadata":{"RequestId":"","Action":"","Version":"","Service":"","Region":"","Error":{"Code":"MissingAuthenticationToken","CodeN":1709801,"Message":"zti token not found, please use DOAS cli to run script","RawError":{},"HTTPCode":401}}}'
(TaskRunner pid=55346, ip=10.124.45.22) wandb: WARNING func: alert, err: Request failed! url: https://ml.bytedance.net/inner/TrackingAlert, req_body: {'Title': 'Wandb Failed!', 'Text': 'Failed Function: create_project\nERR Message: Request failed! url: https://ml.bytedance.net/inner/CreateTrackingProject, req_body: {\'Name\': \'specTool\'}, resp_body: b\'{"ResponseMetadata":{"RequestId":"","Action":"","Version":"","Service":"","Region":"","Error":{"Code":"MissingAuthenticationToken","CodeN":1709801,"Message":"zti token not found, please use DOAS cli to run script","RawError":{},"HTTPCode":401}}}\''}, resp_body: b'{"ResponseMetadata":{"RequestId":"","Action":"","Version":"","Service":"","Region":"","Error":{"Code":"MissingAuthenticationToken","CodeN":1709801,"Message":"zti token not found, please use DOAS cli to run script","RawError":{},"HTTPCode":401}}}'
(TaskRunner pid=55346, ip=10.124.45.22) wandb: ⭐️ View project at 
(TaskRunner pid=55346, ip=10.124.45.22) wandb: - Waiting for wandb.init()...
(TaskRunner pid=55346, ip=10.124.45.22) wandb: \ Waiting for wandb.init()...
(TaskRunner pid=55346, ip=10.124.45.22) wandb: | Waiting for wandb.init()...
(TaskRunner pid=55346, ip=10.124.45.22) wandb: WARNING func: create_run, err: Request failed! url: https://ml.bytedance.net/inner/CreateTrackingRun, req_body: {'ProjectId': '', 'Name': 'baseline_hotpotqa_qwen3_8b_sleep0_toolcalls1_bs160_rollout8_step1_rolloutonly_8192_extra_20260607_174249_bs160', 'RunId': 'run_20260607_f464b959', 'Description': None, 'OuterType': None, 'OuterId': None, 'Tags': None, 'OuterInfo': {'is_seed': False}}, resp_body: b'{"ResponseMetadata":{"RequestId":"","Action":"","Version":"","Service":"","Region":"","Error":{"Code":"MissingAuthenticationToken","CodeN":1709801,"Message":"zti token not found, please use DOAS cli to run script","RawError":{},"HTTPCode":401}}}'
(TaskRunner pid=55346, ip=10.124.45.22) wandb: WARNING func: alert, err: Request failed! url: https://ml.bytedance.net/inner/TrackingAlert, req_body: {'Title': 'Wandb Failed!', 'Text': 'Failed Function: create_run\nERR Message: Request failed! url: https://ml.bytedance.net/inner/CreateTrackingRun, req_body: {\'ProjectId\': \'\', \'Name\': \'baseline_hotpotqa_qwen3_8b_sleep0_toolcalls1_bs160_rollout8_step1_rolloutonly_8192_extra_20260607_174249_bs160\', \'RunId\': \'run_20260607_f464b959\', \'Description\': None, \'OuterType\': None, \'OuterId\': None, \'Tags\': None, \'OuterInfo\': {\'is_seed\': False}}, resp_body: b\'{"ResponseMetadata":{"RequestId":"","Action":"","Version":"","Service":"","Region":"","Error":{"Code":"MissingAuthenticationToken","CodeN":1709801,"Message":"zti token not found, please use DOAS cli to run script","RawError":{},"HTTPCode":401}}}\''}, resp_body: b'{"ResponseMetadata":{"RequestId":"","Action":"","Version":"","Service":"","Region":"","Error":{"Code":"MissingAuthenticationToken","CodeN":1709801,"Message":"zti token not found, please use DOAS cli to run script","RawError":{},"HTTPCode":401}}}'
(TaskRunner pid=55346, ip=10.124.45.22) wandb: 🚀 View run at 
(TaskRunner pid=55346, ip=10.124.45.22) wandb: WARNING func: alert, err: Request failed! url: https://ml.bytedance.net/inner/TrackingAlert, req_body: {'Title': 'Tracking Run Created', 'Text': 'Created run [specTool/]()'}, resp_body: b'{"ResponseMetadata":{"RequestId":"","Action":"","Version":"","Service":"","Region":"","Error":{"Code":"MissingAuthenticationToken","CodeN":1709801,"Message":"zti token not found, please use DOAS cli to run script","RawError":{},"HTTPCode":401}}}'
(TaskRunner pid=55346, ip=10.124.45.22) wandb: WARNING func: set_run_config, err: set_run_config wandb init failed, skip.../
(TaskRunner pid=55346, ip=10.124.45.22) wandb: / Waiting for wandb.init()...
(pid=63874, ip=10.124.45.22) /usr/local/lib/python3.12/dist-packages/torch/amp/autocast_mode.py:270: UserWarning: User provided device_type of 'cuda', but CUDA is not available. Disabling
(pid=63874, ip=10.124.45.22)   warnings.warn(
(pid=63874, ip=10.124.45.22) Modular Diffusers is currently an experimental feature under active development. The API is subject to breaking changes in future releases.
(pid=63877, ip=10.124.45.22) /usr/local/lib/python3.12/dist-packages/torch/amp/autocast_mode.py:270: UserWarning: User provided device_type of 'cuda', but CUDA is not available. Disabling
(pid=63877, ip=10.124.45.22)   warnings.warn(
(pid=63877, ip=10.124.45.22) Modular Diffusers is currently an experimental feature under active development. The API is subject to breaking changes in future releases.
(pid=63881, ip=10.124.45.22) /usr/local/lib/python3.12/dist-packages/torch/amp/autocast_mode.py:270: UserWarning: User provided device_type of 'cuda', but CUDA is not available. Disabling
(pid=63881, ip=10.124.45.22)   warnings.warn(
(pid=63881, ip=10.124.45.22) Modular Diffusers is currently an experimental feature under active development. The API is subject to breaking changes in future releases.
(pid=63868, ip=10.124.45.22) /usr/local/lib/python3.12/dist-packages/torch/amp/autocast_mode.py:270: UserWarning: User provided device_type of 'cuda', but CUDA is not available. Disabling
(pid=63868, ip=10.124.45.22)   warnings.warn(
(pid=63868, ip=10.124.45.22) Modular Diffusers is currently an experimental feature under active development. The API is subject to breaking changes in future releases.
(pid=63866, ip=10.124.45.22) /usr/local/lib/python3.12/dist-packages/torch/amp/autocast_mode.py:270: UserWarning: User provided device_type of 'cuda', but CUDA is not available. Disabling
(pid=63866, ip=10.124.45.22)   warnings.warn(
(pid=63866, ip=10.124.45.22) Modular Diffusers is currently an experimental feature under active development. The API is subject to breaking changes in future releases.
(GlobalRequestLoadBalancer pid=63858, ip=10.124.45.22) /usr/local/lib/python3.12/dist-packages/torch/amp/autocast_mode.py:270: UserWarning: User provided device_type of 'cuda', but CUDA is not available. Disabling
(GlobalRequestLoadBalancer pid=63858, ip=10.124.45.22)   warnings.warn(
(pid=63860, ip=10.124.45.22) /usr/local/lib/python3.12/dist-packages/torch/amp/autocast_mode.py:270: UserWarning: User provided device_type of 'cuda', but CUDA is not available. Disabling
(pid=63860, ip=10.124.45.22)   warnings.warn(
(pid=63871, ip=10.124.45.22) /usr/local/lib/python3.12/dist-packages/torch/amp/autocast_mode.py:270: UserWarning: User provided device_type of 'cuda', but CUDA is not available. Disabling
(pid=63871, ip=10.124.45.22)   warnings.warn(
(pid=63871, ip=10.124.45.22) Modular Diffusers is currently an experimental feature under active development. The API is subject to breaking changes in future releases.
(GlobalRequestLoadBalancer pid=63858, ip=10.124.45.22) Modular Diffusers is currently an experimental feature under active development. The API is subject to breaking changes in future releases.
(pid=63860, ip=10.124.45.22) Modular Diffusers is currently an experimental feature under active development. The API is subject to breaking changes in future releases.
(pid=63867, ip=10.124.45.22) /usr/local/lib/python3.12/dist-packages/torch/amp/autocast_mode.py:270: UserWarning: User provided device_type of 'cuda', but CUDA is not available. Disabling
(pid=63867, ip=10.124.45.22)   warnings.warn(
(pid=63867, ip=10.124.45.22) Modular Diffusers is currently an experimental feature under active development. The API is subject to breaking changes in future releases.
(GlobalRequestLoadBalancer pid=63858, ip=10.124.45.22) /sgl-workspace/sglang/python/sglang/srt/layers/attention/fla/utils.py:212: UserWarning: Triton is not supported on current platform, roll back to CPU.
(GlobalRequestLoadBalancer pid=63858, ip=10.124.45.22)   warnings.warn(
(TaskRunner pid=55346, ip=10.124.45.22) wandb: Tracking run with wandb version 0.13.95
(TaskRunner pid=55346, ip=10.124.45.22) wandb: Run data is saved locally in /home/tiger/verl/wandb/run-20260607_174825-run_20260607_f464b959
(TaskRunner pid=55346, ip=10.124.45.22) wandb: Run `wandb offline` to turn off syncing.
(TaskRunner pid=55346, ip=10.124.45.22) wandb: WARNING func: save_file, err: save_file wandb init failed, skip.../
(SGLangHttpServer pid=61812, ip=10.124.45.22) /usr/local/lib/python3.12/dist-packages/fastapi/routing.py:313: FastAPIDeprecationWarning: ORJSONResponse is deprecated, FastAPI now serializes data directly to JSON bytes via Pydantic when a return type or response model is set, which is faster and doesn't need a custom response class. Read more in the FastAPI docs: https://fastapi.tiangolo.com/advanced/custom-response/#orjson-or-response-model and https://fastapi.tiangolo.com/tutorial/response-model/
(SGLangHttpServer pid=61812, ip=10.124.45.22)   return await dependant.call(**values)
(SGLangHttpServer pid=61815, ip=10.124.45.22) /usr/local/lib/python3.12/dist-packages/fastapi/routing.py:313: FastAPIDeprecationWarning: ORJSONResponse is deprecated, FastAPI now serializes data directly to JSON bytes via Pydantic when a return type or response model is set, which is faster and doesn't need a custom response class. Read more in the FastAPI docs: https://fastapi.tiangolo.com/advanced/custom-response/#orjson-or-response-model and https://fastapi.tiangolo.com/tutorial/response-model/
(SGLangHttpServer pid=61815, ip=10.124.45.22)   return await dependant.call(**values)
(SGLangHttpServer pid=61821, ip=10.124.45.22) /usr/local/lib/python3.12/dist-packages/fastapi/routing.py:313: FastAPIDeprecationWarning: ORJSONResponse is deprecated, FastAPI now serializes data directly to JSON bytes via Pydantic when a return type or response model is set, which is faster and doesn't need a custom response class. Read more in the FastAPI docs: https://fastapi.tiangolo.com/advanced/custom-response/#orjson-or-response-model and https://fastapi.tiangolo.com/tutorial/response-model/
(SGLangHttpServer pid=61821, ip=10.124.45.22)   return await dependant.call(**values)
(SGLangHttpServer pid=61818, ip=10.124.45.22) /usr/local/lib/python3.12/dist-packages/fastapi/routing.py:313: FastAPIDeprecationWarning: ORJSONResponse is deprecated, FastAPI now serializes data directly to JSON bytes via Pydantic when a return type or response model is set, which is faster and doesn't need a custom response class. Read more in the FastAPI docs: https://fastapi.tiangolo.com/advanced/custom-response/#orjson-or-response-model and https://fastapi.tiangolo.com/tutorial/response-model/
(SGLangHttpServer pid=61818, ip=10.124.45.22)   return await dependant.call(**values)
(SGLangHttpServer pid=61824, ip=10.124.45.22) /usr/local/lib/python3.12/dist-packages/fastapi/routing.py:313: FastAPIDeprecationWarning: ORJSONResponse is deprecated, FastAPI now serializes data directly to JSON bytes via Pydantic when a return type or response model is set, which is faster and doesn't need a custom response class. Read more in the FastAPI docs: https://fastapi.tiangolo.com/advanced/custom-response/#orjson-or-response-model and https://fastapi.tiangolo.com/tutorial/response-model/
(SGLangHttpServer pid=61824, ip=10.124.45.22)   return await dependant.call(**values)
(SGLangHttpServer pid=61827, ip=10.124.45.22) /usr/local/lib/python3.12/dist-packages/fastapi/routing.py:313: FastAPIDeprecationWarning: ORJSONResponse is deprecated, FastAPI now serializes data directly to JSON bytes via Pydantic when a return type or response model is set, which is faster and doesn't need a custom response class. Read more in the FastAPI docs: https://fastapi.tiangolo.com/advanced/custom-response/#orjson-or-response-model and https://fastapi.tiangolo.com/tutorial/response-model/
(SGLangHttpServer pid=61827, ip=10.124.45.22)   return await dependant.call(**values)
(SGLangHttpServer pid=61830, ip=10.124.45.22) /usr/local/lib/python3.12/dist-packages/fastapi/routing.py:313: FastAPIDeprecationWarning: ORJSONResponse is deprecated, FastAPI now serializes data directly to JSON bytes via Pydantic when a return type or response model is set, which is faster and doesn't need a custom response class. Read more in the FastAPI docs: https://fastapi.tiangolo.com/advanced/custom-response/#orjson-or-response-model and https://fastapi.tiangolo.com/tutorial/response-model/
(SGLangHttpServer pid=61830, ip=10.124.45.22)   return await dependant.call(**values)
(SGLangHttpServer pid=61811, ip=10.124.45.22) /usr/local/lib/python3.12/dist-packages/fastapi/routing.py:313: FastAPIDeprecationWarning: ORJSONResponse is deprecated, FastAPI now serializes data directly to JSON bytes via Pydantic when a return type or response model is set, which is faster and doesn't need a custom response class. Read more in the FastAPI docs: https://fastapi.tiangolo.com/advanced/custom-response/#orjson-or-response-model and https://fastapi.tiangolo.com/tutorial/response-model/
(SGLangHttpServer pid=61811, ip=10.124.45.22)   return await dependant.call(**values)
(GlobalRequestLoadBalancer pid=63858, ip=10.124.45.22) /sgl-workspace/sglang/python/sglang/srt/layers/quantization/awq.py:76: UserWarning: Only CUDA, HIP and XPU support AWQ currently.
(GlobalRequestLoadBalancer pid=63858, ip=10.124.45.22)   warnings.warn(f"Only CUDA, HIP and XPU support AWQ currently.")
(GlobalRequestLoadBalancer pid=63858, ip=10.124.45.22) /sgl-workspace/sglang/python/sglang/srt/layers/quantization/gguf.py:47: UserWarning: Only CUDA support GGUF quantization currently.
(GlobalRequestLoadBalancer pid=63858, ip=10.124.45.22)   warnings.warn(f"Only CUDA support GGUF quantization currently.")
(GlobalRequestLoadBalancer pid=63858, ip=10.124.45.22) /usr/local/lib/python3.12/dist-packages/opentelemetry/proto/collector/logs/v1/logs_service_pb2_grpc.py:21: RuntimeWarning: The grpc package installed is at version 1.59.5, but the generated code in opentelemetry/proto/collector/logs/v1/logs_service_pb2_grpc.py depends on grpcio>=1.63.2. Please upgrade your grpc module to grpcio>=1.63.2 or downgrade your generated code using grpcio-tools<=1.59.5. This warning will become an error in 1.65.0, scheduled for release on June 25, 2024.
(GlobalRequestLoadBalancer pid=63858, ip=10.124.45.22)   warnings.warn(
(GlobalRequestLoadBalancer pid=63858, ip=10.124.45.22) /usr/local/lib/python3.12/dist-packages/opentelemetry/proto/collector/metrics/v1/metrics_service_pb2_grpc.py:21: RuntimeWarning: The grpc package installed is at version 1.59.5, but the generated code in opentelemetry/proto/collector/metrics/v1/metrics_service_pb2_grpc.py depends on grpcio>=1.63.2. Please upgrade your grpc module to grpcio>=1.63.2 or downgrade your generated code using grpcio-tools<=1.59.5. This warning will become an error in 1.65.0, scheduled for release on June 25, 2024.
(GlobalRequestLoadBalancer pid=63858, ip=10.124.45.22)   warnings.warn(
(GlobalRequestLoadBalancer pid=63858, ip=10.124.45.22) /usr/local/lib/python3.12/dist-packages/opentelemetry/proto/collector/trace/v1/trace_service_pb2_grpc.py:21: RuntimeWarning: The grpc package installed is at version 1.59.5, but the generated code in opentelemetry/proto/collector/trace/v1/trace_service_pb2_grpc.py depends on grpcio>=1.63.2. Please upgrade your grpc module to grpcio>=1.63.2 or downgrade your generated code using grpcio-tools<=1.59.5. This warning will become an error in 1.65.0, scheduled for release on June 25, 2024.
(GlobalRequestLoadBalancer pid=63858, ip=10.124.45.22)   warnings.warn(
(GlobalRequestLoadBalancer pid=63858, ip=10.124.45.22) <frozen importlib._bootstrap_external>:1297: FutureWarning: The cuda.cudart module is deprecated and will be removed in a future release, please switch to use the cuda.bindings.runtime module instead.
(GlobalRequestLoadBalancer pid=63858, ip=10.124.45.22) <frozen importlib._bootstrap_external>:1297: FutureWarning: The cuda.nvrtc module is deprecated and will be removed in a future release, please switch to use the cuda.bindings.nvrtc module instead.
(TaskRunner pid=55346, ip=10.124.45.22) Training Progress:   0%|          | 0/1 [00:00<?, ?it/s]
(AgentLoopWorker pid=63868, ip=10.124.45.22) /sgl-workspace/sglang/python/sglang/srt/layers/attention/fla/utils.py:212: UserWarning: Triton is not supported on current platform, roll back to CPU.
(AgentLoopWorker pid=63868, ip=10.124.45.22)   warnings.warn(
(AgentLoopWorker pid=63866, ip=10.124.45.22) /sgl-workspace/sglang/python/sglang/srt/layers/attention/fla/utils.py:212: UserWarning: Triton is not supported on current platform, roll back to CPU.
(AgentLoopWorker pid=63866, ip=10.124.45.22)   warnings.warn(
(AgentLoopWorker pid=63860, ip=10.124.45.22) /sgl-workspace/sglang/python/sglang/srt/layers/attention/fla/utils.py:212: UserWarning: Triton is not supported on current platform, roll back to CPU.
(AgentLoopWorker pid=63860, ip=10.124.45.22)   warnings.warn(
(AgentLoopWorker pid=63877, ip=10.124.45.22) /sgl-workspace/sglang/python/sglang/srt/layers/attention/fla/utils.py:212: UserWarning: Triton is not supported on current platform, roll back to CPU.
(AgentLoopWorker pid=63877, ip=10.124.45.22)   warnings.warn(
(AgentLoopWorker pid=63871, ip=10.124.45.22) /sgl-workspace/sglang/python/sglang/srt/layers/attention/fla/utils.py:212: UserWarning: Triton is not supported on current platform, roll back to CPU.
(AgentLoopWorker pid=63871, ip=10.124.45.22)   warnings.warn(
(AgentLoopWorker pid=63881, ip=10.124.45.22) /sgl-workspace/sglang/python/sglang/srt/layers/attention/fla/utils.py:212: UserWarning: Triton is not supported on current platform, roll back to CPU.
(AgentLoopWorker pid=63881, ip=10.124.45.22)   warnings.warn(
(AgentLoopWorker pid=63874, ip=10.124.45.22) /sgl-workspace/sglang/python/sglang/srt/layers/attention/fla/utils.py:212: UserWarning: Triton is not supported on current platform, roll back to CPU.
(AgentLoopWorker pid=63874, ip=10.124.45.22)   warnings.warn(
(AgentLoopWorker pid=63867, ip=10.124.45.22) /sgl-workspace/sglang/python/sglang/srt/layers/attention/fla/utils.py:212: UserWarning: Triton is not supported on current platform, roll back to CPU.
(AgentLoopWorker pid=63867, ip=10.124.45.22)   warnings.warn(
(AgentLoopWorker pid=63877, ip=10.124.45.22) /sgl-workspace/sglang/python/sglang/srt/layers/quantization/awq.py:76: UserWarning: Only CUDA, HIP and XPU support AWQ currently.
(AgentLoopWorker pid=63877, ip=10.124.45.22)   warnings.warn(f"Only CUDA, HIP and XPU support AWQ currently.")
(AgentLoopWorker pid=63860, ip=10.124.45.22) /sgl-workspace/sglang/python/sglang/srt/layers/quantization/awq.py:76: UserWarning: Only CUDA, HIP and XPU support AWQ currently.
(AgentLoopWorker pid=63860, ip=10.124.45.22)   warnings.warn(f"Only CUDA, HIP and XPU support AWQ currently.")
(AgentLoopWorker pid=63866, ip=10.124.45.22) /sgl-workspace/sglang/python/sglang/srt/layers/quantization/awq.py:76: UserWarning: Only CUDA, HIP and XPU support AWQ currently.
(AgentLoopWorker pid=63866, ip=10.124.45.22)   warnings.warn(f"Only CUDA, HIP and XPU support AWQ currently.")
(AgentLoopWorker pid=63877, ip=10.124.45.22) /sgl-workspace/sglang/python/sglang/srt/layers/quantization/gguf.py:47: UserWarning: Only CUDA support GGUF quantization currently.
(AgentLoopWorker pid=63877, ip=10.124.45.22)   warnings.warn(f"Only CUDA support GGUF quantization currently.")
(AgentLoopWorker pid=63874, ip=10.124.45.22) /sgl-workspace/sglang/python/sglang/srt/layers/quantization/awq.py:76: UserWarning: Only CUDA, HIP and XPU support AWQ currently.
(AgentLoopWorker pid=63874, ip=10.124.45.22)   warnings.warn(f"Only CUDA, HIP and XPU support AWQ currently.")
(AgentLoopWorker pid=63866, ip=10.124.45.22) /sgl-workspace/sglang/python/sglang/srt/layers/quantization/gguf.py:47: UserWarning: Only CUDA support GGUF quantization currently.
(AgentLoopWorker pid=63866, ip=10.124.45.22)   warnings.warn(f"Only CUDA support GGUF quantization currently.")
(AgentLoopWorker pid=63860, ip=10.124.45.22) /sgl-workspace/sglang/python/sglang/srt/layers/quantization/gguf.py:47: UserWarning: Only CUDA support GGUF quantization currently.
(AgentLoopWorker pid=63860, ip=10.124.45.22)   warnings.warn(f"Only CUDA support GGUF quantization currently.")
(AgentLoopWorker pid=63871, ip=10.124.45.22) /sgl-workspace/sglang/python/sglang/srt/layers/quantization/awq.py:76: UserWarning: Only CUDA, HIP and XPU support AWQ currently.
(AgentLoopWorker pid=63871, ip=10.124.45.22)   warnings.warn(f"Only CUDA, HIP and XPU support AWQ currently.")
(AgentLoopWorker pid=63881, ip=10.124.45.22) /sgl-workspace/sglang/python/sglang/srt/layers/quantization/awq.py:76: UserWarning: Only CUDA, HIP and XPU support AWQ currently.
(AgentLoopWorker pid=63881, ip=10.124.45.22)   warnings.warn(f"Only CUDA, HIP and XPU support AWQ currently.")
(AgentLoopWorker pid=63868, ip=10.124.45.22) /sgl-workspace/sglang/python/sglang/srt/layers/quantization/awq.py:76: UserWarning: Only CUDA, HIP and XPU support AWQ currently.
(AgentLoopWorker pid=63868, ip=10.124.45.22)   warnings.warn(f"Only CUDA, HIP and XPU support AWQ currently.")
(AgentLoopWorker pid=63871, ip=10.124.45.22) /sgl-workspace/sglang/python/sglang/srt/layers/quantization/gguf.py:47: UserWarning: Only CUDA support GGUF quantization currently.
(AgentLoopWorker pid=63871, ip=10.124.45.22)   warnings.warn(f"Only CUDA support GGUF quantization currently.")
(AgentLoopWorker pid=63881, ip=10.124.45.22) /sgl-workspace/sglang/python/sglang/srt/layers/quantization/gguf.py:47: UserWarning: Only CUDA support GGUF quantization currently.
(AgentLoopWorker pid=63881, ip=10.124.45.22)   warnings.warn(f"Only CUDA support GGUF quantization currently.")
(AgentLoopWorker pid=63874, ip=10.124.45.22) /sgl-workspace/sglang/python/sglang/srt/layers/quantization/gguf.py:47: UserWarning: Only CUDA support GGUF quantization currently.
(AgentLoopWorker pid=63874, ip=10.124.45.22)   warnings.warn(f"Only CUDA support GGUF quantization currently.")
