(SGLangHttpServer pid=401442, ip=10.124.45.23) Capturing batches (bs=160 avail_mem=27.42 GB):  36%|███▌      | 13/36 [00:01<00:01, 13.48it/s]Capturing batches (bs=152 avail_mem=27.41 GB):  36%|███▌      | 13/36 [00:01<00:01, 13.48it/s]
(SGLangHttpServer pid=401442, ip=10.124.45.23) Capturing batches (bs=144 avail_mem=27.41 GB):  36%|███▌      | 13/36 [00:01<00:01, 13.48it/s]
(SGLangHttpServer pid=401427, ip=10.124.45.23) Capturing batches (bs=144 avail_mem=28.64 GB):  36%|███▌      | 13/36 [00:01<00:01, 13.67it/s]Capturing batches (bs=144 avail_mem=28.64 GB):  42%|████▏     | 15/36 [00:01<00:01, 14.32it/s]Capturing batches (bs=136 avail_mem=28.63 GB):  42%|████▏     | 15/36 [00:01<00:01, 14.32it/s]
(SGLangHttpServer pid=401428, ip=10.124.45.23) Capturing batches (bs=176 avail_mem=27.43 GB):  31%|███       | 11/36 [00:00<00:01, 13.33it/s]Capturing batches (bs=168 avail_mem=27.42 GB):  31%|███       | 11/36 [00:00<00:01, 13.33it/s]Capturing batches (bs=160 avail_mem=27.42 GB):  31%|███       | 11/36 [00:01<00:01, 13.33it/s]
(SGLangHttpServer pid=401434, ip=10.124.45.23) Capturing batches (bs=160 avail_mem=27.42 GB):  36%|███▌      | 13/36 [00:01<00:01, 13.13it/s]Capturing batches (bs=152 avail_mem=27.41 GB):  36%|███▌      | 13/36 [00:01<00:01, 13.13it/s]
(SGLangHttpServer pid=401431, ip=10.124.45.23) Capturing batches (bs=40 avail_mem=27.33 GB):  69%|██████▉   | 25/36 [00:01<00:00, 17.28it/s]Capturing batches (bs=40 avail_mem=27.33 GB):  78%|███████▊  | 28/36 [00:01<00:00, 18.48it/s]Capturing batches (bs=32 avail_mem=27.33 GB):  78%|███████▊  | 28/36 [00:01<00:00, 18.48it/s]
(SGLangHttpServer pid=401437, ip=10.124.45.23) Capturing batches (bs=144 avail_mem=27.41 GB):  42%|████▏     | 15/36 [00:01<00:01, 14.33it/s]Capturing batches (bs=136 avail_mem=27.40 GB):  42%|████▏     | 15/36 [00:01<00:01, 14.33it/s]
(SGLangHttpServer pid=401445, ip=10.124.45.23) Capturing batches (bs=96 avail_mem=27.37 GB):  53%|█████▎    | 19/36 [00:01<00:01, 15.45it/s] Capturing batches (bs=96 avail_mem=27.37 GB):  58%|█████▊    | 21/36 [00:01<00:00, 16.46it/s]Capturing batches (bs=88 avail_mem=27.36 GB):  58%|█████▊    | 21/36 [00:01<00:00, 16.46it/s]
(SGLangHttpServer pid=401448, ip=10.124.45.23) Capturing batches (bs=144 avail_mem=27.41 GB):  36%|███▌      | 13/36 [00:01<00:01, 13.32it/s]Capturing batches (bs=144 avail_mem=27.41 GB):  42%|████▏     | 15/36 [00:01<00:01, 14.02it/s]Capturing batches (bs=136 avail_mem=27.40 GB):  42%|████▏     | 15/36 [00:01<00:01, 14.02it/s]
(SGLangHttpServer pid=401442, ip=10.124.45.23) Capturing batches (bs=144 avail_mem=27.41 GB):  42%|████▏     | 15/36 [00:01<00:01, 14.16it/s]Capturing batches (bs=136 avail_mem=27.40 GB):  42%|████▏     | 15/36 [00:01<00:01, 14.16it/s]
(SGLangHttpServer pid=401427, ip=10.124.45.23) Capturing batches (bs=128 avail_mem=28.63 GB):  42%|████▏     | 15/36 [00:01<00:01, 14.32it/s]Capturing batches (bs=128 avail_mem=28.63 GB):  47%|████▋     | 17/36 [00:01<00:01, 14.60it/s]Capturing batches (bs=120 avail_mem=28.62 GB):  47%|████▋     | 17/36 [00:01<00:01, 14.60it/s]
(SGLangHttpServer pid=401428, ip=10.124.45.23) Capturing batches (bs=160 avail_mem=27.42 GB):  36%|███▌      | 13/36 [00:01<00:01, 13.39it/s]Capturing batches (bs=152 avail_mem=27.41 GB):  36%|███▌      | 13/36 [00:01<00:01, 13.39it/s]
(SGLangHttpServer pid=401434, ip=10.124.45.23) Capturing batches (bs=144 avail_mem=27.41 GB):  36%|███▌      | 13/36 [00:01<00:01, 13.13it/s]Capturing batches (bs=144 avail_mem=27.41 GB):  42%|████▏     | 15/36 [00:01<00:01, 13.44it/s]Capturing batches (bs=136 avail_mem=27.40 GB):  42%|████▏     | 15/36 [00:01<00:01, 13.44it/s]
(SGLangHttpServer pid=401431, ip=10.124.45.23) Capturing batches (bs=24 avail_mem=27.32 GB):  78%|███████▊  | 28/36 [00:01<00:00, 18.48it/s]Capturing batches (bs=16 avail_mem=27.32 GB):  78%|███████▊  | 28/36 [00:02<00:00, 18.48it/s]
(SGLangHttpServer pid=401437, ip=10.124.45.23) Capturing batches (bs=128 avail_mem=27.40 GB):  42%|████▏     | 15/36 [00:01<00:01, 14.33it/s]Capturing batches (bs=128 avail_mem=27.40 GB):  47%|████▋     | 17/36 [00:01<00:01, 14.24it/s]Capturing batches (bs=120 avail_mem=27.39 GB):  47%|████▋     | 17/36 [00:01<00:01, 14.24it/s]
(SGLangHttpServer pid=401445, ip=10.124.45.23) Capturing batches (bs=80 avail_mem=27.36 GB):  58%|█████▊    | 21/36 [00:01<00:00, 16.46it/s]Capturing batches (bs=80 avail_mem=27.36 GB):  64%|██████▍   | 23/36 [00:01<00:00, 16.58it/s]Capturing batches (bs=72 avail_mem=27.35 GB):  64%|██████▍   | 23/36 [00:01<00:00, 16.58it/s]
(SGLangHttpServer pid=401448, ip=10.124.45.23) Capturing batches (bs=128 avail_mem=27.40 GB):  42%|████▏     | 15/36 [00:01<00:01, 14.02it/s]Capturing batches (bs=128 avail_mem=27.40 GB):  47%|████▋     | 17/36 [00:01<00:01, 14.38it/s]Capturing batches (bs=120 avail_mem=27.39 GB):  47%|████▋     | 17/36 [00:01<00:01, 14.38it/s]
(SGLangHttpServer pid=401442, ip=10.124.45.23) Capturing batches (bs=128 avail_mem=27.40 GB):  42%|████▏     | 15/36 [00:01<00:01, 14.16it/s]Capturing batches (bs=128 avail_mem=27.40 GB):  47%|████▋     | 17/36 [00:01<00:01, 14.46it/s]Capturing batches (bs=120 avail_mem=27.39 GB):  47%|████▋     | 17/36 [00:01<00:01, 14.46it/s]
(SGLangHttpServer pid=401427, ip=10.124.45.23) Capturing batches (bs=112 avail_mem=28.61 GB):  47%|████▋     | 17/36 [00:01<00:01, 14.60it/s]Capturing batches (bs=112 avail_mem=28.61 GB):  53%|█████▎    | 19/36 [00:01<00:01, 15.60it/s]Capturing batches (bs=104 avail_mem=28.60 GB):  53%|█████▎    | 19/36 [00:01<00:01, 15.60it/s]
(SGLangHttpServer pid=401428, ip=10.124.45.23) Capturing batches (bs=144 avail_mem=27.41 GB):  36%|███▌      | 13/36 [00:01<00:01, 13.39it/s]Capturing batches (bs=144 avail_mem=27.41 GB):  42%|████▏     | 15/36 [00:01<00:01, 14.03it/s]Capturing batches (bs=136 avail_mem=27.40 GB):  42%|████▏     | 15/36 [00:01<00:01, 14.03it/s]
(SGLangHttpServer pid=401434, ip=10.124.45.23) Capturing batches (bs=128 avail_mem=27.40 GB):  42%|████▏     | 15/36 [00:01<00:01, 13.44it/s]Capturing batches (bs=128 avail_mem=27.40 GB):  47%|████▋     | 17/36 [00:01<00:01, 14.31it/s]Capturing batches (bs=120 avail_mem=27.39 GB):  47%|████▋     | 17/36 [00:01<00:01, 14.31it/s]
(SGLangHttpServer pid=401431, ip=10.124.45.23) Capturing batches (bs=16 avail_mem=27.32 GB):  86%|████████▌ | 31/36 [00:02<00:00, 17.56it/s]Capturing batches (bs=12 avail_mem=27.31 GB):  86%|████████▌ | 31/36 [00:02<00:00, 17.56it/s]Capturing batches (bs=8 avail_mem=27.31 GB):  86%|████████▌ | 31/36 [00:02<00:00, 17.56it/s] 
(SGLangHttpServer pid=401437, ip=10.124.45.23) Capturing batches (bs=112 avail_mem=27.38 GB):  47%|████▋     | 17/36 [00:01<00:01, 14.24it/s]Capturing batches (bs=112 avail_mem=27.38 GB):  53%|█████▎    | 19/36 [00:01<00:01, 15.29it/s]Capturing batches (bs=104 avail_mem=27.38 GB):  53%|█████▎    | 19/36 [00:01<00:01, 15.29it/s]
(SGLangHttpServer pid=401445, ip=10.124.45.23) Capturing batches (bs=64 avail_mem=27.35 GB):  64%|██████▍   | 23/36 [00:01<00:00, 16.58it/s]Capturing batches (bs=64 avail_mem=27.35 GB):  69%|██████▉   | 25/36 [00:01<00:00, 17.25it/s]Capturing batches (bs=56 avail_mem=27.34 GB):  69%|██████▉   | 25/36 [00:01<00:00, 17.25it/s]
(SGLangHttpServer pid=401448, ip=10.124.45.23) Capturing batches (bs=112 avail_mem=27.38 GB):  47%|████▋     | 17/36 [00:01<00:01, 14.38it/s]Capturing batches (bs=112 avail_mem=27.38 GB):  53%|█████▎    | 19/36 [00:01<00:01, 15.41it/s]Capturing batches (bs=104 avail_mem=27.38 GB):  53%|█████▎    | 19/36 [00:01<00:01, 15.41it/s]
(SGLangHttpServer pid=401442, ip=10.124.45.23) Capturing batches (bs=112 avail_mem=27.38 GB):  47%|████▋     | 17/36 [00:01<00:01, 14.46it/s]Capturing batches (bs=112 avail_mem=27.38 GB):  53%|█████▎    | 19/36 [00:01<00:01, 15.39it/s]Capturing batches (bs=104 avail_mem=27.38 GB):  53%|█████▎    | 19/36 [00:01<00:01, 15.39it/s]
(SGLangHttpServer pid=401445, ip=10.124.45.23) Capturing batches (bs=48 avail_mem=27.34 GB):  69%|██████▉   | 25/36 [00:01<00:00, 17.25it/s]
(SGLangHttpServer pid=401427, ip=10.124.45.23) Capturing batches (bs=96 avail_mem=28.60 GB):  53%|█████▎    | 19/36 [00:01<00:01, 15.60it/s] 
(SGLangHttpServer pid=401428, ip=10.124.45.23) Capturing batches (bs=128 avail_mem=27.40 GB):  42%|████▏     | 15/36 [00:01<00:01, 14.03it/s]
(SGLangHttpServer pid=401434, ip=10.124.45.23) Capturing batches (bs=112 avail_mem=27.38 GB):  47%|████▋     | 17/36 [00:01<00:01, 14.31it/s]Capturing batches (bs=112 avail_mem=27.38 GB):  53%|█████▎    | 19/36 [00:01<00:01, 14.73it/s]Capturing batches (bs=104 avail_mem=27.38 GB):  53%|█████▎    | 19/36 [00:01<00:01, 14.73it/s]
(SGLangHttpServer pid=401431, ip=10.124.45.23) Capturing batches (bs=4 avail_mem=27.30 GB):  86%|████████▌ | 31/36 [00:02<00:00, 17.56it/s]Capturing batches (bs=4 avail_mem=27.30 GB):  94%|█████████▍| 34/36 [00:02<00:00, 18.37it/s]Capturing batches (bs=2 avail_mem=27.30 GB):  94%|█████████▍| 34/36 [00:02<00:00, 18.37it/s]
(SGLangHttpServer pid=401437, ip=10.124.45.23) Capturing batches (bs=96 avail_mem=27.37 GB):  53%|█████▎    | 19/36 [00:01<00:01, 15.29it/s] Capturing batches (bs=96 avail_mem=27.37 GB):  58%|█████▊    | 21/36 [00:01<00:00, 15.38it/s]Capturing batches (bs=88 avail_mem=27.36 GB):  58%|█████▊    | 21/36 [00:01<00:00, 15.38it/s]
(SGLangHttpServer pid=401445, ip=10.124.45.23) Capturing batches (bs=48 avail_mem=27.34 GB):  75%|███████▌  | 27/36 [00:01<00:00, 17.39it/s]Capturing batches (bs=40 avail_mem=27.33 GB):  75%|███████▌  | 27/36 [00:01<00:00, 17.39it/s]
(SGLangHttpServer pid=401448, ip=10.124.45.23) Capturing batches (bs=96 avail_mem=27.37 GB):  53%|█████▎    | 19/36 [00:01<00:01, 15.41it/s] Capturing batches (bs=96 avail_mem=27.37 GB):  58%|█████▊    | 21/36 [00:01<00:00, 15.48it/s]
(SGLangHttpServer pid=401442, ip=10.124.45.23) Capturing batches (bs=96 avail_mem=27.37 GB):  53%|█████▎    | 19/36 [00:01<00:01, 15.39it/s] Capturing batches (bs=96 avail_mem=27.37 GB):  58%|█████▊    | 21/36 [00:01<00:00, 15.27it/s]Capturing batches (bs=88 avail_mem=27.36 GB):  58%|█████▊    | 21/36 [00:01<00:00, 15.27it/s]
(SGLangHttpServer pid=401428, ip=10.124.45.23) Capturing batches (bs=128 avail_mem=27.40 GB):  47%|████▋     | 17/36 [00:01<00:01, 14.17it/s]
(SGLangHttpServer pid=401448, ip=10.124.45.23) Capturing batches (bs=88 avail_mem=27.36 GB):  58%|█████▊    | 21/36 [00:01<00:00, 15.48it/s]
(SGLangHttpServer pid=401428, ip=10.124.45.23) Capturing batches (bs=120 avail_mem=27.39 GB):  47%|████▋     | 17/36 [00:01<00:01, 14.17it/s]
(SGLangHttpServer pid=401427, ip=10.124.45.23) Capturing batches (bs=96 avail_mem=28.60 GB):  58%|█████▊    | 21/36 [00:01<00:01, 14.96it/s]Capturing batches (bs=88 avail_mem=28.59 GB):  58%|█████▊    | 21/36 [00:01<00:01, 14.96it/s]Capturing batches (bs=80 avail_mem=28.59 GB):  58%|█████▊    | 21/36 [00:01<00:01, 14.96it/s]
(SGLangHttpServer pid=401428, ip=10.124.45.23) Capturing batches (bs=112 avail_mem=27.38 GB):  47%|████▋     | 17/36 [00:01<00:01, 14.17it/s]
(SGLangHttpServer pid=401434, ip=10.124.45.23) Capturing batches (bs=96 avail_mem=27.37 GB):  53%|█████▎    | 19/36 [00:01<00:01, 14.73it/s] 
(SGLangHttpServer pid=401431, ip=10.124.45.23) Capturing batches (bs=1 avail_mem=27.29 GB):  94%|█████████▍| 34/36 [00:02<00:00, 18.37it/s]Capturing batches (bs=1 avail_mem=27.29 GB): 100%|██████████| 36/36 [00:02<00:00, 18.54it/s]Capturing batches (bs=1 avail_mem=27.29 GB): 100%|██████████| 36/36 [00:02<00:00, 15.24it/s]
(SGLangHttpServer pid=401437, ip=10.124.45.23) Capturing batches (bs=80 avail_mem=27.36 GB):  58%|█████▊    | 21/36 [00:01<00:00, 15.38it/s]
(SGLangHttpServer pid=401445, ip=10.124.45.23) Capturing batches (bs=32 avail_mem=27.33 GB):  75%|███████▌  | 27/36 [00:01<00:00, 17.39it/s]Capturing batches (bs=32 avail_mem=27.33 GB):  81%|████████  | 29/36 [00:02<00:00, 17.36it/s]Capturing batches (bs=24 avail_mem=27.32 GB):  81%|████████  | 29/36 [00:02<00:00, 17.36it/s]
(SGLangHttpServer pid=401448, ip=10.124.45.23) Capturing batches (bs=80 avail_mem=27.36 GB):  58%|█████▊    | 21/36 [00:01<00:00, 15.48it/s]
(SGLangHttpServer pid=401442, ip=10.124.45.23) Capturing batches (bs=80 avail_mem=27.36 GB):  58%|█████▊    | 21/36 [00:01<00:00, 15.27it/s]
(SGLangHttpServer pid=401434, ip=10.124.45.23) Capturing batches (bs=96 avail_mem=27.37 GB):  58%|█████▊    | 21/36 [00:01<00:01, 14.79it/s]Capturing batches (bs=88 avail_mem=27.36 GB):  58%|█████▊    | 21/36 [00:01<00:01, 14.79it/s]
(SGLangHttpServer pid=401437, ip=10.124.45.23) Capturing batches (bs=80 avail_mem=27.36 GB):  64%|██████▍   | 23/36 [00:01<00:00, 15.26it/s]Capturing batches (bs=72 avail_mem=27.35 GB):  64%|██████▍   | 23/36 [00:01<00:00, 15.26it/s]
(SGLangHttpServer pid=401445, ip=10.124.45.23) Capturing batches (bs=16 avail_mem=27.32 GB):  81%|████████  | 29/36 [00:02<00:00, 17.36it/s]
(SGLangHttpServer pid=401427, ip=10.124.45.23) Capturing batches (bs=80 avail_mem=28.59 GB):  64%|██████▍   | 23/36 [00:01<00:00, 14.52it/s]Capturing batches (bs=72 avail_mem=28.58 GB):  64%|██████▍   | 23/36 [00:01<00:00, 14.52it/s]Capturing batches (bs=64 avail_mem=28.58 GB):  64%|██████▍   | 23/36 [00:01<00:00, 14.52it/s]
(SGLangHttpServer pid=401428, ip=10.124.45.23) Capturing batches (bs=112 avail_mem=27.38 GB):  53%|█████▎    | 19/36 [00:01<00:01, 13.85it/s]Capturing batches (bs=104 avail_mem=27.38 GB):  53%|█████▎    | 19/36 [00:01<00:01, 13.85it/s]Capturing batches (bs=96 avail_mem=27.37 GB):  53%|█████▎    | 19/36 [00:01<00:01, 13.85it/s] 
(SGLangHttpServer pid=401434, ip=10.124.45.23) Capturing batches (bs=80 avail_mem=27.36 GB):  58%|█████▊    | 21/36 [00:01<00:01, 14.79it/s]Capturing batches (bs=80 avail_mem=27.36 GB):  64%|██████▍   | 23/36 [00:01<00:00, 15.90it/s]Capturing batches (bs=72 avail_mem=27.35 GB):  64%|██████▍   | 23/36 [00:01<00:00, 15.90it/s]
(SGLangHttpServer pid=401437, ip=10.124.45.23) Capturing batches (bs=64 avail_mem=27.35 GB):  64%|██████▍   | 23/36 [00:01<00:00, 15.26it/s]Capturing batches (bs=64 avail_mem=27.35 GB):  69%|██████▉   | 25/36 [00:01<00:00, 16.31it/s]Capturing batches (bs=56 avail_mem=27.34 GB):  69%|██████▉   | 25/36 [00:01<00:00, 16.31it/s]
(SGLangHttpServer pid=401445, ip=10.124.45.23) Capturing batches (bs=16 avail_mem=27.32 GB):  86%|████████▌ | 31/36 [00:02<00:00, 16.47it/s]Capturing batches (bs=12 avail_mem=27.31 GB):  86%|████████▌ | 31/36 [00:02<00:00, 16.47it/s]
(SGLangHttpServer pid=401448, ip=10.124.45.23) Capturing batches (bs=80 avail_mem=27.36 GB):  64%|██████▍   | 23/36 [00:01<00:00, 15.28it/s]Capturing batches (bs=72 avail_mem=27.35 GB):  64%|██████▍   | 23/36 [00:01<00:00, 15.28it/s]Capturing batches (bs=64 avail_mem=27.35 GB):  64%|██████▍   | 23/36 [00:01<00:00, 15.28it/s]
(SGLangHttpServer pid=401442, ip=10.124.45.23) Capturing batches (bs=80 avail_mem=27.36 GB):  64%|██████▍   | 23/36 [00:01<00:00, 15.15it/s]Capturing batches (bs=72 avail_mem=27.35 GB):  64%|██████▍   | 23/36 [00:01<00:00, 15.15it/s]Capturing batches (bs=64 avail_mem=27.35 GB):  64%|██████▍   | 23/36 [00:01<00:00, 15.15it/s]
(SGLangHttpServer pid=401427, ip=10.124.45.23) Capturing batches (bs=64 avail_mem=28.58 GB):  69%|██████▉   | 25/36 [00:01<00:00, 15.53it/s]Capturing batches (bs=56 avail_mem=28.57 GB):  69%|██████▉   | 25/36 [00:01<00:00, 15.53it/s]Capturing batches (bs=48 avail_mem=28.57 GB):  69%|██████▉   | 25/36 [00:01<00:00, 15.53it/s]
(SGLangHttpServer pid=401428, ip=10.124.45.23) Capturing batches (bs=96 avail_mem=27.37 GB):  58%|█████▊    | 21/36 [00:01<00:01, 14.89it/s]Capturing batches (bs=88 avail_mem=27.36 GB):  58%|█████▊    | 21/36 [00:01<00:01, 14.89it/s]Capturing batches (bs=80 avail_mem=27.36 GB):  58%|█████▊    | 21/36 [00:01<00:01, 14.89it/s]
(SGLangHttpServer pid=401434, ip=10.124.45.23) Capturing batches (bs=64 avail_mem=27.35 GB):  64%|██████▍   | 23/36 [00:01<00:00, 15.90it/s]Capturing batches (bs=64 avail_mem=27.35 GB):  69%|██████▉   | 25/36 [00:01<00:00, 16.38it/s]Capturing batches (bs=56 avail_mem=27.34 GB):  69%|██████▉   | 25/36 [00:01<00:00, 16.38it/s]
(SGLangHttpServer pid=401437, ip=10.124.45.23) Capturing batches (bs=48 avail_mem=27.34 GB):  69%|██████▉   | 25/36 [00:01<00:00, 16.31it/s]Capturing batches (bs=48 avail_mem=27.34 GB):  75%|███████▌  | 27/36 [00:01<00:00, 16.73it/s]Capturing batches (bs=40 avail_mem=27.33 GB):  75%|███████▌  | 27/36 [00:01<00:00, 16.73it/s]
(SGLangHttpServer pid=401445, ip=10.124.45.23) Capturing batches (bs=8 avail_mem=27.31 GB):  86%|████████▌ | 31/36 [00:02<00:00, 16.47it/s] Capturing batches (bs=8 avail_mem=27.31 GB):  92%|█████████▏| 33/36 [00:02<00:00, 17.38it/s]Capturing batches (bs=4 avail_mem=27.30 GB):  92%|█████████▏| 33/36 [00:02<00:00, 17.38it/s]
(SGLangHttpServer pid=401448, ip=10.124.45.23) Capturing batches (bs=64 avail_mem=27.35 GB):  69%|██████▉   | 25/36 [00:01<00:00, 16.05it/s]Capturing batches (bs=56 avail_mem=27.34 GB):  69%|██████▉   | 25/36 [00:01<00:00, 16.05it/s]Capturing batches (bs=48 avail_mem=27.34 GB):  69%|██████▉   | 25/36 [00:01<00:00, 16.05it/s]
(SGLangHttpServer pid=401442, ip=10.124.45.23) Capturing batches (bs=64 avail_mem=27.35 GB):  69%|██████▉   | 25/36 [00:01<00:00, 16.03it/s]Capturing batches (bs=56 avail_mem=27.34 GB):  69%|██████▉   | 25/36 [00:01<00:00, 16.03it/s]Capturing batches (bs=48 avail_mem=27.34 GB):  69%|██████▉   | 25/36 [00:01<00:00, 16.03it/s]
(SGLangHttpServer pid=401427, ip=10.124.45.23) Capturing batches (bs=48 avail_mem=28.57 GB):  75%|███████▌  | 27/36 [00:01<00:00, 16.11it/s]Capturing batches (bs=40 avail_mem=28.56 GB):  75%|███████▌  | 27/36 [00:01<00:00, 16.11it/s]Capturing batches (bs=32 avail_mem=28.56 GB):  75%|███████▌  | 27/36 [00:02<00:00, 16.11it/s]
(SGLangHttpServer pid=401428, ip=10.124.45.23) Capturing batches (bs=80 avail_mem=27.36 GB):  64%|██████▍   | 23/36 [00:01<00:00, 15.16it/s]Capturing batches (bs=72 avail_mem=27.35 GB):  64%|██████▍   | 23/36 [00:01<00:00, 15.16it/s]Capturing batches (bs=64 avail_mem=27.35 GB):  64%|██████▍   | 23/36 [00:01<00:00, 15.16it/s]
(SGLangHttpServer pid=401434, ip=10.124.45.23) Capturing batches (bs=48 avail_mem=27.34 GB):  69%|██████▉   | 25/36 [00:02<00:00, 16.38it/s]Capturing batches (bs=48 avail_mem=27.34 GB):  75%|███████▌  | 27/36 [00:02<00:00, 16.90it/s]Capturing batches (bs=40 avail_mem=27.33 GB):  75%|███████▌  | 27/36 [00:02<00:00, 16.90it/s]
(SGLangHttpServer pid=401437, ip=10.124.45.23) Capturing batches (bs=32 avail_mem=27.33 GB):  75%|███████▌  | 27/36 [00:01<00:00, 16.73it/s]Capturing batches (bs=32 avail_mem=27.33 GB):  81%|████████  | 29/36 [00:02<00:00, 17.25it/s]Capturing batches (bs=24 avail_mem=27.32 GB):  81%|████████  | 29/36 [00:02<00:00, 17.25it/s]
(SGLangHttpServer pid=401445, ip=10.124.45.23) Capturing batches (bs=2 avail_mem=27.30 GB):  92%|█████████▏| 33/36 [00:02<00:00, 17.38it/s]Capturing batches (bs=1 avail_mem=27.29 GB):  92%|█████████▏| 33/36 [00:02<00:00, 17.38it/s]Capturing batches (bs=1 avail_mem=27.29 GB): 100%|██████████| 36/36 [00:02<00:00, 18.48it/s]Capturing batches (bs=1 avail_mem=27.29 GB): 100%|██████████| 36/36 [00:02<00:00, 15.03it/s]
(SGLangHttpServer pid=401448, ip=10.124.45.23) Capturing batches (bs=48 avail_mem=27.34 GB):  75%|███████▌  | 27/36 [00:01<00:00, 16.26it/s]Capturing batches (bs=40 avail_mem=27.33 GB):  75%|███████▌  | 27/36 [00:01<00:00, 16.26it/s]Capturing batches (bs=32 avail_mem=27.33 GB):  75%|███████▌  | 27/36 [00:02<00:00, 16.26it/s]
(SGLangHttpServer pid=401442, ip=10.124.45.23) Capturing batches (bs=48 avail_mem=27.34 GB):  75%|███████▌  | 27/36 [00:01<00:00, 16.07it/s]Capturing batches (bs=40 avail_mem=27.33 GB):  75%|███████▌  | 27/36 [00:01<00:00, 16.07it/s]Capturing batches (bs=32 avail_mem=27.33 GB):  75%|███████▌  | 27/36 [00:02<00:00, 16.07it/s]
(SGLangHttpServer pid=401427, ip=10.124.45.23) Capturing batches (bs=32 avail_mem=28.56 GB):  81%|████████  | 29/36 [00:02<00:00, 16.69it/s]Capturing batches (bs=24 avail_mem=28.55 GB):  81%|████████  | 29/36 [00:02<00:00, 16.69it/s]Capturing batches (bs=16 avail_mem=28.55 GB):  81%|████████  | 29/36 [00:02<00:00, 16.69it/s]
(SGLangHttpServer pid=401428, ip=10.124.45.23) Capturing batches (bs=64 avail_mem=27.35 GB):  69%|██████▉   | 25/36 [00:01<00:00, 16.08it/s]Capturing batches (bs=56 avail_mem=27.34 GB):  69%|██████▉   | 25/36 [00:01<00:00, 16.08it/s]Capturing batches (bs=48 avail_mem=27.34 GB):  69%|██████▉   | 25/36 [00:01<00:00, 16.08it/s]
(SGLangHttpServer pid=401434, ip=10.124.45.23) Capturing batches (bs=32 avail_mem=27.33 GB):  75%|███████▌  | 27/36 [00:02<00:00, 16.90it/s]Capturing batches (bs=32 avail_mem=27.33 GB):  81%|████████  | 29/36 [00:02<00:00, 17.30it/s]
(SGLangHttpServer pid=401437, ip=10.124.45.23) Capturing batches (bs=16 avail_mem=27.32 GB):  81%|████████  | 29/36 [00:02<00:00, 17.25it/s]
(SGLangHttpServer pid=401448, ip=10.124.45.23) Capturing batches (bs=32 avail_mem=27.33 GB):  81%|████████  | 29/36 [00:02<00:00, 17.02it/s]Capturing batches (bs=24 avail_mem=27.32 GB):  81%|████████  | 29/36 [00:02<00:00, 17.02it/s]Capturing batches (bs=16 avail_mem=27.32 GB):  81%|████████  | 29/36 [00:02<00:00, 17.02it/s]
(SGLangHttpServer pid=401442, ip=10.124.45.23) Capturing batches (bs=32 avail_mem=27.33 GB):  81%|████████  | 29/36 [00:02<00:00, 16.76it/s]Capturing batches (bs=24 avail_mem=27.32 GB):  81%|████████  | 29/36 [00:02<00:00, 16.76it/s]Capturing batches (bs=16 avail_mem=27.32 GB):  81%|████████  | 29/36 [00:02<00:00, 16.76it/s]
(SGLangHttpServer pid=401434, ip=10.124.45.23) Capturing batches (bs=24 avail_mem=27.32 GB):  81%|████████  | 29/36 [00:02<00:00, 17.30it/s]
(SGLangHttpServer pid=401427, ip=10.124.45.23) Capturing batches (bs=16 avail_mem=28.55 GB):  86%|████████▌ | 31/36 [00:02<00:00, 15.50it/s]Capturing batches (bs=12 avail_mem=28.54 GB):  86%|████████▌ | 31/36 [00:02<00:00, 15.50it/s]
(SGLangHttpServer pid=401428, ip=10.124.45.23) Capturing batches (bs=48 avail_mem=27.34 GB):  75%|███████▌  | 27/36 [00:01<00:00, 16.33it/s]Capturing batches (bs=40 avail_mem=27.33 GB):  75%|███████▌  | 27/36 [00:01<00:00, 16.33it/s]Capturing batches (bs=32 avail_mem=27.33 GB):  75%|███████▌  | 27/36 [00:02<00:00, 16.33it/s]
(SGLangHttpServer pid=401434, ip=10.124.45.23) Capturing batches (bs=16 avail_mem=27.32 GB):  81%|████████  | 29/36 [00:02<00:00, 17.30it/s]
(SGLangHttpServer pid=401437, ip=10.124.45.23) Capturing batches (bs=16 avail_mem=27.32 GB):  86%|████████▌ | 31/36 [00:02<00:00, 16.40it/s]Capturing batches (bs=12 avail_mem=27.31 GB):  86%|████████▌ | 31/36 [00:02<00:00, 16.40it/s]Capturing batches (bs=8 avail_mem=27.31 GB):  86%|████████▌ | 31/36 [00:02<00:00, 16.40it/s] 
(SGLangHttpServer pid=401448, ip=10.124.45.23) Capturing batches (bs=16 avail_mem=27.32 GB):  86%|████████▌ | 31/36 [00:02<00:00, 16.26it/s]Capturing batches (bs=12 avail_mem=27.31 GB):  86%|████████▌ | 31/36 [00:02<00:00, 16.26it/s]Capturing batches (bs=8 avail_mem=27.31 GB):  86%|████████▌ | 31/36 [00:02<00:00, 16.26it/s] 
(SGLangHttpServer pid=401442, ip=10.124.45.23) Capturing batches (bs=16 avail_mem=27.32 GB):  86%|████████▌ | 31/36 [00:02<00:00, 16.02it/s]Capturing batches (bs=12 avail_mem=27.31 GB):  86%|████████▌ | 31/36 [00:02<00:00, 16.02it/s]Capturing batches (bs=8 avail_mem=27.31 GB):  86%|████████▌ | 31/36 [00:02<00:00, 16.02it/s] 
(SGLangHttpServer pid=401427, ip=10.124.45.23) Capturing batches (bs=8 avail_mem=28.54 GB):  86%|████████▌ | 31/36 [00:02<00:00, 15.50it/s] Capturing batches (bs=4 avail_mem=28.53 GB):  86%|████████▌ | 31/36 [00:02<00:00, 15.50it/s]
(SGLangHttpServer pid=401428, ip=10.124.45.23) Capturing batches (bs=32 avail_mem=27.33 GB):  81%|████████  | 29/36 [00:02<00:00, 16.84it/s]Capturing batches (bs=24 avail_mem=27.32 GB):  81%|████████  | 29/36 [00:02<00:00, 16.84it/s]Capturing batches (bs=16 avail_mem=27.32 GB):  81%|████████  | 29/36 [00:02<00:00, 16.84it/s]
(SGLangHttpServer pid=401434, ip=10.124.45.23) Capturing batches (bs=16 avail_mem=27.32 GB):  86%|████████▌ | 31/36 [00:02<00:00, 16.34it/s]Capturing batches (bs=12 avail_mem=27.31 GB):  86%|████████▌ | 31/36 [00:02<00:00, 16.34it/s]Capturing batches (bs=8 avail_mem=27.31 GB):  86%|████████▌ | 31/36 [00:02<00:00, 16.34it/s] 
(SGLangHttpServer pid=401437, ip=10.124.45.23) Capturing batches (bs=8 avail_mem=27.31 GB):  92%|█████████▏| 33/36 [00:02<00:00, 17.30it/s]Capturing batches (bs=4 avail_mem=27.30 GB):  92%|█████████▏| 33/36 [00:02<00:00, 17.30it/s]Capturing batches (bs=2 avail_mem=27.30 GB):  92%|█████████▏| 33/36 [00:02<00:00, 17.30it/s]Capturing batches (bs=1 avail_mem=27.29 GB):  92%|█████████▏| 33/36 [00:02<00:00, 17.30it/s]
(SGLangHttpServer pid=401448, ip=10.124.45.23) Capturing batches (bs=4 avail_mem=27.30 GB):  86%|████████▌ | 31/36 [00:02<00:00, 16.26it/s]Capturing batches (bs=4 avail_mem=27.30 GB):  94%|█████████▍| 34/36 [00:02<00:00, 17.72it/s]Capturing batches (bs=2 avail_mem=27.30 GB):  94%|█████████▍| 34/36 [00:02<00:00, 17.72it/s]
(SGLangHttpServer pid=401442, ip=10.124.45.23) Capturing batches (bs=8 avail_mem=27.31 GB):  92%|█████████▏| 33/36 [00:02<00:00, 17.00it/s]Capturing batches (bs=4 avail_mem=27.30 GB):  92%|█████████▏| 33/36 [00:02<00:00, 17.00it/s]Capturing batches (bs=2 avail_mem=27.30 GB):  92%|█████████▏| 33/36 [00:02<00:00, 17.00it/s]
(SGLangHttpServer pid=401427, ip=10.124.45.23) Capturing batches (bs=4 avail_mem=28.53 GB):  94%|█████████▍| 34/36 [00:02<00:00, 17.15it/s]Capturing batches (bs=2 avail_mem=28.53 GB):  94%|█████████▍| 34/36 [00:02<00:00, 17.15it/s]Capturing batches (bs=1 avail_mem=28.52 GB):  94%|█████████▍| 34/36 [00:02<00:00, 17.15it/s]Capturing batches (bs=1 avail_mem=28.52 GB): 100%|██████████| 36/36 [00:02<00:00, 14.62it/s]
(SGLangHttpServer pid=401428, ip=10.124.45.23) Capturing batches (bs=16 avail_mem=27.32 GB):  86%|████████▌ | 31/36 [00:02<00:00, 16.15it/s]Capturing batches (bs=12 avail_mem=27.31 GB):  86%|████████▌ | 31/36 [00:02<00:00, 16.15it/s]
(SGLangHttpServer pid=401434, ip=10.124.45.23) Capturing batches (bs=4 avail_mem=27.30 GB):  86%|████████▌ | 31/36 [00:02<00:00, 16.34it/s]Capturing batches (bs=4 avail_mem=27.30 GB):  94%|█████████▍| 34/36 [00:02<00:00, 17.95it/s]Capturing batches (bs=2 avail_mem=27.30 GB):  94%|█████████▍| 34/36 [00:02<00:00, 17.95it/s]Capturing batches (bs=1 avail_mem=27.29 GB):  94%|█████████▍| 34/36 [00:02<00:00, 17.95it/s]
(SGLangHttpServer pid=401437, ip=10.124.45.23) Capturing batches (bs=1 avail_mem=27.29 GB): 100%|██████████| 36/36 [00:02<00:00, 18.49it/s]Capturing batches (bs=1 avail_mem=27.29 GB): 100%|██████████| 36/36 [00:02<00:00, 14.79it/s]
(SGLangHttpServer pid=401448, ip=10.124.45.23) Capturing batches (bs=1 avail_mem=27.29 GB):  94%|█████████▍| 34/36 [00:02<00:00, 17.72it/s]Capturing batches (bs=1 avail_mem=27.29 GB): 100%|██████████| 36/36 [00:02<00:00, 14.69it/s]
(SGLangHttpServer pid=401442, ip=10.124.45.23) Capturing batches (bs=1 avail_mem=27.29 GB):  92%|█████████▏| 33/36 [00:02<00:00, 17.00it/s]Capturing batches (bs=1 avail_mem=27.29 GB): 100%|██████████| 36/36 [00:02<00:00, 18.23it/s]Capturing batches (bs=1 avail_mem=27.29 GB): 100%|██████████| 36/36 [00:02<00:00, 14.57it/s]
(SGLangHttpServer pid=401428, ip=10.124.45.23) Capturing batches (bs=8 avail_mem=27.31 GB):  86%|████████▌ | 31/36 [00:02<00:00, 16.15it/s] Capturing batches (bs=4 avail_mem=27.30 GB):  86%|████████▌ | 31/36 [00:02<00:00, 16.15it/s]
(SGLangHttpServer pid=401434, ip=10.124.45.23) Capturing batches (bs=1 avail_mem=27.29 GB): 100%|██████████| 36/36 [00:02<00:00, 18.46it/s]Capturing batches (bs=1 avail_mem=27.29 GB): 100%|██████████| 36/36 [00:02<00:00, 14.16it/s]
(SGLangHttpServer pid=401428, ip=10.124.45.23) Capturing batches (bs=4 avail_mem=27.30 GB):  94%|█████████▍| 34/36 [00:02<00:00, 17.53it/s]Capturing batches (bs=2 avail_mem=27.30 GB):  94%|█████████▍| 34/36 [00:02<00:00, 17.53it/s]Capturing batches (bs=1 avail_mem=27.29 GB):  94%|█████████▍| 34/36 [00:02<00:00, 17.53it/s]Capturing batches (bs=1 avail_mem=27.29 GB): 100%|██████████| 36/36 [00:02<00:00, 14.55it/s]
(TaskRunner pid=397012, ip=10.124.45.23) wandb: WARNING func: get_project_by_name, err: Request failed! url: https://ml.bytedance.net/inner/GetTrackingProjectByName, req_body: {'Name': 'specTool'}, resp_body: b'{"ResponseMetadata":{"RequestId":"","Action":"","Version":"","Service":"","Region":"","Error":{"Code":"MissingAuthenticationToken","CodeN":1709801,"Message":"zti token not found, please use DOAS cli to run script","RawError":{},"HTTPCode":401}}}'
(TaskRunner pid=397012, ip=10.124.45.23) wandb: WARNING func: get_project_by_name, err: Request failed! url: https://ml.bytedance.net/inner/GetTrackingProjectByName, req_body: {'Name': 'specTool'}, resp_body: b'{"ResponseMetadata":{"RequestId":"","Action":"","Version":"","Service":"","Region":"","Error":{"Code":"MissingAuthenticationToken","CodeN":1709801,"Message":"zti token not found, please use DOAS cli to run script","RawError":{},"HTTPCode":401}}}'
(TaskRunner pid=397012, ip=10.124.45.23) wandb: WARNING func: create_project, err: Request failed! url: https://ml.bytedance.net/inner/CreateTrackingProject, req_body: {'Name': 'specTool'}, resp_body: b'{"ResponseMetadata":{"RequestId":"","Action":"","Version":"","Service":"","Region":"","Error":{"Code":"MissingAuthenticationToken","CodeN":1709801,"Message":"zti token not found, please use DOAS cli to run script","RawError":{},"HTTPCode":401}}}'
(TaskRunner pid=397012, ip=10.124.45.23) wandb: WARNING func: alert, err: Request failed! url: https://ml.bytedance.net/inner/TrackingAlert, req_body: {'Title': 'Wandb Failed!', 'Text': 'Failed Function: create_project\nERR Message: Request failed! url: https://ml.bytedance.net/inner/CreateTrackingProject, req_body: {\'Name\': \'specTool\'}, resp_body: b\'{"ResponseMetadata":{"RequestId":"","Action":"","Version":"","Service":"","Region":"","Error":{"Code":"MissingAuthenticationToken","CodeN":1709801,"Message":"zti token not found, please use DOAS cli to run script","RawError":{},"HTTPCode":401}}}\''}, resp_body: b'{"ResponseMetadata":{"RequestId":"","Action":"","Version":"","Service":"","Region":"","Error":{"Code":"MissingAuthenticationToken","CodeN":1709801,"Message":"zti token not found, please use DOAS cli to run script","RawError":{},"HTTPCode":401}}}'
(TaskRunner pid=397012, ip=10.124.45.23) wandb: ⭐️ View project at 
(TaskRunner pid=397012, ip=10.124.45.23) wandb: - Waiting for wandb.init()...
(TaskRunner pid=397012, ip=10.124.45.23) wandb: \ Waiting for wandb.init()...
(TaskRunner pid=397012, ip=10.124.45.23) wandb: | Waiting for wandb.init()...
(TaskRunner pid=397012, ip=10.124.45.23) wandb: WARNING func: create_run, err: Request failed! url: https://ml.bytedance.net/inner/CreateTrackingRun, req_body: {'ProjectId': '', 'Name': 'baseline_hotpotqa_qwen3_8b_sleep0_toolcalls1_bs256_rollout8_step1_think_8192_500pt_serpapilat_20260608_144554_bs256_bs256', 'RunId': 'run_20260608_a8e256c9', 'Description': None, 'OuterType': None, 'OuterId': None, 'Tags': None, 'OuterInfo': {'is_seed': False}}, resp_body: b'{"ResponseMetadata":{"RequestId":"","Action":"","Version":"","Service":"","Region":"","Error":{"Code":"MissingAuthenticationToken","CodeN":1709801,"Message":"zti token not found, please use DOAS cli to run script","RawError":{},"HTTPCode":401}}}'
(TaskRunner pid=397012, ip=10.124.45.23) wandb: WARNING func: alert, err: Request failed! url: https://ml.bytedance.net/inner/TrackingAlert, req_body: {'Title': 'Wandb Failed!', 'Text': 'Failed Function: create_run\nERR Message: Request failed! url: https://ml.bytedance.net/inner/CreateTrackingRun, req_body: {\'ProjectId\': \'\', \'Name\': \'baseline_hotpotqa_qwen3_8b_sleep0_toolcalls1_bs256_rollout8_step1_think_8192_500pt_serpapilat_20260608_144554_bs256_bs256\', \'RunId\': \'run_20260608_a8e256c9\', \'Description\': None, \'OuterType\': None, \'OuterId\': None, \'Tags\': None, \'OuterInfo\': {\'is_seed\': False}}, resp_body: b\'{"ResponseMetadata":{"RequestId":"","Action":"","Version":"","Service":"","Region":"","Error":{"Code":"MissingAuthenticationToken","CodeN":1709801,"Message":"zti token not found, please use DOAS cli to run script","RawError":{},"HTTPCode":401}}}\''}, resp_body: b'{"ResponseMetadata":{"RequestId":"","Action":"","Version":"","Service":"","Region":"","Error":{"Code":"MissingAuthenticationToken","CodeN":1709801,"Message":"zti token not found, please use DOAS cli to run script","RawError":{},"HTTPCode":401}}}'
(TaskRunner pid=397012, ip=10.124.45.23) wandb: 🚀 View run at 
(TaskRunner pid=397012, ip=10.124.45.23) wandb: WARNING func: alert, err: Request failed! url: https://ml.bytedance.net/inner/TrackingAlert, req_body: {'Title': 'Tracking Run Created', 'Text': 'Created run [specTool/]()'}, resp_body: b'{"ResponseMetadata":{"RequestId":"","Action":"","Version":"","Service":"","Region":"","Error":{"Code":"MissingAuthenticationToken","CodeN":1709801,"Message":"zti token not found, please use DOAS cli to run script","RawError":{},"HTTPCode":401}}}'
(TaskRunner pid=397012, ip=10.124.45.23) wandb: WARNING func: set_run_config, err: set_run_config wandb init failed, skip.../
(TaskRunner pid=397012, ip=10.124.45.23) wandb: / Waiting for wandb.init()...
(GlobalRequestLoadBalancer pid=403668, ip=10.124.45.23) /usr/local/lib/python3.12/dist-packages/torch/amp/autocast_mode.py:270: UserWarning: User provided device_type of 'cuda', but CUDA is not available. Disabling
(GlobalRequestLoadBalancer pid=403668, ip=10.124.45.23)   warnings.warn(
(GlobalRequestLoadBalancer pid=403668, ip=10.124.45.23) Modular Diffusers is currently an experimental feature under active development. The API is subject to breaking changes in future releases.
(pid=403674, ip=10.124.45.23) /usr/local/lib/python3.12/dist-packages/torch/amp/autocast_mode.py:270: UserWarning: User provided device_type of 'cuda', but CUDA is not available. Disabling
(pid=403674, ip=10.124.45.23)   warnings.warn(
(pid=403669, ip=10.124.45.23) /usr/local/lib/python3.12/dist-packages/torch/amp/autocast_mode.py:270: UserWarning: User provided device_type of 'cuda', but CUDA is not available. Disabling
(pid=403669, ip=10.124.45.23)   warnings.warn(
(pid=403669, ip=10.124.45.23) Modular Diffusers is currently an experimental feature under active development. The API is subject to breaking changes in future releases.
(pid=403674, ip=10.124.45.23) Modular Diffusers is currently an experimental feature under active development. The API is subject to breaking changes in future releases.
(pid=403673, ip=10.124.45.23) /usr/local/lib/python3.12/dist-packages/torch/amp/autocast_mode.py:270: UserWarning: User provided device_type of 'cuda', but CUDA is not available. Disabling
(pid=403673, ip=10.124.45.23)   warnings.warn(
(pid=403673, ip=10.124.45.23) Modular Diffusers is currently an experimental feature under active development. The API is subject to breaking changes in future releases.
(pid=403672, ip=10.124.45.23) /usr/local/lib/python3.12/dist-packages/torch/amp/autocast_mode.py:270: UserWarning: User provided device_type of 'cuda', but CUDA is not available. Disabling
(pid=403672, ip=10.124.45.23)   warnings.warn(
(pid=403672, ip=10.124.45.23) Modular Diffusers is currently an experimental feature under active development. The API is subject to breaking changes in future releases.
(pid=403677, ip=10.124.45.23) /usr/local/lib/python3.12/dist-packages/torch/amp/autocast_mode.py:270: UserWarning: User provided device_type of 'cuda', but CUDA is not available. Disabling
(pid=403677, ip=10.124.45.23)   warnings.warn(
(pid=403677, ip=10.124.45.23) Modular Diffusers is currently an experimental feature under active development. The API is subject to breaking changes in future releases.
(pid=403683, ip=10.124.45.23) /usr/local/lib/python3.12/dist-packages/torch/amp/autocast_mode.py:270: UserWarning: User provided device_type of 'cuda', but CUDA is not available. Disabling
(pid=403683, ip=10.124.45.23)   warnings.warn(
(pid=403683, ip=10.124.45.23) Modular Diffusers is currently an experimental feature under active development. The API is subject to breaking changes in future releases.
(pid=403687, ip=10.124.45.23) /usr/local/lib/python3.12/dist-packages/torch/amp/autocast_mode.py:270: UserWarning: User provided device_type of 'cuda', but CUDA is not available. Disabling
(pid=403687, ip=10.124.45.23)   warnings.warn(
(pid=403687, ip=10.124.45.23) Modular Diffusers is currently an experimental feature under active development. The API is subject to breaking changes in future releases.
(pid=403680, ip=10.124.45.23) /usr/local/lib/python3.12/dist-packages/torch/amp/autocast_mode.py:270: UserWarning: User provided device_type of 'cuda', but CUDA is not available. Disabling
(pid=403680, ip=10.124.45.23)   warnings.warn(
(pid=403680, ip=10.124.45.23) Modular Diffusers is currently an experimental feature under active development. The API is subject to breaking changes in future releases.
(GlobalRequestLoadBalancer pid=403668, ip=10.124.45.23) /sgl-workspace/sglang/python/sglang/srt/layers/attention/fla/utils.py:212: UserWarning: Triton is not supported on current platform, roll back to CPU.
(GlobalRequestLoadBalancer pid=403668, ip=10.124.45.23)   warnings.warn(
(WorkerDict pid=398760, ip=10.124.45.23) [Gloo] Rank 6 is connected to 7 peer ranks. Expected number of connected peer ranks is : 7
(WorkerDict pid=398760, ip=10.124.45.23) [Gloo] Rank 0 is connected to 0 peer ranks. Expected number of connected peer ranks is : 0
(WorkerDict pid=398760, ip=10.124.45.23) [Gloo] Rank 0 is connected to 0 peer ranks. Expected number of connected peer ranks is : 0
(WorkerDict pid=398756, ip=10.124.45.23) [Gloo] Rank 2 is connected to 7 peer ranks. Expected number of connected peer ranks is : 7
(WorkerDict pid=398756, ip=10.124.45.23) [Gloo] Rank 0 is connected to 0 peer ranks. Expected number of connected peer ranks is : 0
(WorkerDict pid=398756, ip=10.124.45.23) [Gloo] Rank 0 is connected to 0 peer ranks. Expected number of connected peer ranks is : 0
(WorkerDict pid=398755, ip=10.124.45.23) [Gloo] Rank 1 is connected to 7 peer ranks. Expected number of connected peer ranks is : 7
(WorkerDict pid=398755, ip=10.124.45.23) [Gloo] Rank 0 is connected to 0 peer ranks. Expected number of connected peer ranks is : 0
(WorkerDict pid=398755, ip=10.124.45.23) [Gloo] Rank 0 is connected to 0 peer ranks. Expected number of connected peer ranks is : 0
(WorkerDict pid=398754, ip=10.124.45.23) After FSDP, memory allocated (GB): 3.81, memory reserved (GB): 18.74, device memory used/total (GB): 19.82/79.15
(WorkerDict pid=398754, ip=10.124.45.23) Total steps: 1, num_warmup_steps: 0
(WorkerDict pid=398754, ip=10.124.45.23) NCCL version 2.27.5+cuda12.9
(WorkerDict pid=398754, ip=10.124.45.23) [Gloo] Rank 0 is connected to 7 peer ranks. Expected number of connected peer ranks is : 7
(WorkerDict pid=398754, ip=10.124.45.23) [Gloo] Rank 0 is connected to 0 peer ranks. Expected number of connected peer ranks is : 0
(WorkerDict pid=398754, ip=10.124.45.23) [Gloo] Rank 0 is connected to 0 peer ranks. Expected number of connected peer ranks is : 0
(WorkerDict pid=398758, ip=10.124.45.23) [Gloo] Rank 4 is connected to 7 peer ranks. Expected number of connected peer ranks is : 7
(WorkerDict pid=398758, ip=10.124.45.23) [Gloo] Rank 0 is connected to 0 peer ranks. Expected number of connected peer ranks is : 0
(WorkerDict pid=398758, ip=10.124.45.23) [Gloo] Rank 0 is connected to 0 peer ranks. Expected number of connected peer ranks is : 0
(WorkerDict pid=398759, ip=10.124.45.23) [Gloo] Rank 5 is connected to 7 peer ranks. Expected number of connected peer ranks is : 7
(WorkerDict pid=398759, ip=10.124.45.23) [Gloo] Rank 0 is connected to 0 peer ranks. Expected number of connected peer ranks is : 0
(WorkerDict pid=398759, ip=10.124.45.23) [Gloo] Rank 0 is connected to 0 peer ranks. Expected number of connected peer ranks is : 0
(SGLangHttpServer pid=401431, ip=10.124.45.23) SGLang http server: rollout_mode=<RolloutMode.HYBRID: 'hybrid'>, replica_rank=2, node_rank=0, nnodes=1, cuda_visible_devices='2', role=null
(SGLangHttpServer pid=401428, ip=10.124.45.23) SGLang http server: rollout_mode=<RolloutMode.HYBRID: 'hybrid'>, replica_rank=1, node_rank=0, nnodes=1, cuda_visible_devices='1', role=null
(SGLangHttpServer pid=401427, ip=10.124.45.23) SGLang http server: rollout_mode=<RolloutMode.HYBRID: 'hybrid'>, replica_rank=0, node_rank=0, nnodes=1, cuda_visible_devices='0', role=null
(SGLangHttpServer pid=401434, ip=10.124.45.23) SGLang http server: rollout_mode=<RolloutMode.HYBRID: 'hybrid'>, replica_rank=3, node_rank=0, nnodes=1, cuda_visible_devices='3', role=null
(SGLangHttpServer pid=401437, ip=10.124.45.23) SGLang http server: rollout_mode=<RolloutMode.HYBRID: 'hybrid'>, replica_rank=4, node_rank=0, nnodes=1, cuda_visible_devices='4', role=null
(SGLangHttpServer pid=401445, ip=10.124.45.23) SGLang http server: rollout_mode=<RolloutMode.HYBRID: 'hybrid'>, replica_rank=7, node_rank=0, nnodes=1, cuda_visible_devices='7', role=null
(SGLangHttpServer pid=401448, ip=10.124.45.23) SGLang http server: rollout_mode=<RolloutMode.HYBRID: 'hybrid'>, replica_rank=6, node_rank=0, nnodes=1, cuda_visible_devices='6', role=null
(SGLangHttpServer pid=401442, ip=10.124.45.23) SGLang http server: rollout_mode=<RolloutMode.HYBRID: 'hybrid'>, replica_rank=5, node_rank=0, nnodes=1, cuda_visible_devices='5', role=null
(SGLangHttpServer pid=401431, ip=10.124.45.23) [Gloo] Rank 0 is connected to 0 peer ranks. Expected number of connected peer ranks is : 0
(SGLangHttpServer pid=401431, ip=10.124.45.23) [Gloo] Rank 0 is connected to 0 peer ranks. Expected number of connected peer ranks is : 0
(SGLangHttpServer pid=401431, ip=10.124.45.23) [Gloo] Rank 0 is connected to 0 peer ranks. Expected number of connected peer ranks is : 0
(SGLangHttpServer pid=401427, ip=10.124.45.23) [Gloo] Rank 0 is connected to 0 peer ranks. Expected number of connected peer ranks is : 0
(SGLangHttpServer pid=401437, ip=10.124.45.23) [Gloo] Rank 0 is connected to 0 peer ranks. Expected number of connected peer ranks is : 0
(SGLangHttpServer pid=401445, ip=10.124.45.23) [Gloo] Rank 0 is connected to 0 peer ranks. Expected number of connected peer ranks is : 0
(SGLangHttpServer pid=401445, ip=10.124.45.23) [Gloo] Rank 0 is connected to 0 peer ranks. Expected number of connected peer ranks is : 0
(SGLangHttpServer pid=401445, ip=10.124.45.23) [Gloo] Rank 0 is connected to 0 peer ranks. Expected number of connected peer ranks is : 0
(SGLangHttpServer pid=401427, ip=10.124.45.23) [Gloo] Rank 0 is connected to 0 peer ranks. Expected number of connected peer ranks is : 0
(SGLangHttpServer pid=401427, ip=10.124.45.23) [Gloo] Rank 0 is connected to 0 peer ranks. Expected number of connected peer ranks is : 0
(SGLangHttpServer pid=401434, ip=10.124.45.23) [Gloo] Rank 0 is connected to 0 peer ranks. Expected number of connected peer ranks is : 0
(SGLangHttpServer pid=401434, ip=10.124.45.23) [Gloo] Rank 0 is connected to 0 peer ranks. Expected number of connected peer ranks is : 0
(SGLangHttpServer pid=401434, ip=10.124.45.23) [Gloo] Rank 0 is connected to 0 peer ranks. Expected number of connected peer ranks is : 0
(SGLangHttpServer pid=401437, ip=10.124.45.23) [Gloo] Rank 0 is connected to 0 peer ranks. Expected number of connected peer ranks is : 0
(SGLangHttpServer pid=401437, ip=10.124.45.23) [Gloo] Rank 0 is connected to 0 peer ranks. Expected number of connected peer ranks is : 0
(SGLangHttpServer pid=401448, ip=10.124.45.23) [Gloo] Rank 0 is connected to 0 peer ranks. Expected number of connected peer ranks is : 0
(SGLangHttpServer pid=401448, ip=10.124.45.23) [Gloo] Rank 0 is connected to 0 peer ranks. Expected number of connected peer ranks is : 0
(SGLangHttpServer pid=401448, ip=10.124.45.23) [Gloo] Rank 0 is connected to 0 peer ranks. Expected number of connected peer ranks is : 0
(SGLangHttpServer pid=401442, ip=10.124.45.23) [Gloo] Rank 0 is connected to 0 peer ranks. Expected number of connected peer ranks is : 0
(SGLangHttpServer pid=401442, ip=10.124.45.23) [Gloo] Rank 0 is connected to 0 peer ranks. Expected number of connected peer ranks is : 0
(SGLangHttpServer pid=401442, ip=10.124.45.23) [Gloo] Rank 0 is connected to 0 peer ranks. Expected number of connected peer ranks is : 0
(SGLangHttpServer pid=401428, ip=10.124.45.23) [Gloo] Rank 0 is connected to 0 peer ranks. Expected number of connected peer ranks is : 0
(SGLangHttpServer pid=401428, ip=10.124.45.23) [Gloo] Rank 0 is connected to 0 peer ranks. Expected number of connected peer ranks is : 0
(SGLangHttpServer pid=401428, ip=10.124.45.23) [Gloo] Rank 0 is connected to 0 peer ranks. Expected number of connected peer ranks is : 0
(TaskRunner pid=397012, ip=10.124.45.23) LLMServerManager: ['10.124.45.23:44447', '10.124.45.23:45973', '10.124.45.23:35111', '10.124.45.23:35953', '10.124.45.23:38447', '10.124.45.23:39479', '10.124.45.23:33265', '10.124.45.23:34013']
(TaskRunner pid=397012, ip=10.124.45.23) Updated Prometheus configuration at /tmp/ray/session_latest/metrics/prometheus/prometheus.yml with 8 SGLANG servers
(reload_prometheus pid=398646, ip=10.124.45.23) Reloading Prometheus on node: http://10.124.45.23:9090/-/reload
(AgentLoopWorker pid=403674, ip=10.124.45.23) Using dataset class: RLHFDataset
(AgentLoopWorker pid=403669, ip=10.124.45.23) Using dataset class: RLHFDataset
(GlobalRequestLoadBalancer pid=403668, ip=10.124.45.23) /sgl-workspace/sglang/python/sglang/srt/layers/quantization/awq.py:76: UserWarning: Only CUDA, HIP and XPU support AWQ currently.
(GlobalRequestLoadBalancer pid=403668, ip=10.124.45.23)   warnings.warn(f"Only CUDA, HIP and XPU support AWQ currently.")
(GlobalRequestLoadBalancer pid=403668, ip=10.124.45.23) /sgl-workspace/sglang/python/sglang/srt/layers/quantization/gguf.py:47: UserWarning: Only CUDA support GGUF quantization currently.
(GlobalRequestLoadBalancer pid=403668, ip=10.124.45.23)   warnings.warn(f"Only CUDA support GGUF quantization currently.")
(TaskRunner pid=397012, ip=10.124.45.23) wandb: Tracking run with wandb version 0.13.95
(TaskRunner pid=397012, ip=10.124.45.23) wandb: Run data is saved locally in /home/tiger/verl/wandb/run-20260608_144856-run_20260608_a8e256c9
(TaskRunner pid=397012, ip=10.124.45.23) wandb: Run `wandb offline` to turn off syncing.
(TaskRunner pid=397012, ip=10.124.45.23) wandb: WARNING func: save_file, err: save_file wandb init failed, skip.../
(GlobalRequestLoadBalancer pid=403668, ip=10.124.45.23) /usr/local/lib/python3.12/dist-packages/opentelemetry/proto/collector/logs/v1/logs_service_pb2_grpc.py:21: RuntimeWarning: The grpc package installed is at version 1.59.5, but the generated code in opentelemetry/proto/collector/logs/v1/logs_service_pb2_grpc.py depends on grpcio>=1.63.2. Please upgrade your grpc module to grpcio>=1.63.2 or downgrade your generated code using grpcio-tools<=1.59.5. This warning will become an error in 1.65.0, scheduled for release on June 25, 2024.
(GlobalRequestLoadBalancer pid=403668, ip=10.124.45.23)   warnings.warn(
(GlobalRequestLoadBalancer pid=403668, ip=10.124.45.23) /usr/local/lib/python3.12/dist-packages/opentelemetry/proto/collector/metrics/v1/metrics_service_pb2_grpc.py:21: RuntimeWarning: The grpc package installed is at version 1.59.5, but the generated code in opentelemetry/proto/collector/metrics/v1/metrics_service_pb2_grpc.py depends on grpcio>=1.63.2. Please upgrade your grpc module to grpcio>=1.63.2 or downgrade your generated code using grpcio-tools<=1.59.5. This warning will become an error in 1.65.0, scheduled for release on June 25, 2024.
(GlobalRequestLoadBalancer pid=403668, ip=10.124.45.23)   warnings.warn(
(GlobalRequestLoadBalancer pid=403668, ip=10.124.45.23) /usr/local/lib/python3.12/dist-packages/opentelemetry/proto/collector/trace/v1/trace_service_pb2_grpc.py:21: RuntimeWarning: The grpc package installed is at version 1.59.5, but the generated code in opentelemetry/proto/collector/trace/v1/trace_service_pb2_grpc.py depends on grpcio>=1.63.2. Please upgrade your grpc module to grpcio>=1.63.2 or downgrade your generated code using grpcio-tools<=1.59.5. This warning will become an error in 1.65.0, scheduled for release on June 25, 2024.
(GlobalRequestLoadBalancer pid=403668, ip=10.124.45.23)   warnings.warn(
(GlobalRequestLoadBalancer pid=403668, ip=10.124.45.23) <frozen importlib._bootstrap_external>:1297: FutureWarning: The cuda.cudart module is deprecated and will be removed in a future release, please switch to use the cuda.bindings.runtime module instead.
(GlobalRequestLoadBalancer pid=403668, ip=10.124.45.23) <frozen importlib._bootstrap_external>:1297: FutureWarning: The cuda.nvrtc module is deprecated and will be removed in a future release, please switch to use the cuda.bindings.nvrtc module instead.
(SGLangHttpServer pid=401427, ip=10.124.45.23) /usr/local/lib/python3.12/dist-packages/fastapi/routing.py:313: FastAPIDeprecationWarning: ORJSONResponse is deprecated, FastAPI now serializes data directly to JSON bytes via Pydantic when a return type or response model is set, which is faster and doesn't need a custom response class. Read more in the FastAPI docs: https://fastapi.tiangolo.com/advanced/custom-response/#orjson-or-response-model and https://fastapi.tiangolo.com/tutorial/response-model/
(SGLangHttpServer pid=401427, ip=10.124.45.23)   return await dependant.call(**values)
(SGLangHttpServer pid=401428, ip=10.124.45.23) /usr/local/lib/python3.12/dist-packages/fastapi/routing.py:313: FastAPIDeprecationWarning: ORJSONResponse is deprecated, FastAPI now serializes data directly to JSON bytes via Pydantic when a return type or response model is set, which is faster and doesn't need a custom response class. Read more in the FastAPI docs: https://fastapi.tiangolo.com/advanced/custom-response/#orjson-or-response-model and https://fastapi.tiangolo.com/tutorial/response-model/
(SGLangHttpServer pid=401428, ip=10.124.45.23)   return await dependant.call(**values)
