(SGLangHttpServer pid=1873291, ip=10.124.44.153) Capturing batches (bs=160 avail_mem=27.42 GB):  31%|███       | 11/36 [00:01<00:02,  8.59it/s]Capturing batches (bs=160 avail_mem=27.42 GB):  36%|███▌      | 13/36 [00:01<00:02,  9.34it/s]Capturing batches (bs=152 avail_mem=27.41 GB):  36%|███▌      | 13/36 [00:01<00:02,  9.34it/s]
(SGLangHttpServer pid=1873285, ip=10.124.44.153) Capturing batches (bs=128 avail_mem=27.40 GB):  42%|████▏     | 15/36 [00:01<00:02,  9.25it/s]Capturing batches (bs=128 avail_mem=27.40 GB):  47%|████▋     | 17/36 [00:01<00:01, 10.57it/s]Capturing batches (bs=120 avail_mem=27.39 GB):  47%|████▋     | 17/36 [00:01<00:01, 10.57it/s]
(SGLangHttpServer pid=1873303, ip=10.124.44.153) Capturing batches (bs=184 avail_mem=27.43 GB):  28%|██▊       | 10/36 [00:01<00:03,  7.81it/s]Capturing batches (bs=176 avail_mem=27.43 GB):  28%|██▊       | 10/36 [00:01<00:03,  7.81it/s]Capturing batches (bs=168 avail_mem=27.42 GB):  28%|██▊       | 10/36 [00:01<00:03,  7.81it/s]
(SGLangHttpServer pid=1873297, ip=10.124.44.153) Capturing batches (bs=192 avail_mem=27.44 GB):  25%|██▌       | 9/36 [00:01<00:03,  7.56it/s]Capturing batches (bs=184 avail_mem=27.43 GB):  25%|██▌       | 9/36 [00:01<00:03,  7.56it/s]Capturing batches (bs=176 avail_mem=27.43 GB):  25%|██▌       | 9/36 [00:01<00:03,  7.56it/s]
(SGLangHttpServer pid=1873300, ip=10.124.44.153) Capturing batches (bs=192 avail_mem=27.44 GB):  25%|██▌       | 9/36 [00:01<00:03,  7.89it/s]Capturing batches (bs=184 avail_mem=27.43 GB):  25%|██▌       | 9/36 [00:01<00:03,  7.89it/s]
(SGLangHttpServer pid=1873282, ip=10.124.44.153) Capturing batches (bs=4 avail_mem=27.30 GB):  94%|█████████▍| 34/36 [00:02<00:00, 13.18it/s]Capturing batches (bs=2 avail_mem=27.30 GB):  94%|█████████▍| 34/36 [00:02<00:00, 13.18it/s]
(SGLangHttpServer pid=1873294, ip=10.124.44.153) Capturing batches (bs=176 avail_mem=27.43 GB):  25%|██▌       | 9/36 [00:01<00:03,  7.87it/s]
(SGLangHttpServer pid=1873282, ip=10.124.44.153) Capturing batches (bs=1 avail_mem=27.29 GB):  94%|█████████▍| 34/36 [00:02<00:00, 13.18it/s]Capturing batches (bs=1 avail_mem=27.29 GB): 100%|██████████| 36/36 [00:02<00:00, 14.64it/s]Capturing batches (bs=1 avail_mem=27.29 GB): 100%|██████████| 36/36 [00:02<00:00, 13.93it/s]
(SGLangHttpServer pid=1873281, ip=10.124.44.153) Capturing batches (bs=96 avail_mem=28.60 GB):  58%|█████▊    | 21/36 [00:01<00:01, 10.35it/s]Capturing batches (bs=88 avail_mem=28.59 GB):  58%|█████▊    | 21/36 [00:01<00:01, 10.35it/s]
(SGLangHttpServer pid=1873294, ip=10.124.44.153) Capturing batches (bs=176 avail_mem=27.43 GB):  31%|███       | 11/36 [00:01<00:02,  9.24it/s]Capturing batches (bs=168 avail_mem=27.42 GB):  31%|███       | 11/36 [00:01<00:02,  9.24it/s]
(SGLangHttpServer pid=1873291, ip=10.124.44.153) Capturing batches (bs=144 avail_mem=27.41 GB):  36%|███▌      | 13/36 [00:01<00:02,  9.34it/s]
(SGLangHttpServer pid=1873285, ip=10.124.44.153) Capturing batches (bs=112 avail_mem=27.38 GB):  47%|████▋     | 17/36 [00:01<00:01, 10.57it/s]
(SGLangHttpServer pid=1873303, ip=10.124.44.153) Capturing batches (bs=168 avail_mem=27.42 GB):  33%|███▎      | 12/36 [00:01<00:02,  9.08it/s]Capturing batches (bs=160 avail_mem=27.42 GB):  33%|███▎      | 12/36 [00:01<00:02,  9.08it/s]
(SGLangHttpServer pid=1873297, ip=10.124.44.153) Capturing batches (bs=176 avail_mem=27.43 GB):  31%|███       | 11/36 [00:01<00:02,  8.97it/s]Capturing batches (bs=168 avail_mem=27.42 GB):  31%|███       | 11/36 [00:01<00:02,  8.97it/s]
(SGLangHttpServer pid=1873300, ip=10.124.44.153) Capturing batches (bs=176 avail_mem=27.43 GB):  25%|██▌       | 9/36 [00:01<00:03,  7.89it/s]
(SGLangHttpServer pid=1873285, ip=10.124.44.153) Capturing batches (bs=112 avail_mem=27.38 GB):  53%|█████▎    | 19/36 [00:01<00:01, 11.22it/s]Capturing batches (bs=104 avail_mem=27.38 GB):  53%|█████▎    | 19/36 [00:01<00:01, 11.22it/s]
(SGLangHttpServer pid=1873281, ip=10.124.44.153) Capturing batches (bs=80 avail_mem=28.59 GB):  58%|█████▊    | 21/36 [00:01<00:01, 10.35it/s]
(SGLangHttpServer pid=1873300, ip=10.124.44.153) Capturing batches (bs=176 avail_mem=27.43 GB):  31%|███       | 11/36 [00:01<00:02,  9.22it/s]Capturing batches (bs=168 avail_mem=27.42 GB):  31%|███       | 11/36 [00:01<00:02,  9.22it/s]
(SGLangHttpServer pid=1873297, ip=10.124.44.153) Capturing batches (bs=160 avail_mem=27.42 GB):  31%|███       | 11/36 [00:01<00:02,  8.97it/s]
(SGLangHttpServer pid=1873281, ip=10.124.44.153) Capturing batches (bs=80 avail_mem=28.59 GB):  64%|██████▍   | 23/36 [00:02<00:01, 11.47it/s]Capturing batches (bs=72 avail_mem=28.58 GB):  64%|██████▍   | 23/36 [00:02<00:01, 11.47it/s]Capturing batches (bs=64 avail_mem=28.58 GB):  64%|██████▍   | 23/36 [00:02<00:01, 11.47it/s]
(SGLangHttpServer pid=1873294, ip=10.124.44.153) Capturing batches (bs=160 avail_mem=27.42 GB):  31%|███       | 11/36 [00:01<00:02,  9.24it/s]Capturing batches (bs=160 avail_mem=27.42 GB):  36%|███▌      | 13/36 [00:01<00:02, 10.49it/s]Capturing batches (bs=152 avail_mem=27.41 GB):  36%|███▌      | 13/36 [00:01<00:02, 10.49it/s]
(SGLangHttpServer pid=1873291, ip=10.124.44.153) Capturing batches (bs=144 avail_mem=27.41 GB):  42%|████▏     | 15/36 [00:01<00:02,  9.83it/s]Capturing batches (bs=136 avail_mem=27.40 GB):  42%|████▏     | 15/36 [00:01<00:02,  9.83it/s]Capturing batches (bs=128 avail_mem=27.40 GB):  42%|████▏     | 15/36 [00:01<00:02,  9.83it/s]
(SGLangHttpServer pid=1873285, ip=10.124.44.153) Capturing batches (bs=96 avail_mem=27.37 GB):  53%|█████▎    | 19/36 [00:01<00:01, 11.22it/s] Capturing batches (bs=96 avail_mem=27.37 GB):  58%|█████▊    | 21/36 [00:01<00:01, 12.41it/s]Capturing batches (bs=88 avail_mem=27.36 GB):  58%|█████▊    | 21/36 [00:01<00:01, 12.41it/s]
(SGLangHttpServer pid=1873303, ip=10.124.44.153) Capturing batches (bs=152 avail_mem=27.41 GB):  33%|███▎      | 12/36 [00:01<00:02,  9.08it/s]
(SGLangHttpServer pid=1873297, ip=10.124.44.153) Capturing batches (bs=160 avail_mem=27.42 GB):  36%|███▌      | 13/36 [00:01<00:02, 10.14it/s]Capturing batches (bs=152 avail_mem=27.41 GB):  36%|███▌      | 13/36 [00:01<00:02, 10.14it/s]
(SGLangHttpServer pid=1873300, ip=10.124.44.153) Capturing batches (bs=160 avail_mem=27.42 GB):  31%|███       | 11/36 [00:01<00:02,  9.22it/s]
(SGLangHttpServer pid=1873281, ip=10.124.44.153) Capturing batches (bs=64 avail_mem=28.58 GB):  69%|██████▉   | 25/36 [00:02<00:00, 13.05it/s]Capturing batches (bs=56 avail_mem=28.57 GB):  69%|██████▉   | 25/36 [00:02<00:00, 13.05it/s]Capturing batches (bs=48 avail_mem=28.57 GB):  69%|██████▉   | 25/36 [00:02<00:00, 13.05it/s]
(SGLangHttpServer pid=1873294, ip=10.124.44.153) Capturing batches (bs=144 avail_mem=27.41 GB):  36%|███▌      | 13/36 [00:01<00:02, 10.49it/s]Capturing batches (bs=144 avail_mem=27.41 GB):  42%|████▏     | 15/36 [00:01<00:01, 11.79it/s]Capturing batches (bs=136 avail_mem=27.40 GB):  42%|████▏     | 15/36 [00:01<00:01, 11.79it/s]
(SGLangHttpServer pid=1873291, ip=10.124.44.153) Capturing batches (bs=128 avail_mem=27.40 GB):  47%|████▋     | 17/36 [00:01<00:01, 11.25it/s]Capturing batches (bs=120 avail_mem=27.39 GB):  47%|████▋     | 17/36 [00:01<00:01, 11.25it/s]Capturing batches (bs=112 avail_mem=27.38 GB):  47%|████▋     | 17/36 [00:01<00:01, 11.25it/s]
(SGLangHttpServer pid=1873285, ip=10.124.44.153) Capturing batches (bs=80 avail_mem=27.36 GB):  58%|█████▊    | 21/36 [00:01<00:01, 12.41it/s]Capturing batches (bs=80 avail_mem=27.36 GB):  64%|██████▍   | 23/36 [00:01<00:00, 13.99it/s]Capturing batches (bs=72 avail_mem=27.35 GB):  64%|██████▍   | 23/36 [00:01<00:00, 13.99it/s]
(SGLangHttpServer pid=1873303, ip=10.124.44.153) Capturing batches (bs=152 avail_mem=27.41 GB):  39%|███▉      | 14/36 [00:01<00:02,  9.65it/s]Capturing batches (bs=144 avail_mem=27.41 GB):  39%|███▉      | 14/36 [00:01<00:02,  9.65it/s]Capturing batches (bs=136 avail_mem=27.40 GB):  39%|███▉      | 14/36 [00:01<00:02,  9.65it/s]
(SGLangHttpServer pid=1873297, ip=10.124.44.153) Capturing batches (bs=144 avail_mem=27.41 GB):  36%|███▌      | 13/36 [00:01<00:02, 10.14it/s]Capturing batches (bs=144 avail_mem=27.41 GB):  42%|████▏     | 15/36 [00:01<00:01, 11.50it/s]Capturing batches (bs=136 avail_mem=27.40 GB):  42%|████▏     | 15/36 [00:01<00:01, 11.50it/s]
(SGLangHttpServer pid=1873300, ip=10.124.44.153) Capturing batches (bs=160 avail_mem=27.42 GB):  36%|███▌      | 13/36 [00:01<00:02, 10.37it/s]Capturing batches (bs=152 avail_mem=27.41 GB):  36%|███▌      | 13/36 [00:01<00:02, 10.37it/s]Capturing batches (bs=144 avail_mem=27.41 GB):  36%|███▌      | 13/36 [00:01<00:02, 10.37it/s]
(SGLangHttpServer pid=1873281, ip=10.124.44.153) Capturing batches (bs=40 avail_mem=28.56 GB):  69%|██████▉   | 25/36 [00:02<00:00, 13.05it/s]Capturing batches (bs=40 avail_mem=28.56 GB):  78%|███████▊  | 28/36 [00:02<00:00, 15.28it/s]Capturing batches (bs=32 avail_mem=28.56 GB):  78%|███████▊  | 28/36 [00:02<00:00, 15.28it/s]
(SGLangHttpServer pid=1873294, ip=10.124.44.153) Capturing batches (bs=128 avail_mem=27.40 GB):  42%|████▏     | 15/36 [00:01<00:01, 11.79it/s]
(SGLangHttpServer pid=1873291, ip=10.124.44.153) Capturing batches (bs=112 avail_mem=27.38 GB):  53%|█████▎    | 19/36 [00:01<00:01, 12.90it/s]Capturing batches (bs=104 avail_mem=27.38 GB):  53%|█████▎    | 19/36 [00:01<00:01, 12.90it/s]Capturing batches (bs=96 avail_mem=27.37 GB):  53%|█████▎    | 19/36 [00:01<00:01, 12.90it/s] 
(SGLangHttpServer pid=1873285, ip=10.124.44.153) Capturing batches (bs=64 avail_mem=27.35 GB):  64%|██████▍   | 23/36 [00:02<00:00, 13.99it/s]Capturing batches (bs=64 avail_mem=27.35 GB):  69%|██████▉   | 25/36 [00:02<00:00, 15.33it/s]Capturing batches (bs=56 avail_mem=27.34 GB):  69%|██████▉   | 25/36 [00:02<00:00, 15.33it/s]
(SGLangHttpServer pid=1873303, ip=10.124.44.153) Capturing batches (bs=136 avail_mem=27.40 GB):  44%|████▍     | 16/36 [00:01<00:01, 11.17it/s]Capturing batches (bs=128 avail_mem=27.40 GB):  44%|████▍     | 16/36 [00:01<00:01, 11.17it/s]Capturing batches (bs=120 avail_mem=27.39 GB):  44%|████▍     | 16/36 [00:01<00:01, 11.17it/s]
(SGLangHttpServer pid=1873297, ip=10.124.44.153) Capturing batches (bs=128 avail_mem=27.40 GB):  42%|████▏     | 15/36 [00:01<00:01, 11.50it/s]Capturing batches (bs=128 avail_mem=27.40 GB):  47%|████▋     | 17/36 [00:01<00:01, 12.70it/s]Capturing batches (bs=120 avail_mem=27.39 GB):  47%|████▋     | 17/36 [00:01<00:01, 12.70it/s]
(SGLangHttpServer pid=1873300, ip=10.124.44.153) Capturing batches (bs=144 avail_mem=27.41 GB):  42%|████▏     | 15/36 [00:01<00:01, 11.67it/s]Capturing batches (bs=136 avail_mem=27.40 GB):  42%|████▏     | 15/36 [00:01<00:01, 11.67it/s]
(SGLangHttpServer pid=1873300, ip=10.124.44.153) Capturing batches (bs=128 avail_mem=27.40 GB):  42%|████▏     | 15/36 [00:01<00:01, 11.67it/s]
(SGLangHttpServer pid=1873281, ip=10.124.44.153) Capturing batches (bs=24 avail_mem=28.55 GB):  78%|███████▊  | 28/36 [00:02<00:00, 15.28it/s]Capturing batches (bs=24 avail_mem=28.55 GB):  83%|████████▎ | 30/36 [00:02<00:00, 16.29it/s]Capturing batches (bs=16 avail_mem=28.55 GB):  83%|████████▎ | 30/36 [00:02<00:00, 16.29it/s]
(SGLangHttpServer pid=1873294, ip=10.124.44.153) Capturing batches (bs=128 avail_mem=27.40 GB):  47%|████▋     | 17/36 [00:01<00:01, 12.69it/s]Capturing batches (bs=120 avail_mem=27.39 GB):  47%|████▋     | 17/36 [00:01<00:01, 12.69it/s]Capturing batches (bs=112 avail_mem=27.38 GB):  47%|████▋     | 17/36 [00:01<00:01, 12.69it/s]
(SGLangHttpServer pid=1873291, ip=10.124.44.153) Capturing batches (bs=96 avail_mem=27.37 GB):  58%|█████▊    | 21/36 [00:01<00:01, 14.17it/s]Capturing batches (bs=88 avail_mem=27.36 GB):  58%|█████▊    | 21/36 [00:01<00:01, 14.17it/s]Capturing batches (bs=80 avail_mem=27.36 GB):  58%|█████▊    | 21/36 [00:01<00:01, 14.17it/s]
(SGLangHttpServer pid=1873285, ip=10.124.44.153) Capturing batches (bs=48 avail_mem=27.34 GB):  69%|██████▉   | 25/36 [00:02<00:00, 15.33it/s]Capturing batches (bs=48 avail_mem=27.34 GB):  75%|███████▌  | 27/36 [00:02<00:00, 16.16it/s]Capturing batches (bs=40 avail_mem=27.33 GB):  75%|███████▌  | 27/36 [00:02<00:00, 16.16it/s]
(SGLangHttpServer pid=1873303, ip=10.124.44.153) Capturing batches (bs=120 avail_mem=27.39 GB):  50%|█████     | 18/36 [00:01<00:01, 12.46it/s]Capturing batches (bs=112 avail_mem=27.38 GB):  50%|█████     | 18/36 [00:01<00:01, 12.46it/s]Capturing batches (bs=104 avail_mem=27.38 GB):  50%|█████     | 18/36 [00:01<00:01, 12.46it/s]
(SGLangHttpServer pid=1873297, ip=10.124.44.153) Capturing batches (bs=112 avail_mem=27.38 GB):  47%|████▋     | 17/36 [00:01<00:01, 12.70it/s]Capturing batches (bs=112 avail_mem=27.38 GB):  53%|█████▎    | 19/36 [00:01<00:01, 13.77it/s]Capturing batches (bs=104 avail_mem=27.38 GB):  53%|█████▎    | 19/36 [00:01<00:01, 13.77it/s]
(SGLangHttpServer pid=1873300, ip=10.124.44.153) Capturing batches (bs=128 avail_mem=27.40 GB):  47%|████▋     | 17/36 [00:01<00:01, 12.53it/s]Capturing batches (bs=120 avail_mem=27.39 GB):  47%|████▋     | 17/36 [00:01<00:01, 12.53it/s]
(SGLangHttpServer pid=1873281, ip=10.124.44.153) Capturing batches (bs=12 avail_mem=28.54 GB):  83%|████████▎ | 30/36 [00:02<00:00, 16.29it/s]Capturing batches (bs=12 avail_mem=28.54 GB):  89%|████████▉ | 32/36 [00:02<00:00, 15.94it/s]Capturing batches (bs=8 avail_mem=28.54 GB):  89%|████████▉ | 32/36 [00:02<00:00, 15.94it/s] 
(SGLangHttpServer pid=1873294, ip=10.124.44.153) Capturing batches (bs=112 avail_mem=27.38 GB):  53%|█████▎    | 19/36 [00:01<00:01, 13.84it/s]Capturing batches (bs=104 avail_mem=27.38 GB):  53%|█████▎    | 19/36 [00:01<00:01, 13.84it/s]Capturing batches (bs=96 avail_mem=27.37 GB):  53%|█████▎    | 19/36 [00:01<00:01, 13.84it/s] 
(SGLangHttpServer pid=1873291, ip=10.124.44.153) Capturing batches (bs=80 avail_mem=27.36 GB):  64%|██████▍   | 23/36 [00:01<00:00, 15.48it/s]Capturing batches (bs=72 avail_mem=27.35 GB):  64%|██████▍   | 23/36 [00:01<00:00, 15.48it/s]Capturing batches (bs=64 avail_mem=27.35 GB):  64%|██████▍   | 23/36 [00:02<00:00, 15.48it/s]
(SGLangHttpServer pid=1873285, ip=10.124.44.153) Capturing batches (bs=32 avail_mem=27.33 GB):  75%|███████▌  | 27/36 [00:02<00:00, 16.16it/s]Capturing batches (bs=24 avail_mem=27.32 GB):  75%|███████▌  | 27/36 [00:02<00:00, 16.16it/s]
(SGLangHttpServer pid=1873303, ip=10.124.44.153) Capturing batches (bs=104 avail_mem=27.38 GB):  56%|█████▌    | 20/36 [00:01<00:01, 13.94it/s]Capturing batches (bs=96 avail_mem=27.37 GB):  56%|█████▌    | 20/36 [00:01<00:01, 13.94it/s] Capturing batches (bs=88 avail_mem=27.36 GB):  56%|█████▌    | 20/36 [00:02<00:01, 13.94it/s]
(SGLangHttpServer pid=1873297, ip=10.124.44.153) Capturing batches (bs=96 avail_mem=27.37 GB):  53%|█████▎    | 19/36 [00:01<00:01, 13.77it/s] Capturing batches (bs=96 avail_mem=27.37 GB):  58%|█████▊    | 21/36 [00:01<00:00, 15.09it/s]Capturing batches (bs=88 avail_mem=27.36 GB):  58%|█████▊    | 21/36 [00:01<00:00, 15.09it/s]
(SGLangHttpServer pid=1873300, ip=10.124.44.153) Capturing batches (bs=112 avail_mem=27.38 GB):  47%|████▋     | 17/36 [00:01<00:01, 12.53it/s]Capturing batches (bs=112 avail_mem=27.38 GB):  53%|█████▎    | 19/36 [00:01<00:01, 13.95it/s]Capturing batches (bs=104 avail_mem=27.38 GB):  53%|█████▎    | 19/36 [00:01<00:01, 13.95it/s]
(SGLangHttpServer pid=1873281, ip=10.124.44.153) Capturing batches (bs=4 avail_mem=28.53 GB):  89%|████████▉ | 32/36 [00:02<00:00, 15.94it/s]Capturing batches (bs=2 avail_mem=28.53 GB):  89%|████████▉ | 32/36 [00:02<00:00, 15.94it/s]
(SGLangHttpServer pid=1873294, ip=10.124.44.153) Capturing batches (bs=96 avail_mem=27.37 GB):  58%|█████▊    | 21/36 [00:01<00:00, 15.11it/s]Capturing batches (bs=88 avail_mem=27.36 GB):  58%|█████▊    | 21/36 [00:01<00:00, 15.11it/s]Capturing batches (bs=80 avail_mem=27.36 GB):  58%|█████▊    | 21/36 [00:01<00:00, 15.11it/s]
(SGLangHttpServer pid=1873291, ip=10.124.44.153) Capturing batches (bs=56 avail_mem=27.34 GB):  64%|██████▍   | 23/36 [00:02<00:00, 15.48it/s]Capturing batches (bs=56 avail_mem=27.34 GB):  72%|███████▏  | 26/36 [00:02<00:00, 17.17it/s]Capturing batches (bs=48 avail_mem=27.34 GB):  72%|███████▏  | 26/36 [00:02<00:00, 17.17it/s]
(SGLangHttpServer pid=1873285, ip=10.124.44.153) Capturing batches (bs=24 avail_mem=27.32 GB):  83%|████████▎ | 30/36 [00:02<00:00, 17.60it/s]Capturing batches (bs=16 avail_mem=27.32 GB):  83%|████████▎ | 30/36 [00:02<00:00, 17.60it/s]Capturing batches (bs=12 avail_mem=27.31 GB):  83%|████████▎ | 30/36 [00:02<00:00, 17.60it/s]
(SGLangHttpServer pid=1873303, ip=10.124.44.153) Capturing batches (bs=88 avail_mem=27.36 GB):  61%|██████    | 22/36 [00:02<00:00, 15.23it/s]Capturing batches (bs=80 avail_mem=27.36 GB):  61%|██████    | 22/36 [00:02<00:00, 15.23it/s]Capturing batches (bs=72 avail_mem=27.35 GB):  61%|██████    | 22/36 [00:02<00:00, 15.23it/s]
(SGLangHttpServer pid=1873297, ip=10.124.44.153) Capturing batches (bs=80 avail_mem=27.36 GB):  58%|█████▊    | 21/36 [00:01<00:00, 15.09it/s]Capturing batches (bs=80 avail_mem=27.36 GB):  64%|██████▍   | 23/36 [00:02<00:00, 16.19it/s]Capturing batches (bs=72 avail_mem=27.35 GB):  64%|██████▍   | 23/36 [00:02<00:00, 16.19it/s]
(SGLangHttpServer pid=1873300, ip=10.124.44.153) Capturing batches (bs=96 avail_mem=27.37 GB):  53%|█████▎    | 19/36 [00:01<00:01, 13.95it/s] Capturing batches (bs=96 avail_mem=27.37 GB):  58%|█████▊    | 21/36 [00:01<00:00, 15.18it/s]Capturing batches (bs=88 avail_mem=27.36 GB):  58%|█████▊    | 21/36 [00:01<00:00, 15.18it/s]
(SGLangHttpServer pid=1873300, ip=10.124.44.153) Capturing batches (bs=80 avail_mem=27.36 GB):  58%|█████▊    | 21/36 [00:01<00:00, 15.18it/s]
(SGLangHttpServer pid=1873294, ip=10.124.44.153) Capturing batches (bs=80 avail_mem=27.36 GB):  64%|██████▍   | 23/36 [00:01<00:00, 16.16it/s]Capturing batches (bs=72 avail_mem=27.35 GB):  64%|██████▍   | 23/36 [00:01<00:00, 16.16it/s]
(SGLangHttpServer pid=1873281, ip=10.124.44.153) Capturing batches (bs=2 avail_mem=28.53 GB):  97%|█████████▋| 35/36 [00:02<00:00, 17.60it/s]Capturing batches (bs=1 avail_mem=28.52 GB):  97%|█████████▋| 35/36 [00:02<00:00, 17.60it/s]
(SGLangHttpServer pid=1873291, ip=10.124.44.153) Capturing batches (bs=40 avail_mem=27.33 GB):  72%|███████▏  | 26/36 [00:02<00:00, 17.17it/s]
(SGLangHttpServer pid=1873281, ip=10.124.44.153) Capturing batches (bs=1 avail_mem=28.52 GB): 100%|██████████| 36/36 [00:02<00:00, 13.36it/s]
(SGLangHttpServer pid=1873294, ip=10.124.44.153) Capturing batches (bs=64 avail_mem=27.35 GB):  64%|██████▍   | 23/36 [00:01<00:00, 16.16it/s]Capturing batches (bs=64 avail_mem=27.35 GB):  69%|██████▉   | 25/36 [00:02<00:00, 16.63it/s]Capturing batches (bs=56 avail_mem=27.34 GB):  69%|██████▉   | 25/36 [00:02<00:00, 16.63it/s]
(SGLangHttpServer pid=1873291, ip=10.124.44.153) Capturing batches (bs=40 avail_mem=27.33 GB):  78%|███████▊  | 28/36 [00:02<00:00, 17.79it/s]Capturing batches (bs=32 avail_mem=27.33 GB):  78%|███████▊  | 28/36 [00:02<00:00, 17.79it/s]
(SGLangHttpServer pid=1873285, ip=10.124.44.153) Capturing batches (bs=12 avail_mem=27.31 GB):  89%|████████▉ | 32/36 [00:02<00:00, 16.67it/s]Capturing batches (bs=8 avail_mem=27.31 GB):  89%|████████▉ | 32/36 [00:02<00:00, 16.67it/s] Capturing batches (bs=4 avail_mem=27.30 GB):  89%|████████▉ | 32/36 [00:02<00:00, 16.67it/s]
(SGLangHttpServer pid=1873303, ip=10.124.44.153) Capturing batches (bs=72 avail_mem=27.35 GB):  67%|██████▋   | 24/36 [00:02<00:00, 16.35it/s]Capturing batches (bs=64 avail_mem=27.35 GB):  67%|██████▋   | 24/36 [00:02<00:00, 16.35it/s]Capturing batches (bs=56 avail_mem=27.34 GB):  67%|██████▋   | 24/36 [00:02<00:00, 16.35it/s]
(SGLangHttpServer pid=1873297, ip=10.124.44.153) Capturing batches (bs=64 avail_mem=27.35 GB):  64%|██████▍   | 23/36 [00:02<00:00, 16.19it/s]Capturing batches (bs=64 avail_mem=27.35 GB):  69%|██████▉   | 25/36 [00:02<00:00, 16.71it/s]Capturing batches (bs=56 avail_mem=27.34 GB):  69%|██████▉   | 25/36 [00:02<00:00, 16.71it/s]
(SGLangHttpServer pid=1873300, ip=10.124.44.153) Capturing batches (bs=80 avail_mem=27.36 GB):  64%|██████▍   | 23/36 [00:01<00:00, 16.04it/s]Capturing batches (bs=72 avail_mem=27.35 GB):  64%|██████▍   | 23/36 [00:01<00:00, 16.04it/s]
(SGLangHttpServer pid=1873294, ip=10.124.44.153) Capturing batches (bs=48 avail_mem=27.34 GB):  69%|██████▉   | 25/36 [00:02<00:00, 16.63it/s]
(SGLangHttpServer pid=1873291, ip=10.124.44.153) Capturing batches (bs=24 avail_mem=27.32 GB):  78%|███████▊  | 28/36 [00:02<00:00, 17.79it/s]Capturing batches (bs=24 avail_mem=27.32 GB):  83%|████████▎ | 30/36 [00:02<00:00, 17.67it/s]Capturing batches (bs=16 avail_mem=27.32 GB):  83%|████████▎ | 30/36 [00:02<00:00, 17.67it/s]
(SGLangHttpServer pid=1873285, ip=10.124.44.153) Capturing batches (bs=4 avail_mem=27.30 GB):  94%|█████████▍| 34/36 [00:02<00:00, 17.42it/s]Capturing batches (bs=2 avail_mem=27.30 GB):  94%|█████████▍| 34/36 [00:02<00:00, 17.42it/s]Capturing batches (bs=1 avail_mem=27.29 GB):  94%|█████████▍| 34/36 [00:02<00:00, 17.42it/s]
(SGLangHttpServer pid=1873303, ip=10.124.44.153) Capturing batches (bs=56 avail_mem=27.34 GB):  72%|███████▏  | 26/36 [00:02<00:00, 16.50it/s]Capturing batches (bs=48 avail_mem=27.34 GB):  72%|███████▏  | 26/36 [00:02<00:00, 16.50it/s]Capturing batches (bs=40 avail_mem=27.33 GB):  72%|███████▏  | 26/36 [00:02<00:00, 16.50it/s]
(SGLangHttpServer pid=1873297, ip=10.124.44.153) Capturing batches (bs=48 avail_mem=27.34 GB):  69%|██████▉   | 25/36 [00:02<00:00, 16.71it/s]Capturing batches (bs=48 avail_mem=27.34 GB):  75%|███████▌  | 27/36 [00:02<00:00, 17.29it/s]Capturing batches (bs=40 avail_mem=27.33 GB):  75%|███████▌  | 27/36 [00:02<00:00, 17.29it/s]
(SGLangHttpServer pid=1873300, ip=10.124.44.153) Capturing batches (bs=64 avail_mem=27.35 GB):  64%|██████▍   | 23/36 [00:02<00:00, 16.04it/s]Capturing batches (bs=64 avail_mem=27.35 GB):  69%|██████▉   | 25/36 [00:02<00:00, 15.87it/s]Capturing batches (bs=56 avail_mem=27.34 GB):  69%|██████▉   | 25/36 [00:02<00:00, 15.87it/s]
(SGLangHttpServer pid=1873294, ip=10.124.44.153) Capturing batches (bs=48 avail_mem=27.34 GB):  75%|███████▌  | 27/36 [00:02<00:00, 16.93it/s]Capturing batches (bs=40 avail_mem=27.33 GB):  75%|███████▌  | 27/36 [00:02<00:00, 16.93it/s]
(SGLangHttpServer pid=1873294, ip=10.124.44.153) Capturing batches (bs=32 avail_mem=27.33 GB):  75%|███████▌  | 27/36 [00:02<00:00, 16.93it/s]
(SGLangHttpServer pid=1873291, ip=10.124.44.153) Capturing batches (bs=12 avail_mem=27.31 GB):  83%|████████▎ | 30/36 [00:02<00:00, 17.67it/s]Capturing batches (bs=12 avail_mem=27.31 GB):  89%|████████▉ | 32/36 [00:02<00:00, 16.54it/s]Capturing batches (bs=8 avail_mem=27.31 GB):  89%|████████▉ | 32/36 [00:02<00:00, 16.54it/s] 
(SGLangHttpServer pid=1873285, ip=10.124.44.153) Capturing batches (bs=1 avail_mem=27.29 GB): 100%|██████████| 36/36 [00:02<00:00, 17.93it/s]Capturing batches (bs=1 avail_mem=27.29 GB): 100%|██████████| 36/36 [00:02<00:00, 13.57it/s]
(SGLangHttpServer pid=1873303, ip=10.124.44.153) Capturing batches (bs=40 avail_mem=27.33 GB):  78%|███████▊  | 28/36 [00:02<00:00, 17.33it/s]Capturing batches (bs=32 avail_mem=27.33 GB):  78%|███████▊  | 28/36 [00:02<00:00, 17.33it/s]Capturing batches (bs=24 avail_mem=27.32 GB):  78%|███████▊  | 28/36 [00:02<00:00, 17.33it/s]
(SGLangHttpServer pid=1873297, ip=10.124.44.153) Capturing batches (bs=32 avail_mem=27.33 GB):  75%|███████▌  | 27/36 [00:02<00:00, 17.29it/s]Capturing batches (bs=32 avail_mem=27.33 GB):  81%|████████  | 29/36 [00:02<00:00, 17.14it/s]Capturing batches (bs=24 avail_mem=27.32 GB):  81%|████████  | 29/36 [00:02<00:00, 17.14it/s]
(SGLangHttpServer pid=1873300, ip=10.124.44.153) Capturing batches (bs=48 avail_mem=27.34 GB):  69%|██████▉   | 25/36 [00:02<00:00, 15.87it/s]Capturing batches (bs=48 avail_mem=27.34 GB):  75%|███████▌  | 27/36 [00:02<00:00, 16.22it/s]Capturing batches (bs=40 avail_mem=27.33 GB):  75%|███████▌  | 27/36 [00:02<00:00, 16.22it/s]
(SGLangHttpServer pid=1873294, ip=10.124.44.153) Capturing batches (bs=32 avail_mem=27.33 GB):  81%|████████  | 29/36 [00:02<00:00, 17.14it/s]Capturing batches (bs=24 avail_mem=27.32 GB):  81%|████████  | 29/36 [00:02<00:00, 17.14it/s]
(SGLangHttpServer pid=1873294, ip=10.124.44.153) Capturing batches (bs=16 avail_mem=27.32 GB):  81%|████████  | 29/36 [00:02<00:00, 17.14it/s]
(SGLangHttpServer pid=1873291, ip=10.124.44.153) Capturing batches (bs=4 avail_mem=27.30 GB):  89%|████████▉ | 32/36 [00:02<00:00, 16.54it/s]Capturing batches (bs=4 avail_mem=27.30 GB):  94%|█████████▍| 34/36 [00:02<00:00, 17.18it/s]Capturing batches (bs=2 avail_mem=27.30 GB):  94%|█████████▍| 34/36 [00:02<00:00, 17.18it/s]
(SGLangHttpServer pid=1873303, ip=10.124.44.153) Capturing batches (bs=24 avail_mem=27.32 GB):  83%|████████▎ | 30/36 [00:02<00:00, 17.46it/s]Capturing batches (bs=16 avail_mem=27.32 GB):  83%|████████▎ | 30/36 [00:02<00:00, 17.46it/s]Capturing batches (bs=12 avail_mem=27.31 GB):  83%|████████▎ | 30/36 [00:02<00:00, 17.46it/s]
(SGLangHttpServer pid=1873297, ip=10.124.44.153) Capturing batches (bs=16 avail_mem=27.32 GB):  81%|████████  | 29/36 [00:02<00:00, 17.14it/s]
(SGLangHttpServer pid=1873300, ip=10.124.44.153) Capturing batches (bs=32 avail_mem=27.33 GB):  75%|███████▌  | 27/36 [00:02<00:00, 16.22it/s]Capturing batches (bs=32 avail_mem=27.33 GB):  81%|████████  | 29/36 [00:02<00:00, 16.16it/s]Capturing batches (bs=24 avail_mem=27.32 GB):  81%|████████  | 29/36 [00:02<00:00, 16.16it/s]
(SGLangHttpServer pid=1873297, ip=10.124.44.153) Capturing batches (bs=16 avail_mem=27.32 GB):  86%|████████▌ | 31/36 [00:02<00:00, 16.17it/s]Capturing batches (bs=12 avail_mem=27.31 GB):  86%|████████▌ | 31/36 [00:02<00:00, 16.17it/s]
(SGLangHttpServer pid=1873294, ip=10.124.44.153) Capturing batches (bs=16 avail_mem=27.32 GB):  86%|████████▌ | 31/36 [00:02<00:00, 15.45it/s]Capturing batches (bs=12 avail_mem=27.31 GB):  86%|████████▌ | 31/36 [00:02<00:00, 15.45it/s]Capturing batches (bs=8 avail_mem=27.31 GB):  86%|████████▌ | 31/36 [00:02<00:00, 15.45it/s] 
(SGLangHttpServer pid=1873291, ip=10.124.44.153) Capturing batches (bs=1 avail_mem=27.29 GB):  94%|█████████▍| 34/36 [00:02<00:00, 17.18it/s]Capturing batches (bs=1 avail_mem=27.29 GB): 100%|██████████| 36/36 [00:02<00:00, 17.34it/s]Capturing batches (bs=1 avail_mem=27.29 GB): 100%|██████████| 36/36 [00:02<00:00, 13.35it/s]
(SGLangHttpServer pid=1873303, ip=10.124.44.153) Capturing batches (bs=12 avail_mem=27.31 GB):  89%|████████▉ | 32/36 [00:02<00:00, 16.34it/s]Capturing batches (bs=8 avail_mem=27.31 GB):  89%|████████▉ | 32/36 [00:02<00:00, 16.34it/s] Capturing batches (bs=4 avail_mem=27.30 GB):  89%|████████▉ | 32/36 [00:02<00:00, 16.34it/s]
(SGLangHttpServer pid=1873297, ip=10.124.44.153) Capturing batches (bs=8 avail_mem=27.31 GB):  86%|████████▌ | 31/36 [00:02<00:00, 16.17it/s] 
(SGLangHttpServer pid=1873300, ip=10.124.44.153) Capturing batches (bs=16 avail_mem=27.32 GB):  81%|████████  | 29/36 [00:02<00:00, 16.16it/s]
(SGLangHttpServer pid=1873297, ip=10.124.44.153) Capturing batches (bs=8 avail_mem=27.31 GB):  92%|█████████▏| 33/36 [00:02<00:00, 16.63it/s]Capturing batches (bs=4 avail_mem=27.30 GB):  92%|█████████▏| 33/36 [00:02<00:00, 16.63it/s]
(SGLangHttpServer pid=1873300, ip=10.124.44.153) Capturing batches (bs=16 avail_mem=27.32 GB):  86%|████████▌ | 31/36 [00:02<00:00, 15.38it/s]Capturing batches (bs=12 avail_mem=27.31 GB):  86%|████████▌ | 31/36 [00:02<00:00, 15.38it/s]
(SGLangHttpServer pid=1873294, ip=10.124.44.153) Capturing batches (bs=8 avail_mem=27.31 GB):  92%|█████████▏| 33/36 [00:02<00:00, 16.06it/s]Capturing batches (bs=4 avail_mem=27.30 GB):  92%|█████████▏| 33/36 [00:02<00:00, 16.06it/s]Capturing batches (bs=2 avail_mem=27.30 GB):  92%|█████████▏| 33/36 [00:02<00:00, 16.06it/s]
(SGLangHttpServer pid=1873303, ip=10.124.44.153) Capturing batches (bs=4 avail_mem=27.30 GB):  94%|█████████▍| 34/36 [00:02<00:00, 16.57it/s]Capturing batches (bs=2 avail_mem=27.30 GB):  94%|█████████▍| 34/36 [00:02<00:00, 16.57it/s]Capturing batches (bs=1 avail_mem=27.29 GB):  94%|█████████▍| 34/36 [00:02<00:00, 16.57it/s]
(SGLangHttpServer pid=1873297, ip=10.124.44.153) Capturing batches (bs=2 avail_mem=27.30 GB):  92%|█████████▏| 33/36 [00:02<00:00, 16.63it/s]Capturing batches (bs=2 avail_mem=27.30 GB):  97%|█████████▋| 35/36 [00:02<00:00, 17.37it/s]Capturing batches (bs=1 avail_mem=27.29 GB):  97%|█████████▋| 35/36 [00:02<00:00, 17.37it/s]
(SGLangHttpServer pid=1873300, ip=10.124.44.153) Capturing batches (bs=8 avail_mem=27.31 GB):  86%|████████▌ | 31/36 [00:02<00:00, 15.38it/s] Capturing batches (bs=4 avail_mem=27.30 GB):  86%|████████▌ | 31/36 [00:02<00:00, 15.38it/s]
(SGLangHttpServer pid=1873294, ip=10.124.44.153) Capturing batches (bs=1 avail_mem=27.29 GB):  92%|█████████▏| 33/36 [00:02<00:00, 16.06it/s]Capturing batches (bs=1 avail_mem=27.29 GB): 100%|██████████| 36/36 [00:02<00:00, 17.51it/s]Capturing batches (bs=1 avail_mem=27.29 GB): 100%|██████████| 36/36 [00:02<00:00, 13.38it/s]
(SGLangHttpServer pid=1873303, ip=10.124.44.153) Capturing batches (bs=1 avail_mem=27.29 GB): 100%|██████████| 36/36 [00:02<00:00, 12.50it/s]
(SGLangHttpServer pid=1873297, ip=10.124.44.153) Capturing batches (bs=1 avail_mem=27.29 GB): 100%|██████████| 36/36 [00:02<00:00, 12.96it/s]
(SGLangHttpServer pid=1873300, ip=10.124.44.153) Capturing batches (bs=4 avail_mem=27.30 GB):  94%|█████████▍| 34/36 [00:02<00:00, 17.03it/s]Capturing batches (bs=2 avail_mem=27.30 GB):  94%|█████████▍| 34/36 [00:02<00:00, 17.03it/s]Capturing batches (bs=1 avail_mem=27.29 GB):  94%|█████████▍| 34/36 [00:02<00:00, 17.03it/s]
(SGLangHttpServer pid=1873300, ip=10.124.44.153) Capturing batches (bs=1 avail_mem=27.29 GB): 100%|██████████| 36/36 [00:02<00:00, 13.25it/s]
(TaskRunner pid=1867365, ip=10.124.44.153) wandb: WARNING func: get_project_by_name, err: Request failed! url: https://ml.bytedance.net/inner/GetTrackingProjectByName, req_body: {'Name': 'specTool'}, resp_body: b'{"ResponseMetadata":{"RequestId":"","Action":"","Version":"","Service":"","Region":"","Error":{"Code":"MissingAuthenticationToken","CodeN":1709801,"Message":"zti token not found, please use DOAS cli to run script","RawError":{},"HTTPCode":401}}}'
(TaskRunner pid=1867365, ip=10.124.44.153) wandb: WARNING func: get_project_by_name, err: Request failed! url: https://ml.bytedance.net/inner/GetTrackingProjectByName, req_body: {'Name': 'specTool'}, resp_body: b'{"ResponseMetadata":{"RequestId":"","Action":"","Version":"","Service":"","Region":"","Error":{"Code":"MissingAuthenticationToken","CodeN":1709801,"Message":"zti token not found, please use DOAS cli to run script","RawError":{},"HTTPCode":401}}}'
(TaskRunner pid=1867365, ip=10.124.44.153) wandb: WARNING func: create_project, err: Request failed! url: https://ml.bytedance.net/inner/CreateTrackingProject, req_body: {'Name': 'specTool'}, resp_body: b'{"ResponseMetadata":{"RequestId":"","Action":"","Version":"","Service":"","Region":"","Error":{"Code":"MissingAuthenticationToken","CodeN":1709801,"Message":"zti token not found, please use DOAS cli to run script","RawError":{},"HTTPCode":401}}}'
(TaskRunner pid=1867365, ip=10.124.44.153) wandb: WARNING func: alert, err: Request failed! url: https://ml.bytedance.net/inner/TrackingAlert, req_body: {'Title': 'Wandb Failed!', 'Text': 'Failed Function: create_project\nERR Message: Request failed! url: https://ml.bytedance.net/inner/CreateTrackingProject, req_body: {\'Name\': \'specTool\'}, resp_body: b\'{"ResponseMetadata":{"RequestId":"","Action":"","Version":"","Service":"","Region":"","Error":{"Code":"MissingAuthenticationToken","CodeN":1709801,"Message":"zti token not found, please use DOAS cli to run script","RawError":{},"HTTPCode":401}}}\''}, resp_body: b'{"ResponseMetadata":{"RequestId":"","Action":"","Version":"","Service":"","Region":"","Error":{"Code":"MissingAuthenticationToken","CodeN":1709801,"Message":"zti token not found, please use DOAS cli to run script","RawError":{},"HTTPCode":401}}}'
(TaskRunner pid=1867365, ip=10.124.44.153) wandb: ⭐️ View project at 
(TaskRunner pid=1867365, ip=10.124.44.153) wandb: - Waiting for wandb.init()...
(TaskRunner pid=1867365, ip=10.124.44.153) wandb: \ Waiting for wandb.init()...
(TaskRunner pid=1867365, ip=10.124.44.153) wandb: | Waiting for wandb.init()...
(TaskRunner pid=1867365, ip=10.124.44.153) wandb: WARNING func: create_run, err: Request failed! url: https://ml.bytedance.net/inner/CreateTrackingRun, req_body: {'ProjectId': '', 'Name': 'baseline_hotpotqa_qwen3_8b_sleep0_toolcalls1_bs256_rollout8_step1_maxlen4096_cap2_20260607_052720_bs256', 'RunId': 'run_20260607_9c980dc4', 'Description': None, 'OuterType': None, 'OuterId': None, 'Tags': None, 'OuterInfo': {'is_seed': False}}, resp_body: b'{"ResponseMetadata":{"RequestId":"","Action":"","Version":"","Service":"","Region":"","Error":{"Code":"MissingAuthenticationToken","CodeN":1709801,"Message":"zti token not found, please use DOAS cli to run script","RawError":{},"HTTPCode":401}}}'
(TaskRunner pid=1867365, ip=10.124.44.153) wandb: WARNING func: alert, err: Request failed! url: https://ml.bytedance.net/inner/TrackingAlert, req_body: {'Title': 'Wandb Failed!', 'Text': 'Failed Function: create_run\nERR Message: Request failed! url: https://ml.bytedance.net/inner/CreateTrackingRun, req_body: {\'ProjectId\': \'\', \'Name\': \'baseline_hotpotqa_qwen3_8b_sleep0_toolcalls1_bs256_rollout8_step1_maxlen4096_cap2_20260607_052720_bs256\', \'RunId\': \'run_20260607_9c980dc4\', \'Description\': None, \'OuterType\': None, \'OuterId\': None, \'Tags\': None, \'OuterInfo\': {\'is_seed\': False}}, resp_body: b\'{"ResponseMetadata":{"RequestId":"","Action":"","Version":"","Service":"","Region":"","Error":{"Code":"MissingAuthenticationToken","CodeN":1709801,"Message":"zti token not found, please use DOAS cli to run script","RawError":{},"HTTPCode":401}}}\''}, resp_body: b'{"ResponseMetadata":{"RequestId":"","Action":"","Version":"","Service":"","Region":"","Error":{"Code":"MissingAuthenticationToken","CodeN":1709801,"Message":"zti token not found, please use DOAS cli to run script","RawError":{},"HTTPCode":401}}}'
(TaskRunner pid=1867365, ip=10.124.44.153) wandb: 🚀 View run at 
(TaskRunner pid=1867365, ip=10.124.44.153) wandb: WARNING func: alert, err: Request failed! url: https://ml.bytedance.net/inner/TrackingAlert, req_body: {'Title': 'Tracking Run Created', 'Text': 'Created run [specTool/]()'}, resp_body: b'{"ResponseMetadata":{"RequestId":"","Action":"","Version":"","Service":"","Region":"","Error":{"Code":"MissingAuthenticationToken","CodeN":1709801,"Message":"zti token not found, please use DOAS cli to run script","RawError":{},"HTTPCode":401}}}'
(TaskRunner pid=1867365, ip=10.124.44.153) wandb: WARNING func: set_run_config, err: set_run_config wandb init failed, skip.../
(TaskRunner pid=1867365, ip=10.124.44.153) wandb: / Waiting for wandb.init()...
(pid=1875506, ip=10.124.44.153) /usr/local/lib/python3.12/dist-packages/torch/amp/autocast_mode.py:270: UserWarning: User provided device_type of 'cuda', but CUDA is not available. Disabling
(pid=1875506, ip=10.124.44.153)   warnings.warn(
(pid=1875506, ip=10.124.44.153) Modular Diffusers is currently an experimental feature under active development. The API is subject to breaking changes in future releases.
(pid=1875510, ip=10.124.44.153) /usr/local/lib/python3.12/dist-packages/torch/amp/autocast_mode.py:270: UserWarning: User provided device_type of 'cuda', but CUDA is not available. Disabling
(pid=1875510, ip=10.124.44.153)   warnings.warn(
(pid=1875510, ip=10.124.44.153) Modular Diffusers is currently an experimental feature under active development. The API is subject to breaking changes in future releases.
(pid=1875516, ip=10.124.44.153) /usr/local/lib/python3.12/dist-packages/torch/amp/autocast_mode.py:270: UserWarning: User provided device_type of 'cuda', but CUDA is not available. Disabling
(pid=1875516, ip=10.124.44.153)   warnings.warn(
(pid=1875516, ip=10.124.44.153) Modular Diffusers is currently an experimental feature under active development. The API is subject to breaking changes in future releases.
(pid=1875517, ip=10.124.44.153) /usr/local/lib/python3.12/dist-packages/torch/amp/autocast_mode.py:270: UserWarning: User provided device_type of 'cuda', but CUDA is not available. Disabling
(pid=1875517, ip=10.124.44.153)   warnings.warn(
(pid=1875509, ip=10.124.44.153) /usr/local/lib/python3.12/dist-packages/torch/amp/autocast_mode.py:270: UserWarning: User provided device_type of 'cuda', but CUDA is not available. Disabling
(pid=1875509, ip=10.124.44.153)   warnings.warn(
(pid=1875509, ip=10.124.44.153) Modular Diffusers is currently an experimental feature under active development. The API is subject to breaking changes in future releases.
(GlobalRequestLoadBalancer pid=1875505, ip=10.124.44.153) /usr/local/lib/python3.12/dist-packages/torch/amp/autocast_mode.py:270: UserWarning: User provided device_type of 'cuda', but CUDA is not available. Disabling
(GlobalRequestLoadBalancer pid=1875505, ip=10.124.44.153)   warnings.warn(
(pid=1875517, ip=10.124.44.153) Modular Diffusers is currently an experimental feature under active development. The API is subject to breaking changes in future releases.
(GlobalRequestLoadBalancer pid=1875505, ip=10.124.44.153) Modular Diffusers is currently an experimental feature under active development. The API is subject to breaking changes in future releases.
(pid=1875520, ip=10.124.44.153) /usr/local/lib/python3.12/dist-packages/torch/amp/autocast_mode.py:270: UserWarning: User provided device_type of 'cuda', but CUDA is not available. Disabling
(pid=1875520, ip=10.124.44.153)   warnings.warn(
(pid=1875520, ip=10.124.44.153) Modular Diffusers is currently an experimental feature under active development. The API is subject to breaking changes in future releases.
(pid=1875511, ip=10.124.44.153) /usr/local/lib/python3.12/dist-packages/torch/amp/autocast_mode.py:270: UserWarning: User provided device_type of 'cuda', but CUDA is not available. Disabling
(pid=1875511, ip=10.124.44.153)   warnings.warn(
(pid=1875511, ip=10.124.44.153) Modular Diffusers is currently an experimental feature under active development. The API is subject to breaking changes in future releases.
(pid=1875524, ip=10.124.44.153) /usr/local/lib/python3.12/dist-packages/torch/amp/autocast_mode.py:270: UserWarning: User provided device_type of 'cuda', but CUDA is not available. Disabling
(pid=1875524, ip=10.124.44.153)   warnings.warn(
(pid=1875524, ip=10.124.44.153) Modular Diffusers is currently an experimental feature under active development. The API is subject to breaking changes in future releases.
(GlobalRequestLoadBalancer pid=1875505, ip=10.124.44.153) /sgl-workspace/sglang/python/sglang/srt/layers/attention/fla/utils.py:212: UserWarning: Triton is not supported on current platform, roll back to CPU.
(GlobalRequestLoadBalancer pid=1875505, ip=10.124.44.153)   warnings.warn(
(TaskRunner pid=1867365, ip=10.124.44.153) wandb: Tracking run with wandb version 0.13.95
(TaskRunner pid=1867365, ip=10.124.44.153) wandb: Run data is saved locally in /home/tiger/verl/wandb/run-20260607_053433-run_20260607_9c980dc4
(TaskRunner pid=1867365, ip=10.124.44.153) wandb: Run `wandb offline` to turn off syncing.
(TaskRunner pid=1867365, ip=10.124.44.153) wandb: WARNING func: save_file, err: save_file wandb init failed, skip.../
(WorkerDict pid=1870637, ip=10.124.44.153) After FSDP, memory allocated (GB): 3.81, memory reserved (GB): 18.74, device memory used/total (GB): 19.82/79.15
(WorkerDict pid=1870637, ip=10.124.44.153) Total steps: 1, num_warmup_steps: 0
(WorkerDict pid=1870637, ip=10.124.44.153) NCCL version 2.27.5+cuda12.9
(WorkerDict pid=1870637, ip=10.124.44.153) [Gloo] Rank 0 is connected to 7 peer ranks. Expected number of connected peer ranks is : 7
(WorkerDict pid=1870637, ip=10.124.44.153) [Gloo] Rank 0 is connected to 0 peer ranks. Expected number of connected peer ranks is : 0
(WorkerDict pid=1870637, ip=10.124.44.153) [Gloo] Rank 0 is connected to 0 peer ranks. Expected number of connected peer ranks is : 0
(WorkerDict pid=1870640, ip=10.124.44.153) [Gloo] Rank 3 is connected to 7 peer ranks. Expected number of connected peer ranks is : 7
(WorkerDict pid=1870640, ip=10.124.44.153) [Gloo] Rank 0 is connected to 0 peer ranks. Expected number of connected peer ranks is : 0
(WorkerDict pid=1870640, ip=10.124.44.153) [Gloo] Rank 0 is connected to 0 peer ranks. Expected number of connected peer ranks is : 0
(WorkerDict pid=1870644, ip=10.124.44.153) [Gloo] Rank 5 is connected to 7 peer ranks. Expected number of connected peer ranks is : 7
(WorkerDict pid=1870644, ip=10.124.44.153) [Gloo] Rank 0 is connected to 0 peer ranks. Expected number of connected peer ranks is : 0
(WorkerDict pid=1870644, ip=10.124.44.153) [Gloo] Rank 0 is connected to 0 peer ranks. Expected number of connected peer ranks is : 0
(WorkerDict pid=1870639, ip=10.124.44.153) [Gloo] Rank 2 is connected to 7 peer ranks. Expected number of connected peer ranks is : 7
(WorkerDict pid=1870639, ip=10.124.44.153) [Gloo] Rank 0 is connected to 0 peer ranks. Expected number of connected peer ranks is : 0
(WorkerDict pid=1870639, ip=10.124.44.153) [Gloo] Rank 0 is connected to 0 peer ranks. Expected number of connected peer ranks is : 0
(SGLangHttpServer pid=1873282, ip=10.124.44.153) SGLang http server: rollout_mode=<RolloutMode.HYBRID: 'hybrid'>, replica_rank=1, node_rank=0, nnodes=1, cuda_visible_devices='1', role=null
(SGLangHttpServer pid=1873281, ip=10.124.44.153) SGLang http server: rollout_mode=<RolloutMode.HYBRID: 'hybrid'>, replica_rank=0, node_rank=0, nnodes=1, cuda_visible_devices='0', role=null
(SGLangHttpServer pid=1873285, ip=10.124.44.153) SGLang http server: rollout_mode=<RolloutMode.HYBRID: 'hybrid'>, replica_rank=2, node_rank=0, nnodes=1, cuda_visible_devices='2', role=null
(SGLangHttpServer pid=1873294, ip=10.124.44.153) SGLang http server: rollout_mode=<RolloutMode.HYBRID: 'hybrid'>, replica_rank=4, node_rank=0, nnodes=1, cuda_visible_devices='4', role=null
(SGLangHttpServer pid=1873291, ip=10.124.44.153) SGLang http server: rollout_mode=<RolloutMode.HYBRID: 'hybrid'>, replica_rank=3, node_rank=0, nnodes=1, cuda_visible_devices='3', role=null
(SGLangHttpServer pid=1873300, ip=10.124.44.153) SGLang http server: rollout_mode=<RolloutMode.HYBRID: 'hybrid'>, replica_rank=6, node_rank=0, nnodes=1, cuda_visible_devices='6', role=null
(SGLangHttpServer pid=1873303, ip=10.124.44.153) SGLang http server: rollout_mode=<RolloutMode.HYBRID: 'hybrid'>, replica_rank=7, node_rank=0, nnodes=1, cuda_visible_devices='7', role=null
(SGLangHttpServer pid=1873297, ip=10.124.44.153) SGLang http server: rollout_mode=<RolloutMode.HYBRID: 'hybrid'>, replica_rank=5, node_rank=0, nnodes=1, cuda_visible_devices='5', role=null
(SGLangHttpServer pid=1873282, ip=10.124.44.153) [Gloo] Rank 0 is connected to 0 peer ranks. Expected number of connected peer ranks is : 0
(SGLangHttpServer pid=1873282, ip=10.124.44.153) [Gloo] Rank 0 is connected to 0 peer ranks. Expected number of connected peer ranks is : 0
(SGLangHttpServer pid=1873282, ip=10.124.44.153) [Gloo] Rank 0 is connected to 0 peer ranks. Expected number of connected peer ranks is : 0
(SGLangHttpServer pid=1873281, ip=10.124.44.153) [Gloo] Rank 0 is connected to 0 peer ranks. Expected number of connected peer ranks is : 0
(SGLangHttpServer pid=1873281, ip=10.124.44.153) [Gloo] Rank 0 is connected to 0 peer ranks. Expected number of connected peer ranks is : 0
(SGLangHttpServer pid=1873281, ip=10.124.44.153) [Gloo] Rank 0 is connected to 0 peer ranks. Expected number of connected peer ranks is : 0
(SGLangHttpServer pid=1873285, ip=10.124.44.153) [Gloo] Rank 0 is connected to 0 peer ranks. Expected number of connected peer ranks is : 0
(SGLangHttpServer pid=1873285, ip=10.124.44.153) [Gloo] Rank 0 is connected to 0 peer ranks. Expected number of connected peer ranks is : 0
(SGLangHttpServer pid=1873285, ip=10.124.44.153) [Gloo] Rank 0 is connected to 0 peer ranks. Expected number of connected peer ranks is : 0
(SGLangHttpServer pid=1873291, ip=10.124.44.153) [Gloo] Rank 0 is connected to 0 peer ranks. Expected number of connected peer ranks is : 0
(SGLangHttpServer pid=1873303, ip=10.124.44.153) [Gloo] Rank 0 is connected to 0 peer ranks. Expected number of connected peer ranks is : 0
(SGLangHttpServer pid=1873303, ip=10.124.44.153) [Gloo] Rank 0 is connected to 0 peer ranks. Expected number of connected peer ranks is : 0
(SGLangHttpServer pid=1873303, ip=10.124.44.153) [Gloo] Rank 0 is connected to 0 peer ranks. Expected number of connected peer ranks is : 0
(SGLangHttpServer pid=1873291, ip=10.124.44.153) [Gloo] Rank 0 is connected to 0 peer ranks. Expected number of connected peer ranks is : 0
(SGLangHttpServer pid=1873291, ip=10.124.44.153) [Gloo] Rank 0 is connected to 0 peer ranks. Expected number of connected peer ranks is : 0
(SGLangHttpServer pid=1873294, ip=10.124.44.153) [Gloo] Rank 0 is connected to 0 peer ranks. Expected number of connected peer ranks is : 0
(SGLangHttpServer pid=1873297, ip=10.124.44.153) [Gloo] Rank 0 is connected to 0 peer ranks. Expected number of connected peer ranks is : 0
(SGLangHttpServer pid=1873294, ip=10.124.44.153) [Gloo] Rank 0 is connected to 0 peer ranks. Expected number of connected peer ranks is : 0
(SGLangHttpServer pid=1873294, ip=10.124.44.153) [Gloo] Rank 0 is connected to 0 peer ranks. Expected number of connected peer ranks is : 0
(SGLangHttpServer pid=1873297, ip=10.124.44.153) [Gloo] Rank 0 is connected to 0 peer ranks. Expected number of connected peer ranks is : 0
(SGLangHttpServer pid=1873297, ip=10.124.44.153) [Gloo] Rank 0 is connected to 0 peer ranks. Expected number of connected peer ranks is : 0
(SGLangHttpServer pid=1873300, ip=10.124.44.153) [Gloo] Rank 0 is connected to 0 peer ranks. Expected number of connected peer ranks is : 0
(SGLangHttpServer pid=1873300, ip=10.124.44.153) [Gloo] Rank 0 is connected to 0 peer ranks. Expected number of connected peer ranks is : 0
(SGLangHttpServer pid=1873300, ip=10.124.44.153) [Gloo] Rank 0 is connected to 0 peer ranks. Expected number of connected peer ranks is : 0
(TaskRunner pid=1867365, ip=10.124.44.153) LLMServerManager: ['10.124.44.153:46179', '10.124.44.153:34309', '10.124.44.153:46527', '10.124.44.153:39877', '10.124.44.153:34095', '10.124.44.153:33933', '10.124.44.153:38021', '10.124.44.153:43643']
(TaskRunner pid=1867365, ip=10.124.44.153) Updated Prometheus configuration at /tmp/ray/session_latest/metrics/prometheus/prometheus.yml with 8 SGLANG servers
(reload_prometheus pid=1870536, ip=10.124.44.153) Reloading Prometheus on node: http://10.124.44.153:9090/-/reload
(AgentLoopWorker pid=1875506, ip=10.124.44.153) Using dataset class: RLHFDataset
(AgentLoopWorker pid=1875510, ip=10.124.44.153) Using dataset class: RLHFDataset
(AgentLoopWorker pid=1875516, ip=10.124.44.153) Using dataset class: RLHFDataset
(AgentLoopWorker pid=1875517, ip=10.124.44.153) Using dataset class: RLHFDataset
(AgentLoopWorker pid=1875509, ip=10.124.44.153) Using dataset class: RLHFDataset
(AgentLoopWorker pid=1875520, ip=10.124.44.153) Using dataset class: RLHFDataset
(AgentLoopWorker pid=1875511, ip=10.124.44.153) Using dataset class: RLHFDataset
(AgentLoopWorker pid=1875524, ip=10.124.44.153) Using dataset class: RLHFDataset
(TaskRunner pid=1867365, ip=10.124.44.153) Saving tensorboard log to /home/tiger/logs/tensorboard/specTool/baseline_hotpotqa_qwen3_8b_sleep0_toolcalls1_bs256_rollout8_step1_maxlen4096_cap2_20260607_052720_bs256.
(GlobalRequestLoadBalancer pid=1875505, ip=10.124.44.153) /sgl-workspace/sglang/python/sglang/srt/layers/quantization/awq.py:76: UserWarning: Only CUDA, HIP and XPU support AWQ currently.
(GlobalRequestLoadBalancer pid=1875505, ip=10.124.44.153)   warnings.warn(f"Only CUDA, HIP and XPU support AWQ currently.")
(GlobalRequestLoadBalancer pid=1875505, ip=10.124.44.153) /sgl-workspace/sglang/python/sglang/srt/layers/quantization/gguf.py:47: UserWarning: Only CUDA support GGUF quantization currently.
(GlobalRequestLoadBalancer pid=1875505, ip=10.124.44.153)   warnings.warn(f"Only CUDA support GGUF quantization currently.")
(GlobalRequestLoadBalancer pid=1875505, ip=10.124.44.153) /usr/local/lib/python3.12/dist-packages/opentelemetry/proto/collector/logs/v1/logs_service_pb2_grpc.py:21: RuntimeWarning: The grpc package installed is at version 1.59.5, but the generated code in opentelemetry/proto/collector/logs/v1/logs_service_pb2_grpc.py depends on grpcio>=1.63.2. Please upgrade your grpc module to grpcio>=1.63.2 or downgrade your generated code using grpcio-tools<=1.59.5. This warning will become an error in 1.65.0, scheduled for release on June 25, 2024.
(GlobalRequestLoadBalancer pid=1875505, ip=10.124.44.153)   warnings.warn(
(GlobalRequestLoadBalancer pid=1875505, ip=10.124.44.153) /usr/local/lib/python3.12/dist-packages/opentelemetry/proto/collector/metrics/v1/metrics_service_pb2_grpc.py:21: RuntimeWarning: The grpc package installed is at version 1.59.5, but the generated code in opentelemetry/proto/collector/metrics/v1/metrics_service_pb2_grpc.py depends on grpcio>=1.63.2. Please upgrade your grpc module to grpcio>=1.63.2 or downgrade your generated code using grpcio-tools<=1.59.5. This warning will become an error in 1.65.0, scheduled for release on June 25, 2024.
(GlobalRequestLoadBalancer pid=1875505, ip=10.124.44.153)   warnings.warn(
