(SGLangHttpServer pid=3663626, ip=10.124.45.22) Capturing batches (bs=208 avail_mem=27.45 GB):  19%|█▉        | 7/36 [00:00<00:02, 11.57it/s]Capturing batches (bs=200 avail_mem=27.44 GB):  19%|█▉        | 7/36 [00:00<00:02, 11.57it/s]Capturing batches (bs=192 avail_mem=27.44 GB):  19%|█▉        | 7/36 [00:00<00:02, 11.57it/s]
(SGLangHttpServer pid=3663580, ip=10.124.45.22) Capturing batches (bs=208 avail_mem=27.45 GB):  14%|█▍        | 5/36 [00:00<00:02, 10.60it/s]Capturing batches (bs=208 avail_mem=27.45 GB):  19%|█▉        | 7/36 [00:00<00:02, 11.59it/s]Capturing batches (bs=200 avail_mem=27.44 GB):  19%|█▉        | 7/36 [00:00<00:02, 11.59it/s]
(SGLangHttpServer pid=3663672, ip=10.124.45.22) Capturing batches (bs=208 avail_mem=27.45 GB):  19%|█▉        | 7/36 [00:00<00:02, 11.70it/s]Capturing batches (bs=200 avail_mem=27.44 GB):  19%|█▉        | 7/36 [00:00<00:02, 11.70it/s]
(SGLangHttpServer pid=3663669, ip=10.124.45.22) Capturing batches (bs=176 avail_mem=27.43 GB):  31%|███       | 11/36 [00:00<00:01, 12.92it/s]Capturing batches (bs=168 avail_mem=27.42 GB):  31%|███       | 11/36 [00:00<00:01, 12.92it/s]Capturing batches (bs=160 avail_mem=27.42 GB):  31%|███       | 11/36 [00:01<00:01, 12.92it/s]
(SGLangHttpServer pid=3663573, ip=10.124.45.22) Capturing batches (bs=192 avail_mem=27.44 GB):  19%|█▉        | 7/36 [00:00<00:02, 12.09it/s]Capturing batches (bs=192 avail_mem=27.44 GB):  25%|██▌       | 9/36 [00:00<00:02, 12.68it/s]Capturing batches (bs=184 avail_mem=27.43 GB):  25%|██▌       | 9/36 [00:00<00:02, 12.68it/s]
(SGLangHttpServer pid=3663570, ip=10.124.45.22) Capturing batches (bs=16 avail_mem=27.32 GB):  86%|████████▌ | 31/36 [00:02<00:00, 16.69it/s]Capturing batches (bs=12 avail_mem=27.31 GB):  86%|████████▌ | 31/36 [00:02<00:00, 16.69it/s]
(SGLangHttpServer pid=3663576, ip=10.124.45.22) Capturing batches (bs=80 avail_mem=27.36 GB):  58%|█████▊    | 21/36 [00:01<00:00, 15.56it/s]Capturing batches (bs=80 avail_mem=27.36 GB):  64%|██████▍   | 23/36 [00:01<00:00, 16.24it/s]Capturing batches (bs=72 avail_mem=27.35 GB):  64%|██████▍   | 23/36 [00:01<00:00, 16.24it/s]
(SGLangHttpServer pid=3663626, ip=10.124.45.22) Capturing batches (bs=192 avail_mem=27.44 GB):  25%|██▌       | 9/36 [00:00<00:02, 12.33it/s]Capturing batches (bs=184 avail_mem=27.43 GB):  25%|██▌       | 9/36 [00:00<00:02, 12.33it/s]Capturing batches (bs=176 avail_mem=27.43 GB):  25%|██▌       | 9/36 [00:00<00:02, 12.33it/s]
(SGLangHttpServer pid=3663580, ip=10.124.45.22) Capturing batches (bs=192 avail_mem=27.44 GB):  19%|█▉        | 7/36 [00:00<00:02, 11.59it/s]Capturing batches (bs=192 avail_mem=27.44 GB):  25%|██▌       | 9/36 [00:00<00:02, 12.52it/s]Capturing batches (bs=184 avail_mem=27.43 GB):  25%|██▌       | 9/36 [00:00<00:02, 12.52it/s]
(SGLangHttpServer pid=3663672, ip=10.124.45.22) Capturing batches (bs=192 avail_mem=27.44 GB):  19%|█▉        | 7/36 [00:00<00:02, 11.70it/s]Capturing batches (bs=192 avail_mem=27.44 GB):  25%|██▌       | 9/36 [00:00<00:02, 12.55it/s]Capturing batches (bs=184 avail_mem=27.43 GB):  25%|██▌       | 9/36 [00:00<00:02, 12.55it/s]
(SGLangHttpServer pid=3663669, ip=10.124.45.22) Capturing batches (bs=160 avail_mem=27.42 GB):  36%|███▌      | 13/36 [00:01<00:01, 12.99it/s]Capturing batches (bs=152 avail_mem=27.41 GB):  36%|███▌      | 13/36 [00:01<00:01, 12.99it/s]
(SGLangHttpServer pid=3663570, ip=10.124.45.22) Capturing batches (bs=8 avail_mem=27.31 GB):  86%|████████▌ | 31/36 [00:02<00:00, 16.69it/s] 
(SGLangHttpServer pid=3663576, ip=10.124.45.22) Capturing batches (bs=64 avail_mem=27.35 GB):  64%|██████▍   | 23/36 [00:01<00:00, 16.24it/s]
(SGLangHttpServer pid=3663573, ip=10.124.45.22) Capturing batches (bs=176 avail_mem=27.43 GB):  25%|██▌       | 9/36 [00:00<00:02, 12.68it/s]Capturing batches (bs=176 avail_mem=27.43 GB):  31%|███       | 11/36 [00:00<00:01, 13.44it/s]Capturing batches (bs=168 avail_mem=27.42 GB):  31%|███       | 11/36 [00:00<00:01, 13.44it/s]
(SGLangHttpServer pid=3663570, ip=10.124.45.22) Capturing batches (bs=8 avail_mem=27.31 GB):  92%|█████████▏| 33/36 [00:02<00:00, 17.41it/s]Capturing batches (bs=4 avail_mem=27.30 GB):  92%|█████████▏| 33/36 [00:02<00:00, 17.41it/s]Capturing batches (bs=2 avail_mem=27.30 GB):  92%|█████████▏| 33/36 [00:02<00:00, 17.41it/s]
(SGLangHttpServer pid=3663576, ip=10.124.45.22) Capturing batches (bs=64 avail_mem=27.35 GB):  69%|██████▉   | 25/36 [00:01<00:00, 16.94it/s]Capturing batches (bs=56 avail_mem=27.34 GB):  69%|██████▉   | 25/36 [00:01<00:00, 16.94it/s]Capturing batches (bs=48 avail_mem=27.34 GB):  69%|██████▉   | 25/36 [00:01<00:00, 16.94it/s]
(SGLangHttpServer pid=3663626, ip=10.124.45.22) Capturing batches (bs=176 avail_mem=27.43 GB):  31%|███       | 11/36 [00:00<00:01, 13.20it/s]Capturing batches (bs=168 avail_mem=27.42 GB):  31%|███       | 11/36 [00:00<00:01, 13.20it/s]
(SGLangHttpServer pid=3663580, ip=10.124.45.22) Capturing batches (bs=176 avail_mem=27.43 GB):  25%|██▌       | 9/36 [00:00<00:02, 12.52it/s]
(SGLangHttpServer pid=3663672, ip=10.124.45.22) Capturing batches (bs=176 avail_mem=27.43 GB):  25%|██▌       | 9/36 [00:00<00:02, 12.55it/s]Capturing batches (bs=176 avail_mem=27.43 GB):  31%|███       | 11/36 [00:00<00:01, 13.31it/s]Capturing batches (bs=168 avail_mem=27.42 GB):  31%|███       | 11/36 [00:00<00:01, 13.31it/s]
(SGLangHttpServer pid=3663669, ip=10.124.45.22) Capturing batches (bs=144 avail_mem=27.41 GB):  36%|███▌      | 13/36 [00:01<00:01, 12.99it/s]Capturing batches (bs=144 avail_mem=27.41 GB):  42%|████▏     | 15/36 [00:01<00:01, 13.69it/s]Capturing batches (bs=136 avail_mem=27.40 GB):  42%|████▏     | 15/36 [00:01<00:01, 13.69it/s]
(SGLangHttpServer pid=3663626, ip=10.124.45.22) Capturing batches (bs=160 avail_mem=27.42 GB):  31%|███       | 11/36 [00:01<00:01, 13.20it/s]
(SGLangHttpServer pid=3663580, ip=10.124.45.22) Capturing batches (bs=176 avail_mem=27.43 GB):  31%|███       | 11/36 [00:00<00:01, 13.32it/s]Capturing batches (bs=168 avail_mem=27.42 GB):  31%|███       | 11/36 [00:00<00:01, 13.32it/s]
(SGLangHttpServer pid=3663573, ip=10.124.45.22) Capturing batches (bs=160 avail_mem=27.42 GB):  31%|███       | 11/36 [00:01<00:01, 13.44it/s]Capturing batches (bs=160 avail_mem=27.42 GB):  36%|███▌      | 13/36 [00:01<00:01, 13.64it/s]Capturing batches (bs=152 avail_mem=27.41 GB):  36%|███▌      | 13/36 [00:01<00:01, 13.64it/s]
(SGLangHttpServer pid=3663570, ip=10.124.45.22) Capturing batches (bs=2 avail_mem=27.30 GB):  97%|█████████▋| 35/36 [00:02<00:00, 17.98it/s]Capturing batches (bs=1 avail_mem=27.29 GB):  97%|█████████▋| 35/36 [00:02<00:00, 17.98it/s]Capturing batches (bs=1 avail_mem=27.29 GB): 100%|██████████| 36/36 [00:02<00:00, 14.50it/s]
(SGLangHttpServer pid=3663576, ip=10.124.45.22) Capturing batches (bs=48 avail_mem=27.34 GB):  75%|███████▌  | 27/36 [00:01<00:00, 17.65it/s]Capturing batches (bs=40 avail_mem=27.33 GB):  75%|███████▌  | 27/36 [00:01<00:00, 17.65it/s]Capturing batches (bs=32 avail_mem=27.33 GB):  75%|███████▌  | 27/36 [00:02<00:00, 17.65it/s]
(SGLangHttpServer pid=3663626, ip=10.124.45.22) Capturing batches (bs=160 avail_mem=27.42 GB):  36%|███▌      | 13/36 [00:01<00:01, 13.52it/s]Capturing batches (bs=152 avail_mem=27.41 GB):  36%|███▌      | 13/36 [00:01<00:01, 13.52it/s]
(SGLangHttpServer pid=3663580, ip=10.124.45.22) Capturing batches (bs=160 avail_mem=27.42 GB):  31%|███       | 11/36 [00:01<00:01, 13.32it/s]
(SGLangHttpServer pid=3663672, ip=10.124.45.22) Capturing batches (bs=160 avail_mem=27.42 GB):  31%|███       | 11/36 [00:01<00:01, 13.31it/s]Capturing batches (bs=160 avail_mem=27.42 GB):  36%|███▌      | 13/36 [00:01<00:01, 13.48it/s]Capturing batches (bs=152 avail_mem=27.41 GB):  36%|███▌      | 13/36 [00:01<00:01, 13.48it/s]
(SGLangHttpServer pid=3663669, ip=10.124.45.22) Capturing batches (bs=128 avail_mem=27.40 GB):  42%|████▏     | 15/36 [00:01<00:01, 13.69it/s]Capturing batches (bs=128 avail_mem=27.40 GB):  47%|████▋     | 17/36 [00:01<00:01, 14.05it/s]Capturing batches (bs=120 avail_mem=27.39 GB):  47%|████▋     | 17/36 [00:01<00:01, 14.05it/s]
(SGLangHttpServer pid=3663573, ip=10.124.45.22) Capturing batches (bs=144 avail_mem=27.41 GB):  36%|███▌      | 13/36 [00:01<00:01, 13.64it/s]
(SGLangHttpServer pid=3663576, ip=10.124.45.22) Capturing batches (bs=32 avail_mem=27.33 GB):  81%|████████  | 29/36 [00:02<00:00, 17.87it/s]Capturing batches (bs=24 avail_mem=27.32 GB):  81%|████████  | 29/36 [00:02<00:00, 17.87it/s]Capturing batches (bs=16 avail_mem=27.32 GB):  81%|████████  | 29/36 [00:02<00:00, 17.87it/s]
(SGLangHttpServer pid=3663626, ip=10.124.45.22) Capturing batches (bs=144 avail_mem=27.41 GB):  36%|███▌      | 13/36 [00:01<00:01, 13.52it/s]Capturing batches (bs=144 avail_mem=27.41 GB):  42%|████▏     | 15/36 [00:01<00:01, 14.14it/s]Capturing batches (bs=136 avail_mem=27.40 GB):  42%|████▏     | 15/36 [00:01<00:01, 14.14it/s]
(SGLangHttpServer pid=3663580, ip=10.124.45.22) Capturing batches (bs=160 avail_mem=27.42 GB):  36%|███▌      | 13/36 [00:01<00:01, 13.49it/s]Capturing batches (bs=152 avail_mem=27.41 GB):  36%|███▌      | 13/36 [00:01<00:01, 13.49it/s]Capturing batches (bs=144 avail_mem=27.41 GB):  36%|███▌      | 13/36 [00:01<00:01, 13.49it/s]
(SGLangHttpServer pid=3663672, ip=10.124.45.22) Capturing batches (bs=144 avail_mem=27.41 GB):  36%|███▌      | 13/36 [00:01<00:01, 13.48it/s]
(SGLangHttpServer pid=3663669, ip=10.124.45.22) Capturing batches (bs=112 avail_mem=27.38 GB):  47%|████▋     | 17/36 [00:01<00:01, 14.05it/s]Capturing batches (bs=112 avail_mem=27.38 GB):  53%|█████▎    | 19/36 [00:01<00:01, 14.88it/s]Capturing batches (bs=104 avail_mem=27.38 GB):  53%|█████▎    | 19/36 [00:01<00:01, 14.88it/s]
(SGLangHttpServer pid=3663573, ip=10.124.45.22) Capturing batches (bs=144 avail_mem=27.41 GB):  42%|████▏     | 15/36 [00:01<00:01, 14.17it/s]Capturing batches (bs=136 avail_mem=27.40 GB):  42%|████▏     | 15/36 [00:01<00:01, 14.17it/s]
(SGLangHttpServer pid=3663672, ip=10.124.45.22) Capturing batches (bs=144 avail_mem=27.41 GB):  42%|████▏     | 15/36 [00:01<00:01, 14.02it/s]Capturing batches (bs=136 avail_mem=27.40 GB):  42%|████▏     | 15/36 [00:01<00:01, 14.02it/s]
(SGLangHttpServer pid=3663573, ip=10.124.45.22) Capturing batches (bs=128 avail_mem=27.40 GB):  42%|████▏     | 15/36 [00:01<00:01, 14.17it/s]Capturing batches (bs=128 avail_mem=27.40 GB):  47%|████▋     | 17/36 [00:01<00:01, 14.79it/s]Capturing batches (bs=120 avail_mem=27.39 GB):  47%|████▋     | 17/36 [00:01<00:01, 14.79it/s]
(SGLangHttpServer pid=3663576, ip=10.124.45.22) Capturing batches (bs=16 avail_mem=27.32 GB):  86%|████████▌ | 31/36 [00:02<00:00, 16.63it/s]Capturing batches (bs=12 avail_mem=27.31 GB):  86%|████████▌ | 31/36 [00:02<00:00, 16.63it/s]Capturing batches (bs=8 avail_mem=27.31 GB):  86%|████████▌ | 31/36 [00:02<00:00, 16.63it/s] 
(SGLangHttpServer pid=3663626, ip=10.124.45.22) Capturing batches (bs=128 avail_mem=27.40 GB):  42%|████▏     | 15/36 [00:01<00:01, 14.14it/s]Capturing batches (bs=128 avail_mem=27.40 GB):  47%|████▋     | 17/36 [00:01<00:01, 14.73it/s]Capturing batches (bs=120 avail_mem=27.39 GB):  47%|████▋     | 17/36 [00:01<00:01, 14.73it/s]
(SGLangHttpServer pid=3663580, ip=10.124.45.22) Capturing batches (bs=144 avail_mem=27.41 GB):  42%|████▏     | 15/36 [00:01<00:01, 14.11it/s]Capturing batches (bs=136 avail_mem=27.40 GB):  42%|████▏     | 15/36 [00:01<00:01, 14.11it/s]Capturing batches (bs=128 avail_mem=27.40 GB):  42%|████▏     | 15/36 [00:01<00:01, 14.11it/s]
(SGLangHttpServer pid=3663672, ip=10.124.45.22) Capturing batches (bs=128 avail_mem=27.40 GB):  42%|████▏     | 15/36 [00:01<00:01, 14.02it/s]
(SGLangHttpServer pid=3663669, ip=10.124.45.22) Capturing batches (bs=96 avail_mem=27.37 GB):  53%|█████▎    | 19/36 [00:01<00:01, 14.88it/s] Capturing batches (bs=96 avail_mem=27.37 GB):  58%|█████▊    | 21/36 [00:01<00:00, 15.62it/s]Capturing batches (bs=88 avail_mem=27.36 GB):  58%|█████▊    | 21/36 [00:01<00:00, 15.62it/s]
(SGLangHttpServer pid=3663672, ip=10.124.45.22) Capturing batches (bs=128 avail_mem=27.40 GB):  47%|████▋     | 17/36 [00:01<00:01, 14.51it/s]Capturing batches (bs=120 avail_mem=27.39 GB):  47%|████▋     | 17/36 [00:01<00:01, 14.51it/s]
(SGLangHttpServer pid=3663576, ip=10.124.45.22) Capturing batches (bs=4 avail_mem=27.30 GB):  86%|████████▌ | 31/36 [00:02<00:00, 16.63it/s]
(SGLangHttpServer pid=3663626, ip=10.124.45.22) Capturing batches (bs=112 avail_mem=27.38 GB):  47%|████▋     | 17/36 [00:01<00:01, 14.73it/s]
(SGLangHttpServer pid=3663669, ip=10.124.45.22) Capturing batches (bs=80 avail_mem=27.36 GB):  58%|█████▊    | 21/36 [00:01<00:00, 15.62it/s]
(SGLangHttpServer pid=3663573, ip=10.124.45.22) Capturing batches (bs=112 avail_mem=27.38 GB):  47%|████▋     | 17/36 [00:01<00:01, 14.79it/s]Capturing batches (bs=112 avail_mem=27.38 GB):  53%|█████▎    | 19/36 [00:01<00:01, 15.46it/s]Capturing batches (bs=104 avail_mem=27.38 GB):  53%|█████▎    | 19/36 [00:01<00:01, 15.46it/s]
(SGLangHttpServer pid=3663576, ip=10.124.45.22) Capturing batches (bs=4 avail_mem=27.30 GB):  94%|█████████▍| 34/36 [00:02<00:00, 18.08it/s]Capturing batches (bs=2 avail_mem=27.30 GB):  94%|█████████▍| 34/36 [00:02<00:00, 18.08it/s]Capturing batches (bs=1 avail_mem=27.29 GB):  94%|█████████▍| 34/36 [00:02<00:00, 18.08it/s]
(SGLangHttpServer pid=3663626, ip=10.124.45.22) Capturing batches (bs=112 avail_mem=27.38 GB):  53%|█████▎    | 19/36 [00:01<00:01, 15.48it/s]Capturing batches (bs=104 avail_mem=27.38 GB):  53%|█████▎    | 19/36 [00:01<00:01, 15.48it/s]Capturing batches (bs=96 avail_mem=27.37 GB):  53%|█████▎    | 19/36 [00:01<00:01, 15.48it/s] 
(SGLangHttpServer pid=3663580, ip=10.124.45.22) Capturing batches (bs=128 avail_mem=27.40 GB):  47%|████▋     | 17/36 [00:01<00:01, 14.72it/s]Capturing batches (bs=120 avail_mem=27.39 GB):  47%|████▋     | 17/36 [00:01<00:01, 14.72it/s]Capturing batches (bs=112 avail_mem=27.38 GB):  47%|████▋     | 17/36 [00:01<00:01, 14.72it/s]
(SGLangHttpServer pid=3663672, ip=10.124.45.22) Capturing batches (bs=112 avail_mem=27.38 GB):  47%|████▋     | 17/36 [00:01<00:01, 14.51it/s]Capturing batches (bs=112 avail_mem=27.38 GB):  53%|█████▎    | 19/36 [00:01<00:01, 15.23it/s]Capturing batches (bs=104 avail_mem=27.38 GB):  53%|█████▎    | 19/36 [00:01<00:01, 15.23it/s]
(SGLangHttpServer pid=3663669, ip=10.124.45.22) Capturing batches (bs=80 avail_mem=27.36 GB):  64%|██████▍   | 23/36 [00:01<00:00, 15.89it/s]Capturing batches (bs=72 avail_mem=27.35 GB):  64%|██████▍   | 23/36 [00:01<00:00, 15.89it/s]Capturing batches (bs=64 avail_mem=27.35 GB):  64%|██████▍   | 23/36 [00:01<00:00, 15.89it/s]
(SGLangHttpServer pid=3663580, ip=10.124.45.22) Capturing batches (bs=112 avail_mem=27.38 GB):  53%|█████▎    | 19/36 [00:01<00:01, 15.49it/s]Capturing batches (bs=104 avail_mem=27.38 GB):  53%|█████▎    | 19/36 [00:01<00:01, 15.49it/s]
(SGLangHttpServer pid=3663573, ip=10.124.45.22) Capturing batches (bs=96 avail_mem=27.37 GB):  53%|█████▎    | 19/36 [00:01<00:01, 15.46it/s] Capturing batches (bs=96 avail_mem=27.37 GB):  58%|█████▊    | 21/36 [00:01<00:00, 16.30it/s]Capturing batches (bs=88 avail_mem=27.36 GB):  58%|█████▊    | 21/36 [00:01<00:00, 16.30it/s]
(SGLangHttpServer pid=3663576, ip=10.124.45.22) Capturing batches (bs=1 avail_mem=27.29 GB): 100%|██████████| 36/36 [00:02<00:00, 14.77it/s]
(SGLangHttpServer pid=3663626, ip=10.124.45.22) Capturing batches (bs=96 avail_mem=27.37 GB):  58%|█████▊    | 21/36 [00:01<00:00, 16.38it/s]Capturing batches (bs=88 avail_mem=27.36 GB):  58%|█████▊    | 21/36 [00:01<00:00, 16.38it/s]Capturing batches (bs=80 avail_mem=27.36 GB):  58%|█████▊    | 21/36 [00:01<00:00, 16.38it/s]
(SGLangHttpServer pid=3663580, ip=10.124.45.22) Capturing batches (bs=96 avail_mem=27.37 GB):  53%|█████▎    | 19/36 [00:01<00:01, 15.49it/s] Capturing batches (bs=96 avail_mem=27.37 GB):  58%|█████▊    | 21/36 [00:01<00:00, 16.33it/s]Capturing batches (bs=88 avail_mem=27.36 GB):  58%|█████▊    | 21/36 [00:01<00:00, 16.33it/s]
(SGLangHttpServer pid=3663672, ip=10.124.45.22) Capturing batches (bs=96 avail_mem=27.37 GB):  53%|█████▎    | 19/36 [00:01<00:01, 15.23it/s] Capturing batches (bs=96 avail_mem=27.37 GB):  58%|█████▊    | 21/36 [00:01<00:00, 16.05it/s]Capturing batches (bs=88 avail_mem=27.36 GB):  58%|█████▊    | 21/36 [00:01<00:00, 16.05it/s]
(SGLangHttpServer pid=3663669, ip=10.124.45.22) Capturing batches (bs=64 avail_mem=27.35 GB):  69%|██████▉   | 25/36 [00:01<00:00, 16.77it/s]Capturing batches (bs=56 avail_mem=27.34 GB):  69%|██████▉   | 25/36 [00:01<00:00, 16.77it/s]Capturing batches (bs=48 avail_mem=27.34 GB):  69%|██████▉   | 25/36 [00:01<00:00, 16.77it/s]
(SGLangHttpServer pid=3663573, ip=10.124.45.22) Capturing batches (bs=80 avail_mem=27.36 GB):  58%|█████▊    | 21/36 [00:01<00:00, 16.30it/s]Capturing batches (bs=80 avail_mem=27.36 GB):  64%|██████▍   | 23/36 [00:01<00:00, 16.28it/s]Capturing batches (bs=72 avail_mem=27.35 GB):  64%|██████▍   | 23/36 [00:01<00:00, 16.28it/s]
(SGLangHttpServer pid=3663626, ip=10.124.45.22) Capturing batches (bs=80 avail_mem=27.36 GB):  64%|██████▍   | 23/36 [00:01<00:00, 16.80it/s]Capturing batches (bs=72 avail_mem=27.35 GB):  64%|██████▍   | 23/36 [00:01<00:00, 16.80it/s]Capturing batches (bs=64 avail_mem=27.35 GB):  64%|██████▍   | 23/36 [00:01<00:00, 16.80it/s]
(SGLangHttpServer pid=3663580, ip=10.124.45.22) Capturing batches (bs=80 avail_mem=27.36 GB):  58%|█████▊    | 21/36 [00:01<00:00, 16.33it/s]Capturing batches (bs=80 avail_mem=27.36 GB):  64%|██████▍   | 23/36 [00:01<00:00, 16.53it/s]Capturing batches (bs=72 avail_mem=27.35 GB):  64%|██████▍   | 23/36 [00:01<00:00, 16.53it/s]
(SGLangHttpServer pid=3663672, ip=10.124.45.22) Capturing batches (bs=80 avail_mem=27.36 GB):  58%|█████▊    | 21/36 [00:01<00:00, 16.05it/s]Capturing batches (bs=80 avail_mem=27.36 GB):  64%|██████▍   | 23/36 [00:01<00:00, 16.40it/s]Capturing batches (bs=72 avail_mem=27.35 GB):  64%|██████▍   | 23/36 [00:01<00:00, 16.40it/s]
(SGLangHttpServer pid=3663669, ip=10.124.45.22) Capturing batches (bs=48 avail_mem=27.34 GB):  75%|███████▌  | 27/36 [00:01<00:00, 17.54it/s]Capturing batches (bs=40 avail_mem=27.33 GB):  75%|███████▌  | 27/36 [00:01<00:00, 17.54it/s]Capturing batches (bs=32 avail_mem=27.33 GB):  75%|███████▌  | 27/36 [00:01<00:00, 17.54it/s]
(SGLangHttpServer pid=3663573, ip=10.124.45.22) Capturing batches (bs=64 avail_mem=27.35 GB):  64%|██████▍   | 23/36 [00:01<00:00, 16.28it/s]Capturing batches (bs=64 avail_mem=27.35 GB):  69%|██████▉   | 25/36 [00:01<00:00, 16.84it/s]Capturing batches (bs=56 avail_mem=27.34 GB):  69%|██████▉   | 25/36 [00:01<00:00, 16.84it/s]
(SGLangHttpServer pid=3663626, ip=10.124.45.22) Capturing batches (bs=64 avail_mem=27.35 GB):  69%|██████▉   | 25/36 [00:01<00:00, 17.18it/s]Capturing batches (bs=56 avail_mem=27.34 GB):  69%|██████▉   | 25/36 [00:01<00:00, 17.18it/s]Capturing batches (bs=48 avail_mem=27.34 GB):  69%|██████▉   | 25/36 [00:01<00:00, 17.18it/s]
(SGLangHttpServer pid=3663580, ip=10.124.45.22) Capturing batches (bs=64 avail_mem=27.35 GB):  64%|██████▍   | 23/36 [00:01<00:00, 16.53it/s]Capturing batches (bs=64 avail_mem=27.35 GB):  69%|██████▉   | 25/36 [00:01<00:00, 17.31it/s]Capturing batches (bs=56 avail_mem=27.34 GB):  69%|██████▉   | 25/36 [00:01<00:00, 17.31it/s]
(SGLangHttpServer pid=3663672, ip=10.124.45.22) Capturing batches (bs=64 avail_mem=27.35 GB):  64%|██████▍   | 23/36 [00:01<00:00, 16.40it/s]Capturing batches (bs=64 avail_mem=27.35 GB):  69%|██████▉   | 25/36 [00:01<00:00, 17.05it/s]Capturing batches (bs=56 avail_mem=27.34 GB):  69%|██████▉   | 25/36 [00:01<00:00, 17.05it/s]
(SGLangHttpServer pid=3663669, ip=10.124.45.22) Capturing batches (bs=32 avail_mem=27.33 GB):  81%|████████  | 29/36 [00:02<00:00, 17.39it/s]Capturing batches (bs=24 avail_mem=27.32 GB):  81%|████████  | 29/36 [00:02<00:00, 17.39it/s]Capturing batches (bs=16 avail_mem=27.32 GB):  81%|████████  | 29/36 [00:02<00:00, 17.39it/s]
(SGLangHttpServer pid=3663573, ip=10.124.45.22) Capturing batches (bs=48 avail_mem=27.34 GB):  69%|██████▉   | 25/36 [00:01<00:00, 16.84it/s]
(SGLangHttpServer pid=3663626, ip=10.124.45.22) Capturing batches (bs=48 avail_mem=27.34 GB):  75%|███████▌  | 27/36 [00:01<00:00, 17.92it/s]Capturing batches (bs=40 avail_mem=27.33 GB):  75%|███████▌  | 27/36 [00:01<00:00, 17.92it/s]
(SGLangHttpServer pid=3663672, ip=10.124.45.22) Capturing batches (bs=48 avail_mem=27.34 GB):  69%|██████▉   | 25/36 [00:01<00:00, 17.05it/s]
(SGLangHttpServer pid=3663573, ip=10.124.45.22) Capturing batches (bs=40 avail_mem=27.33 GB):  69%|██████▉   | 25/36 [00:01<00:00, 16.84it/s]Capturing batches (bs=40 avail_mem=27.33 GB):  78%|███████▊  | 28/36 [00:01<00:00, 18.05it/s]Capturing batches (bs=32 avail_mem=27.33 GB):  78%|███████▊  | 28/36 [00:01<00:00, 18.05it/s]
(SGLangHttpServer pid=3663626, ip=10.124.45.22) Capturing batches (bs=32 avail_mem=27.33 GB):  75%|███████▌  | 27/36 [00:01<00:00, 17.92it/s]Capturing batches (bs=24 avail_mem=27.32 GB):  75%|███████▌  | 27/36 [00:02<00:00, 17.92it/s]
(SGLangHttpServer pid=3663580, ip=10.124.45.22) Capturing batches (bs=48 avail_mem=27.34 GB):  69%|██████▉   | 25/36 [00:01<00:00, 17.31it/s]Capturing batches (bs=40 avail_mem=27.33 GB):  69%|██████▉   | 25/36 [00:01<00:00, 17.31it/s]
(SGLangHttpServer pid=3663672, ip=10.124.45.22) Capturing batches (bs=40 avail_mem=27.33 GB):  69%|██████▉   | 25/36 [00:01<00:00, 17.05it/s]Capturing batches (bs=40 avail_mem=27.33 GB):  78%|███████▊  | 28/36 [00:01<00:00, 18.12it/s]Capturing batches (bs=32 avail_mem=27.33 GB):  78%|███████▊  | 28/36 [00:01<00:00, 18.12it/s]
(SGLangHttpServer pid=3663669, ip=10.124.45.22) Capturing batches (bs=16 avail_mem=27.32 GB):  86%|████████▌ | 31/36 [00:02<00:00, 16.46it/s]Capturing batches (bs=12 avail_mem=27.31 GB):  86%|████████▌ | 31/36 [00:02<00:00, 16.46it/s]Capturing batches (bs=8 avail_mem=27.31 GB):  86%|████████▌ | 31/36 [00:02<00:00, 16.46it/s] 
(SGLangHttpServer pid=3663573, ip=10.124.45.22) Capturing batches (bs=24 avail_mem=27.32 GB):  78%|███████▊  | 28/36 [00:02<00:00, 18.05it/s]Capturing batches (bs=24 avail_mem=27.32 GB):  83%|████████▎ | 30/36 [00:02<00:00, 18.14it/s]Capturing batches (bs=16 avail_mem=27.32 GB):  83%|████████▎ | 30/36 [00:02<00:00, 18.14it/s]
(SGLangHttpServer pid=3663626, ip=10.124.45.22) Capturing batches (bs=24 avail_mem=27.32 GB):  83%|████████▎ | 30/36 [00:02<00:00, 18.58it/s]Capturing batches (bs=16 avail_mem=27.32 GB):  83%|████████▎ | 30/36 [00:02<00:00, 18.58it/s]
(SGLangHttpServer pid=3663580, ip=10.124.45.22) Capturing batches (bs=40 avail_mem=27.33 GB):  78%|███████▊  | 28/36 [00:01<00:00, 17.56it/s]Capturing batches (bs=32 avail_mem=27.33 GB):  78%|███████▊  | 28/36 [00:01<00:00, 17.56it/s]Capturing batches (bs=24 avail_mem=27.32 GB):  78%|███████▊  | 28/36 [00:02<00:00, 17.56it/s]
(SGLangHttpServer pid=3663672, ip=10.124.45.22) Capturing batches (bs=24 avail_mem=27.32 GB):  78%|███████▊  | 28/36 [00:02<00:00, 18.12it/s]Capturing batches (bs=24 avail_mem=27.32 GB):  83%|████████▎ | 30/36 [00:02<00:00, 17.46it/s]Capturing batches (bs=16 avail_mem=27.32 GB):  83%|████████▎ | 30/36 [00:02<00:00, 17.46it/s]
(SGLangHttpServer pid=3663669, ip=10.124.45.22) Capturing batches (bs=8 avail_mem=27.31 GB):  92%|█████████▏| 33/36 [00:02<00:00, 17.28it/s]Capturing batches (bs=4 avail_mem=27.30 GB):  92%|█████████▏| 33/36 [00:02<00:00, 17.28it/s]Capturing batches (bs=2 avail_mem=27.30 GB):  92%|█████████▏| 33/36 [00:02<00:00, 17.28it/s]
(SGLangHttpServer pid=3663626, ip=10.124.45.22) Capturing batches (bs=12 avail_mem=27.31 GB):  83%|████████▎ | 30/36 [00:02<00:00, 18.58it/s]
(SGLangHttpServer pid=3663580, ip=10.124.45.22) Capturing batches (bs=24 avail_mem=27.32 GB):  83%|████████▎ | 30/36 [00:02<00:00, 17.81it/s]Capturing batches (bs=16 avail_mem=27.32 GB):  83%|████████▎ | 30/36 [00:02<00:00, 17.81it/s]
(SGLangHttpServer pid=3663669, ip=10.124.45.22) Capturing batches (bs=2 avail_mem=27.30 GB):  97%|█████████▋| 35/36 [00:02<00:00, 17.75it/s]Capturing batches (bs=1 avail_mem=27.29 GB):  97%|█████████▋| 35/36 [00:02<00:00, 17.75it/s]
(SGLangHttpServer pid=3663573, ip=10.124.45.22) Capturing batches (bs=12 avail_mem=27.31 GB):  83%|████████▎ | 30/36 [00:02<00:00, 18.14it/s]Capturing batches (bs=12 avail_mem=27.31 GB):  89%|████████▉ | 32/36 [00:02<00:00, 16.88it/s]Capturing batches (bs=8 avail_mem=27.31 GB):  89%|████████▉ | 32/36 [00:02<00:00, 16.88it/s] 
(SGLangHttpServer pid=3663626, ip=10.124.45.22) Capturing batches (bs=12 avail_mem=27.31 GB):  89%|████████▉ | 32/36 [00:02<00:00, 17.30it/s]Capturing batches (bs=8 avail_mem=27.31 GB):  89%|████████▉ | 32/36 [00:02<00:00, 17.30it/s] Capturing batches (bs=4 avail_mem=27.30 GB):  89%|████████▉ | 32/36 [00:02<00:00, 17.30it/s]
(SGLangHttpServer pid=3663580, ip=10.124.45.22) Capturing batches (bs=12 avail_mem=27.31 GB):  83%|████████▎ | 30/36 [00:02<00:00, 17.81it/s]
(SGLangHttpServer pid=3663672, ip=10.124.45.22) Capturing batches (bs=12 avail_mem=27.31 GB):  83%|████████▎ | 30/36 [00:02<00:00, 17.46it/s]
(SGLangHttpServer pid=3663669, ip=10.124.45.22) Capturing batches (bs=1 avail_mem=27.29 GB): 100%|██████████| 36/36 [00:02<00:00, 14.71it/s]
(SGLangHttpServer pid=3663672, ip=10.124.45.22) Capturing batches (bs=12 avail_mem=27.31 GB):  89%|████████▉ | 32/36 [00:02<00:00, 16.56it/s]Capturing batches (bs=8 avail_mem=27.31 GB):  89%|████████▉ | 32/36 [00:02<00:00, 16.56it/s] 
(SGLangHttpServer pid=3663573, ip=10.124.45.22) Capturing batches (bs=4 avail_mem=27.30 GB):  89%|████████▉ | 32/36 [00:02<00:00, 16.88it/s]Capturing batches (bs=2 avail_mem=27.30 GB):  89%|████████▉ | 32/36 [00:02<00:00, 16.88it/s]
(SGLangHttpServer pid=3663626, ip=10.124.45.22) Capturing batches (bs=2 avail_mem=27.30 GB):  89%|████████▉ | 32/36 [00:02<00:00, 17.30it/s]Capturing batches (bs=2 avail_mem=27.30 GB):  97%|█████████▋| 35/36 [00:02<00:00, 18.56it/s]Capturing batches (bs=1 avail_mem=27.29 GB):  97%|█████████▋| 35/36 [00:02<00:00, 18.56it/s]Capturing batches (bs=1 avail_mem=27.29 GB): 100%|██████████| 36/36 [00:02<00:00, 15.09it/s]
(SGLangHttpServer pid=3663580, ip=10.124.45.22) Capturing batches (bs=12 avail_mem=27.31 GB):  89%|████████▉ | 32/36 [00:02<00:00, 16.87it/s]Capturing batches (bs=8 avail_mem=27.31 GB):  89%|████████▉ | 32/36 [00:02<00:00, 16.87it/s] Capturing batches (bs=4 avail_mem=27.30 GB):  89%|████████▉ | 32/36 [00:02<00:00, 16.87it/s]Capturing batches (bs=2 avail_mem=27.30 GB):  89%|████████▉ | 32/36 [00:02<00:00, 16.87it/s]
(SGLangHttpServer pid=3663672, ip=10.124.45.22) Capturing batches (bs=4 avail_mem=27.30 GB):  89%|████████▉ | 32/36 [00:02<00:00, 16.56it/s]Capturing batches (bs=2 avail_mem=27.30 GB):  89%|████████▉ | 32/36 [00:02<00:00, 16.56it/s]
(SGLangHttpServer pid=3663573, ip=10.124.45.22) Capturing batches (bs=2 avail_mem=27.30 GB):  97%|█████████▋| 35/36 [00:02<00:00, 18.13it/s]Capturing batches (bs=1 avail_mem=27.29 GB):  97%|█████████▋| 35/36 [00:02<00:00, 18.13it/s]
(SGLangHttpServer pid=3663573, ip=10.124.45.22) Capturing batches (bs=1 avail_mem=27.29 GB): 100%|██████████| 36/36 [00:02<00:00, 15.11it/s]
(SGLangHttpServer pid=3663580, ip=10.124.45.22) Capturing batches (bs=2 avail_mem=27.30 GB):  97%|█████████▋| 35/36 [00:02<00:00, 18.11it/s]Capturing batches (bs=1 avail_mem=27.29 GB):  97%|█████████▋| 35/36 [00:02<00:00, 18.11it/s]Capturing batches (bs=1 avail_mem=27.29 GB): 100%|██████████| 36/36 [00:02<00:00, 15.02it/s]
(SGLangHttpServer pid=3663672, ip=10.124.45.22) Capturing batches (bs=2 avail_mem=27.30 GB):  97%|█████████▋| 35/36 [00:02<00:00, 17.90it/s]Capturing batches (bs=1 avail_mem=27.29 GB):  97%|█████████▋| 35/36 [00:02<00:00, 17.90it/s]Capturing batches (bs=1 avail_mem=27.29 GB): 100%|██████████| 36/36 [00:02<00:00, 14.92it/s]
(TaskRunner pid=3643694, ip=10.124.45.22) wandb: WARNING func: get_project_by_name, err: Request failed! url: https://ml.bytedance.net/inner/GetTrackingProjectByName, req_body: {'Name': 'specTool'}, resp_body: b'{"ResponseMetadata":{"RequestId":"","Action":"","Version":"","Service":"","Region":"","Error":{"Code":"MissingAuthenticationToken","CodeN":1709801,"Message":"zti token not found, please use DOAS cli to run script","RawError":{},"HTTPCode":401}}}'
(TaskRunner pid=3643694, ip=10.124.45.22) wandb: WARNING func: get_project_by_name, err: Request failed! url: https://ml.bytedance.net/inner/GetTrackingProjectByName, req_body: {'Name': 'specTool'}, resp_body: b'{"ResponseMetadata":{"RequestId":"","Action":"","Version":"","Service":"","Region":"","Error":{"Code":"MissingAuthenticationToken","CodeN":1709801,"Message":"zti token not found, please use DOAS cli to run script","RawError":{},"HTTPCode":401}}}'
(TaskRunner pid=3643694, ip=10.124.45.22) wandb: WARNING func: create_project, err: Request failed! url: https://ml.bytedance.net/inner/CreateTrackingProject, req_body: {'Name': 'specTool'}, resp_body: b'{"ResponseMetadata":{"RequestId":"","Action":"","Version":"","Service":"","Region":"","Error":{"Code":"MissingAuthenticationToken","CodeN":1709801,"Message":"zti token not found, please use DOAS cli to run script","RawError":{},"HTTPCode":401}}}'
(TaskRunner pid=3643694, ip=10.124.45.22) wandb: WARNING func: alert, err: Request failed! url: https://ml.bytedance.net/inner/TrackingAlert, req_body: {'Title': 'Wandb Failed!', 'Text': 'Failed Function: create_project\nERR Message: Request failed! url: https://ml.bytedance.net/inner/CreateTrackingProject, req_body: {\'Name\': \'specTool\'}, resp_body: b\'{"ResponseMetadata":{"RequestId":"","Action":"","Version":"","Service":"","Region":"","Error":{"Code":"MissingAuthenticationToken","CodeN":1709801,"Message":"zti token not found, please use DOAS cli to run script","RawError":{},"HTTPCode":401}}}\''}, resp_body: b'{"ResponseMetadata":{"RequestId":"","Action":"","Version":"","Service":"","Region":"","Error":{"Code":"MissingAuthenticationToken","CodeN":1709801,"Message":"zti token not found, please use DOAS cli to run script","RawError":{},"HTTPCode":401}}}'
(TaskRunner pid=3643694, ip=10.124.45.22) wandb: ⭐️ View project at 
(TaskRunner pid=3643694, ip=10.124.45.22) wandb: - Waiting for wandb.init()...
(TaskRunner pid=3643694, ip=10.124.45.22) wandb: \ Waiting for wandb.init()...
(TaskRunner pid=3643694, ip=10.124.45.22) wandb: | Waiting for wandb.init()...
(TaskRunner pid=3643694, ip=10.124.45.22) wandb: WARNING func: create_run, err: Request failed! url: https://ml.bytedance.net/inner/CreateTrackingRun, req_body: {'ProjectId': '', 'Name': 'baseline_hotpotqa_qwen3_8b_sleep0_toolcalls1_bs128_rollout8_step1_thinking_15k_4tool_20260608_095545_bs128', 'RunId': 'run_20260608_6de6ff83', 'Description': None, 'OuterType': None, 'OuterId': None, 'Tags': None, 'OuterInfo': {'is_seed': False}}, resp_body: b'{"ResponseMetadata":{"RequestId":"","Action":"","Version":"","Service":"","Region":"","Error":{"Code":"MissingAuthenticationToken","CodeN":1709801,"Message":"zti token not found, please use DOAS cli to run script","RawError":{},"HTTPCode":401}}}'
(TaskRunner pid=3643694, ip=10.124.45.22) wandb: WARNING func: alert, err: Request failed! url: https://ml.bytedance.net/inner/TrackingAlert, req_body: {'Title': 'Wandb Failed!', 'Text': 'Failed Function: create_run\nERR Message: Request failed! url: https://ml.bytedance.net/inner/CreateTrackingRun, req_body: {\'ProjectId\': \'\', \'Name\': \'baseline_hotpotqa_qwen3_8b_sleep0_toolcalls1_bs128_rollout8_step1_thinking_15k_4tool_20260608_095545_bs128\', \'RunId\': \'run_20260608_6de6ff83\', \'Description\': None, \'OuterType\': None, \'OuterId\': None, \'Tags\': None, \'OuterInfo\': {\'is_seed\': False}}, resp_body: b\'{"ResponseMetadata":{"RequestId":"","Action":"","Version":"","Service":"","Region":"","Error":{"Code":"MissingAuthenticationToken","CodeN":1709801,"Message":"zti token not found, please use DOAS cli to run script","RawError":{},"HTTPCode":401}}}\''}, resp_body: b'{"ResponseMetadata":{"RequestId":"","Action":"","Version":"","Service":"","Region":"","Error":{"Code":"MissingAuthenticationToken","CodeN":1709801,"Message":"zti token not found, please use DOAS cli to run script","RawError":{},"HTTPCode":401}}}'
(TaskRunner pid=3643694, ip=10.124.45.22) wandb: 🚀 View run at 
(TaskRunner pid=3643694, ip=10.124.45.22) wandb: WARNING func: alert, err: Request failed! url: https://ml.bytedance.net/inner/TrackingAlert, req_body: {'Title': 'Tracking Run Created', 'Text': 'Created run [specTool/]()'}, resp_body: b'{"ResponseMetadata":{"RequestId":"","Action":"","Version":"","Service":"","Region":"","Error":{"Code":"MissingAuthenticationToken","CodeN":1709801,"Message":"zti token not found, please use DOAS cli to run script","RawError":{},"HTTPCode":401}}}'
(TaskRunner pid=3643694, ip=10.124.45.22) wandb: WARNING func: set_run_config, err: set_run_config wandb init failed, skip.../
(TaskRunner pid=3643694, ip=10.124.45.22) wandb: / Waiting for wandb.init()...
(pid=3669555, ip=10.124.45.22) /usr/local/lib/python3.12/dist-packages/torch/amp/autocast_mode.py:270: UserWarning: User provided device_type of 'cuda', but CUDA is not available. Disabling
(pid=3669555, ip=10.124.45.22)   warnings.warn(
(pid=3669555, ip=10.124.45.22) Modular Diffusers is currently an experimental feature under active development. The API is subject to breaking changes in future releases.
(pid=3669549, ip=10.124.45.22) /usr/local/lib/python3.12/dist-packages/torch/amp/autocast_mode.py:270: UserWarning: User provided device_type of 'cuda', but CUDA is not available. Disabling
(pid=3669549, ip=10.124.45.22)   warnings.warn(
(pid=3669564, ip=10.124.45.22) /usr/local/lib/python3.12/dist-packages/torch/amp/autocast_mode.py:270: UserWarning: User provided device_type of 'cuda', but CUDA is not available. Disabling
(pid=3669564, ip=10.124.45.22)   warnings.warn(
(pid=3669564, ip=10.124.45.22) Modular Diffusers is currently an experimental feature under active development. The API is subject to breaking changes in future releases.
(pid=3669549, ip=10.124.45.22) Modular Diffusers is currently an experimental feature under active development. The API is subject to breaking changes in future releases.
(pid=3669552, ip=10.124.45.22) /usr/local/lib/python3.12/dist-packages/torch/amp/autocast_mode.py:270: UserWarning: User provided device_type of 'cuda', but CUDA is not available. Disabling
(pid=3669552, ip=10.124.45.22)   warnings.warn(
(pid=3669552, ip=10.124.45.22) Modular Diffusers is currently an experimental feature under active development. The API is subject to breaking changes in future releases.
(pid=3669562, ip=10.124.45.22) /usr/local/lib/python3.12/dist-packages/torch/amp/autocast_mode.py:270: UserWarning: User provided device_type of 'cuda', but CUDA is not available. Disabling
(pid=3669562, ip=10.124.45.22)   warnings.warn(
(pid=3669562, ip=10.124.45.22) Modular Diffusers is currently an experimental feature under active development. The API is subject to breaking changes in future releases.
(pid=3669553, ip=10.124.45.22) /usr/local/lib/python3.12/dist-packages/torch/amp/autocast_mode.py:270: UserWarning: User provided device_type of 'cuda', but CUDA is not available. Disabling
(pid=3669553, ip=10.124.45.22)   warnings.warn(
(pid=3669553, ip=10.124.45.22) Modular Diffusers is currently an experimental feature under active development. The API is subject to breaking changes in future releases.
(pid=3669595, ip=10.124.45.22) /usr/local/lib/python3.12/dist-packages/torch/amp/autocast_mode.py:270: UserWarning: User provided device_type of 'cuda', but CUDA is not available. Disabling
(pid=3669595, ip=10.124.45.22)   warnings.warn(
(pid=3669595, ip=10.124.45.22) Modular Diffusers is currently an experimental feature under active development. The API is subject to breaking changes in future releases.
(pid=3669559, ip=10.124.45.22) /usr/local/lib/python3.12/dist-packages/torch/amp/autocast_mode.py:270: UserWarning: User provided device_type of 'cuda', but CUDA is not available. Disabling
(pid=3669559, ip=10.124.45.22)   warnings.warn(
(pid=3669559, ip=10.124.45.22) Modular Diffusers is currently an experimental feature under active development. The API is subject to breaking changes in future releases.
(GlobalRequestLoadBalancer pid=3669548, ip=10.124.45.22) /usr/local/lib/python3.12/dist-packages/torch/amp/autocast_mode.py:270: UserWarning: User provided device_type of 'cuda', but CUDA is not available. Disabling
(GlobalRequestLoadBalancer pid=3669548, ip=10.124.45.22)   warnings.warn(
(GlobalRequestLoadBalancer pid=3669548, ip=10.124.45.22) Modular Diffusers is currently an experimental feature under active development. The API is subject to breaking changes in future releases.
(GlobalRequestLoadBalancer pid=3669548, ip=10.124.45.22) /sgl-workspace/sglang/python/sglang/srt/layers/attention/fla/utils.py:212: UserWarning: Triton is not supported on current platform, roll back to CPU.
(GlobalRequestLoadBalancer pid=3669548, ip=10.124.45.22)   warnings.warn(
(TaskRunner pid=3643694, ip=10.124.45.22) wandb: Tracking run with wandb version 0.13.95
(TaskRunner pid=3643694, ip=10.124.45.22) wandb: Run data is saved locally in /home/tiger/verl/wandb/run-20260608_095848-run_20260608_6de6ff83
(TaskRunner pid=3643694, ip=10.124.45.22) wandb: Run `wandb offline` to turn off syncing.
(TaskRunner pid=3643694, ip=10.124.45.22) wandb: WARNING func: save_file, err: save_file wandb init failed, skip.../
(SGLangHttpServer pid=3663576, ip=10.124.45.22) /usr/local/lib/python3.12/dist-packages/fastapi/routing.py:313: FastAPIDeprecationWarning: ORJSONResponse is deprecated, FastAPI now serializes data directly to JSON bytes via Pydantic when a return type or response model is set, which is faster and doesn't need a custom response class. Read more in the FastAPI docs: https://fastapi.tiangolo.com/advanced/custom-response/#orjson-or-response-model and https://fastapi.tiangolo.com/tutorial/response-model/
(SGLangHttpServer pid=3663576, ip=10.124.45.22)   return await dependant.call(**values)
(SGLangHttpServer pid=3663569, ip=10.124.45.22) /usr/local/lib/python3.12/dist-packages/fastapi/routing.py:313: FastAPIDeprecationWarning: ORJSONResponse is deprecated, FastAPI now serializes data directly to JSON bytes via Pydantic when a return type or response model is set, which is faster and doesn't need a custom response class. Read more in the FastAPI docs: https://fastapi.tiangolo.com/advanced/custom-response/#orjson-or-response-model and https://fastapi.tiangolo.com/tutorial/response-model/
(SGLangHttpServer pid=3663569, ip=10.124.45.22)   return await dependant.call(**values)
(SGLangHttpServer pid=3663573, ip=10.124.45.22) /usr/local/lib/python3.12/dist-packages/fastapi/routing.py:313: FastAPIDeprecationWarning: ORJSONResponse is deprecated, FastAPI now serializes data directly to JSON bytes via Pydantic when a return type or response model is set, which is faster and doesn't need a custom response class. Read more in the FastAPI docs: https://fastapi.tiangolo.com/advanced/custom-response/#orjson-or-response-model and https://fastapi.tiangolo.com/tutorial/response-model/
(SGLangHttpServer pid=3663573, ip=10.124.45.22)   return await dependant.call(**values)
(SGLangHttpServer pid=3663672, ip=10.124.45.22) /usr/local/lib/python3.12/dist-packages/fastapi/routing.py:313: FastAPIDeprecationWarning: ORJSONResponse is deprecated, FastAPI now serializes data directly to JSON bytes via Pydantic when a return type or response model is set, which is faster and doesn't need a custom response class. Read more in the FastAPI docs: https://fastapi.tiangolo.com/advanced/custom-response/#orjson-or-response-model and https://fastapi.tiangolo.com/tutorial/response-model/
(SGLangHttpServer pid=3663672, ip=10.124.45.22)   return await dependant.call(**values)
(SGLangHttpServer pid=3663626, ip=10.124.45.22) /usr/local/lib/python3.12/dist-packages/fastapi/routing.py:313: FastAPIDeprecationWarning: ORJSONResponse is deprecated, FastAPI now serializes data directly to JSON bytes via Pydantic when a return type or response model is set, which is faster and doesn't need a custom response class. Read more in the FastAPI docs: https://fastapi.tiangolo.com/advanced/custom-response/#orjson-or-response-model and https://fastapi.tiangolo.com/tutorial/response-model/
(SGLangHttpServer pid=3663626, ip=10.124.45.22)   return await dependant.call(**values)
(SGLangHttpServer pid=3663580, ip=10.124.45.22) /usr/local/lib/python3.12/dist-packages/fastapi/routing.py:313: FastAPIDeprecationWarning: ORJSONResponse is deprecated, FastAPI now serializes data directly to JSON bytes via Pydantic when a return type or response model is set, which is faster and doesn't need a custom response class. Read more in the FastAPI docs: https://fastapi.tiangolo.com/advanced/custom-response/#orjson-or-response-model and https://fastapi.tiangolo.com/tutorial/response-model/
(SGLangHttpServer pid=3663580, ip=10.124.45.22)   return await dependant.call(**values)
(SGLangHttpServer pid=3663669, ip=10.124.45.22) /usr/local/lib/python3.12/dist-packages/fastapi/routing.py:313: FastAPIDeprecationWarning: ORJSONResponse is deprecated, FastAPI now serializes data directly to JSON bytes via Pydantic when a return type or response model is set, which is faster and doesn't need a custom response class. Read more in the FastAPI docs: https://fastapi.tiangolo.com/advanced/custom-response/#orjson-or-response-model and https://fastapi.tiangolo.com/tutorial/response-model/
(SGLangHttpServer pid=3663669, ip=10.124.45.22)   return await dependant.call(**values)
(SGLangHttpServer pid=3663570, ip=10.124.45.22) /usr/local/lib/python3.12/dist-packages/fastapi/routing.py:313: FastAPIDeprecationWarning: ORJSONResponse is deprecated, FastAPI now serializes data directly to JSON bytes via Pydantic when a return type or response model is set, which is faster and doesn't need a custom response class. Read more in the FastAPI docs: https://fastapi.tiangolo.com/advanced/custom-response/#orjson-or-response-model and https://fastapi.tiangolo.com/tutorial/response-model/
(SGLangHttpServer pid=3663570, ip=10.124.45.22)   return await dependant.call(**values)
(GlobalRequestLoadBalancer pid=3669548, ip=10.124.45.22) /sgl-workspace/sglang/python/sglang/srt/layers/quantization/awq.py:76: UserWarning: Only CUDA, HIP and XPU support AWQ currently.
(GlobalRequestLoadBalancer pid=3669548, ip=10.124.45.22)   warnings.warn(f"Only CUDA, HIP and XPU support AWQ currently.")
(GlobalRequestLoadBalancer pid=3669548, ip=10.124.45.22) /sgl-workspace/sglang/python/sglang/srt/layers/quantization/gguf.py:47: UserWarning: Only CUDA support GGUF quantization currently.
(GlobalRequestLoadBalancer pid=3669548, ip=10.124.45.22)   warnings.warn(f"Only CUDA support GGUF quantization currently.")
(GlobalRequestLoadBalancer pid=3669548, ip=10.124.45.22) /usr/local/lib/python3.12/dist-packages/opentelemetry/proto/collector/logs/v1/logs_service_pb2_grpc.py:21: RuntimeWarning: The grpc package installed is at version 1.59.5, but the generated code in opentelemetry/proto/collector/logs/v1/logs_service_pb2_grpc.py depends on grpcio>=1.63.2. Please upgrade your grpc module to grpcio>=1.63.2 or downgrade your generated code using grpcio-tools<=1.59.5. This warning will become an error in 1.65.0, scheduled for release on June 25, 2024.
(GlobalRequestLoadBalancer pid=3669548, ip=10.124.45.22)   warnings.warn(
(GlobalRequestLoadBalancer pid=3669548, ip=10.124.45.22) /usr/local/lib/python3.12/dist-packages/opentelemetry/proto/collector/metrics/v1/metrics_service_pb2_grpc.py:21: RuntimeWarning: The grpc package installed is at version 1.59.5, but the generated code in opentelemetry/proto/collector/metrics/v1/metrics_service_pb2_grpc.py depends on grpcio>=1.63.2. Please upgrade your grpc module to grpcio>=1.63.2 or downgrade your generated code using grpcio-tools<=1.59.5. This warning will become an error in 1.65.0, scheduled for release on June 25, 2024.
(GlobalRequestLoadBalancer pid=3669548, ip=10.124.45.22)   warnings.warn(
(GlobalRequestLoadBalancer pid=3669548, ip=10.124.45.22) /usr/local/lib/python3.12/dist-packages/opentelemetry/proto/collector/trace/v1/trace_service_pb2_grpc.py:21: RuntimeWarning: The grpc package installed is at version 1.59.5, but the generated code in opentelemetry/proto/collector/trace/v1/trace_service_pb2_grpc.py depends on grpcio>=1.63.2. Please upgrade your grpc module to grpcio>=1.63.2 or downgrade your generated code using grpcio-tools<=1.59.5. This warning will become an error in 1.65.0, scheduled for release on June 25, 2024.
(GlobalRequestLoadBalancer pid=3669548, ip=10.124.45.22)   warnings.warn(
(GlobalRequestLoadBalancer pid=3669548, ip=10.124.45.22) <frozen importlib._bootstrap_external>:1297: FutureWarning: The cuda.cudart module is deprecated and will be removed in a future release, please switch to use the cuda.bindings.runtime module instead.
(GlobalRequestLoadBalancer pid=3669548, ip=10.124.45.22) <frozen importlib._bootstrap_external>:1297: FutureWarning: The cuda.nvrtc module is deprecated and will be removed in a future release, please switch to use the cuda.bindings.nvrtc module instead.
(TaskRunner pid=3643694, ip=10.124.45.22) Training Progress:   0%|          | 0/1 [00:00<?, ?it/s]
(AgentLoopWorker pid=3669562, ip=10.124.45.22) /sgl-workspace/sglang/python/sglang/srt/layers/attention/fla/utils.py:212: UserWarning: Triton is not supported on current platform, roll back to CPU.
(AgentLoopWorker pid=3669562, ip=10.124.45.22)   warnings.warn(
(AgentLoopWorker pid=3669549, ip=10.124.45.22) /sgl-workspace/sglang/python/sglang/srt/layers/attention/fla/utils.py:212: UserWarning: Triton is not supported on current platform, roll back to CPU.
(AgentLoopWorker pid=3669549, ip=10.124.45.22)   warnings.warn(
(AgentLoopWorker pid=3669555, ip=10.124.45.22) /sgl-workspace/sglang/python/sglang/srt/layers/attention/fla/utils.py:212: UserWarning: Triton is not supported on current platform, roll back to CPU.
(AgentLoopWorker pid=3669555, ip=10.124.45.22)   warnings.warn(
(AgentLoopWorker pid=3669552, ip=10.124.45.22) /sgl-workspace/sglang/python/sglang/srt/layers/attention/fla/utils.py:212: UserWarning: Triton is not supported on current platform, roll back to CPU.
(AgentLoopWorker pid=3669552, ip=10.124.45.22)   warnings.warn(
(AgentLoopWorker pid=3669595, ip=10.124.45.22) /sgl-workspace/sglang/python/sglang/srt/layers/attention/fla/utils.py:212: UserWarning: Triton is not supported on current platform, roll back to CPU.
(AgentLoopWorker pid=3669595, ip=10.124.45.22)   warnings.warn(
(AgentLoopWorker pid=3669564, ip=10.124.45.22) /sgl-workspace/sglang/python/sglang/srt/layers/attention/fla/utils.py:212: UserWarning: Triton is not supported on current platform, roll back to CPU.
(AgentLoopWorker pid=3669564, ip=10.124.45.22)   warnings.warn(
(AgentLoopWorker pid=3669553, ip=10.124.45.22) /sgl-workspace/sglang/python/sglang/srt/layers/attention/fla/utils.py:212: UserWarning: Triton is not supported on current platform, roll back to CPU.
(AgentLoopWorker pid=3669553, ip=10.124.45.22)   warnings.warn(
(AgentLoopWorker pid=3669559, ip=10.124.45.22) /sgl-workspace/sglang/python/sglang/srt/layers/attention/fla/utils.py:212: UserWarning: Triton is not supported on current platform, roll back to CPU.
(AgentLoopWorker pid=3669559, ip=10.124.45.22)   warnings.warn(
(AgentLoopWorker pid=3669562, ip=10.124.45.22) /sgl-workspace/sglang/python/sglang/srt/layers/quantization/awq.py:76: UserWarning: Only CUDA, HIP and XPU support AWQ currently.
(AgentLoopWorker pid=3669562, ip=10.124.45.22)   warnings.warn(f"Only CUDA, HIP and XPU support AWQ currently.")
(AgentLoopWorker pid=3669562, ip=10.124.45.22) /sgl-workspace/sglang/python/sglang/srt/layers/quantization/gguf.py:47: UserWarning: Only CUDA support GGUF quantization currently.
(AgentLoopWorker pid=3669562, ip=10.124.45.22)   warnings.warn(f"Only CUDA support GGUF quantization currently.")
(AgentLoopWorker pid=3669562, ip=10.124.45.22) /usr/local/lib/python3.12/dist-packages/opentelemetry/proto/collector/logs/v1/logs_service_pb2_grpc.py:21: RuntimeWarning: The grpc package installed is at version 1.59.5, but the generated code in opentelemetry/proto/collector/logs/v1/logs_service_pb2_grpc.py depends on grpcio>=1.63.2. Please upgrade your grpc module to grpcio>=1.63.2 or downgrade your generated code using grpcio-tools<=1.59.5. This warning will become an error in 1.65.0, scheduled for release on June 25, 2024.
(AgentLoopWorker pid=3669562, ip=10.124.45.22)   warnings.warn(
(AgentLoopWorker pid=3669562, ip=10.124.45.22) /usr/local/lib/python3.12/dist-packages/opentelemetry/proto/collector/metrics/v1/metrics_service_pb2_grpc.py:21: RuntimeWarning: The grpc package installed is at version 1.59.5, but the generated code in opentelemetry/proto/collector/metrics/v1/metrics_service_pb2_grpc.py depends on grpcio>=1.63.2. Please upgrade your grpc module to grpcio>=1.63.2 or downgrade your generated code using grpcio-tools<=1.59.5. This warning will become an error in 1.65.0, scheduled for release on June 25, 2024.
(AgentLoopWorker pid=3669562, ip=10.124.45.22)   warnings.warn(
(AgentLoopWorker pid=3669562, ip=10.124.45.22) /usr/local/lib/python3.12/dist-packages/opentelemetry/proto/collector/trace/v1/trace_service_pb2_grpc.py:21: RuntimeWarning: The grpc package installed is at version 1.59.5, but the generated code in opentelemetry/proto/collector/trace/v1/trace_service_pb2_grpc.py depends on grpcio>=1.63.2. Please upgrade your grpc module to grpcio>=1.63.2 or downgrade your generated code using grpcio-tools<=1.59.5. This warning will become an error in 1.65.0, scheduled for release on June 25, 2024.
(AgentLoopWorker pid=3669562, ip=10.124.45.22)   warnings.warn(
