(SGLangHttpServer pid=246704, ip=10.124.45.22) Capturing batches (bs=208 avail_mem=27.45 GB):  19%|█▉        | 7/36 [00:00<00:02, 12.06it/s]Capturing batches (bs=200 avail_mem=27.44 GB):  19%|█▉        | 7/36 [00:00<00:02, 12.06it/s]Capturing batches (bs=192 avail_mem=27.44 GB):  19%|█▉        | 7/36 [00:00<00:02, 12.06it/s]
(SGLangHttpServer pid=246707, ip=10.124.45.22) Capturing batches (bs=192 avail_mem=27.44 GB):  25%|██▌       | 9/36 [00:00<00:02, 12.33it/s]Capturing batches (bs=184 avail_mem=27.43 GB):  25%|██▌       | 9/36 [00:00<00:02, 12.33it/s]
(SGLangHttpServer pid=246688, ip=10.124.45.22) Capturing batches (bs=112 avail_mem=27.38 GB):  47%|████▋     | 17/36 [00:01<00:01, 14.12it/s]Capturing batches (bs=112 avail_mem=27.38 GB):  53%|█████▎    | 19/36 [00:01<00:01, 13.80it/s]Capturing batches (bs=104 avail_mem=27.38 GB):  53%|█████▎    | 19/36 [00:01<00:01, 13.80it/s]
(SGLangHttpServer pid=246691, ip=10.124.45.22) Capturing batches (bs=208 avail_mem=27.45 GB):  19%|█▉        | 7/36 [00:00<00:02, 10.63it/s]Capturing batches (bs=200 avail_mem=27.44 GB):  19%|█▉        | 7/36 [00:00<00:02, 10.63it/s]Capturing batches (bs=192 avail_mem=27.44 GB):  19%|█▉        | 7/36 [00:00<00:02, 10.63it/s]
(SGLangHttpServer pid=246697, ip=10.124.45.22) Capturing batches (bs=192 avail_mem=27.44 GB):  19%|█▉        | 7/36 [00:00<00:02, 11.76it/s]Capturing batches (bs=192 avail_mem=27.44 GB):  25%|██▌       | 9/36 [00:00<00:02, 12.16it/s]Capturing batches (bs=184 avail_mem=27.43 GB):  25%|██▌       | 9/36 [00:00<00:02, 12.16it/s]
(SGLangHttpServer pid=246700, ip=10.124.45.22) Capturing batches (bs=192 avail_mem=27.44 GB):  19%|█▉        | 7/36 [00:00<00:02, 11.62it/s]Capturing batches (bs=192 avail_mem=27.44 GB):  25%|██▌       | 9/36 [00:00<00:02, 12.13it/s]Capturing batches (bs=184 avail_mem=27.43 GB):  25%|██▌       | 9/36 [00:00<00:02, 12.13it/s]
(SGLangHttpServer pid=246704, ip=10.124.45.22) Capturing batches (bs=192 avail_mem=27.44 GB):  25%|██▌       | 9/36 [00:00<00:02, 11.91it/s]Capturing batches (bs=184 avail_mem=27.43 GB):  25%|██▌       | 9/36 [00:00<00:02, 11.91it/s]
(SGLangHttpServer pid=246707, ip=10.124.45.22) Capturing batches (bs=176 avail_mem=27.43 GB):  25%|██▌       | 9/36 [00:00<00:02, 12.33it/s]Capturing batches (bs=176 avail_mem=27.43 GB):  31%|███       | 11/36 [00:00<00:01, 12.77it/s]Capturing batches (bs=168 avail_mem=27.42 GB):  31%|███       | 11/36 [00:00<00:01, 12.77it/s]
(SGLangHttpServer pid=246688, ip=10.124.45.22) Capturing batches (bs=96 avail_mem=27.37 GB):  53%|█████▎    | 19/36 [00:01<00:01, 13.80it/s] Capturing batches (bs=96 avail_mem=27.37 GB):  58%|█████▊    | 21/36 [00:01<00:01, 14.85it/s]Capturing batches (bs=88 avail_mem=27.36 GB):  58%|█████▊    | 21/36 [00:01<00:01, 14.85it/s]
(SGLangHttpServer pid=246691, ip=10.124.45.22) Capturing batches (bs=192 avail_mem=27.44 GB):  25%|██▌       | 9/36 [00:00<00:02, 11.38it/s]Capturing batches (bs=184 avail_mem=27.43 GB):  25%|██▌       | 9/36 [00:00<00:02, 11.38it/s]
(SGLangHttpServer pid=246697, ip=10.124.45.22) Capturing batches (bs=176 avail_mem=27.43 GB):  25%|██▌       | 9/36 [00:00<00:02, 12.16it/s]Capturing batches (bs=176 avail_mem=27.43 GB):  31%|███       | 11/36 [00:00<00:01, 13.01it/s]Capturing batches (bs=168 avail_mem=27.42 GB):  31%|███       | 11/36 [00:00<00:01, 13.01it/s]
(SGLangHttpServer pid=246700, ip=10.124.45.22) Capturing batches (bs=176 avail_mem=27.43 GB):  25%|██▌       | 9/36 [00:00<00:02, 12.13it/s]
(SGLangHttpServer pid=246704, ip=10.124.45.22) Capturing batches (bs=176 avail_mem=27.43 GB):  25%|██▌       | 9/36 [00:00<00:02, 11.91it/s]Capturing batches (bs=176 avail_mem=27.43 GB):  31%|███       | 11/36 [00:00<00:01, 12.70it/s]Capturing batches (bs=168 avail_mem=27.42 GB):  31%|███       | 11/36 [00:00<00:01, 12.70it/s]
(SGLangHttpServer pid=246707, ip=10.124.45.22) Capturing batches (bs=160 avail_mem=27.42 GB):  31%|███       | 11/36 [00:01<00:01, 12.77it/s]
(SGLangHttpServer pid=246688, ip=10.124.45.22) Capturing batches (bs=80 avail_mem=27.36 GB):  58%|█████▊    | 21/36 [00:01<00:01, 14.85it/s]Capturing batches (bs=80 avail_mem=27.36 GB):  64%|██████▍   | 23/36 [00:01<00:00, 15.98it/s]Capturing batches (bs=72 avail_mem=27.35 GB):  64%|██████▍   | 23/36 [00:01<00:00, 15.98it/s]
(SGLangHttpServer pid=246691, ip=10.124.45.22) Capturing batches (bs=176 avail_mem=27.43 GB):  25%|██▌       | 9/36 [00:00<00:02, 11.38it/s]Capturing batches (bs=176 avail_mem=27.43 GB):  31%|███       | 11/36 [00:01<00:02, 12.45it/s]Capturing batches (bs=168 avail_mem=27.42 GB):  31%|███       | 11/36 [00:01<00:02, 12.45it/s]
(SGLangHttpServer pid=246697, ip=10.124.45.22) Capturing batches (bs=160 avail_mem=27.42 GB):  31%|███       | 11/36 [00:01<00:01, 13.01it/s]
(SGLangHttpServer pid=246700, ip=10.124.45.22) Capturing batches (bs=176 avail_mem=27.43 GB):  31%|███       | 11/36 [00:00<00:01, 12.91it/s]Capturing batches (bs=168 avail_mem=27.42 GB):  31%|███       | 11/36 [00:00<00:01, 12.91it/s]Capturing batches (bs=160 avail_mem=27.42 GB):  31%|███       | 11/36 [00:01<00:01, 12.91it/s]
(SGLangHttpServer pid=246704, ip=10.124.45.22) Capturing batches (bs=160 avail_mem=27.42 GB):  31%|███       | 11/36 [00:01<00:01, 12.70it/s]
(SGLangHttpServer pid=246707, ip=10.124.45.22) Capturing batches (bs=160 avail_mem=27.42 GB):  36%|███▌      | 13/36 [00:01<00:01, 13.26it/s]Capturing batches (bs=152 avail_mem=27.41 GB):  36%|███▌      | 13/36 [00:01<00:01, 13.26it/s]Capturing batches (bs=144 avail_mem=27.41 GB):  36%|███▌      | 13/36 [00:01<00:01, 13.26it/s]
(SGLangHttpServer pid=246688, ip=10.124.45.22) Capturing batches (bs=64 avail_mem=27.35 GB):  64%|██████▍   | 23/36 [00:01<00:00, 15.98it/s]Capturing batches (bs=64 avail_mem=27.35 GB):  69%|██████▉   | 25/36 [00:01<00:00, 16.59it/s]Capturing batches (bs=56 avail_mem=27.34 GB):  69%|██████▉   | 25/36 [00:01<00:00, 16.59it/s]
(SGLangHttpServer pid=246691, ip=10.124.45.22) Capturing batches (bs=160 avail_mem=27.42 GB):  31%|███       | 11/36 [00:01<00:02, 12.45it/s]
(SGLangHttpServer pid=246697, ip=10.124.45.22) Capturing batches (bs=160 avail_mem=27.42 GB):  36%|███▌      | 13/36 [00:01<00:01, 13.48it/s]Capturing batches (bs=152 avail_mem=27.41 GB):  36%|███▌      | 13/36 [00:01<00:01, 13.48it/s]Capturing batches (bs=144 avail_mem=27.41 GB):  36%|███▌      | 13/36 [00:01<00:01, 13.48it/s]
(SGLangHttpServer pid=246700, ip=10.124.45.22) Capturing batches (bs=160 avail_mem=27.42 GB):  36%|███▌      | 13/36 [00:01<00:01, 13.31it/s]Capturing batches (bs=152 avail_mem=27.41 GB):  36%|███▌      | 13/36 [00:01<00:01, 13.31it/s]Capturing batches (bs=144 avail_mem=27.41 GB):  36%|███▌      | 13/36 [00:01<00:01, 13.31it/s]
(SGLangHttpServer pid=246704, ip=10.124.45.22) Capturing batches (bs=160 avail_mem=27.42 GB):  36%|███▌      | 13/36 [00:01<00:01, 13.22it/s]Capturing batches (bs=152 avail_mem=27.41 GB):  36%|███▌      | 13/36 [00:01<00:01, 13.22it/s]Capturing batches (bs=144 avail_mem=27.41 GB):  36%|███▌      | 13/36 [00:01<00:01, 13.22it/s]
(SGLangHttpServer pid=246707, ip=10.124.45.22) Capturing batches (bs=144 avail_mem=27.41 GB):  42%|████▏     | 15/36 [00:01<00:01, 13.81it/s]Capturing batches (bs=136 avail_mem=27.40 GB):  42%|████▏     | 15/36 [00:01<00:01, 13.81it/s]Capturing batches (bs=128 avail_mem=27.40 GB):  42%|████▏     | 15/36 [00:01<00:01, 13.81it/s]
(SGLangHttpServer pid=246688, ip=10.124.45.22) Capturing batches (bs=48 avail_mem=27.34 GB):  69%|██████▉   | 25/36 [00:01<00:00, 16.59it/s]Capturing batches (bs=40 avail_mem=27.33 GB):  69%|██████▉   | 25/36 [00:01<00:00, 16.59it/s]
(SGLangHttpServer pid=246691, ip=10.124.45.22) Capturing batches (bs=160 avail_mem=27.42 GB):  36%|███▌      | 13/36 [00:01<00:01, 12.86it/s]Capturing batches (bs=152 avail_mem=27.41 GB):  36%|███▌      | 13/36 [00:01<00:01, 12.86it/s]Capturing batches (bs=144 avail_mem=27.41 GB):  36%|███▌      | 13/36 [00:01<00:01, 12.86it/s]
(SGLangHttpServer pid=246697, ip=10.124.45.22) Capturing batches (bs=144 avail_mem=27.41 GB):  42%|████▏     | 15/36 [00:01<00:01, 14.08it/s]Capturing batches (bs=136 avail_mem=27.40 GB):  42%|████▏     | 15/36 [00:01<00:01, 14.08it/s]Capturing batches (bs=128 avail_mem=27.40 GB):  42%|████▏     | 15/36 [00:01<00:01, 14.08it/s]
(SGLangHttpServer pid=246700, ip=10.124.45.22) Capturing batches (bs=144 avail_mem=27.41 GB):  42%|████▏     | 15/36 [00:01<00:01, 14.01it/s]Capturing batches (bs=136 avail_mem=27.40 GB):  42%|████▏     | 15/36 [00:01<00:01, 14.01it/s]
(SGLangHttpServer pid=246704, ip=10.124.45.22) Capturing batches (bs=144 avail_mem=27.41 GB):  42%|████▏     | 15/36 [00:01<00:01, 13.81it/s]Capturing batches (bs=136 avail_mem=27.40 GB):  42%|████▏     | 15/36 [00:01<00:01, 13.81it/s]Capturing batches (bs=128 avail_mem=27.40 GB):  42%|████▏     | 15/36 [00:01<00:01, 13.81it/s]
(SGLangHttpServer pid=246707, ip=10.124.45.22) Capturing batches (bs=128 avail_mem=27.40 GB):  47%|████▋     | 17/36 [00:01<00:01, 14.54it/s]Capturing batches (bs=120 avail_mem=27.39 GB):  47%|████▋     | 17/36 [00:01<00:01, 14.54it/s]Capturing batches (bs=112 avail_mem=27.38 GB):  47%|████▋     | 17/36 [00:01<00:01, 14.54it/s]
(SGLangHttpServer pid=246688, ip=10.124.45.22) Capturing batches (bs=40 avail_mem=27.33 GB):  78%|███████▊  | 28/36 [00:02<00:00, 17.89it/s]Capturing batches (bs=32 avail_mem=27.33 GB):  78%|███████▊  | 28/36 [00:02<00:00, 17.89it/s]Capturing batches (bs=24 avail_mem=27.32 GB):  78%|███████▊  | 28/36 [00:02<00:00, 17.89it/s]Capturing batches (bs=16 avail_mem=27.32 GB):  78%|███████▊  | 28/36 [00:02<00:00, 17.89it/s]
(SGLangHttpServer pid=246691, ip=10.124.45.22) Capturing batches (bs=144 avail_mem=27.41 GB):  42%|████▏     | 15/36 [00:01<00:01, 13.73it/s]Capturing batches (bs=136 avail_mem=27.40 GB):  42%|████▏     | 15/36 [00:01<00:01, 13.73it/s]Capturing batches (bs=128 avail_mem=27.40 GB):  42%|████▏     | 15/36 [00:01<00:01, 13.73it/s]
(SGLangHttpServer pid=246697, ip=10.124.45.22) Capturing batches (bs=128 avail_mem=27.40 GB):  47%|████▋     | 17/36 [00:01<00:01, 14.83it/s]Capturing batches (bs=120 avail_mem=27.39 GB):  47%|████▋     | 17/36 [00:01<00:01, 14.83it/s]Capturing batches (bs=112 avail_mem=27.38 GB):  47%|████▋     | 17/36 [00:01<00:01, 14.83it/s]
(SGLangHttpServer pid=246700, ip=10.124.45.22) Capturing batches (bs=128 avail_mem=27.40 GB):  42%|████▏     | 15/36 [00:01<00:01, 14.01it/s]Capturing batches (bs=128 avail_mem=27.40 GB):  47%|████▋     | 17/36 [00:01<00:01, 14.84it/s]Capturing batches (bs=120 avail_mem=27.39 GB):  47%|████▋     | 17/36 [00:01<00:01, 14.84it/s]
(SGLangHttpServer pid=246704, ip=10.124.45.22) Capturing batches (bs=128 avail_mem=27.40 GB):  47%|████▋     | 17/36 [00:01<00:01, 14.69it/s]Capturing batches (bs=120 avail_mem=27.39 GB):  47%|████▋     | 17/36 [00:01<00:01, 14.69it/s]Capturing batches (bs=112 avail_mem=27.38 GB):  47%|████▋     | 17/36 [00:01<00:01, 14.69it/s]
(SGLangHttpServer pid=246707, ip=10.124.45.22) Capturing batches (bs=112 avail_mem=27.38 GB):  53%|█████▎    | 19/36 [00:01<00:01, 15.53it/s]Capturing batches (bs=104 avail_mem=27.38 GB):  53%|█████▎    | 19/36 [00:01<00:01, 15.53it/s]Capturing batches (bs=96 avail_mem=27.37 GB):  53%|█████▎    | 19/36 [00:01<00:01, 15.53it/s] 
(SGLangHttpServer pid=246688, ip=10.124.45.22) Capturing batches (bs=16 avail_mem=27.32 GB):  86%|████████▌ | 31/36 [00:02<00:00, 17.39it/s]Capturing batches (bs=12 avail_mem=27.31 GB):  86%|████████▌ | 31/36 [00:02<00:00, 17.39it/s]
(SGLangHttpServer pid=246691, ip=10.124.45.22) Capturing batches (bs=128 avail_mem=27.40 GB):  47%|████▋     | 17/36 [00:01<00:01, 14.61it/s]Capturing batches (bs=120 avail_mem=27.39 GB):  47%|████▋     | 17/36 [00:01<00:01, 14.61it/s]Capturing batches (bs=112 avail_mem=27.38 GB):  47%|████▋     | 17/36 [00:01<00:01, 14.61it/s]
(SGLangHttpServer pid=246697, ip=10.124.45.22) Capturing batches (bs=112 avail_mem=27.38 GB):  53%|█████▎    | 19/36 [00:01<00:01, 15.81it/s]Capturing batches (bs=104 avail_mem=27.38 GB):  53%|█████▎    | 19/36 [00:01<00:01, 15.81it/s]Capturing batches (bs=96 avail_mem=27.37 GB):  53%|█████▎    | 19/36 [00:01<00:01, 15.81it/s] 
(SGLangHttpServer pid=246700, ip=10.124.45.22) Capturing batches (bs=112 avail_mem=27.38 GB):  47%|████▋     | 17/36 [00:01<00:01, 14.84it/s]Capturing batches (bs=112 avail_mem=27.38 GB):  53%|█████▎    | 19/36 [00:01<00:01, 15.77it/s]Capturing batches (bs=104 avail_mem=27.38 GB):  53%|█████▎    | 19/36 [00:01<00:01, 15.77it/s]
(SGLangHttpServer pid=246704, ip=10.124.45.22) Capturing batches (bs=112 avail_mem=27.38 GB):  53%|█████▎    | 19/36 [00:01<00:01, 15.77it/s]Capturing batches (bs=104 avail_mem=27.38 GB):  53%|█████▎    | 19/36 [00:01<00:01, 15.77it/s]Capturing batches (bs=96 avail_mem=27.37 GB):  53%|█████▎    | 19/36 [00:01<00:01, 15.77it/s] 
(SGLangHttpServer pid=246707, ip=10.124.45.22) Capturing batches (bs=96 avail_mem=27.37 GB):  58%|█████▊    | 21/36 [00:01<00:00, 16.35it/s]Capturing batches (bs=88 avail_mem=27.36 GB):  58%|█████▊    | 21/36 [00:01<00:00, 16.35it/s]Capturing batches (bs=80 avail_mem=27.36 GB):  58%|█████▊    | 21/36 [00:01<00:00, 16.35it/s]
(SGLangHttpServer pid=246688, ip=10.124.45.22) Capturing batches (bs=8 avail_mem=27.31 GB):  86%|████████▌ | 31/36 [00:02<00:00, 17.39it/s] Capturing batches (bs=4 avail_mem=27.30 GB):  86%|████████▌ | 31/36 [00:02<00:00, 17.39it/s]Capturing batches (bs=4 avail_mem=27.30 GB):  94%|█████████▍| 34/36 [00:02<00:00, 18.61it/s]Capturing batches (bs=2 avail_mem=27.30 GB):  94%|█████████▍| 34/36 [00:02<00:00, 18.61it/s]
(SGLangHttpServer pid=246691, ip=10.124.45.22) Capturing batches (bs=112 avail_mem=27.38 GB):  53%|█████▎    | 19/36 [00:01<00:01, 15.33it/s]Capturing batches (bs=104 avail_mem=27.38 GB):  53%|█████▎    | 19/36 [00:01<00:01, 15.33it/s]Capturing batches (bs=96 avail_mem=27.37 GB):  53%|█████▎    | 19/36 [00:01<00:01, 15.33it/s] 
(SGLangHttpServer pid=246697, ip=10.124.45.22) Capturing batches (bs=96 avail_mem=27.37 GB):  58%|█████▊    | 21/36 [00:01<00:00, 16.36it/s]Capturing batches (bs=88 avail_mem=27.36 GB):  58%|█████▊    | 21/36 [00:01<00:00, 16.36it/s]Capturing batches (bs=80 avail_mem=27.36 GB):  58%|█████▊    | 21/36 [00:01<00:00, 16.36it/s]
(SGLangHttpServer pid=246700, ip=10.124.45.22) Capturing batches (bs=96 avail_mem=27.37 GB):  53%|█████▎    | 19/36 [00:01<00:01, 15.77it/s] Capturing batches (bs=96 avail_mem=27.37 GB):  58%|█████▊    | 21/36 [00:01<00:00, 15.98it/s]Capturing batches (bs=88 avail_mem=27.36 GB):  58%|█████▊    | 21/36 [00:01<00:00, 15.98it/s]
(SGLangHttpServer pid=246704, ip=10.124.45.22) Capturing batches (bs=96 avail_mem=27.37 GB):  58%|█████▊    | 21/36 [00:01<00:00, 16.16it/s]Capturing batches (bs=88 avail_mem=27.36 GB):  58%|█████▊    | 21/36 [00:01<00:00, 16.16it/s]Capturing batches (bs=80 avail_mem=27.36 GB):  58%|█████▊    | 21/36 [00:01<00:00, 16.16it/s]
(SGLangHttpServer pid=246707, ip=10.124.45.22) Capturing batches (bs=80 avail_mem=27.36 GB):  64%|██████▍   | 23/36 [00:01<00:00, 16.50it/s]Capturing batches (bs=72 avail_mem=27.35 GB):  64%|██████▍   | 23/36 [00:01<00:00, 16.50it/s]Capturing batches (bs=64 avail_mem=27.35 GB):  64%|██████▍   | 23/36 [00:01<00:00, 16.50it/s]
(SGLangHttpServer pid=246688, ip=10.124.45.22) Capturing batches (bs=1 avail_mem=27.29 GB):  94%|█████████▍| 34/36 [00:02<00:00, 18.61it/s]Capturing batches (bs=1 avail_mem=27.29 GB): 100%|██████████| 36/36 [00:02<00:00, 14.84it/s]
(SGLangHttpServer pid=246691, ip=10.124.45.22) Capturing batches (bs=96 avail_mem=27.37 GB):  58%|█████▊    | 21/36 [00:01<00:00, 16.28it/s]Capturing batches (bs=88 avail_mem=27.36 GB):  58%|█████▊    | 21/36 [00:01<00:00, 16.28it/s]Capturing batches (bs=80 avail_mem=27.36 GB):  58%|█████▊    | 21/36 [00:01<00:00, 16.28it/s]
(SGLangHttpServer pid=246697, ip=10.124.45.22) Capturing batches (bs=80 avail_mem=27.36 GB):  64%|██████▍   | 23/36 [00:01<00:00, 17.17it/s]Capturing batches (bs=72 avail_mem=27.35 GB):  64%|██████▍   | 23/36 [00:01<00:00, 17.17it/s]Capturing batches (bs=64 avail_mem=27.35 GB):  64%|██████▍   | 23/36 [00:01<00:00, 17.17it/s]
(SGLangHttpServer pid=246700, ip=10.124.45.22) Capturing batches (bs=80 avail_mem=27.36 GB):  58%|█████▊    | 21/36 [00:01<00:00, 15.98it/s]Capturing batches (bs=80 avail_mem=27.36 GB):  64%|██████▍   | 23/36 [00:01<00:00, 16.82it/s]Capturing batches (bs=72 avail_mem=27.35 GB):  64%|██████▍   | 23/36 [00:01<00:00, 16.82it/s]
(SGLangHttpServer pid=246704, ip=10.124.45.22) Capturing batches (bs=80 avail_mem=27.36 GB):  64%|██████▍   | 23/36 [00:01<00:00, 16.95it/s]Capturing batches (bs=72 avail_mem=27.35 GB):  64%|██████▍   | 23/36 [00:01<00:00, 16.95it/s]Capturing batches (bs=64 avail_mem=27.35 GB):  64%|██████▍   | 23/36 [00:01<00:00, 16.95it/s]
(SGLangHttpServer pid=246707, ip=10.124.45.22) Capturing batches (bs=64 avail_mem=27.35 GB):  69%|██████▉   | 25/36 [00:01<00:00, 17.06it/s]Capturing batches (bs=56 avail_mem=27.34 GB):  69%|██████▉   | 25/36 [00:01<00:00, 17.06it/s]Capturing batches (bs=48 avail_mem=27.34 GB):  69%|██████▉   | 25/36 [00:01<00:00, 17.06it/s]
(SGLangHttpServer pid=246691, ip=10.124.45.22) Capturing batches (bs=80 avail_mem=27.36 GB):  64%|██████▍   | 23/36 [00:01<00:00, 16.84it/s]Capturing batches (bs=72 avail_mem=27.35 GB):  64%|██████▍   | 23/36 [00:01<00:00, 16.84it/s]Capturing batches (bs=64 avail_mem=27.35 GB):  64%|██████▍   | 23/36 [00:01<00:00, 16.84it/s]
(SGLangHttpServer pid=246697, ip=10.124.45.22) Capturing batches (bs=64 avail_mem=27.35 GB):  69%|██████▉   | 25/36 [00:01<00:00, 17.65it/s]Capturing batches (bs=56 avail_mem=27.34 GB):  69%|██████▉   | 25/36 [00:01<00:00, 17.65it/s]Capturing batches (bs=48 avail_mem=27.34 GB):  69%|██████▉   | 25/36 [00:01<00:00, 17.65it/s]
(SGLangHttpServer pid=246700, ip=10.124.45.22) Capturing batches (bs=64 avail_mem=27.35 GB):  64%|██████▍   | 23/36 [00:01<00:00, 16.82it/s]Capturing batches (bs=64 avail_mem=27.35 GB):  69%|██████▉   | 25/36 [00:01<00:00, 16.80it/s]Capturing batches (bs=56 avail_mem=27.34 GB):  69%|██████▉   | 25/36 [00:01<00:00, 16.80it/s]
(SGLangHttpServer pid=246704, ip=10.124.45.22) Capturing batches (bs=64 avail_mem=27.35 GB):  69%|██████▉   | 25/36 [00:01<00:00, 17.50it/s]Capturing batches (bs=56 avail_mem=27.34 GB):  69%|██████▉   | 25/36 [00:01<00:00, 17.50it/s]Capturing batches (bs=48 avail_mem=27.34 GB):  69%|██████▉   | 25/36 [00:01<00:00, 17.50it/s]
(SGLangHttpServer pid=246707, ip=10.124.45.22) Capturing batches (bs=48 avail_mem=27.34 GB):  75%|███████▌  | 27/36 [00:01<00:00, 17.46it/s]Capturing batches (bs=40 avail_mem=27.33 GB):  75%|███████▌  | 27/36 [00:01<00:00, 17.46it/s]
(SGLangHttpServer pid=246707, ip=10.124.45.22) Capturing batches (bs=32 avail_mem=27.33 GB):  75%|███████▌  | 27/36 [00:01<00:00, 17.46it/s]
(SGLangHttpServer pid=246691, ip=10.124.45.22) Capturing batches (bs=64 avail_mem=27.35 GB):  69%|██████▉   | 25/36 [00:01<00:00, 17.36it/s]Capturing batches (bs=56 avail_mem=27.34 GB):  69%|██████▉   | 25/36 [00:01<00:00, 17.36it/s]Capturing batches (bs=48 avail_mem=27.34 GB):  69%|██████▉   | 25/36 [00:01<00:00, 17.36it/s]
(SGLangHttpServer pid=246697, ip=10.124.45.22) Capturing batches (bs=48 avail_mem=27.34 GB):  75%|███████▌  | 27/36 [00:01<00:00, 17.93it/s]Capturing batches (bs=40 avail_mem=27.33 GB):  75%|███████▌  | 27/36 [00:01<00:00, 17.93it/s]Capturing batches (bs=32 avail_mem=27.33 GB):  75%|███████▌  | 27/36 [00:01<00:00, 17.93it/s]
(SGLangHttpServer pid=246700, ip=10.124.45.22) Capturing batches (bs=48 avail_mem=27.34 GB):  69%|██████▉   | 25/36 [00:01<00:00, 16.80it/s]Capturing batches (bs=48 avail_mem=27.34 GB):  75%|███████▌  | 27/36 [00:01<00:00, 17.35it/s]Capturing batches (bs=40 avail_mem=27.33 GB):  75%|███████▌  | 27/36 [00:01<00:00, 17.35it/s]
(SGLangHttpServer pid=246704, ip=10.124.45.22) Capturing batches (bs=48 avail_mem=27.34 GB):  75%|███████▌  | 27/36 [00:01<00:00, 18.00it/s]Capturing batches (bs=40 avail_mem=27.33 GB):  75%|███████▌  | 27/36 [00:01<00:00, 18.00it/s]Capturing batches (bs=32 avail_mem=27.33 GB):  75%|███████▌  | 27/36 [00:01<00:00, 18.00it/s]
(SGLangHttpServer pid=246707, ip=10.124.45.22) Capturing batches (bs=32 avail_mem=27.33 GB):  81%|████████  | 29/36 [00:02<00:00, 17.63it/s]Capturing batches (bs=24 avail_mem=27.32 GB):  81%|████████  | 29/36 [00:02<00:00, 17.63it/s]Capturing batches (bs=16 avail_mem=27.32 GB):  81%|████████  | 29/36 [00:02<00:00, 17.63it/s]
(SGLangHttpServer pid=246691, ip=10.124.45.22) Capturing batches (bs=48 avail_mem=27.34 GB):  75%|███████▌  | 27/36 [00:01<00:00, 17.87it/s]Capturing batches (bs=40 avail_mem=27.33 GB):  75%|███████▌  | 27/36 [00:01<00:00, 17.87it/s]Capturing batches (bs=32 avail_mem=27.33 GB):  75%|███████▌  | 27/36 [00:02<00:00, 17.87it/s]
(SGLangHttpServer pid=246697, ip=10.124.45.22) Capturing batches (bs=32 avail_mem=27.33 GB):  81%|████████  | 29/36 [00:01<00:00, 18.33it/s]Capturing batches (bs=24 avail_mem=27.32 GB):  81%|████████  | 29/36 [00:01<00:00, 18.33it/s]Capturing batches (bs=16 avail_mem=27.32 GB):  81%|████████  | 29/36 [00:02<00:00, 18.33it/s]
(SGLangHttpServer pid=246700, ip=10.124.45.22) Capturing batches (bs=32 avail_mem=27.33 GB):  75%|███████▌  | 27/36 [00:01<00:00, 17.35it/s]Capturing batches (bs=32 avail_mem=27.33 GB):  81%|████████  | 29/36 [00:02<00:00, 17.24it/s]Capturing batches (bs=24 avail_mem=27.32 GB):  81%|████████  | 29/36 [00:02<00:00, 17.24it/s]
(SGLangHttpServer pid=246704, ip=10.124.45.22) Capturing batches (bs=32 avail_mem=27.33 GB):  81%|████████  | 29/36 [00:01<00:00, 18.45it/s]Capturing batches (bs=24 avail_mem=27.32 GB):  81%|████████  | 29/36 [00:02<00:00, 18.45it/s]Capturing batches (bs=16 avail_mem=27.32 GB):  81%|████████  | 29/36 [00:02<00:00, 18.45it/s]
(SGLangHttpServer pid=246707, ip=10.124.45.22) Capturing batches (bs=16 avail_mem=27.32 GB):  86%|████████▌ | 31/36 [00:02<00:00, 16.32it/s]Capturing batches (bs=12 avail_mem=27.31 GB):  86%|████████▌ | 31/36 [00:02<00:00, 16.32it/s]
(SGLangHttpServer pid=246691, ip=10.124.45.22) Capturing batches (bs=32 avail_mem=27.33 GB):  81%|████████  | 29/36 [00:02<00:00, 16.98it/s]Capturing batches (bs=24 avail_mem=27.32 GB):  81%|████████  | 29/36 [00:02<00:00, 16.98it/s]Capturing batches (bs=16 avail_mem=27.32 GB):  81%|████████  | 29/36 [00:02<00:00, 16.98it/s]
(SGLangHttpServer pid=246697, ip=10.124.45.22) Capturing batches (bs=16 avail_mem=27.32 GB):  86%|████████▌ | 31/36 [00:02<00:00, 16.77it/s]Capturing batches (bs=12 avail_mem=27.31 GB):  86%|████████▌ | 31/36 [00:02<00:00, 16.77it/s]
(SGLangHttpServer pid=246700, ip=10.124.45.22) Capturing batches (bs=16 avail_mem=27.32 GB):  81%|████████  | 29/36 [00:02<00:00, 17.24it/s]
(SGLangHttpServer pid=246704, ip=10.124.45.22) Capturing batches (bs=16 avail_mem=27.32 GB):  86%|████████▌ | 31/36 [00:02<00:00, 16.77it/s]Capturing batches (bs=12 avail_mem=27.31 GB):  86%|████████▌ | 31/36 [00:02<00:00, 16.77it/s]Capturing batches (bs=8 avail_mem=27.31 GB):  86%|████████▌ | 31/36 [00:02<00:00, 16.77it/s] 
(SGLangHttpServer pid=246707, ip=10.124.45.22) Capturing batches (bs=8 avail_mem=27.31 GB):  86%|████████▌ | 31/36 [00:02<00:00, 16.32it/s] Capturing batches (bs=8 avail_mem=27.31 GB):  92%|█████████▏| 33/36 [00:02<00:00, 17.03it/s]Capturing batches (bs=4 avail_mem=27.30 GB):  92%|█████████▏| 33/36 [00:02<00:00, 17.03it/s]
(SGLangHttpServer pid=246700, ip=10.124.45.22) Capturing batches (bs=16 avail_mem=27.32 GB):  86%|████████▌ | 31/36 [00:02<00:00, 16.33it/s]
(SGLangHttpServer pid=246700, ip=10.124.45.22) Capturing batches (bs=12 avail_mem=27.31 GB):  86%|████████▌ | 31/36 [00:02<00:00, 16.33it/s]
(SGLangHttpServer pid=246691, ip=10.124.45.22) Capturing batches (bs=16 avail_mem=27.32 GB):  86%|████████▌ | 31/36 [00:02<00:00, 16.34it/s]Capturing batches (bs=12 avail_mem=27.31 GB):  86%|████████▌ | 31/36 [00:02<00:00, 16.34it/s]Capturing batches (bs=8 avail_mem=27.31 GB):  86%|████████▌ | 31/36 [00:02<00:00, 16.34it/s] 
(SGLangHttpServer pid=246697, ip=10.124.45.22) Capturing batches (bs=8 avail_mem=27.31 GB):  86%|████████▌ | 31/36 [00:02<00:00, 16.77it/s] 
(SGLangHttpServer pid=246700, ip=10.124.45.22) Capturing batches (bs=8 avail_mem=27.31 GB):  86%|████████▌ | 31/36 [00:02<00:00, 16.33it/s] Capturing batches (bs=4 avail_mem=27.30 GB):  86%|████████▌ | 31/36 [00:02<00:00, 16.33it/s]
(SGLangHttpServer pid=246704, ip=10.124.45.22) Capturing batches (bs=4 avail_mem=27.30 GB):  86%|████████▌ | 31/36 [00:02<00:00, 16.77it/s]Capturing batches (bs=4 avail_mem=27.30 GB):  94%|█████████▍| 34/36 [00:02<00:00, 18.22it/s]Capturing batches (bs=2 avail_mem=27.30 GB):  94%|█████████▍| 34/36 [00:02<00:00, 18.22it/s]
(SGLangHttpServer pid=246707, ip=10.124.45.22) Capturing batches (bs=2 avail_mem=27.30 GB):  92%|█████████▏| 33/36 [00:02<00:00, 17.03it/s]Capturing batches (bs=2 avail_mem=27.30 GB):  97%|█████████▋| 35/36 [00:02<00:00, 17.78it/s]Capturing batches (bs=1 avail_mem=27.29 GB):  97%|█████████▋| 35/36 [00:02<00:00, 17.78it/s]
(SGLangHttpServer pid=246707, ip=10.124.45.22) Capturing batches (bs=1 avail_mem=27.29 GB): 100%|██████████| 36/36 [00:02<00:00, 14.82it/s]
(SGLangHttpServer pid=246691, ip=10.124.45.22) Capturing batches (bs=4 avail_mem=27.30 GB):  86%|████████▌ | 31/36 [00:02<00:00, 16.34it/s]Capturing batches (bs=4 avail_mem=27.30 GB):  94%|█████████▍| 34/36 [00:02<00:00, 17.97it/s]Capturing batches (bs=2 avail_mem=27.30 GB):  94%|█████████▍| 34/36 [00:02<00:00, 17.97it/s]
(SGLangHttpServer pid=246697, ip=10.124.45.22) Capturing batches (bs=8 avail_mem=27.31 GB):  92%|█████████▏| 33/36 [00:02<00:00, 14.11it/s]Capturing batches (bs=4 avail_mem=27.30 GB):  92%|█████████▏| 33/36 [00:02<00:00, 14.11it/s]Capturing batches (bs=2 avail_mem=27.30 GB):  92%|█████████▏| 33/36 [00:02<00:00, 14.11it/s]
(SGLangHttpServer pid=246700, ip=10.124.45.22) Capturing batches (bs=4 avail_mem=27.30 GB):  94%|█████████▍| 34/36 [00:02<00:00, 17.83it/s]Capturing batches (bs=2 avail_mem=27.30 GB):  94%|█████████▍| 34/36 [00:02<00:00, 17.83it/s]Capturing batches (bs=1 avail_mem=27.29 GB):  94%|█████████▍| 34/36 [00:02<00:00, 17.83it/s]
(SGLangHttpServer pid=246704, ip=10.124.45.22) Capturing batches (bs=1 avail_mem=27.29 GB):  94%|█████████▍| 34/36 [00:02<00:00, 18.22it/s]Capturing batches (bs=1 avail_mem=27.29 GB): 100%|██████████| 36/36 [00:02<00:00, 15.14it/s]
(SGLangHttpServer pid=246691, ip=10.124.45.22) Capturing batches (bs=1 avail_mem=27.29 GB):  94%|█████████▍| 34/36 [00:02<00:00, 17.97it/s]Capturing batches (bs=1 avail_mem=27.29 GB): 100%|██████████| 36/36 [00:02<00:00, 14.41it/s]
(SGLangHttpServer pid=246697, ip=10.124.45.22) Capturing batches (bs=1 avail_mem=27.29 GB):  92%|█████████▏| 33/36 [00:02<00:00, 14.11it/s]Capturing batches (bs=1 avail_mem=27.29 GB): 100%|██████████| 36/36 [00:02<00:00, 16.26it/s]Capturing batches (bs=1 avail_mem=27.29 GB): 100%|██████████| 36/36 [00:02<00:00, 14.59it/s]
(SGLangHttpServer pid=246700, ip=10.124.45.22) Capturing batches (bs=1 avail_mem=27.29 GB): 100%|██████████| 36/36 [00:02<00:00, 14.94it/s]
(TaskRunner pid=237565, ip=10.124.45.22) wandb: WARNING func: get_project_by_name, err: Request failed! url: https://ml.bytedance.net/inner/GetTrackingProjectByName, req_body: {'Name': 'specTool'}, resp_body: b'{"ResponseMetadata":{"RequestId":"","Action":"","Version":"","Service":"","Region":"","Error":{"Code":"MissingAuthenticationToken","CodeN":1709801,"Message":"zti token not found, please use DOAS cli to run script","RawError":{},"HTTPCode":401}}}'
(TaskRunner pid=237565, ip=10.124.45.22) wandb: WARNING func: get_project_by_name, err: Request failed! url: https://ml.bytedance.net/inner/GetTrackingProjectByName, req_body: {'Name': 'specTool'}, resp_body: b'{"ResponseMetadata":{"RequestId":"","Action":"","Version":"","Service":"","Region":"","Error":{"Code":"MissingAuthenticationToken","CodeN":1709801,"Message":"zti token not found, please use DOAS cli to run script","RawError":{},"HTTPCode":401}}}'
(TaskRunner pid=237565, ip=10.124.45.22) wandb: WARNING func: create_project, err: Request failed! url: https://ml.bytedance.net/inner/CreateTrackingProject, req_body: {'Name': 'specTool'}, resp_body: b'{"ResponseMetadata":{"RequestId":"","Action":"","Version":"","Service":"","Region":"","Error":{"Code":"MissingAuthenticationToken","CodeN":1709801,"Message":"zti token not found, please use DOAS cli to run script","RawError":{},"HTTPCode":401}}}'
(TaskRunner pid=237565, ip=10.124.45.22) wandb: WARNING func: alert, err: Request failed! url: https://ml.bytedance.net/inner/TrackingAlert, req_body: {'Title': 'Wandb Failed!', 'Text': 'Failed Function: create_project\nERR Message: Request failed! url: https://ml.bytedance.net/inner/CreateTrackingProject, req_body: {\'Name\': \'specTool\'}, resp_body: b\'{"ResponseMetadata":{"RequestId":"","Action":"","Version":"","Service":"","Region":"","Error":{"Code":"MissingAuthenticationToken","CodeN":1709801,"Message":"zti token not found, please use DOAS cli to run script","RawError":{},"HTTPCode":401}}}\''}, resp_body: b'{"ResponseMetadata":{"RequestId":"","Action":"","Version":"","Service":"","Region":"","Error":{"Code":"MissingAuthenticationToken","CodeN":1709801,"Message":"zti token not found, please use DOAS cli to run script","RawError":{},"HTTPCode":401}}}'
(TaskRunner pid=237565, ip=10.124.45.22) wandb: ⭐️ View project at 
(TaskRunner pid=237565, ip=10.124.45.22) wandb: - Waiting for wandb.init()...
(TaskRunner pid=237565, ip=10.124.45.22) wandb: \ Waiting for wandb.init()...
(TaskRunner pid=237565, ip=10.124.45.22) wandb: | Waiting for wandb.init()...
(TaskRunner pid=237565, ip=10.124.45.22) wandb: WARNING func: create_run, err: Request failed! url: https://ml.bytedance.net/inner/CreateTrackingRun, req_body: {'ProjectId': '', 'Name': 'baseline_hotpotqa_qwen3_8b_sleep0_toolcalls1_bs96_rollout8_step1_think_8192_500pt_4tool_20260608_111923_bs96', 'RunId': 'run_20260608_1b71ab03', 'Description': None, 'OuterType': None, 'OuterId': None, 'Tags': None, 'OuterInfo': {'is_seed': False}}, resp_body: b'{"ResponseMetadata":{"RequestId":"","Action":"","Version":"","Service":"","Region":"","Error":{"Code":"MissingAuthenticationToken","CodeN":1709801,"Message":"zti token not found, please use DOAS cli to run script","RawError":{},"HTTPCode":401}}}'
(TaskRunner pid=237565, ip=10.124.45.22) wandb: WARNING func: alert, err: Request failed! url: https://ml.bytedance.net/inner/TrackingAlert, req_body: {'Title': 'Wandb Failed!', 'Text': 'Failed Function: create_run\nERR Message: Request failed! url: https://ml.bytedance.net/inner/CreateTrackingRun, req_body: {\'ProjectId\': \'\', \'Name\': \'baseline_hotpotqa_qwen3_8b_sleep0_toolcalls1_bs96_rollout8_step1_think_8192_500pt_4tool_20260608_111923_bs96\', \'RunId\': \'run_20260608_1b71ab03\', \'Description\': None, \'OuterType\': None, \'OuterId\': None, \'Tags\': None, \'OuterInfo\': {\'is_seed\': False}}, resp_body: b\'{"ResponseMetadata":{"RequestId":"","Action":"","Version":"","Service":"","Region":"","Error":{"Code":"MissingAuthenticationToken","CodeN":1709801,"Message":"zti token not found, please use DOAS cli to run script","RawError":{},"HTTPCode":401}}}\''}, resp_body: b'{"ResponseMetadata":{"RequestId":"","Action":"","Version":"","Service":"","Region":"","Error":{"Code":"MissingAuthenticationToken","CodeN":1709801,"Message":"zti token not found, please use DOAS cli to run script","RawError":{},"HTTPCode":401}}}'
(TaskRunner pid=237565, ip=10.124.45.22) wandb: 🚀 View run at 
(TaskRunner pid=237565, ip=10.124.45.22) wandb: WARNING func: alert, err: Request failed! url: https://ml.bytedance.net/inner/TrackingAlert, req_body: {'Title': 'Tracking Run Created', 'Text': 'Created run [specTool/]()'}, resp_body: b'{"ResponseMetadata":{"RequestId":"","Action":"","Version":"","Service":"","Region":"","Error":{"Code":"MissingAuthenticationToken","CodeN":1709801,"Message":"zti token not found, please use DOAS cli to run script","RawError":{},"HTTPCode":401}}}'
(TaskRunner pid=237565, ip=10.124.45.22) wandb: WARNING func: set_run_config, err: set_run_config wandb init failed, skip.../
(TaskRunner pid=237565, ip=10.124.45.22) wandb: / Waiting for wandb.init()...
(pid=248900, ip=10.124.45.22) /usr/local/lib/python3.12/dist-packages/torch/amp/autocast_mode.py:270: UserWarning: User provided device_type of 'cuda', but CUDA is not available. Disabling
(pid=248900, ip=10.124.45.22)   warnings.warn(
(pid=248900, ip=10.124.45.22) Modular Diffusers is currently an experimental feature under active development. The API is subject to breaking changes in future releases.
(pid=248897, ip=10.124.45.22) /usr/local/lib/python3.12/dist-packages/torch/amp/autocast_mode.py:270: UserWarning: User provided device_type of 'cuda', but CUDA is not available. Disabling
(pid=248897, ip=10.124.45.22)   warnings.warn(
(pid=248897, ip=10.124.45.22) Modular Diffusers is currently an experimental feature under active development. The API is subject to breaking changes in future releases.
(pid=248901, ip=10.124.45.22) /usr/local/lib/python3.12/dist-packages/torch/amp/autocast_mode.py:270: UserWarning: User provided device_type of 'cuda', but CUDA is not available. Disabling
(pid=248901, ip=10.124.45.22)   warnings.warn(
(pid=248901, ip=10.124.45.22) Modular Diffusers is currently an experimental feature under active development. The API is subject to breaking changes in future releases.
(pid=248905, ip=10.124.45.22) /usr/local/lib/python3.12/dist-packages/torch/amp/autocast_mode.py:270: UserWarning: User provided device_type of 'cuda', but CUDA is not available. Disabling
(pid=248905, ip=10.124.45.22)   warnings.warn(
(pid=248905, ip=10.124.45.22) Modular Diffusers is currently an experimental feature under active development. The API is subject to breaking changes in future releases.
(GlobalRequestLoadBalancer pid=248896, ip=10.124.45.22) /usr/local/lib/python3.12/dist-packages/torch/amp/autocast_mode.py:270: UserWarning: User provided device_type of 'cuda', but CUDA is not available. Disabling
(GlobalRequestLoadBalancer pid=248896, ip=10.124.45.22)   warnings.warn(
(GlobalRequestLoadBalancer pid=248896, ip=10.124.45.22) Modular Diffusers is currently an experimental feature under active development. The API is subject to breaking changes in future releases.
(pid=248902, ip=10.124.45.22) /usr/local/lib/python3.12/dist-packages/torch/amp/autocast_mode.py:270: UserWarning: User provided device_type of 'cuda', but CUDA is not available. Disabling
(pid=248902, ip=10.124.45.22)   warnings.warn(
(pid=248902, ip=10.124.45.22) Modular Diffusers is currently an experimental feature under active development. The API is subject to breaking changes in future releases.
(pid=248911, ip=10.124.45.22) /usr/local/lib/python3.12/dist-packages/torch/amp/autocast_mode.py:270: UserWarning: User provided device_type of 'cuda', but CUDA is not available. Disabling
(pid=248911, ip=10.124.45.22)   warnings.warn(
(pid=248911, ip=10.124.45.22) Modular Diffusers is currently an experimental feature under active development. The API is subject to breaking changes in future releases.
(pid=248908, ip=10.124.45.22) /usr/local/lib/python3.12/dist-packages/torch/amp/autocast_mode.py:270: UserWarning: User provided device_type of 'cuda', but CUDA is not available. Disabling
(pid=248908, ip=10.124.45.22)   warnings.warn(
(pid=248908, ip=10.124.45.22) Modular Diffusers is currently an experimental feature under active development. The API is subject to breaking changes in future releases.
(pid=248916, ip=10.124.45.22) /usr/local/lib/python3.12/dist-packages/torch/amp/autocast_mode.py:270: UserWarning: User provided device_type of 'cuda', but CUDA is not available. Disabling
(pid=248916, ip=10.124.45.22)   warnings.warn(
(pid=248916, ip=10.124.45.22) Modular Diffusers is currently an experimental feature under active development. The API is subject to breaking changes in future releases.
(GlobalRequestLoadBalancer pid=248896, ip=10.124.45.22) /sgl-workspace/sglang/python/sglang/srt/layers/attention/fla/utils.py:212: UserWarning: Triton is not supported on current platform, roll back to CPU.
(GlobalRequestLoadBalancer pid=248896, ip=10.124.45.22)   warnings.warn(
(TaskRunner pid=237565, ip=10.124.45.22) wandb: Tracking run with wandb version 0.13.95
(TaskRunner pid=237565, ip=10.124.45.22) wandb: Run data is saved locally in /home/tiger/verl/wandb/run-20260608_112228-run_20260608_1b71ab03
(TaskRunner pid=237565, ip=10.124.45.22) wandb: Run `wandb offline` to turn off syncing.
(TaskRunner pid=237565, ip=10.124.45.22) wandb: WARNING func: save_file, err: save_file wandb init failed, skip.../
(GlobalRequestLoadBalancer pid=248896, ip=10.124.45.22) /sgl-workspace/sglang/python/sglang/srt/layers/quantization/awq.py:76: UserWarning: Only CUDA, HIP and XPU support AWQ currently.
(GlobalRequestLoadBalancer pid=248896, ip=10.124.45.22)   warnings.warn(f"Only CUDA, HIP and XPU support AWQ currently.")
(SGLangHttpServer pid=246688, ip=10.124.45.22) /usr/local/lib/python3.12/dist-packages/fastapi/routing.py:313: FastAPIDeprecationWarning: ORJSONResponse is deprecated, FastAPI now serializes data directly to JSON bytes via Pydantic when a return type or response model is set, which is faster and doesn't need a custom response class. Read more in the FastAPI docs: https://fastapi.tiangolo.com/advanced/custom-response/#orjson-or-response-model and https://fastapi.tiangolo.com/tutorial/response-model/
(SGLangHttpServer pid=246688, ip=10.124.45.22)   return await dependant.call(**values)
(SGLangHttpServer pid=246694, ip=10.124.45.22) /usr/local/lib/python3.12/dist-packages/fastapi/routing.py:313: FastAPIDeprecationWarning: ORJSONResponse is deprecated, FastAPI now serializes data directly to JSON bytes via Pydantic when a return type or response model is set, which is faster and doesn't need a custom response class. Read more in the FastAPI docs: https://fastapi.tiangolo.com/advanced/custom-response/#orjson-or-response-model and https://fastapi.tiangolo.com/tutorial/response-model/
(SGLangHttpServer pid=246694, ip=10.124.45.22)   return await dependant.call(**values)
(SGLangHttpServer pid=246704, ip=10.124.45.22) /usr/local/lib/python3.12/dist-packages/fastapi/routing.py:313: FastAPIDeprecationWarning: ORJSONResponse is deprecated, FastAPI now serializes data directly to JSON bytes via Pydantic when a return type or response model is set, which is faster and doesn't need a custom response class. Read more in the FastAPI docs: https://fastapi.tiangolo.com/advanced/custom-response/#orjson-or-response-model and https://fastapi.tiangolo.com/tutorial/response-model/
(SGLangHttpServer pid=246704, ip=10.124.45.22)   return await dependant.call(**values)
(SGLangHttpServer pid=246707, ip=10.124.45.22) /usr/local/lib/python3.12/dist-packages/fastapi/routing.py:313: FastAPIDeprecationWarning: ORJSONResponse is deprecated, FastAPI now serializes data directly to JSON bytes via Pydantic when a return type or response model is set, which is faster and doesn't need a custom response class. Read more in the FastAPI docs: https://fastapi.tiangolo.com/advanced/custom-response/#orjson-or-response-model and https://fastapi.tiangolo.com/tutorial/response-model/
(SGLangHttpServer pid=246707, ip=10.124.45.22)   return await dependant.call(**values)
(GlobalRequestLoadBalancer pid=248896, ip=10.124.45.22) /sgl-workspace/sglang/python/sglang/srt/layers/quantization/gguf.py:47: UserWarning: Only CUDA support GGUF quantization currently.
(GlobalRequestLoadBalancer pid=248896, ip=10.124.45.22)   warnings.warn(f"Only CUDA support GGUF quantization currently.")
(SGLangHttpServer pid=246691, ip=10.124.45.22) /usr/local/lib/python3.12/dist-packages/fastapi/routing.py:313: FastAPIDeprecationWarning: ORJSONResponse is deprecated, FastAPI now serializes data directly to JSON bytes via Pydantic when a return type or response model is set, which is faster and doesn't need a custom response class. Read more in the FastAPI docs: https://fastapi.tiangolo.com/advanced/custom-response/#orjson-or-response-model and https://fastapi.tiangolo.com/tutorial/response-model/
(SGLangHttpServer pid=246691, ip=10.124.45.22)   return await dependant.call(**values)
(SGLangHttpServer pid=246697, ip=10.124.45.22) /usr/local/lib/python3.12/dist-packages/fastapi/routing.py:313: FastAPIDeprecationWarning: ORJSONResponse is deprecated, FastAPI now serializes data directly to JSON bytes via Pydantic when a return type or response model is set, which is faster and doesn't need a custom response class. Read more in the FastAPI docs: https://fastapi.tiangolo.com/advanced/custom-response/#orjson-or-response-model and https://fastapi.tiangolo.com/tutorial/response-model/
(SGLangHttpServer pid=246697, ip=10.124.45.22)   return await dependant.call(**values)
(SGLangHttpServer pid=246700, ip=10.124.45.22) /usr/local/lib/python3.12/dist-packages/fastapi/routing.py:313: FastAPIDeprecationWarning: ORJSONResponse is deprecated, FastAPI now serializes data directly to JSON bytes via Pydantic when a return type or response model is set, which is faster and doesn't need a custom response class. Read more in the FastAPI docs: https://fastapi.tiangolo.com/advanced/custom-response/#orjson-or-response-model and https://fastapi.tiangolo.com/tutorial/response-model/
(SGLangHttpServer pid=246700, ip=10.124.45.22)   return await dependant.call(**values)
(SGLangHttpServer pid=246684, ip=10.124.45.22) /usr/local/lib/python3.12/dist-packages/fastapi/routing.py:313: FastAPIDeprecationWarning: ORJSONResponse is deprecated, FastAPI now serializes data directly to JSON bytes via Pydantic when a return type or response model is set, which is faster and doesn't need a custom response class. Read more in the FastAPI docs: https://fastapi.tiangolo.com/advanced/custom-response/#orjson-or-response-model and https://fastapi.tiangolo.com/tutorial/response-model/
(SGLangHttpServer pid=246684, ip=10.124.45.22)   return await dependant.call(**values)
(GlobalRequestLoadBalancer pid=248896, ip=10.124.45.22) /usr/local/lib/python3.12/dist-packages/opentelemetry/proto/collector/logs/v1/logs_service_pb2_grpc.py:21: RuntimeWarning: The grpc package installed is at version 1.59.5, but the generated code in opentelemetry/proto/collector/logs/v1/logs_service_pb2_grpc.py depends on grpcio>=1.63.2. Please upgrade your grpc module to grpcio>=1.63.2 or downgrade your generated code using grpcio-tools<=1.59.5. This warning will become an error in 1.65.0, scheduled for release on June 25, 2024.
(GlobalRequestLoadBalancer pid=248896, ip=10.124.45.22)   warnings.warn(
(GlobalRequestLoadBalancer pid=248896, ip=10.124.45.22) /usr/local/lib/python3.12/dist-packages/opentelemetry/proto/collector/metrics/v1/metrics_service_pb2_grpc.py:21: RuntimeWarning: The grpc package installed is at version 1.59.5, but the generated code in opentelemetry/proto/collector/metrics/v1/metrics_service_pb2_grpc.py depends on grpcio>=1.63.2. Please upgrade your grpc module to grpcio>=1.63.2 or downgrade your generated code using grpcio-tools<=1.59.5. This warning will become an error in 1.65.0, scheduled for release on June 25, 2024.
(GlobalRequestLoadBalancer pid=248896, ip=10.124.45.22)   warnings.warn(
(GlobalRequestLoadBalancer pid=248896, ip=10.124.45.22) /usr/local/lib/python3.12/dist-packages/opentelemetry/proto/collector/trace/v1/trace_service_pb2_grpc.py:21: RuntimeWarning: The grpc package installed is at version 1.59.5, but the generated code in opentelemetry/proto/collector/trace/v1/trace_service_pb2_grpc.py depends on grpcio>=1.63.2. Please upgrade your grpc module to grpcio>=1.63.2 or downgrade your generated code using grpcio-tools<=1.59.5. This warning will become an error in 1.65.0, scheduled for release on June 25, 2024.
(GlobalRequestLoadBalancer pid=248896, ip=10.124.45.22)   warnings.warn(
(GlobalRequestLoadBalancer pid=248896, ip=10.124.45.22) <frozen importlib._bootstrap_external>:1297: FutureWarning: The cuda.cudart module is deprecated and will be removed in a future release, please switch to use the cuda.bindings.runtime module instead.
(GlobalRequestLoadBalancer pid=248896, ip=10.124.45.22) <frozen importlib._bootstrap_external>:1297: FutureWarning: The cuda.nvrtc module is deprecated and will be removed in a future release, please switch to use the cuda.bindings.nvrtc module instead.
(TaskRunner pid=237565, ip=10.124.45.22) Training Progress:   0%|          | 0/1 [00:00<?, ?it/s]
(AgentLoopWorker pid=248897, ip=10.124.45.22) /sgl-workspace/sglang/python/sglang/srt/layers/attention/fla/utils.py:212: UserWarning: Triton is not supported on current platform, roll back to CPU.
(AgentLoopWorker pid=248897, ip=10.124.45.22)   warnings.warn(
(AgentLoopWorker pid=248908, ip=10.124.45.22) /sgl-workspace/sglang/python/sglang/srt/layers/attention/fla/utils.py:212: UserWarning: Triton is not supported on current platform, roll back to CPU.
(AgentLoopWorker pid=248908, ip=10.124.45.22)   warnings.warn(
(AgentLoopWorker pid=248905, ip=10.124.45.22) /sgl-workspace/sglang/python/sglang/srt/layers/attention/fla/utils.py:212: UserWarning: Triton is not supported on current platform, roll back to CPU.
(AgentLoopWorker pid=248905, ip=10.124.45.22)   warnings.warn(
(AgentLoopWorker pid=248901, ip=10.124.45.22) /sgl-workspace/sglang/python/sglang/srt/layers/attention/fla/utils.py:212: UserWarning: Triton is not supported on current platform, roll back to CPU.
(AgentLoopWorker pid=248901, ip=10.124.45.22)   warnings.warn(
(AgentLoopWorker pid=248900, ip=10.124.45.22) /sgl-workspace/sglang/python/sglang/srt/layers/attention/fla/utils.py:212: UserWarning: Triton is not supported on current platform, roll back to CPU.
(AgentLoopWorker pid=248900, ip=10.124.45.22)   warnings.warn(
(AgentLoopWorker pid=248902, ip=10.124.45.22) /sgl-workspace/sglang/python/sglang/srt/layers/attention/fla/utils.py:212: UserWarning: Triton is not supported on current platform, roll back to CPU.
(AgentLoopWorker pid=248902, ip=10.124.45.22)   warnings.warn(
(AgentLoopWorker pid=248916, ip=10.124.45.22) /sgl-workspace/sglang/python/sglang/srt/layers/attention/fla/utils.py:212: UserWarning: Triton is not supported on current platform, roll back to CPU.
(AgentLoopWorker pid=248916, ip=10.124.45.22)   warnings.warn(
(AgentLoopWorker pid=248911, ip=10.124.45.22) /sgl-workspace/sglang/python/sglang/srt/layers/attention/fla/utils.py:212: UserWarning: Triton is not supported on current platform, roll back to CPU.
(AgentLoopWorker pid=248911, ip=10.124.45.22)   warnings.warn(
(AgentLoopWorker pid=248897, ip=10.124.45.22) /sgl-workspace/sglang/python/sglang/srt/layers/quantization/awq.py:76: UserWarning: Only CUDA, HIP and XPU support AWQ currently.
(AgentLoopWorker pid=248897, ip=10.124.45.22)   warnings.warn(f"Only CUDA, HIP and XPU support AWQ currently.")
(AgentLoopWorker pid=248897, ip=10.124.45.22) /sgl-workspace/sglang/python/sglang/srt/layers/quantization/gguf.py:47: UserWarning: Only CUDA support GGUF quantization currently.
(AgentLoopWorker pid=248897, ip=10.124.45.22)   warnings.warn(f"Only CUDA support GGUF quantization currently.")
(AgentLoopWorker pid=248905, ip=10.124.45.22) /sgl-workspace/sglang/python/sglang/srt/layers/quantization/awq.py:76: UserWarning: Only CUDA, HIP and XPU support AWQ currently.
(AgentLoopWorker pid=248905, ip=10.124.45.22)   warnings.warn(f"Only CUDA, HIP and XPU support AWQ currently.")
(AgentLoopWorker pid=248897, ip=10.124.45.22) /usr/local/lib/python3.12/dist-packages/opentelemetry/proto/collector/logs/v1/logs_service_pb2_grpc.py:21: RuntimeWarning: The grpc package installed is at version 1.59.5, but the generated code in opentelemetry/proto/collector/logs/v1/logs_service_pb2_grpc.py depends on grpcio>=1.63.2. Please upgrade your grpc module to grpcio>=1.63.2 or downgrade your generated code using grpcio-tools<=1.59.5. This warning will become an error in 1.65.0, scheduled for release on June 25, 2024.
(AgentLoopWorker pid=248897, ip=10.124.45.22)   warnings.warn(
(AgentLoopWorker pid=248897, ip=10.124.45.22) /usr/local/lib/python3.12/dist-packages/opentelemetry/proto/collector/metrics/v1/metrics_service_pb2_grpc.py:21: RuntimeWarning: The grpc package installed is at version 1.59.5, but the generated code in opentelemetry/proto/collector/metrics/v1/metrics_service_pb2_grpc.py depends on grpcio>=1.63.2. Please upgrade your grpc module to grpcio>=1.63.2 or downgrade your generated code using grpcio-tools<=1.59.5. This warning will become an error in 1.65.0, scheduled for release on June 25, 2024.
(AgentLoopWorker pid=248897, ip=10.124.45.22)   warnings.warn(
(AgentLoopWorker pid=248897, ip=10.124.45.22) /usr/local/lib/python3.12/dist-packages/opentelemetry/proto/collector/trace/v1/trace_service_pb2_grpc.py:21: RuntimeWarning: The grpc package installed is at version 1.59.5, but the generated code in opentelemetry/proto/collector/trace/v1/trace_service_pb2_grpc.py depends on grpcio>=1.63.2. Please upgrade your grpc module to grpcio>=1.63.2 or downgrade your generated code using grpcio-tools<=1.59.5. This warning will become an error in 1.65.0, scheduled for release on June 25, 2024.
(AgentLoopWorker pid=248897, ip=10.124.45.22)   warnings.warn(
(AgentLoopWorker pid=248905, ip=10.124.45.22) /sgl-workspace/sglang/python/sglang/srt/layers/quantization/gguf.py:47: UserWarning: Only CUDA support GGUF quantization currently.
(AgentLoopWorker pid=248905, ip=10.124.45.22)   warnings.warn(f"Only CUDA support GGUF quantization currently.")
(AgentLoopWorker pid=248897, ip=10.124.45.22) <frozen importlib._bootstrap_external>:1297: FutureWarning: The cuda.cudart module is deprecated and will be removed in a future release, please switch to use the cuda.bindings.runtime module instead.
