(SGLangHttpServer pid=1121777, ip=10.124.45.23) Capturing batches (bs=192 avail_mem=28.67 GB):  19%|█▉        | 7/36 [00:00<00:02, 11.97it/s]Capturing batches (bs=192 avail_mem=28.67 GB):  25%|██▌       | 9/36 [00:00<00:02, 12.77it/s]Capturing batches (bs=184 avail_mem=28.66 GB):  25%|██▌       | 9/36 [00:00<00:02, 12.77it/s]
(SGLangHttpServer pid=1121781, ip=10.124.45.23) Capturing batches (bs=224 avail_mem=27.46 GB):  14%|█▍        | 5/36 [00:00<00:03, 10.28it/s]Capturing batches (bs=216 avail_mem=27.45 GB):  14%|█▍        | 5/36 [00:00<00:03, 10.28it/s]Capturing batches (bs=208 avail_mem=27.45 GB):  14%|█▍        | 5/36 [00:00<00:03, 10.28it/s]
(SGLangHttpServer pid=1121866, ip=10.124.45.23) Capturing batches (bs=208 avail_mem=27.45 GB):  19%|█▉        | 7/36 [00:00<00:02, 11.87it/s]Capturing batches (bs=200 avail_mem=27.44 GB):  19%|█▉        | 7/36 [00:00<00:02, 11.87it/s]Capturing batches (bs=192 avail_mem=27.44 GB):  19%|█▉        | 7/36 [00:00<00:02, 11.87it/s]
(SGLangHttpServer pid=1121785, ip=10.124.45.23) Capturing batches (bs=208 avail_mem=27.45 GB):  14%|█▍        | 5/36 [00:00<00:02, 10.81it/s]Capturing batches (bs=208 avail_mem=27.45 GB):  19%|█▉        | 7/36 [00:00<00:02, 12.03it/s]Capturing batches (bs=200 avail_mem=27.44 GB):  19%|█▉        | 7/36 [00:00<00:02, 12.03it/s]
(SGLangHttpServer pid=1121950, ip=10.124.45.23) Capturing batches (bs=208 avail_mem=27.45 GB):  19%|█▉        | 7/36 [00:00<00:02, 10.97it/s]Capturing batches (bs=200 avail_mem=27.44 GB):  19%|█▉        | 7/36 [00:00<00:02, 10.97it/s]
(SGLangHttpServer pid=1121954, ip=10.124.45.23) Capturing batches (bs=192 avail_mem=27.44 GB):  19%|█▉        | 7/36 [00:00<00:02, 11.78it/s]
(SGLangHttpServer pid=1121957, ip=10.124.45.23) Capturing batches (bs=192 avail_mem=27.44 GB):  19%|█▉        | 7/36 [00:00<00:02, 12.30it/s]Capturing batches (bs=192 avail_mem=27.44 GB):  25%|██▌       | 9/36 [00:00<00:02, 13.00it/s]Capturing batches (bs=184 avail_mem=27.43 GB):  25%|██▌       | 9/36 [00:00<00:02, 13.00it/s]
(SGLangHttpServer pid=1121778, ip=10.124.45.23) Capturing batches (bs=48 avail_mem=27.34 GB):  75%|███████▌  | 27/36 [00:01<00:00, 17.48it/s]Capturing batches (bs=40 avail_mem=27.33 GB):  75%|███████▌  | 27/36 [00:01<00:00, 17.48it/s]Capturing batches (bs=32 avail_mem=27.33 GB):  75%|███████▌  | 27/36 [00:02<00:00, 17.48it/s]
(SGLangHttpServer pid=1121777, ip=10.124.45.23) Capturing batches (bs=176 avail_mem=28.66 GB):  25%|██▌       | 9/36 [00:00<00:02, 12.77it/s]Capturing batches (bs=176 avail_mem=28.66 GB):  31%|███       | 11/36 [00:00<00:01, 13.46it/s]Capturing batches (bs=168 avail_mem=28.65 GB):  31%|███       | 11/36 [00:00<00:01, 13.46it/s]
(SGLangHttpServer pid=1121781, ip=10.124.45.23) Capturing batches (bs=208 avail_mem=27.45 GB):  19%|█▉        | 7/36 [00:00<00:02, 11.61it/s]Capturing batches (bs=200 avail_mem=27.44 GB):  19%|█▉        | 7/36 [00:00<00:02, 11.61it/s]
(SGLangHttpServer pid=1121866, ip=10.124.45.23) Capturing batches (bs=192 avail_mem=27.44 GB):  25%|██▌       | 9/36 [00:00<00:02, 12.75it/s]Capturing batches (bs=184 avail_mem=27.43 GB):  25%|██▌       | 9/36 [00:00<00:02, 12.75it/s]Capturing batches (bs=176 avail_mem=27.43 GB):  25%|██▌       | 9/36 [00:00<00:02, 12.75it/s]
(SGLangHttpServer pid=1121785, ip=10.124.45.23) Capturing batches (bs=192 avail_mem=27.44 GB):  19%|█▉        | 7/36 [00:00<00:02, 12.03it/s]
(SGLangHttpServer pid=1121950, ip=10.124.45.23) Capturing batches (bs=192 avail_mem=27.44 GB):  19%|█▉        | 7/36 [00:00<00:02, 10.97it/s]Capturing batches (bs=192 avail_mem=27.44 GB):  25%|██▌       | 9/36 [00:00<00:02, 11.86it/s]Capturing batches (bs=184 avail_mem=27.43 GB):  25%|██▌       | 9/36 [00:00<00:02, 11.86it/s]
(SGLangHttpServer pid=1121954, ip=10.124.45.23) Capturing batches (bs=192 avail_mem=27.44 GB):  25%|██▌       | 9/36 [00:00<00:02, 12.45it/s]Capturing batches (bs=184 avail_mem=27.43 GB):  25%|██▌       | 9/36 [00:00<00:02, 12.45it/s]Capturing batches (bs=176 avail_mem=27.43 GB):  25%|██▌       | 9/36 [00:00<00:02, 12.45it/s]
(SGLangHttpServer pid=1121957, ip=10.124.45.23) Capturing batches (bs=176 avail_mem=27.43 GB):  25%|██▌       | 9/36 [00:00<00:02, 13.00it/s]
(SGLangHttpServer pid=1121781, ip=10.124.45.23) Capturing batches (bs=192 avail_mem=27.44 GB):  19%|█▉        | 7/36 [00:00<00:02, 11.61it/s]
(SGLangHttpServer pid=1121957, ip=10.124.45.23) Capturing batches (bs=176 avail_mem=27.43 GB):  31%|███       | 11/36 [00:00<00:01, 13.56it/s]Capturing batches (bs=168 avail_mem=27.42 GB):  31%|███       | 11/36 [00:00<00:01, 13.56it/s]
(SGLangHttpServer pid=1121778, ip=10.124.45.23) Capturing batches (bs=32 avail_mem=27.33 GB):  81%|████████  | 29/36 [00:02<00:00, 17.75it/s]Capturing batches (bs=24 avail_mem=27.32 GB):  81%|████████  | 29/36 [00:02<00:00, 17.75it/s]Capturing batches (bs=16 avail_mem=27.32 GB):  81%|████████  | 29/36 [00:02<00:00, 17.75it/s]
(SGLangHttpServer pid=1121777, ip=10.124.45.23) Capturing batches (bs=160 avail_mem=28.65 GB):  31%|███       | 11/36 [00:01<00:01, 13.46it/s]
(SGLangHttpServer pid=1121781, ip=10.124.45.23) Capturing batches (bs=192 avail_mem=27.44 GB):  25%|██▌       | 9/36 [00:00<00:02, 12.38it/s]Capturing batches (bs=184 avail_mem=27.43 GB):  25%|██▌       | 9/36 [00:00<00:02, 12.38it/s]
(SGLangHttpServer pid=1121866, ip=10.124.45.23) Capturing batches (bs=176 avail_mem=27.43 GB):  31%|███       | 11/36 [00:00<00:01, 13.35it/s]Capturing batches (bs=168 avail_mem=27.42 GB):  31%|███       | 11/36 [00:00<00:01, 13.35it/s]
(SGLangHttpServer pid=1121785, ip=10.124.45.23) Capturing batches (bs=192 avail_mem=27.44 GB):  25%|██▌       | 9/36 [00:00<00:02, 12.73it/s]Capturing batches (bs=184 avail_mem=27.43 GB):  25%|██▌       | 9/36 [00:00<00:02, 12.73it/s]Capturing batches (bs=176 avail_mem=27.43 GB):  25%|██▌       | 9/36 [00:00<00:02, 12.73it/s]
(SGLangHttpServer pid=1121950, ip=10.124.45.23) Capturing batches (bs=176 avail_mem=27.43 GB):  25%|██▌       | 9/36 [00:00<00:02, 11.86it/s]
(SGLangHttpServer pid=1121954, ip=10.124.45.23) Capturing batches (bs=176 avail_mem=27.43 GB):  31%|███       | 11/36 [00:00<00:01, 13.08it/s]Capturing batches (bs=168 avail_mem=27.42 GB):  31%|███       | 11/36 [00:00<00:01, 13.08it/s]
(SGLangHttpServer pid=1121957, ip=10.124.45.23) Capturing batches (bs=160 avail_mem=27.42 GB):  31%|███       | 11/36 [00:00<00:01, 13.56it/s]
(SGLangHttpServer pid=1121778, ip=10.124.45.23) Capturing batches (bs=16 avail_mem=27.32 GB):  86%|████████▌ | 31/36 [00:02<00:00, 16.72it/s]Capturing batches (bs=12 avail_mem=27.31 GB):  86%|████████▌ | 31/36 [00:02<00:00, 16.72it/s]
(SGLangHttpServer pid=1121777, ip=10.124.45.23) Capturing batches (bs=160 avail_mem=28.65 GB):  36%|███▌      | 13/36 [00:01<00:01, 13.55it/s]Capturing batches (bs=152 avail_mem=28.64 GB):  36%|███▌      | 13/36 [00:01<00:01, 13.55it/s]Capturing batches (bs=144 avail_mem=28.64 GB):  36%|███▌      | 13/36 [00:01<00:01, 13.55it/s]
(SGLangHttpServer pid=1121781, ip=10.124.45.23) Capturing batches (bs=176 avail_mem=27.43 GB):  25%|██▌       | 9/36 [00:00<00:02, 12.38it/s]Capturing batches (bs=176 avail_mem=27.43 GB):  31%|███       | 11/36 [00:00<00:01, 12.88it/s]Capturing batches (bs=168 avail_mem=27.42 GB):  31%|███       | 11/36 [00:00<00:01, 12.88it/s]
(SGLangHttpServer pid=1121866, ip=10.124.45.23) Capturing batches (bs=160 avail_mem=27.42 GB):  31%|███       | 11/36 [00:01<00:01, 13.35it/s]Capturing batches (bs=160 avail_mem=27.42 GB):  36%|███▌      | 13/36 [00:01<00:01, 13.48it/s]Capturing batches (bs=152 avail_mem=27.41 GB):  36%|███▌      | 13/36 [00:01<00:01, 13.48it/s]
(SGLangHttpServer pid=1121785, ip=10.124.45.23) Capturing batches (bs=176 avail_mem=27.43 GB):  31%|███       | 11/36 [00:00<00:01, 13.24it/s]Capturing batches (bs=168 avail_mem=27.42 GB):  31%|███       | 11/36 [00:00<00:01, 13.24it/s]Capturing batches (bs=160 avail_mem=27.42 GB):  31%|███       | 11/36 [00:01<00:01, 13.24it/s]
(SGLangHttpServer pid=1121950, ip=10.124.45.23) Capturing batches (bs=176 avail_mem=27.43 GB):  31%|███       | 11/36 [00:01<00:02, 12.48it/s]Capturing batches (bs=168 avail_mem=27.42 GB):  31%|███       | 11/36 [00:01<00:02, 12.48it/s]Capturing batches (bs=160 avail_mem=27.42 GB):  31%|███       | 11/36 [00:01<00:02, 12.48it/s]
(SGLangHttpServer pid=1121954, ip=10.124.45.23) Capturing batches (bs=160 avail_mem=27.42 GB):  31%|███       | 11/36 [00:01<00:01, 13.08it/s]Capturing batches (bs=160 avail_mem=27.42 GB):  36%|███▌      | 13/36 [00:01<00:01, 13.28it/s]Capturing batches (bs=152 avail_mem=27.41 GB):  36%|███▌      | 13/36 [00:01<00:01, 13.28it/s]
(SGLangHttpServer pid=1121957, ip=10.124.45.23) Capturing batches (bs=160 avail_mem=27.42 GB):  36%|███▌      | 13/36 [00:01<00:01, 13.84it/s]Capturing batches (bs=152 avail_mem=27.41 GB):  36%|███▌      | 13/36 [00:01<00:01, 13.84it/s]Capturing batches (bs=144 avail_mem=27.41 GB):  36%|███▌      | 13/36 [00:01<00:01, 13.84it/s]
(SGLangHttpServer pid=1121778, ip=10.124.45.23) Capturing batches (bs=8 avail_mem=27.31 GB):  86%|████████▌ | 31/36 [00:02<00:00, 16.72it/s] 
(SGLangHttpServer pid=1121778, ip=10.124.45.23) Capturing batches (bs=4 avail_mem=27.30 GB):  86%|████████▌ | 31/36 [00:02<00:00, 16.72it/s]Capturing batches (bs=4 avail_mem=27.30 GB):  94%|█████████▍| 34/36 [00:02<00:00, 17.98it/s]Capturing batches (bs=2 avail_mem=27.30 GB):  94%|█████████▍| 34/36 [00:02<00:00, 17.98it/s]
(SGLangHttpServer pid=1121777, ip=10.124.45.23) Capturing batches (bs=144 avail_mem=28.64 GB):  42%|████▏     | 15/36 [00:01<00:01, 13.80it/s]Capturing batches (bs=136 avail_mem=28.63 GB):  42%|████▏     | 15/36 [00:01<00:01, 13.80it/s]
(SGLangHttpServer pid=1121781, ip=10.124.45.23) Capturing batches (bs=160 avail_mem=27.42 GB):  31%|███       | 11/36 [00:01<00:01, 12.88it/s]
(SGLangHttpServer pid=1121866, ip=10.124.45.23) Capturing batches (bs=144 avail_mem=27.41 GB):  36%|███▌      | 13/36 [00:01<00:01, 13.48it/s]Capturing batches (bs=144 avail_mem=27.41 GB):  42%|████▏     | 15/36 [00:01<00:01, 14.04it/s]
(SGLangHttpServer pid=1121785, ip=10.124.45.23) Capturing batches (bs=160 avail_mem=27.42 GB):  36%|███▌      | 13/36 [00:01<00:01, 13.50it/s]Capturing batches (bs=152 avail_mem=27.41 GB):  36%|███▌      | 13/36 [00:01<00:01, 13.50it/s]
(SGLangHttpServer pid=1121950, ip=10.124.45.23) Capturing batches (bs=160 avail_mem=27.42 GB):  36%|███▌      | 13/36 [00:01<00:01, 12.92it/s]Capturing batches (bs=152 avail_mem=27.41 GB):  36%|███▌      | 13/36 [00:01<00:01, 12.92it/s]
(SGLangHttpServer pid=1121954, ip=10.124.45.23) Capturing batches (bs=144 avail_mem=27.41 GB):  36%|███▌      | 13/36 [00:01<00:01, 13.28it/s]
(SGLangHttpServer pid=1121957, ip=10.124.45.23) Capturing batches (bs=144 avail_mem=27.41 GB):  42%|████▏     | 15/36 [00:01<00:01, 14.27it/s]Capturing batches (bs=136 avail_mem=27.40 GB):  42%|████▏     | 15/36 [00:01<00:01, 14.27it/s]
(SGLangHttpServer pid=1121777, ip=10.124.45.23) Capturing batches (bs=128 avail_mem=28.63 GB):  42%|████▏     | 15/36 [00:01<00:01, 13.80it/s]
(SGLangHttpServer pid=1121866, ip=10.124.45.23) Capturing batches (bs=136 avail_mem=27.40 GB):  42%|████▏     | 15/36 [00:01<00:01, 14.04it/s]
(SGLangHttpServer pid=1121950, ip=10.124.45.23) Capturing batches (bs=144 avail_mem=27.41 GB):  36%|███▌      | 13/36 [00:01<00:01, 12.92it/s]
(SGLangHttpServer pid=1121954, ip=10.124.45.23) Capturing batches (bs=144 avail_mem=27.41 GB):  42%|████▏     | 15/36 [00:01<00:01, 13.84it/s]Capturing batches (bs=136 avail_mem=27.40 GB):  42%|████▏     | 15/36 [00:01<00:01, 13.84it/s]
(SGLangHttpServer pid=1121957, ip=10.124.45.23) Capturing batches (bs=128 avail_mem=27.40 GB):  42%|████▏     | 15/36 [00:01<00:01, 14.27it/s]
(SGLangHttpServer pid=1121778, ip=10.124.45.23) Capturing batches (bs=1 avail_mem=27.29 GB):  94%|█████████▍| 34/36 [00:02<00:00, 17.98it/s]Capturing batches (bs=1 avail_mem=27.29 GB): 100%|██████████| 36/36 [00:02<00:00, 14.58it/s]
(SGLangHttpServer pid=1121777, ip=10.124.45.23) Capturing batches (bs=128 avail_mem=28.63 GB):  47%|████▋     | 17/36 [00:01<00:01, 14.59it/s]Capturing batches (bs=120 avail_mem=28.62 GB):  47%|████▋     | 17/36 [00:01<00:01, 14.59it/s]Capturing batches (bs=112 avail_mem=28.61 GB):  47%|████▋     | 17/36 [00:01<00:01, 14.59it/s]
(SGLangHttpServer pid=1121781, ip=10.124.45.23) Capturing batches (bs=160 avail_mem=27.42 GB):  36%|███▌      | 13/36 [00:01<00:01, 13.30it/s]Capturing batches (bs=152 avail_mem=27.41 GB):  36%|███▌      | 13/36 [00:01<00:01, 13.30it/s]Capturing batches (bs=144 avail_mem=27.41 GB):  36%|███▌      | 13/36 [00:01<00:01, 13.30it/s]
(SGLangHttpServer pid=1121866, ip=10.124.45.23) Capturing batches (bs=128 avail_mem=27.40 GB):  42%|████▏     | 15/36 [00:01<00:01, 14.04it/s]
(SGLangHttpServer pid=1121785, ip=10.124.45.23) Capturing batches (bs=144 avail_mem=27.41 GB):  36%|███▌      | 13/36 [00:01<00:01, 13.50it/s]Capturing batches (bs=144 avail_mem=27.41 GB):  42%|████▏     | 15/36 [00:01<00:01, 14.17it/s]Capturing batches (bs=136 avail_mem=27.40 GB):  42%|████▏     | 15/36 [00:01<00:01, 14.17it/s]
(SGLangHttpServer pid=1121950, ip=10.124.45.23) Capturing batches (bs=144 avail_mem=27.41 GB):  42%|████▏     | 15/36 [00:01<00:01, 13.75it/s]Capturing batches (bs=136 avail_mem=27.40 GB):  42%|████▏     | 15/36 [00:01<00:01, 13.75it/s]
(SGLangHttpServer pid=1121954, ip=10.124.45.23) Capturing batches (bs=128 avail_mem=27.40 GB):  42%|████▏     | 15/36 [00:01<00:01, 13.84it/s]
(SGLangHttpServer pid=1121957, ip=10.124.45.23) Capturing batches (bs=128 avail_mem=27.40 GB):  47%|████▋     | 17/36 [00:01<00:01, 14.83it/s]Capturing batches (bs=120 avail_mem=27.39 GB):  47%|████▋     | 17/36 [00:01<00:01, 14.83it/s]Capturing batches (bs=112 avail_mem=27.38 GB):  47%|████▋     | 17/36 [00:01<00:01, 14.83it/s]
(SGLangHttpServer pid=1121866, ip=10.124.45.23) Capturing batches (bs=128 avail_mem=27.40 GB):  47%|████▋     | 17/36 [00:01<00:01, 14.79it/s]Capturing batches (bs=120 avail_mem=27.39 GB):  47%|████▋     | 17/36 [00:01<00:01, 14.79it/s]
(SGLangHttpServer pid=1121954, ip=10.124.45.23) Capturing batches (bs=128 avail_mem=27.40 GB):  47%|████▋     | 17/36 [00:01<00:01, 14.67it/s]Capturing batches (bs=120 avail_mem=27.39 GB):  47%|████▋     | 17/36 [00:01<00:01, 14.67it/s]
(SGLangHttpServer pid=1121777, ip=10.124.45.23) Capturing batches (bs=112 avail_mem=28.61 GB):  53%|█████▎    | 19/36 [00:01<00:01, 15.62it/s]Capturing batches (bs=104 avail_mem=28.60 GB):  53%|█████▎    | 19/36 [00:01<00:01, 15.62it/s]
(SGLangHttpServer pid=1121781, ip=10.124.45.23) Capturing batches (bs=144 avail_mem=27.41 GB):  42%|████▏     | 15/36 [00:01<00:01, 13.95it/s]Capturing batches (bs=136 avail_mem=27.40 GB):  42%|████▏     | 15/36 [00:01<00:01, 13.95it/s]Capturing batches (bs=128 avail_mem=27.40 GB):  42%|████▏     | 15/36 [00:01<00:01, 13.95it/s]
(SGLangHttpServer pid=1121866, ip=10.124.45.23) Capturing batches (bs=112 avail_mem=27.38 GB):  47%|████▋     | 17/36 [00:01<00:01, 14.79it/s]
(SGLangHttpServer pid=1121785, ip=10.124.45.23) Capturing batches (bs=128 avail_mem=27.40 GB):  42%|████▏     | 15/36 [00:01<00:01, 14.17it/s]Capturing batches (bs=128 avail_mem=27.40 GB):  47%|████▋     | 17/36 [00:01<00:01, 14.40it/s]Capturing batches (bs=120 avail_mem=27.39 GB):  47%|████▋     | 17/36 [00:01<00:01, 14.40it/s]
(SGLangHttpServer pid=1121950, ip=10.124.45.23) Capturing batches (bs=128 avail_mem=27.40 GB):  42%|████▏     | 15/36 [00:01<00:01, 13.75it/s]Capturing batches (bs=128 avail_mem=27.40 GB):  47%|████▋     | 17/36 [00:01<00:01, 14.51it/s]Capturing batches (bs=120 avail_mem=27.39 GB):  47%|████▋     | 17/36 [00:01<00:01, 14.51it/s]
(SGLangHttpServer pid=1121954, ip=10.124.45.23) Capturing batches (bs=112 avail_mem=27.38 GB):  47%|████▋     | 17/36 [00:01<00:01, 14.67it/s]
(SGLangHttpServer pid=1121957, ip=10.124.45.23) Capturing batches (bs=112 avail_mem=27.38 GB):  53%|█████▎    | 19/36 [00:01<00:01, 15.79it/s]Capturing batches (bs=104 avail_mem=27.38 GB):  53%|█████▎    | 19/36 [00:01<00:01, 15.79it/s]
(SGLangHttpServer pid=1121777, ip=10.124.45.23) Capturing batches (bs=96 avail_mem=28.60 GB):  53%|█████▎    | 19/36 [00:01<00:01, 15.62it/s] 
(SGLangHttpServer pid=1121957, ip=10.124.45.23) Capturing batches (bs=96 avail_mem=27.37 GB):  53%|█████▎    | 19/36 [00:01<00:01, 15.79it/s] 
(SGLangHttpServer pid=1121777, ip=10.124.45.23) Capturing batches (bs=96 avail_mem=28.60 GB):  58%|█████▊    | 21/36 [00:01<00:00, 15.07it/s]Capturing batches (bs=88 avail_mem=28.59 GB):  58%|█████▊    | 21/36 [00:01<00:00, 15.07it/s]
(SGLangHttpServer pid=1121781, ip=10.124.45.23) Capturing batches (bs=128 avail_mem=27.40 GB):  47%|████▋     | 17/36 [00:01<00:01, 13.69it/s]Capturing batches (bs=120 avail_mem=27.39 GB):  47%|████▋     | 17/36 [00:01<00:01, 13.69it/s]
(SGLangHttpServer pid=1121866, ip=10.124.45.23) Capturing batches (bs=112 avail_mem=27.38 GB):  53%|█████▎    | 19/36 [00:01<00:01, 14.93it/s]Capturing batches (bs=104 avail_mem=27.38 GB):  53%|█████▎    | 19/36 [00:01<00:01, 14.93it/s]Capturing batches (bs=96 avail_mem=27.37 GB):  53%|█████▎    | 19/36 [00:01<00:01, 14.93it/s] 
(SGLangHttpServer pid=1121785, ip=10.124.45.23) Capturing batches (bs=112 avail_mem=27.38 GB):  47%|████▋     | 17/36 [00:01<00:01, 14.40it/s]
(SGLangHttpServer pid=1121950, ip=10.124.45.23) Capturing batches (bs=112 avail_mem=27.38 GB):  47%|████▋     | 17/36 [00:01<00:01, 14.51it/s]Capturing batches (bs=112 avail_mem=27.38 GB):  53%|█████▎    | 19/36 [00:01<00:01, 14.26it/s]Capturing batches (bs=104 avail_mem=27.38 GB):  53%|█████▎    | 19/36 [00:01<00:01, 14.26it/s]
(SGLangHttpServer pid=1121954, ip=10.124.45.23) Capturing batches (bs=112 avail_mem=27.38 GB):  53%|█████▎    | 19/36 [00:01<00:01, 15.26it/s]Capturing batches (bs=104 avail_mem=27.38 GB):  53%|█████▎    | 19/36 [00:01<00:01, 15.26it/s]Capturing batches (bs=96 avail_mem=27.37 GB):  53%|█████▎    | 19/36 [00:01<00:01, 15.26it/s] 
(SGLangHttpServer pid=1121957, ip=10.124.45.23) Capturing batches (bs=96 avail_mem=27.37 GB):  58%|█████▊    | 21/36 [00:01<00:00, 15.38it/s]Capturing batches (bs=88 avail_mem=27.36 GB):  58%|█████▊    | 21/36 [00:01<00:00, 15.38it/s]
(SGLangHttpServer pid=1121777, ip=10.124.45.23) Capturing batches (bs=80 avail_mem=28.59 GB):  58%|█████▊    | 21/36 [00:01<00:00, 15.07it/s]Capturing batches (bs=80 avail_mem=28.59 GB):  64%|██████▍   | 23/36 [00:01<00:00, 15.61it/s]Capturing batches (bs=72 avail_mem=28.58 GB):  64%|██████▍   | 23/36 [00:01<00:00, 15.61it/s]
(SGLangHttpServer pid=1121781, ip=10.124.45.23) Capturing batches (bs=112 avail_mem=27.38 GB):  47%|████▋     | 17/36 [00:01<00:01, 13.69it/s]Capturing batches (bs=112 avail_mem=27.38 GB):  53%|█████▎    | 19/36 [00:01<00:01, 14.15it/s]Capturing batches (bs=104 avail_mem=27.38 GB):  53%|█████▎    | 19/36 [00:01<00:01, 14.15it/s]
(SGLangHttpServer pid=1121866, ip=10.124.45.23) Capturing batches (bs=96 avail_mem=27.37 GB):  58%|█████▊    | 21/36 [00:01<00:00, 15.26it/s]Capturing batches (bs=88 avail_mem=27.36 GB):  58%|█████▊    | 21/36 [00:01<00:00, 15.26it/s]Capturing batches (bs=80 avail_mem=27.36 GB):  58%|█████▊    | 21/36 [00:01<00:00, 15.26it/s]
(SGLangHttpServer pid=1121785, ip=10.124.45.23) Capturing batches (bs=112 avail_mem=27.38 GB):  53%|█████▎    | 19/36 [00:01<00:01, 14.51it/s]Capturing batches (bs=104 avail_mem=27.38 GB):  53%|█████▎    | 19/36 [00:01<00:01, 14.51it/s]Capturing batches (bs=96 avail_mem=27.37 GB):  53%|█████▎    | 19/36 [00:01<00:01, 14.51it/s] 
(SGLangHttpServer pid=1121950, ip=10.124.45.23) Capturing batches (bs=96 avail_mem=27.37 GB):  53%|█████▎    | 19/36 [00:01<00:01, 14.26it/s] Capturing batches (bs=96 avail_mem=27.37 GB):  58%|█████▊    | 21/36 [00:01<00:00, 15.01it/s]Capturing batches (bs=88 avail_mem=27.36 GB):  58%|█████▊    | 21/36 [00:01<00:00, 15.01it/s]
(SGLangHttpServer pid=1121954, ip=10.124.45.23) Capturing batches (bs=96 avail_mem=27.37 GB):  58%|█████▊    | 21/36 [00:01<00:00, 15.14it/s]Capturing batches (bs=88 avail_mem=27.36 GB):  58%|█████▊    | 21/36 [00:01<00:00, 15.14it/s]Capturing batches (bs=80 avail_mem=27.36 GB):  58%|█████▊    | 21/36 [00:01<00:00, 15.14it/s]
(SGLangHttpServer pid=1121957, ip=10.124.45.23) Capturing batches (bs=80 avail_mem=27.36 GB):  58%|█████▊    | 21/36 [00:01<00:00, 15.38it/s]Capturing batches (bs=80 avail_mem=27.36 GB):  64%|██████▍   | 23/36 [00:01<00:00, 15.67it/s]Capturing batches (bs=72 avail_mem=27.35 GB):  64%|██████▍   | 23/36 [00:01<00:00, 15.67it/s]
(SGLangHttpServer pid=1121777, ip=10.124.45.23) Capturing batches (bs=64 avail_mem=28.58 GB):  64%|██████▍   | 23/36 [00:01<00:00, 15.61it/s]Capturing batches (bs=56 avail_mem=28.57 GB):  64%|██████▍   | 23/36 [00:01<00:00, 15.61it/s]
(SGLangHttpServer pid=1121781, ip=10.124.45.23) Capturing batches (bs=96 avail_mem=27.37 GB):  53%|█████▎    | 19/36 [00:01<00:01, 14.15it/s] Capturing batches (bs=96 avail_mem=27.37 GB):  58%|█████▊    | 21/36 [00:01<00:00, 15.22it/s]Capturing batches (bs=88 avail_mem=27.36 GB):  58%|█████▊    | 21/36 [00:01<00:00, 15.22it/s]
(SGLangHttpServer pid=1121866, ip=10.124.45.23) Capturing batches (bs=80 avail_mem=27.36 GB):  64%|██████▍   | 23/36 [00:01<00:00, 16.16it/s]Capturing batches (bs=72 avail_mem=27.35 GB):  64%|██████▍   | 23/36 [00:01<00:00, 16.16it/s]Capturing batches (bs=64 avail_mem=27.35 GB):  64%|██████▍   | 23/36 [00:01<00:00, 16.16it/s]
(SGLangHttpServer pid=1121785, ip=10.124.45.23) Capturing batches (bs=96 avail_mem=27.37 GB):  58%|█████▊    | 21/36 [00:01<00:00, 15.46it/s]Capturing batches (bs=88 avail_mem=27.36 GB):  58%|█████▊    | 21/36 [00:01<00:00, 15.46it/s]Capturing batches (bs=80 avail_mem=27.36 GB):  58%|█████▊    | 21/36 [00:01<00:00, 15.46it/s]
(SGLangHttpServer pid=1121950, ip=10.124.45.23) Capturing batches (bs=80 avail_mem=27.36 GB):  58%|█████▊    | 21/36 [00:01<00:00, 15.01it/s]Capturing batches (bs=80 avail_mem=27.36 GB):  64%|██████▍   | 23/36 [00:01<00:00, 16.15it/s]Capturing batches (bs=72 avail_mem=27.35 GB):  64%|██████▍   | 23/36 [00:01<00:00, 16.15it/s]
(SGLangHttpServer pid=1121954, ip=10.124.45.23) Capturing batches (bs=80 avail_mem=27.36 GB):  64%|██████▍   | 23/36 [00:01<00:00, 16.03it/s]Capturing batches (bs=72 avail_mem=27.35 GB):  64%|██████▍   | 23/36 [00:01<00:00, 16.03it/s]Capturing batches (bs=64 avail_mem=27.35 GB):  64%|██████▍   | 23/36 [00:01<00:00, 16.03it/s]
(SGLangHttpServer pid=1121957, ip=10.124.45.23) Capturing batches (bs=64 avail_mem=27.35 GB):  64%|██████▍   | 23/36 [00:01<00:00, 15.67it/s]Capturing batches (bs=56 avail_mem=27.34 GB):  64%|██████▍   | 23/36 [00:01<00:00, 15.67it/s]
(SGLangHttpServer pid=1121785, ip=10.124.45.23) Capturing batches (bs=80 avail_mem=27.36 GB):  64%|██████▍   | 23/36 [00:01<00:00, 16.44it/s]Capturing batches (bs=72 avail_mem=27.35 GB):  64%|██████▍   | 23/36 [00:01<00:00, 16.44it/s]
(SGLangHttpServer pid=1121957, ip=10.124.45.23) Capturing batches (bs=56 avail_mem=27.34 GB):  72%|███████▏  | 26/36 [00:01<00:00, 17.26it/s]Capturing batches (bs=48 avail_mem=27.34 GB):  72%|███████▏  | 26/36 [00:01<00:00, 17.26it/s]
(SGLangHttpServer pid=1121777, ip=10.124.45.23) Capturing batches (bs=56 avail_mem=28.57 GB):  72%|███████▏  | 26/36 [00:01<00:00, 17.15it/s]Capturing batches (bs=48 avail_mem=28.57 GB):  72%|███████▏  | 26/36 [00:01<00:00, 17.15it/s]
(SGLangHttpServer pid=1121777, ip=10.124.45.23) Capturing batches (bs=40 avail_mem=28.56 GB):  72%|███████▏  | 26/36 [00:01<00:00, 17.15it/s]Capturing batches (bs=40 avail_mem=28.56 GB):  78%|███████▊  | 28/36 [00:01<00:00, 17.80it/s]Capturing batches (bs=32 avail_mem=28.56 GB):  78%|███████▊  | 28/36 [00:01<00:00, 17.80it/s]
(SGLangHttpServer pid=1121781, ip=10.124.45.23) Capturing batches (bs=80 avail_mem=27.36 GB):  58%|█████▊    | 21/36 [00:01<00:00, 15.22it/s]Capturing batches (bs=80 avail_mem=27.36 GB):  64%|██████▍   | 23/36 [00:01<00:00, 15.74it/s]Capturing batches (bs=72 avail_mem=27.35 GB):  64%|██████▍   | 23/36 [00:01<00:00, 15.74it/s]
(SGLangHttpServer pid=1121866, ip=10.124.45.23) Capturing batches (bs=64 avail_mem=27.35 GB):  69%|██████▉   | 25/36 [00:01<00:00, 17.09it/s]Capturing batches (bs=56 avail_mem=27.34 GB):  69%|██████▉   | 25/36 [00:01<00:00, 17.09it/s]Capturing batches (bs=48 avail_mem=27.34 GB):  69%|██████▉   | 25/36 [00:01<00:00, 17.09it/s]
(SGLangHttpServer pid=1121785, ip=10.124.45.23) Capturing batches (bs=64 avail_mem=27.35 GB):  64%|██████▍   | 23/36 [00:01<00:00, 16.44it/s]Capturing batches (bs=64 avail_mem=27.35 GB):  69%|██████▉   | 25/36 [00:01<00:00, 16.95it/s]Capturing batches (bs=56 avail_mem=27.34 GB):  69%|██████▉   | 25/36 [00:01<00:00, 16.95it/s]
(SGLangHttpServer pid=1121950, ip=10.124.45.23) Capturing batches (bs=64 avail_mem=27.35 GB):  64%|██████▍   | 23/36 [00:01<00:00, 16.15it/s]Capturing batches (bs=56 avail_mem=27.34 GB):  64%|██████▍   | 23/36 [00:01<00:00, 16.15it/s]
(SGLangHttpServer pid=1121954, ip=10.124.45.23) Capturing batches (bs=64 avail_mem=27.35 GB):  69%|██████▉   | 25/36 [00:01<00:00, 17.00it/s]Capturing batches (bs=56 avail_mem=27.34 GB):  69%|██████▉   | 25/36 [00:01<00:00, 17.00it/s]Capturing batches (bs=48 avail_mem=27.34 GB):  69%|██████▉   | 25/36 [00:01<00:00, 17.00it/s]
(SGLangHttpServer pid=1121957, ip=10.124.45.23) Capturing batches (bs=40 avail_mem=27.33 GB):  72%|███████▏  | 26/36 [00:01<00:00, 17.26it/s]Capturing batches (bs=40 avail_mem=27.33 GB):  78%|███████▊  | 28/36 [00:01<00:00, 17.77it/s]Capturing batches (bs=32 avail_mem=27.33 GB):  78%|███████▊  | 28/36 [00:01<00:00, 17.77it/s]
(SGLangHttpServer pid=1121777, ip=10.124.45.23) Capturing batches (bs=24 avail_mem=28.55 GB):  78%|███████▊  | 28/36 [00:02<00:00, 17.80it/s]Capturing batches (bs=24 avail_mem=28.55 GB):  83%|████████▎ | 30/36 [00:02<00:00, 17.80it/s]Capturing batches (bs=16 avail_mem=28.55 GB):  83%|████████▎ | 30/36 [00:02<00:00, 17.80it/s]
(SGLangHttpServer pid=1121781, ip=10.124.45.23) Capturing batches (bs=64 avail_mem=27.35 GB):  64%|██████▍   | 23/36 [00:01<00:00, 15.74it/s]
(SGLangHttpServer pid=1121866, ip=10.124.45.23) Capturing batches (bs=48 avail_mem=27.34 GB):  75%|███████▌  | 27/36 [00:01<00:00, 17.54it/s]Capturing batches (bs=40 avail_mem=27.33 GB):  75%|███████▌  | 27/36 [00:01<00:00, 17.54it/s]Capturing batches (bs=32 avail_mem=27.33 GB):  75%|███████▌  | 27/36 [00:01<00:00, 17.54it/s]
(SGLangHttpServer pid=1121785, ip=10.124.45.23) Capturing batches (bs=48 avail_mem=27.34 GB):  69%|██████▉   | 25/36 [00:01<00:00, 16.95it/s]
(SGLangHttpServer pid=1121950, ip=10.124.45.23) Capturing batches (bs=56 avail_mem=27.34 GB):  72%|███████▏  | 26/36 [00:01<00:00, 16.81it/s]Capturing batches (bs=48 avail_mem=27.34 GB):  72%|███████▏  | 26/36 [00:01<00:00, 16.81it/s]Capturing batches (bs=40 avail_mem=27.33 GB):  72%|███████▏  | 26/36 [00:02<00:00, 16.81it/s]
(SGLangHttpServer pid=1121954, ip=10.124.45.23) Capturing batches (bs=48 avail_mem=27.34 GB):  75%|███████▌  | 27/36 [00:01<00:00, 17.47it/s]Capturing batches (bs=40 avail_mem=27.33 GB):  75%|███████▌  | 27/36 [00:01<00:00, 17.47it/s]Capturing batches (bs=32 avail_mem=27.33 GB):  75%|███████▌  | 27/36 [00:01<00:00, 17.47it/s]
(SGLangHttpServer pid=1121957, ip=10.124.45.23) Capturing batches (bs=24 avail_mem=27.32 GB):  78%|███████▊  | 28/36 [00:01<00:00, 17.77it/s]Capturing batches (bs=24 avail_mem=27.32 GB):  83%|████████▎ | 30/36 [00:02<00:00, 18.12it/s]Capturing batches (bs=16 avail_mem=27.32 GB):  83%|████████▎ | 30/36 [00:02<00:00, 18.12it/s]
(SGLangHttpServer pid=1121781, ip=10.124.45.23) Capturing batches (bs=64 avail_mem=27.35 GB):  69%|██████▉   | 25/36 [00:01<00:00, 15.33it/s]Capturing batches (bs=56 avail_mem=27.34 GB):  69%|██████▉   | 25/36 [00:01<00:00, 15.33it/s]
(SGLangHttpServer pid=1121777, ip=10.124.45.23) Capturing batches (bs=12 avail_mem=28.54 GB):  83%|████████▎ | 30/36 [00:02<00:00, 17.80it/s]
(SGLangHttpServer pid=1121781, ip=10.124.45.23) Capturing batches (bs=48 avail_mem=27.34 GB):  69%|██████▉   | 25/36 [00:01<00:00, 15.33it/s]
(SGLangHttpServer pid=1121866, ip=10.124.45.23) Capturing batches (bs=32 avail_mem=27.33 GB):  81%|████████  | 29/36 [00:02<00:00, 16.84it/s]Capturing batches (bs=24 avail_mem=27.32 GB):  81%|████████  | 29/36 [00:02<00:00, 16.84it/s]Capturing batches (bs=16 avail_mem=27.32 GB):  81%|████████  | 29/36 [00:02<00:00, 16.84it/s]
(SGLangHttpServer pid=1121785, ip=10.124.45.23) Capturing batches (bs=48 avail_mem=27.34 GB):  75%|███████▌  | 27/36 [00:01<00:00, 15.86it/s]Capturing batches (bs=40 avail_mem=27.33 GB):  75%|███████▌  | 27/36 [00:01<00:00, 15.86it/s]Capturing batches (bs=32 avail_mem=27.33 GB):  75%|███████▌  | 27/36 [00:02<00:00, 15.86it/s]
(SGLangHttpServer pid=1121950, ip=10.124.45.23) Capturing batches (bs=40 avail_mem=27.33 GB):  78%|███████▊  | 28/36 [00:02<00:00, 16.88it/s]Capturing batches (bs=32 avail_mem=27.33 GB):  78%|███████▊  | 28/36 [00:02<00:00, 16.88it/s]Capturing batches (bs=24 avail_mem=27.32 GB):  78%|███████▊  | 28/36 [00:02<00:00, 16.88it/s]
(SGLangHttpServer pid=1121954, ip=10.124.45.23) Capturing batches (bs=32 avail_mem=27.33 GB):  81%|████████  | 29/36 [00:02<00:00, 16.77it/s]Capturing batches (bs=24 avail_mem=27.32 GB):  81%|████████  | 29/36 [00:02<00:00, 16.77it/s]Capturing batches (bs=16 avail_mem=27.32 GB):  81%|████████  | 29/36 [00:02<00:00, 16.77it/s]
(SGLangHttpServer pid=1121957, ip=10.124.45.23) Capturing batches (bs=12 avail_mem=27.31 GB):  83%|████████▎ | 30/36 [00:02<00:00, 18.12it/s]
(SGLangHttpServer pid=1121777, ip=10.124.45.23) Capturing batches (bs=12 avail_mem=28.54 GB):  89%|████████▉ | 32/36 [00:02<00:00, 16.73it/s]Capturing batches (bs=8 avail_mem=28.54 GB):  89%|████████▉ | 32/36 [00:02<00:00, 16.73it/s] Capturing batches (bs=4 avail_mem=28.53 GB):  89%|████████▉ | 32/36 [00:02<00:00, 16.73it/s]
(SGLangHttpServer pid=1121781, ip=10.124.45.23) Capturing batches (bs=48 avail_mem=27.34 GB):  75%|███████▌  | 27/36 [00:02<00:00, 15.44it/s]Capturing batches (bs=40 avail_mem=27.33 GB):  75%|███████▌  | 27/36 [00:02<00:00, 15.44it/s]Capturing batches (bs=32 avail_mem=27.33 GB):  75%|███████▌  | 27/36 [00:02<00:00, 15.44it/s]
(SGLangHttpServer pid=1121866, ip=10.124.45.23) Capturing batches (bs=16 avail_mem=27.32 GB):  86%|████████▌ | 31/36 [00:02<00:00, 16.01it/s]Capturing batches (bs=12 avail_mem=27.31 GB):  86%|████████▌ | 31/36 [00:02<00:00, 16.01it/s]Capturing batches (bs=8 avail_mem=27.31 GB):  86%|████████▌ | 31/36 [00:02<00:00, 16.01it/s] 
(SGLangHttpServer pid=1121785, ip=10.124.45.23) Capturing batches (bs=32 avail_mem=27.33 GB):  81%|████████  | 29/36 [00:02<00:00, 16.37it/s]Capturing batches (bs=24 avail_mem=27.32 GB):  81%|████████  | 29/36 [00:02<00:00, 16.37it/s]Capturing batches (bs=16 avail_mem=27.32 GB):  81%|████████  | 29/36 [00:02<00:00, 16.37it/s]
(SGLangHttpServer pid=1121950, ip=10.124.45.23) Capturing batches (bs=24 avail_mem=27.32 GB):  83%|████████▎ | 30/36 [00:02<00:00, 17.28it/s]Capturing batches (bs=16 avail_mem=27.32 GB):  83%|████████▎ | 30/36 [00:02<00:00, 17.28it/s]
(SGLangHttpServer pid=1121954, ip=10.124.45.23) Capturing batches (bs=16 avail_mem=27.32 GB):  86%|████████▌ | 31/36 [00:02<00:00, 15.91it/s]Capturing batches (bs=12 avail_mem=27.31 GB):  86%|████████▌ | 31/36 [00:02<00:00, 15.91it/s]Capturing batches (bs=8 avail_mem=27.31 GB):  86%|████████▌ | 31/36 [00:02<00:00, 15.91it/s] 
(SGLangHttpServer pid=1121957, ip=10.124.45.23) Capturing batches (bs=12 avail_mem=27.31 GB):  89%|████████▉ | 32/36 [00:02<00:00, 16.86it/s]Capturing batches (bs=8 avail_mem=27.31 GB):  89%|████████▉ | 32/36 [00:02<00:00, 16.86it/s] Capturing batches (bs=4 avail_mem=27.30 GB):  89%|████████▉ | 32/36 [00:02<00:00, 16.86it/s]Capturing batches (bs=2 avail_mem=27.30 GB):  89%|████████▉ | 32/36 [00:02<00:00, 16.86it/s]
(SGLangHttpServer pid=1121777, ip=10.124.45.23) Capturing batches (bs=2 avail_mem=28.53 GB):  89%|████████▉ | 32/36 [00:02<00:00, 16.73it/s]
(SGLangHttpServer pid=1121777, ip=10.124.45.23) Capturing batches (bs=2 avail_mem=28.53 GB):  97%|█████████▋| 35/36 [00:02<00:00, 18.14it/s]Capturing batches (bs=1 avail_mem=28.52 GB):  97%|█████████▋| 35/36 [00:02<00:00, 18.14it/s]Capturing batches (bs=1 avail_mem=28.52 GB): 100%|██████████| 36/36 [00:02<00:00, 14.97it/s]
(SGLangHttpServer pid=1121781, ip=10.124.45.23) Capturing batches (bs=32 avail_mem=27.33 GB):  81%|████████  | 29/36 [00:02<00:00, 15.93it/s]Capturing batches (bs=24 avail_mem=27.32 GB):  81%|████████  | 29/36 [00:02<00:00, 15.93it/s]Capturing batches (bs=16 avail_mem=27.32 GB):  81%|████████  | 29/36 [00:02<00:00, 15.93it/s]
(SGLangHttpServer pid=1121866, ip=10.124.45.23) Capturing batches (bs=4 avail_mem=27.30 GB):  86%|████████▌ | 31/36 [00:02<00:00, 16.01it/s]Capturing batches (bs=4 avail_mem=27.30 GB):  94%|█████████▍| 34/36 [00:02<00:00, 17.57it/s]Capturing batches (bs=2 avail_mem=27.30 GB):  94%|█████████▍| 34/36 [00:02<00:00, 17.57it/s]
(SGLangHttpServer pid=1121785, ip=10.124.45.23) Capturing batches (bs=16 avail_mem=27.32 GB):  86%|████████▌ | 31/36 [00:02<00:00, 15.84it/s]Capturing batches (bs=12 avail_mem=27.31 GB):  86%|████████▌ | 31/36 [00:02<00:00, 15.84it/s]Capturing batches (bs=8 avail_mem=27.31 GB):  86%|████████▌ | 31/36 [00:02<00:00, 15.84it/s] 
(SGLangHttpServer pid=1121950, ip=10.124.45.23) Capturing batches (bs=12 avail_mem=27.31 GB):  83%|████████▎ | 30/36 [00:02<00:00, 17.28it/s]Capturing batches (bs=12 avail_mem=27.31 GB):  89%|████████▉ | 32/36 [00:02<00:00, 16.62it/s]Capturing batches (bs=8 avail_mem=27.31 GB):  89%|████████▉ | 32/36 [00:02<00:00, 16.62it/s] Capturing batches (bs=4 avail_mem=27.30 GB):  89%|████████▉ | 32/36 [00:02<00:00, 16.62it/s]
(SGLangHttpServer pid=1121954, ip=10.124.45.23) Capturing batches (bs=4 avail_mem=27.30 GB):  86%|████████▌ | 31/36 [00:02<00:00, 15.91it/s]Capturing batches (bs=4 avail_mem=27.30 GB):  94%|█████████▍| 34/36 [00:02<00:00, 17.50it/s]Capturing batches (bs=2 avail_mem=27.30 GB):  94%|█████████▍| 34/36 [00:02<00:00, 17.50it/s]
(SGLangHttpServer pid=1121957, ip=10.124.45.23) Capturing batches (bs=2 avail_mem=27.30 GB):  97%|█████████▋| 35/36 [00:02<00:00, 18.38it/s]Capturing batches (bs=1 avail_mem=27.29 GB):  97%|█████████▋| 35/36 [00:02<00:00, 18.38it/s]Capturing batches (bs=1 avail_mem=27.29 GB): 100%|██████████| 36/36 [00:02<00:00, 15.20it/s]
(SGLangHttpServer pid=1121781, ip=10.124.45.23) Capturing batches (bs=16 avail_mem=27.32 GB):  86%|████████▌ | 31/36 [00:02<00:00, 15.28it/s]Capturing batches (bs=12 avail_mem=27.31 GB):  86%|████████▌ | 31/36 [00:02<00:00, 15.28it/s]Capturing batches (bs=8 avail_mem=27.31 GB):  86%|████████▌ | 31/36 [00:02<00:00, 15.28it/s] 
(SGLangHttpServer pid=1121866, ip=10.124.45.23) Capturing batches (bs=1 avail_mem=27.29 GB):  94%|█████████▍| 34/36 [00:02<00:00, 17.57it/s]Capturing batches (bs=1 avail_mem=27.29 GB): 100%|██████████| 36/36 [00:02<00:00, 14.86it/s]
(SGLangHttpServer pid=1121785, ip=10.124.45.23) Capturing batches (bs=4 avail_mem=27.30 GB):  86%|████████▌ | 31/36 [00:02<00:00, 15.84it/s]Capturing batches (bs=4 avail_mem=27.30 GB):  94%|█████████▍| 34/36 [00:02<00:00, 17.31it/s]Capturing batches (bs=2 avail_mem=27.30 GB):  94%|█████████▍| 34/36 [00:02<00:00, 17.31it/s]
(SGLangHttpServer pid=1121950, ip=10.124.45.23) Capturing batches (bs=2 avail_mem=27.30 GB):  89%|████████▉ | 32/36 [00:02<00:00, 16.62it/s]Capturing batches (bs=2 avail_mem=27.30 GB):  97%|█████████▋| 35/36 [00:02<00:00, 18.09it/s]Capturing batches (bs=1 avail_mem=27.29 GB):  97%|█████████▋| 35/36 [00:02<00:00, 18.09it/s]
(SGLangHttpServer pid=1121954, ip=10.124.45.23) Capturing batches (bs=1 avail_mem=27.29 GB):  94%|█████████▍| 34/36 [00:02<00:00, 17.50it/s]Capturing batches (bs=1 avail_mem=27.29 GB): 100%|██████████| 36/36 [00:02<00:00, 18.00it/s]Capturing batches (bs=1 avail_mem=27.29 GB): 100%|██████████| 36/36 [00:02<00:00, 14.73it/s]
(SGLangHttpServer pid=1121781, ip=10.124.45.23) Capturing batches (bs=8 avail_mem=27.31 GB):  92%|█████████▏| 33/36 [00:02<00:00, 16.15it/s]Capturing batches (bs=4 avail_mem=27.30 GB):  92%|█████████▏| 33/36 [00:02<00:00, 16.15it/s]Capturing batches (bs=2 avail_mem=27.30 GB):  92%|█████████▏| 33/36 [00:02<00:00, 16.15it/s]
(SGLangHttpServer pid=1121785, ip=10.124.45.23) Capturing batches (bs=1 avail_mem=27.29 GB):  94%|█████████▍| 34/36 [00:02<00:00, 17.31it/s]Capturing batches (bs=1 avail_mem=27.29 GB): 100%|██████████| 36/36 [00:02<00:00, 17.91it/s]Capturing batches (bs=1 avail_mem=27.29 GB): 100%|██████████| 36/36 [00:02<00:00, 14.67it/s]
(SGLangHttpServer pid=1121950, ip=10.124.45.23) Capturing batches (bs=1 avail_mem=27.29 GB): 100%|██████████| 36/36 [00:02<00:00, 14.16it/s]
(SGLangHttpServer pid=1121781, ip=10.124.45.23) Capturing batches (bs=2 avail_mem=27.30 GB):  97%|█████████▋| 35/36 [00:02<00:00, 16.83it/s]Capturing batches (bs=1 avail_mem=27.29 GB):  97%|█████████▋| 35/36 [00:02<00:00, 16.83it/s]Capturing batches (bs=1 avail_mem=27.29 GB): 100%|██████████| 36/36 [00:02<00:00, 14.13it/s]
(TaskRunner pid=1112439, ip=10.124.45.23) wandb: WARNING func: get_project_by_name, err: Request failed! url: https://ml.bytedance.net/inner/GetTrackingProjectByName, req_body: {'Name': 'specTool'}, resp_body: b'{"ResponseMetadata":{"RequestId":"","Action":"","Version":"","Service":"","Region":"","Error":{"Code":"MissingAuthenticationToken","CodeN":1709801,"Message":"zti token not found, please use DOAS cli to run script","RawError":{},"HTTPCode":401}}}'
(TaskRunner pid=1112439, ip=10.124.45.23) wandb: WARNING func: get_project_by_name, err: Request failed! url: https://ml.bytedance.net/inner/GetTrackingProjectByName, req_body: {'Name': 'specTool'}, resp_body: b'{"ResponseMetadata":{"RequestId":"","Action":"","Version":"","Service":"","Region":"","Error":{"Code":"MissingAuthenticationToken","CodeN":1709801,"Message":"zti token not found, please use DOAS cli to run script","RawError":{},"HTTPCode":401}}}'
(TaskRunner pid=1112439, ip=10.124.45.23) wandb: WARNING func: create_project, err: Request failed! url: https://ml.bytedance.net/inner/CreateTrackingProject, req_body: {'Name': 'specTool'}, resp_body: b'{"ResponseMetadata":{"RequestId":"","Action":"","Version":"","Service":"","Region":"","Error":{"Code":"MissingAuthenticationToken","CodeN":1709801,"Message":"zti token not found, please use DOAS cli to run script","RawError":{},"HTTPCode":401}}}'
(TaskRunner pid=1112439, ip=10.124.45.23) wandb: WARNING func: alert, err: Request failed! url: https://ml.bytedance.net/inner/TrackingAlert, req_body: {'Title': 'Wandb Failed!', 'Text': 'Failed Function: create_project\nERR Message: Request failed! url: https://ml.bytedance.net/inner/CreateTrackingProject, req_body: {\'Name\': \'specTool\'}, resp_body: b\'{"ResponseMetadata":{"RequestId":"","Action":"","Version":"","Service":"","Region":"","Error":{"Code":"MissingAuthenticationToken","CodeN":1709801,"Message":"zti token not found, please use DOAS cli to run script","RawError":{},"HTTPCode":401}}}\''}, resp_body: b'{"ResponseMetadata":{"RequestId":"","Action":"","Version":"","Service":"","Region":"","Error":{"Code":"MissingAuthenticationToken","CodeN":1709801,"Message":"zti token not found, please use DOAS cli to run script","RawError":{},"HTTPCode":401}}}'
(TaskRunner pid=1112439, ip=10.124.45.23) wandb: ⭐️ View project at 
(TaskRunner pid=1112439, ip=10.124.45.23) wandb: - Waiting for wandb.init()...
(TaskRunner pid=1112439, ip=10.124.45.23) wandb: \ Waiting for wandb.init()...
(TaskRunner pid=1112439, ip=10.124.45.23) wandb: | Waiting for wandb.init()...
(TaskRunner pid=1112439, ip=10.124.45.23) wandb: WARNING func: create_run, err: Request failed! url: https://ml.bytedance.net/inner/CreateTrackingRun, req_body: {'ProjectId': '', 'Name': 'baseline_hotpotqa_qwen3_8b_sleep0_toolcalls1_bs320_rollout8_step1_lat8192_500pt_20260608_185940_bs320', 'RunId': 'run_20260608_7f2160a4', 'Description': None, 'OuterType': None, 'OuterId': None, 'Tags': None, 'OuterInfo': {'is_seed': False}}, resp_body: b'{"ResponseMetadata":{"RequestId":"","Action":"","Version":"","Service":"","Region":"","Error":{"Code":"MissingAuthenticationToken","CodeN":1709801,"Message":"zti token not found, please use DOAS cli to run script","RawError":{},"HTTPCode":401}}}'
(TaskRunner pid=1112439, ip=10.124.45.23) wandb: WARNING func: alert, err: Request failed! url: https://ml.bytedance.net/inner/TrackingAlert, req_body: {'Title': 'Wandb Failed!', 'Text': 'Failed Function: create_run\nERR Message: Request failed! url: https://ml.bytedance.net/inner/CreateTrackingRun, req_body: {\'ProjectId\': \'\', \'Name\': \'baseline_hotpotqa_qwen3_8b_sleep0_toolcalls1_bs320_rollout8_step1_lat8192_500pt_20260608_185940_bs320\', \'RunId\': \'run_20260608_7f2160a4\', \'Description\': None, \'OuterType\': None, \'OuterId\': None, \'Tags\': None, \'OuterInfo\': {\'is_seed\': False}}, resp_body: b\'{"ResponseMetadata":{"RequestId":"","Action":"","Version":"","Service":"","Region":"","Error":{"Code":"MissingAuthenticationToken","CodeN":1709801,"Message":"zti token not found, please use DOAS cli to run script","RawError":{},"HTTPCode":401}}}\''}, resp_body: b'{"ResponseMetadata":{"RequestId":"","Action":"","Version":"","Service":"","Region":"","Error":{"Code":"MissingAuthenticationToken","CodeN":1709801,"Message":"zti token not found, please use DOAS cli to run script","RawError":{},"HTTPCode":401}}}'
(TaskRunner pid=1112439, ip=10.124.45.23) wandb: 🚀 View run at 
(TaskRunner pid=1112439, ip=10.124.45.23) wandb: WARNING func: alert, err: Request failed! url: https://ml.bytedance.net/inner/TrackingAlert, req_body: {'Title': 'Tracking Run Created', 'Text': 'Created run [specTool/]()'}, resp_body: b'{"ResponseMetadata":{"RequestId":"","Action":"","Version":"","Service":"","Region":"","Error":{"Code":"MissingAuthenticationToken","CodeN":1709801,"Message":"zti token not found, please use DOAS cli to run script","RawError":{},"HTTPCode":401}}}'
(TaskRunner pid=1112439, ip=10.124.45.23) wandb: WARNING func: set_run_config, err: set_run_config wandb init failed, skip.../
(TaskRunner pid=1112439, ip=10.124.45.23) wandb: / Waiting for wandb.init()...
(pid=1124518, ip=10.124.45.23) /usr/local/lib/python3.12/dist-packages/torch/amp/autocast_mode.py:270: UserWarning: User provided device_type of 'cuda', but CUDA is not available. Disabling
(pid=1124518, ip=10.124.45.23)   warnings.warn(
(pid=1124518, ip=10.124.45.23) Modular Diffusers is currently an experimental feature under active development. The API is subject to breaking changes in future releases.
(pid=1124507, ip=10.124.45.23) /usr/local/lib/python3.12/dist-packages/torch/amp/autocast_mode.py:270: UserWarning: User provided device_type of 'cuda', but CUDA is not available. Disabling
(pid=1124507, ip=10.124.45.23)   warnings.warn(
(pid=1124507, ip=10.124.45.23) Modular Diffusers is currently an experimental feature under active development. The API is subject to breaking changes in future releases.
(pid=1124508, ip=10.124.45.23) /usr/local/lib/python3.12/dist-packages/torch/amp/autocast_mode.py:270: UserWarning: User provided device_type of 'cuda', but CUDA is not available. Disabling
(pid=1124508, ip=10.124.45.23)   warnings.warn(
(pid=1124508, ip=10.124.45.23) Modular Diffusers is currently an experimental feature under active development. The API is subject to breaking changes in future releases.
(pid=1124514, ip=10.124.45.23) /usr/local/lib/python3.12/dist-packages/torch/amp/autocast_mode.py:270: UserWarning: User provided device_type of 'cuda', but CUDA is not available. Disabling
(pid=1124514, ip=10.124.45.23)   warnings.warn(
(pid=1124514, ip=10.124.45.23) Modular Diffusers is currently an experimental feature under active development. The API is subject to breaking changes in future releases.
(pid=1124522, ip=10.124.45.23) /usr/local/lib/python3.12/dist-packages/torch/amp/autocast_mode.py:270: UserWarning: User provided device_type of 'cuda', but CUDA is not available. Disabling
(pid=1124522, ip=10.124.45.23)   warnings.warn(
(pid=1124511, ip=10.124.45.23) /usr/local/lib/python3.12/dist-packages/torch/amp/autocast_mode.py:270: UserWarning: User provided device_type of 'cuda', but CUDA is not available. Disabling
(pid=1124511, ip=10.124.45.23)   warnings.warn(
(pid=1124522, ip=10.124.45.23) Modular Diffusers is currently an experimental feature under active development. The API is subject to breaking changes in future releases.
(GlobalRequestLoadBalancer pid=1124500, ip=10.124.45.23) /usr/local/lib/python3.12/dist-packages/torch/amp/autocast_mode.py:270: UserWarning: User provided device_type of 'cuda', but CUDA is not available. Disabling
(GlobalRequestLoadBalancer pid=1124500, ip=10.124.45.23)   warnings.warn(
(pid=1124515, ip=10.124.45.23) /usr/local/lib/python3.12/dist-packages/torch/amp/autocast_mode.py:270: UserWarning: User provided device_type of 'cuda', but CUDA is not available. Disabling
(pid=1124515, ip=10.124.45.23)   warnings.warn(
(pid=1124511, ip=10.124.45.23) Modular Diffusers is currently an experimental feature under active development. The API is subject to breaking changes in future releases.
(GlobalRequestLoadBalancer pid=1124500, ip=10.124.45.23) Modular Diffusers is currently an experimental feature under active development. The API is subject to breaking changes in future releases.
(pid=1124515, ip=10.124.45.23) Modular Diffusers is currently an experimental feature under active development. The API is subject to breaking changes in future releases.
(pid=1124504, ip=10.124.45.23) /usr/local/lib/python3.12/dist-packages/torch/amp/autocast_mode.py:270: UserWarning: User provided device_type of 'cuda', but CUDA is not available. Disabling
(pid=1124504, ip=10.124.45.23)   warnings.warn(
(pid=1124504, ip=10.124.45.23) Modular Diffusers is currently an experimental feature under active development. The API is subject to breaking changes in future releases.
(GlobalRequestLoadBalancer pid=1124500, ip=10.124.45.23) /sgl-workspace/sglang/python/sglang/srt/layers/attention/fla/utils.py:212: UserWarning: Triton is not supported on current platform, roll back to CPU.
(GlobalRequestLoadBalancer pid=1124500, ip=10.124.45.23)   warnings.warn(
(TaskRunner pid=1112439, ip=10.124.45.23) wandb: Tracking run with wandb version 0.13.95
(TaskRunner pid=1112439, ip=10.124.45.23) wandb: Run data is saved locally in /home/tiger/verl/wandb/run-20260608_191246-run_20260608_7f2160a4
(TaskRunner pid=1112439, ip=10.124.45.23) wandb: Run `wandb offline` to turn off syncing.
(TaskRunner pid=1112439, ip=10.124.45.23) wandb: WARNING func: save_file, err: save_file wandb init failed, skip.../
(SGLangHttpServer pid=1121778, ip=10.124.45.23) /usr/local/lib/python3.12/dist-packages/fastapi/routing.py:313: FastAPIDeprecationWarning: ORJSONResponse is deprecated, FastAPI now serializes data directly to JSON bytes via Pydantic when a return type or response model is set, which is faster and doesn't need a custom response class. Read more in the FastAPI docs: https://fastapi.tiangolo.com/advanced/custom-response/#orjson-or-response-model and https://fastapi.tiangolo.com/tutorial/response-model/
(SGLangHttpServer pid=1121778, ip=10.124.45.23)   return await dependant.call(**values)
(SGLangHttpServer pid=1121777, ip=10.124.45.23) /usr/local/lib/python3.12/dist-packages/fastapi/routing.py:313: FastAPIDeprecationWarning: ORJSONResponse is deprecated, FastAPI now serializes data directly to JSON bytes via Pydantic when a return type or response model is set, which is faster and doesn't need a custom response class. Read more in the FastAPI docs: https://fastapi.tiangolo.com/advanced/custom-response/#orjson-or-response-model and https://fastapi.tiangolo.com/tutorial/response-model/
(SGLangHttpServer pid=1121777, ip=10.124.45.23)   return await dependant.call(**values)
(SGLangHttpServer pid=1121781, ip=10.124.45.23) /usr/local/lib/python3.12/dist-packages/fastapi/routing.py:313: FastAPIDeprecationWarning: ORJSONResponse is deprecated, FastAPI now serializes data directly to JSON bytes via Pydantic when a return type or response model is set, which is faster and doesn't need a custom response class. Read more in the FastAPI docs: https://fastapi.tiangolo.com/advanced/custom-response/#orjson-or-response-model and https://fastapi.tiangolo.com/tutorial/response-model/
(SGLangHttpServer pid=1121781, ip=10.124.45.23)   return await dependant.call(**values)
(SGLangHttpServer pid=1121866, ip=10.124.45.23) /usr/local/lib/python3.12/dist-packages/fastapi/routing.py:313: FastAPIDeprecationWarning: ORJSONResponse is deprecated, FastAPI now serializes data directly to JSON bytes via Pydantic when a return type or response model is set, which is faster and doesn't need a custom response class. Read more in the FastAPI docs: https://fastapi.tiangolo.com/advanced/custom-response/#orjson-or-response-model and https://fastapi.tiangolo.com/tutorial/response-model/
(SGLangHttpServer pid=1121866, ip=10.124.45.23)   return await dependant.call(**values)
(SGLangHttpServer pid=1121785, ip=10.124.45.23) /usr/local/lib/python3.12/dist-packages/fastapi/routing.py:313: FastAPIDeprecationWarning: ORJSONResponse is deprecated, FastAPI now serializes data directly to JSON bytes via Pydantic when a return type or response model is set, which is faster and doesn't need a custom response class. Read more in the FastAPI docs: https://fastapi.tiangolo.com/advanced/custom-response/#orjson-or-response-model and https://fastapi.tiangolo.com/tutorial/response-model/
(SGLangHttpServer pid=1121785, ip=10.124.45.23)   return await dependant.call(**values)
