(SGLangHttpServer pid=793567, ip=10.124.45.23) Capturing batches (bs=144 avail_mem=28.64 GB):  42%|████▏     | 15/36 [00:01<00:01, 11.14it/s]Capturing batches (bs=136 avail_mem=28.63 GB):  42%|████▏     | 15/36 [00:01<00:01, 11.14it/s]Capturing batches (bs=128 avail_mem=28.63 GB):  42%|████▏     | 15/36 [00:01<00:01, 11.14it/s]
(SGLangHttpServer pid=793576, ip=10.124.45.23) Capturing batches (bs=160 avail_mem=27.42 GB):  31%|███       | 11/36 [00:01<00:02,  9.42it/s]Capturing batches (bs=160 avail_mem=27.42 GB):  36%|███▌      | 13/36 [00:01<00:02, 10.28it/s]Capturing batches (bs=152 avail_mem=27.41 GB):  36%|███▌      | 13/36 [00:01<00:02, 10.28it/s]
(SGLangHttpServer pid=793579, ip=10.124.45.23) Capturing batches (bs=112 avail_mem=27.38 GB):  53%|█████▎    | 19/36 [00:01<00:01, 11.34it/s]Capturing batches (bs=104 avail_mem=27.38 GB):  53%|█████▎    | 19/36 [00:01<00:01, 11.34it/s]
(SGLangHttpServer pid=793571, ip=10.124.45.23) Capturing batches (bs=128 avail_mem=27.40 GB):  47%|████▋     | 17/36 [00:01<00:01, 10.90it/s]Capturing batches (bs=120 avail_mem=27.39 GB):  47%|████▋     | 17/36 [00:01<00:01, 10.90it/s]
(SGLangHttpServer pid=793592, ip=10.124.45.23) Capturing batches (bs=160 avail_mem=27.42 GB):  31%|███       | 11/36 [00:01<00:02,  9.40it/s]
(SGLangHttpServer pid=793589, ip=10.124.45.23) Capturing batches (bs=112 avail_mem=27.38 GB):  47%|████▋     | 17/36 [00:01<00:01, 10.36it/s]
(SGLangHttpServer pid=793586, ip=10.124.45.23) Capturing batches (bs=168 avail_mem=27.42 GB):  28%|██▊       | 10/36 [00:01<00:02,  9.57it/s]
(SGLangHttpServer pid=793595, ip=10.124.45.23) Capturing batches (bs=144 avail_mem=27.41 GB):  42%|████▏     | 15/36 [00:01<00:02, 10.19it/s]Capturing batches (bs=136 avail_mem=27.40 GB):  42%|████▏     | 15/36 [00:01<00:02, 10.19it/s]
(SGLangHttpServer pid=793567, ip=10.124.45.23) Capturing batches (bs=128 avail_mem=28.63 GB):  47%|████▋     | 17/36 [00:01<00:01, 11.88it/s]Capturing batches (bs=120 avail_mem=28.62 GB):  47%|████▋     | 17/36 [00:01<00:01, 11.88it/s]Capturing batches (bs=112 avail_mem=28.61 GB):  47%|████▋     | 17/36 [00:01<00:01, 11.88it/s]
(SGLangHttpServer pid=793576, ip=10.124.45.23) Capturing batches (bs=144 avail_mem=27.41 GB):  36%|███▌      | 13/36 [00:01<00:02, 10.28it/s]
(SGLangHttpServer pid=793579, ip=10.124.45.23) Capturing batches (bs=96 avail_mem=27.37 GB):  53%|█████▎    | 19/36 [00:01<00:01, 11.34it/s] Capturing batches (bs=96 avail_mem=27.37 GB):  58%|█████▊    | 21/36 [00:01<00:01, 12.56it/s]Capturing batches (bs=88 avail_mem=27.36 GB):  58%|█████▊    | 21/36 [00:01<00:01, 12.56it/s]
(SGLangHttpServer pid=793571, ip=10.124.45.23) Capturing batches (bs=112 avail_mem=27.38 GB):  47%|████▋     | 17/36 [00:01<00:01, 10.90it/s]Capturing batches (bs=112 avail_mem=27.38 GB):  53%|█████▎    | 19/36 [00:01<00:01, 11.93it/s]Capturing batches (bs=104 avail_mem=27.38 GB):  53%|█████▎    | 19/36 [00:01<00:01, 11.93it/s]
(SGLangHttpServer pid=793592, ip=10.124.45.23) Capturing batches (bs=160 avail_mem=27.42 GB):  36%|███▌      | 13/36 [00:01<00:02, 10.23it/s]Capturing batches (bs=152 avail_mem=27.41 GB):  36%|███▌      | 13/36 [00:01<00:02, 10.23it/s]Capturing batches (bs=144 avail_mem=27.41 GB):  36%|███▌      | 13/36 [00:01<00:02, 10.23it/s]
(SGLangHttpServer pid=793589, ip=10.124.45.23) Capturing batches (bs=112 avail_mem=27.38 GB):  53%|█████▎    | 19/36 [00:01<00:01, 10.96it/s]Capturing batches (bs=104 avail_mem=27.38 GB):  53%|█████▎    | 19/36 [00:01<00:01, 10.96it/s]Capturing batches (bs=96 avail_mem=27.37 GB):  53%|█████▎    | 19/36 [00:01<00:01, 10.96it/s] 
(SGLangHttpServer pid=793586, ip=10.124.45.23) Capturing batches (bs=168 avail_mem=27.42 GB):  33%|███▎      | 12/36 [00:01<00:02, 10.53it/s]Capturing batches (bs=160 avail_mem=27.42 GB):  33%|███▎      | 12/36 [00:01<00:02, 10.53it/s]Capturing batches (bs=152 avail_mem=27.41 GB):  33%|███▎      | 12/36 [00:01<00:02, 10.53it/s]
(SGLangHttpServer pid=793595, ip=10.124.45.23) Capturing batches (bs=128 avail_mem=27.40 GB):  42%|████▏     | 15/36 [00:01<00:02, 10.19it/s]Capturing batches (bs=128 avail_mem=27.40 GB):  47%|████▋     | 17/36 [00:01<00:01, 11.38it/s]Capturing batches (bs=120 avail_mem=27.39 GB):  47%|████▋     | 17/36 [00:01<00:01, 11.38it/s]
(SGLangHttpServer pid=793567, ip=10.124.45.23) Capturing batches (bs=112 avail_mem=28.61 GB):  53%|█████▎    | 19/36 [00:01<00:01, 13.43it/s]Capturing batches (bs=104 avail_mem=28.60 GB):  53%|█████▎    | 19/36 [00:01<00:01, 13.43it/s]Capturing batches (bs=96 avail_mem=28.60 GB):  53%|█████▎    | 19/36 [00:01<00:01, 13.43it/s] 
(SGLangHttpServer pid=793576, ip=10.124.45.23) Capturing batches (bs=144 avail_mem=27.41 GB):  42%|████▏     | 15/36 [00:01<00:01, 11.44it/s]Capturing batches (bs=136 avail_mem=27.40 GB):  42%|████▏     | 15/36 [00:01<00:01, 11.44it/s]Capturing batches (bs=128 avail_mem=27.40 GB):  42%|████▏     | 15/36 [00:01<00:01, 11.44it/s]
(SGLangHttpServer pid=793579, ip=10.124.45.23) Capturing batches (bs=80 avail_mem=27.36 GB):  58%|█████▊    | 21/36 [00:01<00:01, 12.56it/s]Capturing batches (bs=80 avail_mem=27.36 GB):  64%|██████▍   | 23/36 [00:01<00:00, 13.96it/s]Capturing batches (bs=72 avail_mem=27.35 GB):  64%|██████▍   | 23/36 [00:01<00:00, 13.96it/s]
(SGLangHttpServer pid=793571, ip=10.124.45.23) Capturing batches (bs=96 avail_mem=27.37 GB):  53%|█████▎    | 19/36 [00:01<00:01, 11.93it/s] Capturing batches (bs=96 avail_mem=27.37 GB):  58%|█████▊    | 21/36 [00:01<00:01, 13.48it/s]Capturing batches (bs=88 avail_mem=27.36 GB):  58%|█████▊    | 21/36 [00:01<00:01, 13.48it/s]
(SGLangHttpServer pid=793592, ip=10.124.45.23) Capturing batches (bs=144 avail_mem=27.41 GB):  42%|████▏     | 15/36 [00:01<00:01, 11.52it/s]Capturing batches (bs=136 avail_mem=27.40 GB):  42%|████▏     | 15/36 [00:01<00:01, 11.52it/s]
(SGLangHttpServer pid=793589, ip=10.124.45.23) Capturing batches (bs=96 avail_mem=27.37 GB):  58%|█████▊    | 21/36 [00:01<00:01, 12.56it/s]Capturing batches (bs=88 avail_mem=27.36 GB):  58%|█████▊    | 21/36 [00:01<00:01, 12.56it/s]Capturing batches (bs=80 avail_mem=27.36 GB):  58%|█████▊    | 21/36 [00:01<00:01, 12.56it/s]
(SGLangHttpServer pid=793586, ip=10.124.45.23) Capturing batches (bs=152 avail_mem=27.41 GB):  39%|███▉      | 14/36 [00:01<00:01, 11.51it/s]Capturing batches (bs=144 avail_mem=27.41 GB):  39%|███▉      | 14/36 [00:01<00:01, 11.51it/s]
(SGLangHttpServer pid=793595, ip=10.124.45.23) Capturing batches (bs=112 avail_mem=27.38 GB):  47%|████▋     | 17/36 [00:01<00:01, 11.38it/s]Capturing batches (bs=112 avail_mem=27.38 GB):  53%|█████▎    | 19/36 [00:01<00:01, 12.97it/s]Capturing batches (bs=104 avail_mem=27.38 GB):  53%|█████▎    | 19/36 [00:01<00:01, 12.97it/s]
(SGLangHttpServer pid=793567, ip=10.124.45.23) Capturing batches (bs=96 avail_mem=28.60 GB):  58%|█████▊    | 21/36 [00:01<00:01, 14.72it/s]Capturing batches (bs=88 avail_mem=28.59 GB):  58%|█████▊    | 21/36 [00:01<00:01, 14.72it/s]Capturing batches (bs=80 avail_mem=28.59 GB):  58%|█████▊    | 21/36 [00:01<00:01, 14.72it/s]
(SGLangHttpServer pid=793576, ip=10.124.45.23) Capturing batches (bs=128 avail_mem=27.40 GB):  47%|████▋     | 17/36 [00:01<00:01, 12.60it/s]Capturing batches (bs=120 avail_mem=27.39 GB):  47%|████▋     | 17/36 [00:01<00:01, 12.60it/s]Capturing batches (bs=112 avail_mem=27.38 GB):  47%|████▋     | 17/36 [00:01<00:01, 12.60it/s]
(SGLangHttpServer pid=793579, ip=10.124.45.23) Capturing batches (bs=64 avail_mem=27.35 GB):  64%|██████▍   | 23/36 [00:02<00:00, 13.96it/s]Capturing batches (bs=64 avail_mem=27.35 GB):  69%|██████▉   | 25/36 [00:02<00:00, 15.18it/s]Capturing batches (bs=56 avail_mem=27.34 GB):  69%|██████▉   | 25/36 [00:02<00:00, 15.18it/s]
(SGLangHttpServer pid=793571, ip=10.124.45.23) Capturing batches (bs=80 avail_mem=27.36 GB):  58%|█████▊    | 21/36 [00:01<00:01, 13.48it/s]Capturing batches (bs=80 avail_mem=27.36 GB):  64%|██████▍   | 23/36 [00:01<00:00, 14.27it/s]Capturing batches (bs=72 avail_mem=27.35 GB):  64%|██████▍   | 23/36 [00:01<00:00, 14.27it/s]
(SGLangHttpServer pid=793592, ip=10.124.45.23) Capturing batches (bs=128 avail_mem=27.40 GB):  42%|████▏     | 15/36 [00:01<00:01, 11.52it/s]Capturing batches (bs=128 avail_mem=27.40 GB):  47%|████▋     | 17/36 [00:01<00:01, 12.21it/s]Capturing batches (bs=120 avail_mem=27.39 GB):  47%|████▋     | 17/36 [00:01<00:01, 12.21it/s]
(SGLangHttpServer pid=793589, ip=10.124.45.23) Capturing batches (bs=80 avail_mem=27.36 GB):  64%|██████▍   | 23/36 [00:01<00:00, 13.97it/s]Capturing batches (bs=72 avail_mem=27.35 GB):  64%|██████▍   | 23/36 [00:01<00:00, 13.97it/s]Capturing batches (bs=64 avail_mem=27.35 GB):  64%|██████▍   | 23/36 [00:02<00:00, 13.97it/s]
(SGLangHttpServer pid=793586, ip=10.124.45.23) Capturing batches (bs=136 avail_mem=27.40 GB):  39%|███▉      | 14/36 [00:01<00:01, 11.51it/s]Capturing batches (bs=136 avail_mem=27.40 GB):  44%|████▍     | 16/36 [00:01<00:01, 12.50it/s]Capturing batches (bs=128 avail_mem=27.40 GB):  44%|████▍     | 16/36 [00:01<00:01, 12.50it/s]
(SGLangHttpServer pid=793595, ip=10.124.45.23) Capturing batches (bs=96 avail_mem=27.37 GB):  53%|█████▎    | 19/36 [00:01<00:01, 12.97it/s] Capturing batches (bs=96 avail_mem=27.37 GB):  58%|█████▊    | 21/36 [00:01<00:01, 13.87it/s]Capturing batches (bs=88 avail_mem=27.36 GB):  58%|█████▊    | 21/36 [00:01<00:01, 13.87it/s]
(SGLangHttpServer pid=793567, ip=10.124.45.23) Capturing batches (bs=80 avail_mem=28.59 GB):  64%|██████▍   | 23/36 [00:01<00:00, 15.68it/s]Capturing batches (bs=72 avail_mem=28.58 GB):  64%|██████▍   | 23/36 [00:01<00:00, 15.68it/s]Capturing batches (bs=64 avail_mem=28.58 GB):  64%|██████▍   | 23/36 [00:01<00:00, 15.68it/s]
(SGLangHttpServer pid=793576, ip=10.124.45.23) Capturing batches (bs=112 avail_mem=27.38 GB):  53%|█████▎    | 19/36 [00:01<00:01, 13.71it/s]Capturing batches (bs=104 avail_mem=27.38 GB):  53%|█████▎    | 19/36 [00:01<00:01, 13.71it/s]Capturing batches (bs=96 avail_mem=27.37 GB):  53%|█████▎    | 19/36 [00:01<00:01, 13.71it/s] 
(SGLangHttpServer pid=793579, ip=10.124.45.23) Capturing batches (bs=48 avail_mem=27.34 GB):  69%|██████▉   | 25/36 [00:02<00:00, 15.18it/s]Capturing batches (bs=48 avail_mem=27.34 GB):  75%|███████▌  | 27/36 [00:02<00:00, 16.16it/s]Capturing batches (bs=40 avail_mem=27.33 GB):  75%|███████▌  | 27/36 [00:02<00:00, 16.16it/s]
(SGLangHttpServer pid=793571, ip=10.124.45.23) Capturing batches (bs=64 avail_mem=27.35 GB):  64%|██████▍   | 23/36 [00:02<00:00, 14.27it/s]Capturing batches (bs=64 avail_mem=27.35 GB):  69%|██████▉   | 25/36 [00:02<00:00, 15.36it/s]Capturing batches (bs=56 avail_mem=27.34 GB):  69%|██████▉   | 25/36 [00:02<00:00, 15.36it/s]
(SGLangHttpServer pid=793592, ip=10.124.45.23) Capturing batches (bs=112 avail_mem=27.38 GB):  47%|████▋     | 17/36 [00:01<00:01, 12.21it/s]Capturing batches (bs=112 avail_mem=27.38 GB):  53%|█████▎    | 19/36 [00:01<00:01, 13.56it/s]Capturing batches (bs=104 avail_mem=27.38 GB):  53%|█████▎    | 19/36 [00:01<00:01, 13.56it/s]
(SGLangHttpServer pid=793589, ip=10.124.45.23) Capturing batches (bs=64 avail_mem=27.35 GB):  69%|██████▉   | 25/36 [00:02<00:00, 15.15it/s]Capturing batches (bs=56 avail_mem=27.34 GB):  69%|██████▉   | 25/36 [00:02<00:00, 15.15it/s]Capturing batches (bs=48 avail_mem=27.34 GB):  69%|██████▉   | 25/36 [00:02<00:00, 15.15it/s]
(SGLangHttpServer pid=793586, ip=10.124.45.23) Capturing batches (bs=120 avail_mem=27.39 GB):  44%|████▍     | 16/36 [00:01<00:01, 12.50it/s]Capturing batches (bs=120 avail_mem=27.39 GB):  50%|█████     | 18/36 [00:01<00:01, 13.70it/s]Capturing batches (bs=112 avail_mem=27.38 GB):  50%|█████     | 18/36 [00:01<00:01, 13.70it/s]
(SGLangHttpServer pid=793595, ip=10.124.45.23) Capturing batches (bs=80 avail_mem=27.36 GB):  58%|█████▊    | 21/36 [00:01<00:01, 13.87it/s]Capturing batches (bs=80 avail_mem=27.36 GB):  64%|██████▍   | 23/36 [00:01<00:00, 15.14it/s]Capturing batches (bs=72 avail_mem=27.35 GB):  64%|██████▍   | 23/36 [00:01<00:00, 15.14it/s]
(SGLangHttpServer pid=793567, ip=10.124.45.23) Capturing batches (bs=56 avail_mem=28.57 GB):  64%|██████▍   | 23/36 [00:01<00:00, 15.68it/s]Capturing batches (bs=56 avail_mem=28.57 GB):  72%|███████▏  | 26/36 [00:02<00:00, 16.84it/s]Capturing batches (bs=48 avail_mem=28.57 GB):  72%|███████▏  | 26/36 [00:02<00:00, 16.84it/s]
(SGLangHttpServer pid=793576, ip=10.124.45.23) Capturing batches (bs=96 avail_mem=27.37 GB):  58%|█████▊    | 21/36 [00:01<00:01, 14.98it/s]Capturing batches (bs=88 avail_mem=27.36 GB):  58%|█████▊    | 21/36 [00:01<00:01, 14.98it/s]Capturing batches (bs=80 avail_mem=27.36 GB):  58%|█████▊    | 21/36 [00:01<00:01, 14.98it/s]
(SGLangHttpServer pid=793579, ip=10.124.45.23) Capturing batches (bs=32 avail_mem=27.33 GB):  75%|███████▌  | 27/36 [00:02<00:00, 16.16it/s]Capturing batches (bs=24 avail_mem=27.32 GB):  75%|███████▌  | 27/36 [00:02<00:00, 16.16it/s]
(SGLangHttpServer pid=793571, ip=10.124.45.23) Capturing batches (bs=48 avail_mem=27.34 GB):  69%|██████▉   | 25/36 [00:02<00:00, 15.36it/s]Capturing batches (bs=48 avail_mem=27.34 GB):  75%|███████▌  | 27/36 [00:02<00:00, 16.29it/s]Capturing batches (bs=40 avail_mem=27.33 GB):  75%|███████▌  | 27/36 [00:02<00:00, 16.29it/s]
(SGLangHttpServer pid=793592, ip=10.124.45.23) Capturing batches (bs=96 avail_mem=27.37 GB):  53%|█████▎    | 19/36 [00:01<00:01, 13.56it/s] Capturing batches (bs=96 avail_mem=27.37 GB):  58%|█████▊    | 21/36 [00:01<00:01, 14.52it/s]Capturing batches (bs=88 avail_mem=27.36 GB):  58%|█████▊    | 21/36 [00:01<00:01, 14.52it/s]
(SGLangHttpServer pid=793589, ip=10.124.45.23) Capturing batches (bs=40 avail_mem=27.33 GB):  69%|██████▉   | 25/36 [00:02<00:00, 15.15it/s]Capturing batches (bs=40 avail_mem=27.33 GB):  78%|███████▊  | 28/36 [00:02<00:00, 16.68it/s]Capturing batches (bs=32 avail_mem=27.33 GB):  78%|███████▊  | 28/36 [00:02<00:00, 16.68it/s]
(SGLangHttpServer pid=793586, ip=10.124.45.23) Capturing batches (bs=104 avail_mem=27.38 GB):  50%|█████     | 18/36 [00:01<00:01, 13.70it/s]Capturing batches (bs=104 avail_mem=27.38 GB):  56%|█████▌    | 20/36 [00:01<00:01, 14.27it/s]Capturing batches (bs=96 avail_mem=27.37 GB):  56%|█████▌    | 20/36 [00:01<00:01, 14.27it/s] 
(SGLangHttpServer pid=793595, ip=10.124.45.23) Capturing batches (bs=64 avail_mem=27.35 GB):  64%|██████▍   | 23/36 [00:02<00:00, 15.14it/s]Capturing batches (bs=64 avail_mem=27.35 GB):  69%|██████▉   | 25/36 [00:02<00:00, 16.18it/s]Capturing batches (bs=56 avail_mem=27.34 GB):  69%|██████▉   | 25/36 [00:02<00:00, 16.18it/s]
(SGLangHttpServer pid=793567, ip=10.124.45.23) Capturing batches (bs=40 avail_mem=28.56 GB):  72%|███████▏  | 26/36 [00:02<00:00, 16.84it/s]Capturing batches (bs=40 avail_mem=28.56 GB):  78%|███████▊  | 28/36 [00:02<00:00, 16.76it/s]Capturing batches (bs=32 avail_mem=28.56 GB):  78%|███████▊  | 28/36 [00:02<00:00, 16.76it/s]
(SGLangHttpServer pid=793576, ip=10.124.45.23) Capturing batches (bs=80 avail_mem=27.36 GB):  64%|██████▍   | 23/36 [00:01<00:00, 15.55it/s]Capturing batches (bs=72 avail_mem=27.35 GB):  64%|██████▍   | 23/36 [00:01<00:00, 15.55it/s]
(SGLangHttpServer pid=793576, ip=10.124.45.23) Capturing batches (bs=64 avail_mem=27.35 GB):  64%|██████▍   | 23/36 [00:02<00:00, 15.55it/s]
(SGLangHttpServer pid=793579, ip=10.124.45.23) Capturing batches (bs=24 avail_mem=27.32 GB):  83%|████████▎ | 30/36 [00:02<00:00, 17.42it/s]Capturing batches (bs=16 avail_mem=27.32 GB):  83%|████████▎ | 30/36 [00:02<00:00, 17.42it/s]Capturing batches (bs=12 avail_mem=27.31 GB):  83%|████████▎ | 30/36 [00:02<00:00, 17.42it/s]
(SGLangHttpServer pid=793571, ip=10.124.45.23) Capturing batches (bs=32 avail_mem=27.33 GB):  75%|███████▌  | 27/36 [00:02<00:00, 16.29it/s]Capturing batches (bs=32 avail_mem=27.33 GB):  81%|████████  | 29/36 [00:02<00:00, 16.84it/s]Capturing batches (bs=24 avail_mem=27.32 GB):  81%|████████  | 29/36 [00:02<00:00, 16.84it/s]
(SGLangHttpServer pid=793592, ip=10.124.45.23) Capturing batches (bs=80 avail_mem=27.36 GB):  58%|█████▊    | 21/36 [00:01<00:01, 14.52it/s]Capturing batches (bs=80 avail_mem=27.36 GB):  64%|██████▍   | 23/36 [00:01<00:00, 15.23it/s]Capturing batches (bs=72 avail_mem=27.35 GB):  64%|██████▍   | 23/36 [00:01<00:00, 15.23it/s]
(SGLangHttpServer pid=793589, ip=10.124.45.23) Capturing batches (bs=24 avail_mem=27.32 GB):  78%|███████▊  | 28/36 [00:02<00:00, 16.68it/s]Capturing batches (bs=24 avail_mem=27.32 GB):  83%|████████▎ | 30/36 [00:02<00:00, 17.32it/s]Capturing batches (bs=16 avail_mem=27.32 GB):  83%|████████▎ | 30/36 [00:02<00:00, 17.32it/s]
(SGLangHttpServer pid=793586, ip=10.124.45.23) Capturing batches (bs=88 avail_mem=27.36 GB):  56%|█████▌    | 20/36 [00:01<00:01, 14.27it/s]
(SGLangHttpServer pid=793595, ip=10.124.45.23) Capturing batches (bs=48 avail_mem=27.34 GB):  69%|██████▉   | 25/36 [00:02<00:00, 16.18it/s]Capturing batches (bs=48 avail_mem=27.34 GB):  75%|███████▌  | 27/36 [00:02<00:00, 17.00it/s]Capturing batches (bs=40 avail_mem=27.33 GB):  75%|███████▌  | 27/36 [00:02<00:00, 17.00it/s]
(SGLangHttpServer pid=793567, ip=10.124.45.23) Capturing batches (bs=24 avail_mem=28.55 GB):  78%|███████▊  | 28/36 [00:02<00:00, 16.76it/s]Capturing batches (bs=16 avail_mem=28.55 GB):  78%|███████▊  | 28/36 [00:02<00:00, 16.76it/s]
(SGLangHttpServer pid=793576, ip=10.124.45.23) Capturing batches (bs=64 avail_mem=27.35 GB):  69%|██████▉   | 25/36 [00:02<00:00, 16.20it/s]Capturing batches (bs=56 avail_mem=27.34 GB):  69%|██████▉   | 25/36 [00:02<00:00, 16.20it/s]Capturing batches (bs=48 avail_mem=27.34 GB):  69%|██████▉   | 25/36 [00:02<00:00, 16.20it/s]
(SGLangHttpServer pid=793579, ip=10.124.45.23) Capturing batches (bs=12 avail_mem=27.31 GB):  89%|████████▉ | 32/36 [00:02<00:00, 16.73it/s]Capturing batches (bs=8 avail_mem=27.31 GB):  89%|████████▉ | 32/36 [00:02<00:00, 16.73it/s] Capturing batches (bs=4 avail_mem=27.30 GB):  89%|████████▉ | 32/36 [00:02<00:00, 16.73it/s]
(SGLangHttpServer pid=793571, ip=10.124.45.23) Capturing batches (bs=16 avail_mem=27.32 GB):  81%|████████  | 29/36 [00:02<00:00, 16.84it/s]
(SGLangHttpServer pid=793592, ip=10.124.45.23) Capturing batches (bs=64 avail_mem=27.35 GB):  64%|██████▍   | 23/36 [00:02<00:00, 15.23it/s]Capturing batches (bs=64 avail_mem=27.35 GB):  69%|██████▉   | 25/36 [00:02<00:00, 16.34it/s]Capturing batches (bs=56 avail_mem=27.34 GB):  69%|██████▉   | 25/36 [00:02<00:00, 16.34it/s]
(SGLangHttpServer pid=793589, ip=10.124.45.23) Capturing batches (bs=12 avail_mem=27.31 GB):  83%|████████▎ | 30/36 [00:02<00:00, 17.32it/s]Capturing batches (bs=12 avail_mem=27.31 GB):  89%|████████▉ | 32/36 [00:02<00:00, 16.65it/s]Capturing batches (bs=8 avail_mem=27.31 GB):  89%|████████▉ | 32/36 [00:02<00:00, 16.65it/s] 
(SGLangHttpServer pid=793586, ip=10.124.45.23) Capturing batches (bs=88 avail_mem=27.36 GB):  61%|██████    | 22/36 [00:01<00:00, 14.91it/s]Capturing batches (bs=80 avail_mem=27.36 GB):  61%|██████    | 22/36 [00:01<00:00, 14.91it/s]Capturing batches (bs=72 avail_mem=27.35 GB):  61%|██████    | 22/36 [00:01<00:00, 14.91it/s]
(SGLangHttpServer pid=793595, ip=10.124.45.23) Capturing batches (bs=32 avail_mem=27.33 GB):  75%|███████▌  | 27/36 [00:02<00:00, 17.00it/s]Capturing batches (bs=24 avail_mem=27.32 GB):  75%|███████▌  | 27/36 [00:02<00:00, 17.00it/s]
(SGLangHttpServer pid=793586, ip=10.124.45.23) Capturing batches (bs=72 avail_mem=27.35 GB):  67%|██████▋   | 24/36 [00:02<00:00, 15.83it/s]
(SGLangHttpServer pid=793595, ip=10.124.45.23) Capturing batches (bs=24 avail_mem=27.32 GB):  83%|████████▎ | 30/36 [00:02<00:00, 18.32it/s]Capturing batches (bs=16 avail_mem=27.32 GB):  83%|████████▎ | 30/36 [00:02<00:00, 18.32it/s]
(SGLangHttpServer pid=793571, ip=10.124.45.23) Capturing batches (bs=16 avail_mem=27.32 GB):  86%|████████▌ | 31/36 [00:02<00:00, 16.12it/s]Capturing batches (bs=12 avail_mem=27.31 GB):  86%|████████▌ | 31/36 [00:02<00:00, 16.12it/s]
(SGLangHttpServer pid=793586, ip=10.124.45.23) Capturing batches (bs=64 avail_mem=27.35 GB):  67%|██████▋   | 24/36 [00:02<00:00, 15.83it/s]
(SGLangHttpServer pid=793567, ip=10.124.45.23) Capturing batches (bs=16 avail_mem=28.55 GB):  86%|████████▌ | 31/36 [00:02<00:00, 16.72it/s]Capturing batches (bs=12 avail_mem=28.54 GB):  86%|████████▌ | 31/36 [00:02<00:00, 16.72it/s]
(SGLangHttpServer pid=793576, ip=10.124.45.23) Capturing batches (bs=40 avail_mem=27.33 GB):  69%|██████▉   | 25/36 [00:02<00:00, 16.20it/s]Capturing batches (bs=40 avail_mem=27.33 GB):  78%|███████▊  | 28/36 [00:02<00:00, 17.35it/s]Capturing batches (bs=32 avail_mem=27.33 GB):  78%|███████▊  | 28/36 [00:02<00:00, 17.35it/s]
(SGLangHttpServer pid=793579, ip=10.124.45.23) Capturing batches (bs=2 avail_mem=27.30 GB):  89%|████████▉ | 32/36 [00:02<00:00, 16.73it/s]Capturing batches (bs=2 avail_mem=27.30 GB):  97%|█████████▋| 35/36 [00:02<00:00, 18.19it/s]Capturing batches (bs=1 avail_mem=27.29 GB):  97%|█████████▋| 35/36 [00:02<00:00, 18.19it/s]
(SGLangHttpServer pid=793571, ip=10.124.45.23) Capturing batches (bs=8 avail_mem=27.31 GB):  86%|████████▌ | 31/36 [00:02<00:00, 16.12it/s] Capturing batches (bs=4 avail_mem=27.30 GB):  86%|████████▌ | 31/36 [00:02<00:00, 16.12it/s]
(SGLangHttpServer pid=793592, ip=10.124.45.23) Capturing batches (bs=48 avail_mem=27.34 GB):  69%|██████▉   | 25/36 [00:02<00:00, 16.34it/s]Capturing batches (bs=48 avail_mem=27.34 GB):  75%|███████▌  | 27/36 [00:02<00:00, 16.44it/s]Capturing batches (bs=40 avail_mem=27.33 GB):  75%|███████▌  | 27/36 [00:02<00:00, 16.44it/s]
(SGLangHttpServer pid=793589, ip=10.124.45.23) Capturing batches (bs=4 avail_mem=27.30 GB):  89%|████████▉ | 32/36 [00:02<00:00, 16.65it/s]Capturing batches (bs=2 avail_mem=27.30 GB):  89%|████████▉ | 32/36 [00:02<00:00, 16.65it/s]
(SGLangHttpServer pid=793586, ip=10.124.45.23) Capturing batches (bs=56 avail_mem=27.34 GB):  67%|██████▋   | 24/36 [00:02<00:00, 15.83it/s]Capturing batches (bs=56 avail_mem=27.34 GB):  72%|███████▏  | 26/36 [00:02<00:00, 16.58it/s]Capturing batches (bs=48 avail_mem=27.34 GB):  72%|███████▏  | 26/36 [00:02<00:00, 16.58it/s]
(SGLangHttpServer pid=793595, ip=10.124.45.23) Capturing batches (bs=12 avail_mem=27.31 GB):  83%|████████▎ | 30/36 [00:02<00:00, 18.32it/s]
(SGLangHttpServer pid=793567, ip=10.124.45.23) Capturing batches (bs=8 avail_mem=28.54 GB):  86%|████████▌ | 31/36 [00:02<00:00, 16.72it/s] 
(SGLangHttpServer pid=793567, ip=10.124.45.23) Capturing batches (bs=8 avail_mem=28.54 GB):  92%|█████████▏| 33/36 [00:02<00:00, 17.41it/s]Capturing batches (bs=4 avail_mem=28.53 GB):  92%|█████████▏| 33/36 [00:02<00:00, 17.41it/s]Capturing batches (bs=2 avail_mem=28.53 GB):  92%|█████████▏| 33/36 [00:02<00:00, 17.41it/s]
(SGLangHttpServer pid=793576, ip=10.124.45.23) Capturing batches (bs=24 avail_mem=27.32 GB):  78%|███████▊  | 28/36 [00:02<00:00, 17.35it/s]Capturing batches (bs=24 avail_mem=27.32 GB):  83%|████████▎ | 30/36 [00:02<00:00, 17.35it/s]Capturing batches (bs=16 avail_mem=27.32 GB):  83%|████████▎ | 30/36 [00:02<00:00, 17.35it/s]
(SGLangHttpServer pid=793579, ip=10.124.45.23) Capturing batches (bs=1 avail_mem=27.29 GB): 100%|██████████| 36/36 [00:02<00:00, 13.65it/s]
(SGLangHttpServer pid=793571, ip=10.124.45.23) Capturing batches (bs=4 avail_mem=27.30 GB):  94%|█████████▍| 34/36 [00:02<00:00, 17.38it/s]Capturing batches (bs=2 avail_mem=27.30 GB):  94%|█████████▍| 34/36 [00:02<00:00, 17.38it/s]Capturing batches (bs=1 avail_mem=27.29 GB):  94%|█████████▍| 34/36 [00:02<00:00, 17.38it/s]
(SGLangHttpServer pid=793592, ip=10.124.45.23) Capturing batches (bs=32 avail_mem=27.33 GB):  75%|███████▌  | 27/36 [00:02<00:00, 16.44it/s]Capturing batches (bs=32 avail_mem=27.33 GB):  81%|████████  | 29/36 [00:02<00:00, 16.97it/s]Capturing batches (bs=24 avail_mem=27.32 GB):  81%|████████  | 29/36 [00:02<00:00, 16.97it/s]
(SGLangHttpServer pid=793589, ip=10.124.45.23) Capturing batches (bs=2 avail_mem=27.30 GB):  97%|█████████▋| 35/36 [00:02<00:00, 17.92it/s]Capturing batches (bs=1 avail_mem=27.29 GB):  97%|█████████▋| 35/36 [00:02<00:00, 17.92it/s]Capturing batches (bs=1 avail_mem=27.29 GB): 100%|██████████| 36/36 [00:02<00:00, 13.52it/s]
(SGLangHttpServer pid=793586, ip=10.124.45.23) Capturing batches (bs=40 avail_mem=27.33 GB):  72%|███████▏  | 26/36 [00:02<00:00, 16.58it/s]Capturing batches (bs=40 avail_mem=27.33 GB):  78%|███████▊  | 28/36 [00:02<00:00, 16.66it/s]Capturing batches (bs=32 avail_mem=27.33 GB):  78%|███████▊  | 28/36 [00:02<00:00, 16.66it/s]
(SGLangHttpServer pid=793595, ip=10.124.45.23) Capturing batches (bs=12 avail_mem=27.31 GB):  89%|████████▉ | 32/36 [00:02<00:00, 17.16it/s]Capturing batches (bs=8 avail_mem=27.31 GB):  89%|████████▉ | 32/36 [00:02<00:00, 17.16it/s] Capturing batches (bs=4 avail_mem=27.30 GB):  89%|████████▉ | 32/36 [00:02<00:00, 17.16it/s]Capturing batches (bs=2 avail_mem=27.30 GB):  89%|████████▉ | 32/36 [00:02<00:00, 17.16it/s]
(SGLangHttpServer pid=793567, ip=10.124.45.23) Capturing batches (bs=1 avail_mem=28.52 GB):  92%|█████████▏| 33/36 [00:02<00:00, 17.41it/s]Capturing batches (bs=1 avail_mem=28.52 GB): 100%|██████████| 36/36 [00:02<00:00, 18.62it/s]Capturing batches (bs=1 avail_mem=28.52 GB): 100%|██████████| 36/36 [00:02<00:00, 13.85it/s]
(SGLangHttpServer pid=793576, ip=10.124.45.23) Capturing batches (bs=12 avail_mem=27.31 GB):  83%|████████▎ | 30/36 [00:02<00:00, 17.35it/s]
(SGLangHttpServer pid=793571, ip=10.124.45.23) Capturing batches (bs=1 avail_mem=27.29 GB): 100%|██████████| 36/36 [00:02<00:00, 13.30it/s]
(SGLangHttpServer pid=793592, ip=10.124.45.23) Capturing batches (bs=16 avail_mem=27.32 GB):  81%|████████  | 29/36 [00:02<00:00, 16.97it/s]
(SGLangHttpServer pid=793586, ip=10.124.45.23) Capturing batches (bs=24 avail_mem=27.32 GB):  78%|███████▊  | 28/36 [00:02<00:00, 16.66it/s]Capturing batches (bs=24 avail_mem=27.32 GB):  83%|████████▎ | 30/36 [00:02<00:00, 17.50it/s]Capturing batches (bs=16 avail_mem=27.32 GB):  83%|████████▎ | 30/36 [00:02<00:00, 17.50it/s]
(SGLangHttpServer pid=793595, ip=10.124.45.23) Capturing batches (bs=2 avail_mem=27.30 GB):  97%|█████████▋| 35/36 [00:02<00:00, 18.66it/s]Capturing batches (bs=1 avail_mem=27.29 GB):  97%|█████████▋| 35/36 [00:02<00:00, 18.66it/s]Capturing batches (bs=1 avail_mem=27.29 GB): 100%|██████████| 36/36 [00:02<00:00, 13.60it/s]
(SGLangHttpServer pid=793576, ip=10.124.45.23) Capturing batches (bs=12 avail_mem=27.31 GB):  89%|████████▉ | 32/36 [00:02<00:00, 16.58it/s]Capturing batches (bs=8 avail_mem=27.31 GB):  89%|████████▉ | 32/36 [00:02<00:00, 16.58it/s] 
(SGLangHttpServer pid=793592, ip=10.124.45.23) Capturing batches (bs=16 avail_mem=27.32 GB):  86%|████████▌ | 31/36 [00:02<00:00, 16.25it/s]Capturing batches (bs=12 avail_mem=27.31 GB):  86%|████████▌ | 31/36 [00:02<00:00, 16.25it/s]
(SGLangHttpServer pid=793576, ip=10.124.45.23) Capturing batches (bs=4 avail_mem=27.30 GB):  89%|████████▉ | 32/36 [00:02<00:00, 16.58it/s]Capturing batches (bs=2 avail_mem=27.30 GB):  89%|████████▉ | 32/36 [00:02<00:00, 16.58it/s]
(SGLangHttpServer pid=793592, ip=10.124.45.23) Capturing batches (bs=8 avail_mem=27.31 GB):  86%|████████▌ | 31/36 [00:02<00:00, 16.25it/s] Capturing batches (bs=4 avail_mem=27.30 GB):  86%|████████▌ | 31/36 [00:02<00:00, 16.25it/s]
(SGLangHttpServer pid=793586, ip=10.124.45.23) Capturing batches (bs=12 avail_mem=27.31 GB):  83%|████████▎ | 30/36 [00:02<00:00, 17.50it/s]
(SGLangHttpServer pid=793576, ip=10.124.45.23) Capturing batches (bs=2 avail_mem=27.30 GB):  97%|█████████▋| 35/36 [00:02<00:00, 17.94it/s]Capturing batches (bs=1 avail_mem=27.29 GB):  97%|█████████▋| 35/36 [00:02<00:00, 17.94it/s]Capturing batches (bs=1 avail_mem=27.29 GB): 100%|██████████| 36/36 [00:02<00:00, 13.49it/s]
(SGLangHttpServer pid=793592, ip=10.124.45.23) Capturing batches (bs=4 avail_mem=27.30 GB):  94%|█████████▍| 34/36 [00:02<00:00, 17.71it/s]Capturing batches (bs=2 avail_mem=27.30 GB):  94%|█████████▍| 34/36 [00:02<00:00, 17.71it/s]Capturing batches (bs=1 avail_mem=27.29 GB):  94%|█████████▍| 34/36 [00:02<00:00, 17.71it/s]
(SGLangHttpServer pid=793586, ip=10.124.45.23) Capturing batches (bs=12 avail_mem=27.31 GB):  89%|████████▉ | 32/36 [00:02<00:00, 16.41it/s]Capturing batches (bs=8 avail_mem=27.31 GB):  89%|████████▉ | 32/36 [00:02<00:00, 16.41it/s] Capturing batches (bs=4 avail_mem=27.30 GB):  89%|████████▉ | 32/36 [00:02<00:00, 16.41it/s]
(SGLangHttpServer pid=793586, ip=10.124.45.23) Capturing batches (bs=2 avail_mem=27.30 GB):  89%|████████▉ | 32/36 [00:02<00:00, 16.41it/s]
(SGLangHttpServer pid=793592, ip=10.124.45.23) Capturing batches (bs=1 avail_mem=27.29 GB): 100%|██████████| 36/36 [00:02<00:00, 13.35it/s]
(SGLangHttpServer pid=793586, ip=10.124.45.23) Capturing batches (bs=2 avail_mem=27.30 GB):  97%|█████████▋| 35/36 [00:02<00:00, 17.74it/s]Capturing batches (bs=1 avail_mem=27.29 GB):  97%|█████████▋| 35/36 [00:02<00:00, 17.74it/s]Capturing batches (bs=1 avail_mem=27.29 GB): 100%|██████████| 36/36 [00:02<00:00, 13.26it/s]
(TaskRunner pid=787663, ip=10.124.45.23) wandb: WARNING func: get_project_by_name, err: Request failed! url: https://ml.bytedance.net/inner/GetTrackingProjectByName, req_body: {'Name': 'specTool'}, resp_body: b'{"ResponseMetadata":{"RequestId":"","Action":"","Version":"","Service":"","Region":"","Error":{"Code":"MissingAuthenticationToken","CodeN":1709801,"Message":"zti token not found, please use DOAS cli to run script","RawError":{},"HTTPCode":401}}}'
(TaskRunner pid=787663, ip=10.124.45.23) wandb: WARNING func: get_project_by_name, err: Request failed! url: https://ml.bytedance.net/inner/GetTrackingProjectByName, req_body: {'Name': 'specTool'}, resp_body: b'{"ResponseMetadata":{"RequestId":"","Action":"","Version":"","Service":"","Region":"","Error":{"Code":"MissingAuthenticationToken","CodeN":1709801,"Message":"zti token not found, please use DOAS cli to run script","RawError":{},"HTTPCode":401}}}'
(TaskRunner pid=787663, ip=10.124.45.23) wandb: WARNING func: create_project, err: Request failed! url: https://ml.bytedance.net/inner/CreateTrackingProject, req_body: {'Name': 'specTool'}, resp_body: b'{"ResponseMetadata":{"RequestId":"","Action":"","Version":"","Service":"","Region":"","Error":{"Code":"MissingAuthenticationToken","CodeN":1709801,"Message":"zti token not found, please use DOAS cli to run script","RawError":{},"HTTPCode":401}}}'
(TaskRunner pid=787663, ip=10.124.45.23) wandb: WARNING func: alert, err: Request failed! url: https://ml.bytedance.net/inner/TrackingAlert, req_body: {'Title': 'Wandb Failed!', 'Text': 'Failed Function: create_project\nERR Message: Request failed! url: https://ml.bytedance.net/inner/CreateTrackingProject, req_body: {\'Name\': \'specTool\'}, resp_body: b\'{"ResponseMetadata":{"RequestId":"","Action":"","Version":"","Service":"","Region":"","Error":{"Code":"MissingAuthenticationToken","CodeN":1709801,"Message":"zti token not found, please use DOAS cli to run script","RawError":{},"HTTPCode":401}}}\''}, resp_body: b'{"ResponseMetadata":{"RequestId":"","Action":"","Version":"","Service":"","Region":"","Error":{"Code":"MissingAuthenticationToken","CodeN":1709801,"Message":"zti token not found, please use DOAS cli to run script","RawError":{},"HTTPCode":401}}}'
(TaskRunner pid=787663, ip=10.124.45.23) wandb: ⭐️ View project at 
(TaskRunner pid=787663, ip=10.124.45.23) wandb: - Waiting for wandb.init()...
(TaskRunner pid=787663, ip=10.124.45.23) wandb: \ Waiting for wandb.init()...
(TaskRunner pid=787663, ip=10.124.45.23) wandb: | Waiting for wandb.init()...
(TaskRunner pid=787663, ip=10.124.45.23) wandb: WARNING func: create_run, err: Request failed! url: https://ml.bytedance.net/inner/CreateTrackingRun, req_body: {'ProjectId': '', 'Name': 'baseline_hotpotqa_qwen3_8b_sleep0_toolcalls1_bs256_rollout8_step1_cmp_full_20260608_173714_bs256_bs256', 'RunId': 'run_20260608_bfeb00f7', 'Description': None, 'OuterType': None, 'OuterId': None, 'Tags': None, 'OuterInfo': {'is_seed': False}}, resp_body: b'{"ResponseMetadata":{"RequestId":"","Action":"","Version":"","Service":"","Region":"","Error":{"Code":"MissingAuthenticationToken","CodeN":1709801,"Message":"zti token not found, please use DOAS cli to run script","RawError":{},"HTTPCode":401}}}'
(TaskRunner pid=787663, ip=10.124.45.23) wandb: WARNING func: alert, err: Request failed! url: https://ml.bytedance.net/inner/TrackingAlert, req_body: {'Title': 'Wandb Failed!', 'Text': 'Failed Function: create_run\nERR Message: Request failed! url: https://ml.bytedance.net/inner/CreateTrackingRun, req_body: {\'ProjectId\': \'\', \'Name\': \'baseline_hotpotqa_qwen3_8b_sleep0_toolcalls1_bs256_rollout8_step1_cmp_full_20260608_173714_bs256_bs256\', \'RunId\': \'run_20260608_bfeb00f7\', \'Description\': None, \'OuterType\': None, \'OuterId\': None, \'Tags\': None, \'OuterInfo\': {\'is_seed\': False}}, resp_body: b\'{"ResponseMetadata":{"RequestId":"","Action":"","Version":"","Service":"","Region":"","Error":{"Code":"MissingAuthenticationToken","CodeN":1709801,"Message":"zti token not found, please use DOAS cli to run script","RawError":{},"HTTPCode":401}}}\''}, resp_body: b'{"ResponseMetadata":{"RequestId":"","Action":"","Version":"","Service":"","Region":"","Error":{"Code":"MissingAuthenticationToken","CodeN":1709801,"Message":"zti token not found, please use DOAS cli to run script","RawError":{},"HTTPCode":401}}}'
(TaskRunner pid=787663, ip=10.124.45.23) wandb: 🚀 View run at 
(TaskRunner pid=787663, ip=10.124.45.23) wandb: WARNING func: alert, err: Request failed! url: https://ml.bytedance.net/inner/TrackingAlert, req_body: {'Title': 'Tracking Run Created', 'Text': 'Created run [specTool/]()'}, resp_body: b'{"ResponseMetadata":{"RequestId":"","Action":"","Version":"","Service":"","Region":"","Error":{"Code":"MissingAuthenticationToken","CodeN":1709801,"Message":"zti token not found, please use DOAS cli to run script","RawError":{},"HTTPCode":401}}}'
(TaskRunner pid=787663, ip=10.124.45.23) wandb: WARNING func: set_run_config, err: set_run_config wandb init failed, skip.../
(TaskRunner pid=787663, ip=10.124.45.23) wandb: / Waiting for wandb.init()...
(pid=795818, ip=10.124.45.23) /usr/local/lib/python3.12/dist-packages/torch/amp/autocast_mode.py:270: UserWarning: User provided device_type of 'cuda', but CUDA is not available. Disabling
(pid=795818, ip=10.124.45.23)   warnings.warn(
(pid=795818, ip=10.124.45.23) Modular Diffusers is currently an experimental feature under active development. The API is subject to breaking changes in future releases.
(pid=795820, ip=10.124.45.23) /usr/local/lib/python3.12/dist-packages/torch/amp/autocast_mode.py:270: UserWarning: User provided device_type of 'cuda', but CUDA is not available. Disabling
(pid=795820, ip=10.124.45.23)   warnings.warn(
(pid=795820, ip=10.124.45.23) Modular Diffusers is currently an experimental feature under active development. The API is subject to breaking changes in future releases.
(pid=795824, ip=10.124.45.23) /usr/local/lib/python3.12/dist-packages/torch/amp/autocast_mode.py:270: UserWarning: User provided device_type of 'cuda', but CUDA is not available. Disabling
(pid=795824, ip=10.124.45.23)   warnings.warn(
(pid=795824, ip=10.124.45.23) Modular Diffusers is currently an experimental feature under active development. The API is subject to breaking changes in future releases.
(pid=795825, ip=10.124.45.23) /usr/local/lib/python3.12/dist-packages/torch/amp/autocast_mode.py:270: UserWarning: User provided device_type of 'cuda', but CUDA is not available. Disabling
(pid=795825, ip=10.124.45.23)   warnings.warn(
(pid=795825, ip=10.124.45.23) Modular Diffusers is currently an experimental feature under active development. The API is subject to breaking changes in future releases.
(GlobalRequestLoadBalancer pid=795816, ip=10.124.45.23) /usr/local/lib/python3.12/dist-packages/torch/amp/autocast_mode.py:270: UserWarning: User provided device_type of 'cuda', but CUDA is not available. Disabling
(GlobalRequestLoadBalancer pid=795816, ip=10.124.45.23)   warnings.warn(
(GlobalRequestLoadBalancer pid=795816, ip=10.124.45.23) Modular Diffusers is currently an experimental feature under active development. The API is subject to breaking changes in future releases.
(pid=795838, ip=10.124.45.23) /usr/local/lib/python3.12/dist-packages/torch/amp/autocast_mode.py:270: UserWarning: User provided device_type of 'cuda', but CUDA is not available. Disabling
(pid=795838, ip=10.124.45.23)   warnings.warn(
(pid=795838, ip=10.124.45.23) Modular Diffusers is currently an experimental feature under active development. The API is subject to breaking changes in future releases.
(pid=795833, ip=10.124.45.23) /usr/local/lib/python3.12/dist-packages/torch/amp/autocast_mode.py:270: UserWarning: User provided device_type of 'cuda', but CUDA is not available. Disabling
(pid=795833, ip=10.124.45.23)   warnings.warn(
(pid=795833, ip=10.124.45.23) Modular Diffusers is currently an experimental feature under active development. The API is subject to breaking changes in future releases.
(pid=795830, ip=10.124.45.23) /usr/local/lib/python3.12/dist-packages/torch/amp/autocast_mode.py:270: UserWarning: User provided device_type of 'cuda', but CUDA is not available. Disabling
(pid=795830, ip=10.124.45.23)   warnings.warn(
(pid=795830, ip=10.124.45.23) Modular Diffusers is currently an experimental feature under active development. The API is subject to breaking changes in future releases.
(pid=795834, ip=10.124.45.23) /usr/local/lib/python3.12/dist-packages/torch/amp/autocast_mode.py:270: UserWarning: User provided device_type of 'cuda', but CUDA is not available. Disabling
(pid=795834, ip=10.124.45.23)   warnings.warn(
(pid=795834, ip=10.124.45.23) Modular Diffusers is currently an experimental feature under active development. The API is subject to breaking changes in future releases.
(GlobalRequestLoadBalancer pid=795816, ip=10.124.45.23) /sgl-workspace/sglang/python/sglang/srt/layers/attention/fla/utils.py:212: UserWarning: Triton is not supported on current platform, roll back to CPU.
(GlobalRequestLoadBalancer pid=795816, ip=10.124.45.23)   warnings.warn(
(GlobalRequestLoadBalancer pid=795816, ip=10.124.45.23) /sgl-workspace/sglang/python/sglang/srt/layers/quantization/awq.py:76: UserWarning: Only CUDA, HIP and XPU support AWQ currently.
(GlobalRequestLoadBalancer pid=795816, ip=10.124.45.23)   warnings.warn(f"Only CUDA, HIP and XPU support AWQ currently.")
(WorkerDict pid=790903, ip=10.124.45.23) [Gloo] Rank 0 is connected to 0 peer ranks. Expected number of connected peer ranks is : 0
(WorkerDict pid=790903, ip=10.124.45.23) [Gloo] Rank 0 is connected to 0 peer ranks. Expected number of connected peer ranks is : 0
(WorkerDict pid=790906, ip=10.124.45.23) [Gloo] Rank 7 is connected to 7 peer ranks. Expected number of connected peer ranks is : 7
(WorkerDict pid=790906, ip=10.124.45.23) [Gloo] Rank 0 is connected to 0 peer ranks. Expected number of connected peer ranks is : 0
(WorkerDict pid=790906, ip=10.124.45.23) [Gloo] Rank 0 is connected to 0 peer ranks. Expected number of connected peer ranks is : 0
(WorkerDict pid=790900, ip=10.124.45.23) [Gloo] Rank 1 is connected to 7 peer ranks. Expected number of connected peer ranks is : 7
(WorkerDict pid=790900, ip=10.124.45.23) [Gloo] Rank 0 is connected to 0 peer ranks. Expected number of connected peer ranks is : 0
(WorkerDict pid=790900, ip=10.124.45.23) [Gloo] Rank 0 is connected to 0 peer ranks. Expected number of connected peer ranks is : 0
(WorkerDict pid=790902, ip=10.124.45.23) [Gloo] Rank 3 is connected to 7 peer ranks. Expected number of connected peer ranks is : 7
(WorkerDict pid=790902, ip=10.124.45.23) [Gloo] Rank 0 is connected to 0 peer ranks. Expected number of connected peer ranks is : 0
(WorkerDict pid=790902, ip=10.124.45.23) [Gloo] Rank 0 is connected to 0 peer ranks. Expected number of connected peer ranks is : 0
(WorkerDict pid=790905, ip=10.124.45.23) [Gloo] Rank 6 is connected to 7 peer ranks. Expected number of connected peer ranks is : 7
(WorkerDict pid=790905, ip=10.124.45.23) [Gloo] Rank 0 is connected to 0 peer ranks. Expected number of connected peer ranks is : 0
(WorkerDict pid=790905, ip=10.124.45.23) [Gloo] Rank 0 is connected to 0 peer ranks. Expected number of connected peer ranks is : 0
(WorkerDict pid=790904, ip=10.124.45.23) [Gloo] Rank 5 is connected to 7 peer ranks. Expected number of connected peer ranks is : 7
(WorkerDict pid=790904, ip=10.124.45.23) [Gloo] Rank 0 is connected to 0 peer ranks. Expected number of connected peer ranks is : 0
(WorkerDict pid=790904, ip=10.124.45.23) [Gloo] Rank 0 is connected to 0 peer ranks. Expected number of connected peer ranks is : 0
(SGLangHttpServer pid=793579, ip=10.124.45.23) SGLang http server: rollout_mode=<RolloutMode.HYBRID: 'hybrid'>, replica_rank=3, node_rank=0, nnodes=1, cuda_visible_devices='3', role=null
(SGLangHttpServer pid=793571, ip=10.124.45.23) SGLang http server: rollout_mode=<RolloutMode.HYBRID: 'hybrid'>, replica_rank=1, node_rank=0, nnodes=1, cuda_visible_devices='1', role=null
(SGLangHttpServer pid=793567, ip=10.124.45.23) SGLang http server: rollout_mode=<RolloutMode.HYBRID: 'hybrid'>, replica_rank=0, node_rank=0, nnodes=1, cuda_visible_devices='0', role=null
(SGLangHttpServer pid=793592, ip=10.124.45.23) SGLang http server: rollout_mode=<RolloutMode.HYBRID: 'hybrid'>, replica_rank=6, node_rank=0, nnodes=1, cuda_visible_devices='6', role=null
(SGLangHttpServer pid=793589, ip=10.124.45.23) SGLang http server: rollout_mode=<RolloutMode.HYBRID: 'hybrid'>, replica_rank=5, node_rank=0, nnodes=1, cuda_visible_devices='5', role=null
(SGLangHttpServer pid=793595, ip=10.124.45.23) SGLang http server: rollout_mode=<RolloutMode.HYBRID: 'hybrid'>, replica_rank=7, node_rank=0, nnodes=1, cuda_visible_devices='7', role=null
(SGLangHttpServer pid=793576, ip=10.124.45.23) SGLang http server: rollout_mode=<RolloutMode.HYBRID: 'hybrid'>, replica_rank=2, node_rank=0, nnodes=1, cuda_visible_devices='2', role=null
(SGLangHttpServer pid=793586, ip=10.124.45.23) SGLang http server: rollout_mode=<RolloutMode.HYBRID: 'hybrid'>, replica_rank=4, node_rank=0, nnodes=1, cuda_visible_devices='4', role=null
(SGLangHttpServer pid=793579, ip=10.124.45.23) [Gloo] Rank 0 is connected to 0 peer ranks. Expected number of connected peer ranks is : 0
(SGLangHttpServer pid=793579, ip=10.124.45.23) [Gloo] Rank 0 is connected to 0 peer ranks. Expected number of connected peer ranks is : 0
(SGLangHttpServer pid=793579, ip=10.124.45.23) [Gloo] Rank 0 is connected to 0 peer ranks. Expected number of connected peer ranks is : 0
(SGLangHttpServer pid=793571, ip=10.124.45.23) [Gloo] Rank 0 is connected to 0 peer ranks. Expected number of connected peer ranks is : 0
(SGLangHttpServer pid=793571, ip=10.124.45.23) [Gloo] Rank 0 is connected to 0 peer ranks. Expected number of connected peer ranks is : 0
(SGLangHttpServer pid=793571, ip=10.124.45.23) [Gloo] Rank 0 is connected to 0 peer ranks. Expected number of connected peer ranks is : 0
(SGLangHttpServer pid=793589, ip=10.124.45.23) [Gloo] Rank 0 is connected to 0 peer ranks. Expected number of connected peer ranks is : 0
(SGLangHttpServer pid=793589, ip=10.124.45.23) [Gloo] Rank 0 is connected to 0 peer ranks. Expected number of connected peer ranks is : 0
(SGLangHttpServer pid=793589, ip=10.124.45.23) [Gloo] Rank 0 is connected to 0 peer ranks. Expected number of connected peer ranks is : 0
(SGLangHttpServer pid=793567, ip=10.124.45.23) [Gloo] Rank 0 is connected to 0 peer ranks. Expected number of connected peer ranks is : 0
(SGLangHttpServer pid=793567, ip=10.124.45.23) [Gloo] Rank 0 is connected to 0 peer ranks. Expected number of connected peer ranks is : 0
(SGLangHttpServer pid=793567, ip=10.124.45.23) [Gloo] Rank 0 is connected to 0 peer ranks. Expected number of connected peer ranks is : 0
(SGLangHttpServer pid=793595, ip=10.124.45.23) [Gloo] Rank 0 is connected to 0 peer ranks. Expected number of connected peer ranks is : 0
(SGLangHttpServer pid=793595, ip=10.124.45.23) [Gloo] Rank 0 is connected to 0 peer ranks. Expected number of connected peer ranks is : 0
(SGLangHttpServer pid=793595, ip=10.124.45.23) [Gloo] Rank 0 is connected to 0 peer ranks. Expected number of connected peer ranks is : 0
(SGLangHttpServer pid=793576, ip=10.124.45.23) [Gloo] Rank 0 is connected to 0 peer ranks. Expected number of connected peer ranks is : 0
(SGLangHttpServer pid=793592, ip=10.124.45.23) [Gloo] Rank 0 is connected to 0 peer ranks. Expected number of connected peer ranks is : 0
(SGLangHttpServer pid=793576, ip=10.124.45.23) [Gloo] Rank 0 is connected to 0 peer ranks. Expected number of connected peer ranks is : 0
(SGLangHttpServer pid=793576, ip=10.124.45.23) [Gloo] Rank 0 is connected to 0 peer ranks. Expected number of connected peer ranks is : 0
(SGLangHttpServer pid=793592, ip=10.124.45.23) [Gloo] Rank 0 is connected to 0 peer ranks. Expected number of connected peer ranks is : 0
(SGLangHttpServer pid=793592, ip=10.124.45.23) [Gloo] Rank 0 is connected to 0 peer ranks. Expected number of connected peer ranks is : 0
(SGLangHttpServer pid=793586, ip=10.124.45.23) [Gloo] Rank 0 is connected to 0 peer ranks. Expected number of connected peer ranks is : 0
(SGLangHttpServer pid=793586, ip=10.124.45.23) [Gloo] Rank 0 is connected to 0 peer ranks. Expected number of connected peer ranks is : 0
(SGLangHttpServer pid=793586, ip=10.124.45.23) [Gloo] Rank 0 is connected to 0 peer ranks. Expected number of connected peer ranks is : 0
(TaskRunner pid=787663, ip=10.124.45.23) LLMServerManager: ['10.124.45.23:46543', '10.124.45.23:45707', '10.124.45.23:46953', '10.124.45.23:33413', '10.124.45.23:33229', '10.124.45.23:37249', '10.124.45.23:33367', '10.124.45.23:34419']
(TaskRunner pid=787663, ip=10.124.45.23) Updated Prometheus configuration at /tmp/ray/session_latest/metrics/prometheus/prometheus.yml with 8 SGLANG servers
(reload_prometheus pid=790790, ip=10.124.45.23) Reloading Prometheus on node: http://10.124.45.23:9090/-/reload
(AgentLoopWorker pid=795818, ip=10.124.45.23) Using dataset class: RLHFDataset
(AgentLoopWorker pid=795820, ip=10.124.45.23) Using dataset class: RLHFDataset
(AgentLoopWorker pid=795824, ip=10.124.45.23) Using dataset class: RLHFDataset
(AgentLoopWorker pid=795825, ip=10.124.45.23) Using dataset class: RLHFDataset
(AgentLoopWorker pid=795830, ip=10.124.45.23) Using dataset class: RLHFDataset
(AgentLoopWorker pid=795833, ip=10.124.45.23) Using dataset class: RLHFDataset
(AgentLoopWorker pid=795838, ip=10.124.45.23) Using dataset class: RLHFDataset
(AgentLoopWorker pid=795834, ip=10.124.45.23) Using dataset class: RLHFDataset
(TaskRunner pid=787663, ip=10.124.45.23) wandb: Tracking run with wandb version 0.13.95
(TaskRunner pid=787663, ip=10.124.45.23) wandb: Run data is saved locally in /home/tiger/verl/wandb/run-20260608_174016-run_20260608_bfeb00f7
(TaskRunner pid=787663, ip=10.124.45.23) wandb: Run `wandb offline` to turn off syncing.
(TaskRunner pid=787663, ip=10.124.45.23) wandb: WARNING func: save_file, err: save_file wandb init failed, skip.../
(GlobalRequestLoadBalancer pid=795816, ip=10.124.45.23) /sgl-workspace/sglang/python/sglang/srt/layers/quantization/gguf.py:47: UserWarning: Only CUDA support GGUF quantization currently.
(GlobalRequestLoadBalancer pid=795816, ip=10.124.45.23)   warnings.warn(f"Only CUDA support GGUF quantization currently.")
(GlobalRequestLoadBalancer pid=795816, ip=10.124.45.23) /usr/local/lib/python3.12/dist-packages/opentelemetry/proto/collector/logs/v1/logs_service_pb2_grpc.py:21: RuntimeWarning: The grpc package installed is at version 1.59.5, but the generated code in opentelemetry/proto/collector/logs/v1/logs_service_pb2_grpc.py depends on grpcio>=1.63.2. Please upgrade your grpc module to grpcio>=1.63.2 or downgrade your generated code using grpcio-tools<=1.59.5. This warning will become an error in 1.65.0, scheduled for release on June 25, 2024.
(GlobalRequestLoadBalancer pid=795816, ip=10.124.45.23)   warnings.warn(
(GlobalRequestLoadBalancer pid=795816, ip=10.124.45.23) /usr/local/lib/python3.12/dist-packages/opentelemetry/proto/collector/metrics/v1/metrics_service_pb2_grpc.py:21: RuntimeWarning: The grpc package installed is at version 1.59.5, but the generated code in opentelemetry/proto/collector/metrics/v1/metrics_service_pb2_grpc.py depends on grpcio>=1.63.2. Please upgrade your grpc module to grpcio>=1.63.2 or downgrade your generated code using grpcio-tools<=1.59.5. This warning will become an error in 1.65.0, scheduled for release on June 25, 2024.
(GlobalRequestLoadBalancer pid=795816, ip=10.124.45.23)   warnings.warn(
(GlobalRequestLoadBalancer pid=795816, ip=10.124.45.23) /usr/local/lib/python3.12/dist-packages/opentelemetry/proto/collector/trace/v1/trace_service_pb2_grpc.py:21: RuntimeWarning: The grpc package installed is at version 1.59.5, but the generated code in opentelemetry/proto/collector/trace/v1/trace_service_pb2_grpc.py depends on grpcio>=1.63.2. Please upgrade your grpc module to grpcio>=1.63.2 or downgrade your generated code using grpcio-tools<=1.59.5. This warning will become an error in 1.65.0, scheduled for release on June 25, 2024.
(GlobalRequestLoadBalancer pid=795816, ip=10.124.45.23)   warnings.warn(
(GlobalRequestLoadBalancer pid=795816, ip=10.124.45.23) <frozen importlib._bootstrap_external>:1297: FutureWarning: The cuda.cudart module is deprecated and will be removed in a future release, please switch to use the cuda.bindings.runtime module instead.
(GlobalRequestLoadBalancer pid=795816, ip=10.124.45.23) <frozen importlib._bootstrap_external>:1297: FutureWarning: The cuda.nvrtc module is deprecated and will be removed in a future release, please switch to use the cuda.bindings.nvrtc module instead.
