(SGLangHttpServer pid=1071077, ip=10.124.45.23) Capturing batches (bs=192 avail_mem=27.44 GB):  25%|██▌       | 9/36 [00:00<00:02, 10.81it/s]Capturing batches (bs=184 avail_mem=27.43 GB):  25%|██▌       | 9/36 [00:00<00:02, 10.81it/s]Capturing batches (bs=176 avail_mem=27.43 GB):  25%|██▌       | 9/36 [00:01<00:02, 10.81it/s]
(SGLangHttpServer pid=1071085, ip=10.124.45.23) Capturing batches (bs=128 avail_mem=27.40 GB):  47%|████▋     | 17/36 [00:01<00:01, 12.60it/s]Capturing batches (bs=120 avail_mem=27.39 GB):  47%|████▋     | 17/36 [00:01<00:01, 12.60it/s]Capturing batches (bs=112 avail_mem=27.38 GB):  47%|████▋     | 17/36 [00:01<00:01, 12.60it/s]
(SGLangHttpServer pid=1071064, ip=10.124.45.23) Capturing batches (bs=160 avail_mem=28.65 GB):  31%|███       | 11/36 [00:01<00:02, 11.55it/s]
(SGLangHttpServer pid=1071068, ip=10.124.45.23) Capturing batches (bs=144 avail_mem=27.41 GB):  42%|████▏     | 15/36 [00:01<00:01, 12.25it/s]Capturing batches (bs=136 avail_mem=27.40 GB):  42%|████▏     | 15/36 [00:01<00:01, 12.25it/s]
(SGLangHttpServer pid=1071065, ip=10.124.45.23) Capturing batches (bs=144 avail_mem=27.41 GB):  42%|████▏     | 15/36 [00:01<00:01, 12.81it/s]Capturing batches (bs=136 avail_mem=27.40 GB):  42%|████▏     | 15/36 [00:01<00:01, 12.81it/s]
(SGLangHttpServer pid=1071071, ip=10.124.45.23) Capturing batches (bs=1 avail_mem=27.29 GB): 100%|██████████| 36/36 [00:02<00:00, 14.63it/s]
(SGLangHttpServer pid=1071074, ip=10.124.45.23) Capturing batches (bs=200 avail_mem=27.44 GB):  22%|██▏       | 8/36 [00:00<00:02, 10.53it/s]Capturing batches (bs=192 avail_mem=27.44 GB):  22%|██▏       | 8/36 [00:00<00:02, 10.53it/s]Capturing batches (bs=184 avail_mem=27.43 GB):  22%|██▏       | 8/36 [00:00<00:02, 10.53it/s]
(SGLangHttpServer pid=1071081, ip=10.124.45.23) Capturing batches (bs=176 avail_mem=27.43 GB):  25%|██▌       | 9/36 [00:01<00:02, 10.73it/s]Capturing batches (bs=176 avail_mem=27.43 GB):  31%|███       | 11/36 [00:01<00:02, 11.54it/s]Capturing batches (bs=168 avail_mem=27.42 GB):  31%|███       | 11/36 [00:01<00:02, 11.54it/s]
(SGLangHttpServer pid=1071077, ip=10.124.45.23) Capturing batches (bs=176 avail_mem=27.43 GB):  31%|███       | 11/36 [00:01<00:02, 11.40it/s]Capturing batches (bs=168 avail_mem=27.42 GB):  31%|███       | 11/36 [00:01<00:02, 11.40it/s]
(SGLangHttpServer pid=1071085, ip=10.124.45.23) Capturing batches (bs=112 avail_mem=27.38 GB):  53%|█████▎    | 19/36 [00:01<00:01, 13.06it/s]Capturing batches (bs=104 avail_mem=27.38 GB):  53%|█████▎    | 19/36 [00:01<00:01, 13.06it/s]
(SGLangHttpServer pid=1071064, ip=10.124.45.23) Capturing batches (bs=160 avail_mem=28.65 GB):  36%|███▌      | 13/36 [00:01<00:01, 12.05it/s]Capturing batches (bs=152 avail_mem=28.64 GB):  36%|███▌      | 13/36 [00:01<00:01, 12.05it/s]Capturing batches (bs=144 avail_mem=28.64 GB):  36%|███▌      | 13/36 [00:01<00:01, 12.05it/s]
(SGLangHttpServer pid=1071068, ip=10.124.45.23) Capturing batches (bs=128 avail_mem=27.40 GB):  42%|████▏     | 15/36 [00:01<00:01, 12.25it/s]Capturing batches (bs=128 avail_mem=27.40 GB):  47%|████▋     | 17/36 [00:01<00:01, 12.55it/s]Capturing batches (bs=120 avail_mem=27.39 GB):  47%|████▋     | 17/36 [00:01<00:01, 12.55it/s]
(SGLangHttpServer pid=1071065, ip=10.124.45.23) Capturing batches (bs=128 avail_mem=27.40 GB):  42%|████▏     | 15/36 [00:01<00:01, 12.81it/s]Capturing batches (bs=128 avail_mem=27.40 GB):  47%|████▋     | 17/36 [00:01<00:01, 12.86it/s]Capturing batches (bs=120 avail_mem=27.39 GB):  47%|████▋     | 17/36 [00:01<00:01, 12.86it/s]
(SGLangHttpServer pid=1071074, ip=10.124.45.23) Capturing batches (bs=184 avail_mem=27.43 GB):  28%|██▊       | 10/36 [00:01<00:02, 11.38it/s]Capturing batches (bs=176 avail_mem=27.43 GB):  28%|██▊       | 10/36 [00:01<00:02, 11.38it/s]
(SGLangHttpServer pid=1071081, ip=10.124.45.23) Capturing batches (bs=160 avail_mem=27.42 GB):  31%|███       | 11/36 [00:01<00:02, 11.54it/s]
(SGLangHttpServer pid=1071077, ip=10.124.45.23) Capturing batches (bs=160 avail_mem=27.42 GB):  31%|███       | 11/36 [00:01<00:02, 11.40it/s]Capturing batches (bs=160 avail_mem=27.42 GB):  36%|███▌      | 13/36 [00:01<00:01, 11.95it/s]Capturing batches (bs=152 avail_mem=27.41 GB):  36%|███▌      | 13/36 [00:01<00:01, 11.95it/s]
(SGLangHttpServer pid=1071085, ip=10.124.45.23) Capturing batches (bs=96 avail_mem=27.37 GB):  53%|█████▎    | 19/36 [00:01<00:01, 13.06it/s] Capturing batches (bs=96 avail_mem=27.37 GB):  58%|█████▊    | 21/36 [00:01<00:01, 13.74it/s]Capturing batches (bs=88 avail_mem=27.36 GB):  58%|█████▊    | 21/36 [00:01<00:01, 13.74it/s]
(SGLangHttpServer pid=1071064, ip=10.124.45.23) Capturing batches (bs=144 avail_mem=28.64 GB):  42%|████▏     | 15/36 [00:01<00:01, 12.72it/s]Capturing batches (bs=136 avail_mem=28.63 GB):  42%|████▏     | 15/36 [00:01<00:01, 12.72it/s]
(SGLangHttpServer pid=1071068, ip=10.124.45.23) Capturing batches (bs=112 avail_mem=27.38 GB):  47%|████▋     | 17/36 [00:01<00:01, 12.55it/s]
(SGLangHttpServer pid=1071065, ip=10.124.45.23) Capturing batches (bs=112 avail_mem=27.38 GB):  47%|████▋     | 17/36 [00:01<00:01, 12.86it/s]
(SGLangHttpServer pid=1071074, ip=10.124.45.23) Capturing batches (bs=168 avail_mem=27.42 GB):  28%|██▊       | 10/36 [00:01<00:02, 11.38it/s]Capturing batches (bs=168 avail_mem=27.42 GB):  33%|███▎      | 12/36 [00:01<00:01, 12.04it/s]Capturing batches (bs=160 avail_mem=27.42 GB):  33%|███▎      | 12/36 [00:01<00:01, 12.04it/s]
(SGLangHttpServer pid=1071081, ip=10.124.45.23) Capturing batches (bs=160 avail_mem=27.42 GB):  36%|███▌      | 13/36 [00:01<00:01, 12.04it/s]Capturing batches (bs=152 avail_mem=27.41 GB):  36%|███▌      | 13/36 [00:01<00:01, 12.04it/s]Capturing batches (bs=144 avail_mem=27.41 GB):  36%|███▌      | 13/36 [00:01<00:01, 12.04it/s]
(SGLangHttpServer pid=1071077, ip=10.124.45.23) Capturing batches (bs=144 avail_mem=27.41 GB):  36%|███▌      | 13/36 [00:01<00:01, 11.95it/s]
(SGLangHttpServer pid=1071085, ip=10.124.45.23) Capturing batches (bs=80 avail_mem=27.36 GB):  58%|█████▊    | 21/36 [00:01<00:01, 13.74it/s]
(SGLangHttpServer pid=1071064, ip=10.124.45.23) Capturing batches (bs=128 avail_mem=28.63 GB):  42%|████▏     | 15/36 [00:01<00:01, 12.72it/s]
(SGLangHttpServer pid=1071068, ip=10.124.45.23) Capturing batches (bs=112 avail_mem=27.38 GB):  53%|█████▎    | 19/36 [00:01<00:01, 13.05it/s]Capturing batches (bs=104 avail_mem=27.38 GB):  53%|█████▎    | 19/36 [00:01<00:01, 13.05it/s]Capturing batches (bs=96 avail_mem=27.37 GB):  53%|█████▎    | 19/36 [00:01<00:01, 13.05it/s] 
(SGLangHttpServer pid=1071065, ip=10.124.45.23) Capturing batches (bs=112 avail_mem=27.38 GB):  53%|█████▎    | 19/36 [00:01<00:01, 13.25it/s]Capturing batches (bs=104 avail_mem=27.38 GB):  53%|█████▎    | 19/36 [00:01<00:01, 13.25it/s]Capturing batches (bs=96 avail_mem=27.37 GB):  53%|█████▎    | 19/36 [00:01<00:01, 13.25it/s] 
(SGLangHttpServer pid=1071074, ip=10.124.45.23) Capturing batches (bs=152 avail_mem=27.41 GB):  33%|███▎      | 12/36 [00:01<00:01, 12.04it/s]
(SGLangHttpServer pid=1071081, ip=10.124.45.23) Capturing batches (bs=144 avail_mem=27.41 GB):  42%|████▏     | 15/36 [00:01<00:01, 12.63it/s]Capturing batches (bs=136 avail_mem=27.40 GB):  42%|████▏     | 15/36 [00:01<00:01, 12.63it/s]
(SGLangHttpServer pid=1071077, ip=10.124.45.23) Capturing batches (bs=144 avail_mem=27.41 GB):  42%|████▏     | 15/36 [00:01<00:01, 12.12it/s]Capturing batches (bs=136 avail_mem=27.40 GB):  42%|████▏     | 15/36 [00:01<00:01, 12.12it/s]Capturing batches (bs=128 avail_mem=27.40 GB):  42%|████▏     | 15/36 [00:01<00:01, 12.12it/s]
(SGLangHttpServer pid=1071085, ip=10.124.45.23) Capturing batches (bs=80 avail_mem=27.36 GB):  64%|██████▍   | 23/36 [00:01<00:00, 13.67it/s]Capturing batches (bs=72 avail_mem=27.35 GB):  64%|██████▍   | 23/36 [00:01<00:00, 13.67it/s]Capturing batches (bs=64 avail_mem=27.35 GB):  64%|██████▍   | 23/36 [00:01<00:00, 13.67it/s]
(SGLangHttpServer pid=1071064, ip=10.124.45.23) Capturing batches (bs=128 avail_mem=28.63 GB):  47%|████▋     | 17/36 [00:01<00:01, 12.75it/s]Capturing batches (bs=120 avail_mem=28.62 GB):  47%|████▋     | 17/36 [00:01<00:01, 12.75it/s]
(SGLangHttpServer pid=1071064, ip=10.124.45.23) Capturing batches (bs=112 avail_mem=28.61 GB):  47%|████▋     | 17/36 [00:01<00:01, 12.75it/s]
(SGLangHttpServer pid=1071068, ip=10.124.45.23) Capturing batches (bs=96 avail_mem=27.37 GB):  58%|█████▊    | 21/36 [00:01<00:01, 13.47it/s]Capturing batches (bs=88 avail_mem=27.36 GB):  58%|█████▊    | 21/36 [00:01<00:01, 13.47it/s]
(SGLangHttpServer pid=1071065, ip=10.124.45.23) Capturing batches (bs=96 avail_mem=27.37 GB):  58%|█████▊    | 21/36 [00:01<00:01, 13.82it/s]Capturing batches (bs=88 avail_mem=27.36 GB):  58%|█████▊    | 21/36 [00:01<00:01, 13.82it/s]Capturing batches (bs=80 avail_mem=27.36 GB):  58%|█████▊    | 21/36 [00:01<00:01, 13.82it/s]
(SGLangHttpServer pid=1071074, ip=10.124.45.23) Capturing batches (bs=152 avail_mem=27.41 GB):  39%|███▉      | 14/36 [00:01<00:01, 12.39it/s]Capturing batches (bs=144 avail_mem=27.41 GB):  39%|███▉      | 14/36 [00:01<00:01, 12.39it/s]Capturing batches (bs=136 avail_mem=27.40 GB):  39%|███▉      | 14/36 [00:01<00:01, 12.39it/s]
(SGLangHttpServer pid=1071081, ip=10.124.45.23) Capturing batches (bs=128 avail_mem=27.40 GB):  42%|████▏     | 15/36 [00:01<00:01, 12.63it/s]Capturing batches (bs=128 avail_mem=27.40 GB):  47%|████▋     | 17/36 [00:01<00:01, 12.91it/s]Capturing batches (bs=120 avail_mem=27.39 GB):  47%|████▋     | 17/36 [00:01<00:01, 12.91it/s]
(SGLangHttpServer pid=1071077, ip=10.124.45.23) Capturing batches (bs=128 avail_mem=27.40 GB):  47%|████▋     | 17/36 [00:01<00:01, 12.55it/s]Capturing batches (bs=120 avail_mem=27.39 GB):  47%|████▋     | 17/36 [00:01<00:01, 12.55it/s]
(SGLangHttpServer pid=1071085, ip=10.124.45.23) Capturing batches (bs=64 avail_mem=27.35 GB):  69%|██████▉   | 25/36 [00:02<00:00, 13.98it/s]Capturing batches (bs=56 avail_mem=27.34 GB):  69%|██████▉   | 25/36 [00:02<00:00, 13.98it/s]Capturing batches (bs=48 avail_mem=27.34 GB):  69%|██████▉   | 25/36 [00:02<00:00, 13.98it/s]
(SGLangHttpServer pid=1071064, ip=10.124.45.23) Capturing batches (bs=112 avail_mem=28.61 GB):  53%|█████▎    | 19/36 [00:01<00:01, 13.28it/s]Capturing batches (bs=104 avail_mem=28.60 GB):  53%|█████▎    | 19/36 [00:01<00:01, 13.28it/s]Capturing batches (bs=96 avail_mem=28.60 GB):  53%|█████▎    | 19/36 [00:01<00:01, 13.28it/s] 
(SGLangHttpServer pid=1071068, ip=10.124.45.23) Capturing batches (bs=80 avail_mem=27.36 GB):  58%|█████▊    | 21/36 [00:01<00:01, 13.47it/s]Capturing batches (bs=80 avail_mem=27.36 GB):  64%|██████▍   | 23/36 [00:01<00:00, 14.06it/s]Capturing batches (bs=72 avail_mem=27.35 GB):  64%|██████▍   | 23/36 [00:01<00:00, 14.06it/s]
(SGLangHttpServer pid=1071065, ip=10.124.45.23) Capturing batches (bs=80 avail_mem=27.36 GB):  64%|██████▍   | 23/36 [00:01<00:00, 14.32it/s]Capturing batches (bs=72 avail_mem=27.35 GB):  64%|██████▍   | 23/36 [00:01<00:00, 14.32it/s]
(SGLangHttpServer pid=1071074, ip=10.124.45.23) Capturing batches (bs=136 avail_mem=27.40 GB):  44%|████▍     | 16/36 [00:01<00:01, 13.00it/s]Capturing batches (bs=128 avail_mem=27.40 GB):  44%|████▍     | 16/36 [00:01<00:01, 13.00it/s]
(SGLangHttpServer pid=1071081, ip=10.124.45.23) Capturing batches (bs=112 avail_mem=27.38 GB):  47%|████▋     | 17/36 [00:01<00:01, 12.91it/s]
(SGLangHttpServer pid=1071077, ip=10.124.45.23) Capturing batches (bs=112 avail_mem=27.38 GB):  47%|████▋     | 17/36 [00:01<00:01, 12.55it/s]Capturing batches (bs=112 avail_mem=27.38 GB):  53%|█████▎    | 19/36 [00:01<00:01, 13.25it/s]Capturing batches (bs=104 avail_mem=27.38 GB):  53%|█████▎    | 19/36 [00:01<00:01, 13.25it/s]
(SGLangHttpServer pid=1071085, ip=10.124.45.23) Capturing batches (bs=48 avail_mem=27.34 GB):  75%|███████▌  | 27/36 [00:02<00:00, 14.89it/s]Capturing batches (bs=40 avail_mem=27.33 GB):  75%|███████▌  | 27/36 [00:02<00:00, 14.89it/s]Capturing batches (bs=32 avail_mem=27.33 GB):  75%|███████▌  | 27/36 [00:02<00:00, 14.89it/s]
(SGLangHttpServer pid=1071064, ip=10.124.45.23) Capturing batches (bs=96 avail_mem=28.60 GB):  58%|█████▊    | 21/36 [00:01<00:01, 14.11it/s]Capturing batches (bs=88 avail_mem=28.59 GB):  58%|█████▊    | 21/36 [00:01<00:01, 14.11it/s]Capturing batches (bs=80 avail_mem=28.59 GB):  58%|█████▊    | 21/36 [00:01<00:01, 14.11it/s]
(SGLangHttpServer pid=1071068, ip=10.124.45.23) Capturing batches (bs=64 avail_mem=27.35 GB):  64%|██████▍   | 23/36 [00:01<00:00, 14.06it/s]Capturing batches (bs=64 avail_mem=27.35 GB):  69%|██████▉   | 25/36 [00:02<00:00, 14.91it/s]Capturing batches (bs=56 avail_mem=27.34 GB):  69%|██████▉   | 25/36 [00:02<00:00, 14.91it/s]
(SGLangHttpServer pid=1071065, ip=10.124.45.23) Capturing batches (bs=64 avail_mem=27.35 GB):  64%|██████▍   | 23/36 [00:01<00:00, 14.32it/s]Capturing batches (bs=64 avail_mem=27.35 GB):  69%|██████▉   | 25/36 [00:01<00:00, 14.96it/s]Capturing batches (bs=56 avail_mem=27.34 GB):  69%|██████▉   | 25/36 [00:01<00:00, 14.96it/s]
(SGLangHttpServer pid=1071074, ip=10.124.45.23) Capturing batches (bs=120 avail_mem=27.39 GB):  44%|████▍     | 16/36 [00:01<00:01, 13.00it/s]Capturing batches (bs=120 avail_mem=27.39 GB):  50%|█████     | 18/36 [00:01<00:01, 13.32it/s]Capturing batches (bs=112 avail_mem=27.38 GB):  50%|█████     | 18/36 [00:01<00:01, 13.32it/s]
(SGLangHttpServer pid=1071081, ip=10.124.45.23) Capturing batches (bs=112 avail_mem=27.38 GB):  53%|█████▎    | 19/36 [00:01<00:01, 13.69it/s]Capturing batches (bs=104 avail_mem=27.38 GB):  53%|█████▎    | 19/36 [00:01<00:01, 13.69it/s]Capturing batches (bs=96 avail_mem=27.37 GB):  53%|█████▎    | 19/36 [00:01<00:01, 13.69it/s] 
(SGLangHttpServer pid=1071077, ip=10.124.45.23) Capturing batches (bs=96 avail_mem=27.37 GB):  53%|█████▎    | 19/36 [00:01<00:01, 13.25it/s] Capturing batches (bs=96 avail_mem=27.37 GB):  58%|█████▊    | 21/36 [00:01<00:01, 14.31it/s]Capturing batches (bs=88 avail_mem=27.36 GB):  58%|█████▊    | 21/36 [00:01<00:01, 14.31it/s]
(SGLangHttpServer pid=1071085, ip=10.124.45.23) Capturing batches (bs=32 avail_mem=27.33 GB):  81%|████████  | 29/36 [00:02<00:00, 15.91it/s]Capturing batches (bs=24 avail_mem=27.32 GB):  81%|████████  | 29/36 [00:02<00:00, 15.91it/s]Capturing batches (bs=16 avail_mem=27.32 GB):  81%|████████  | 29/36 [00:02<00:00, 15.91it/s]
(SGLangHttpServer pid=1071064, ip=10.124.45.23) Capturing batches (bs=80 avail_mem=28.59 GB):  64%|██████▍   | 23/36 [00:01<00:00, 14.92it/s]Capturing batches (bs=72 avail_mem=28.58 GB):  64%|██████▍   | 23/36 [00:01<00:00, 14.92it/s]Capturing batches (bs=64 avail_mem=28.58 GB):  64%|██████▍   | 23/36 [00:01<00:00, 14.92it/s]
(SGLangHttpServer pid=1071068, ip=10.124.45.23) Capturing batches (bs=48 avail_mem=27.34 GB):  69%|██████▉   | 25/36 [00:02<00:00, 14.91it/s]Capturing batches (bs=48 avail_mem=27.34 GB):  75%|███████▌  | 27/36 [00:02<00:00, 15.82it/s]Capturing batches (bs=40 avail_mem=27.33 GB):  75%|███████▌  | 27/36 [00:02<00:00, 15.82it/s]
(SGLangHttpServer pid=1071065, ip=10.124.45.23) Capturing batches (bs=48 avail_mem=27.34 GB):  69%|██████▉   | 25/36 [00:02<00:00, 14.96it/s]Capturing batches (bs=48 avail_mem=27.34 GB):  75%|███████▌  | 27/36 [00:02<00:00, 15.61it/s]Capturing batches (bs=40 avail_mem=27.33 GB):  75%|███████▌  | 27/36 [00:02<00:00, 15.61it/s]
(SGLangHttpServer pid=1071074, ip=10.124.45.23) Capturing batches (bs=104 avail_mem=27.38 GB):  50%|█████     | 18/36 [00:01<00:01, 13.32it/s]Capturing batches (bs=104 avail_mem=27.38 GB):  56%|█████▌    | 20/36 [00:01<00:01, 14.37it/s]Capturing batches (bs=96 avail_mem=27.37 GB):  56%|█████▌    | 20/36 [00:01<00:01, 14.37it/s] 
(SGLangHttpServer pid=1071081, ip=10.124.45.23) Capturing batches (bs=96 avail_mem=27.37 GB):  58%|█████▊    | 21/36 [00:01<00:01, 14.13it/s]Capturing batches (bs=88 avail_mem=27.36 GB):  58%|█████▊    | 21/36 [00:01<00:01, 14.13it/s]Capturing batches (bs=80 avail_mem=27.36 GB):  58%|█████▊    | 21/36 [00:01<00:01, 14.13it/s]
(SGLangHttpServer pid=1071077, ip=10.124.45.23) Capturing batches (bs=80 avail_mem=27.36 GB):  58%|█████▊    | 21/36 [00:01<00:01, 14.31it/s]Capturing batches (bs=80 avail_mem=27.36 GB):  64%|██████▍   | 23/36 [00:01<00:00, 15.36it/s]Capturing batches (bs=72 avail_mem=27.35 GB):  64%|██████▍   | 23/36 [00:01<00:00, 15.36it/s]
(SGLangHttpServer pid=1071085, ip=10.124.45.23) Capturing batches (bs=16 avail_mem=27.32 GB):  86%|████████▌ | 31/36 [00:02<00:00, 15.58it/s]Capturing batches (bs=12 avail_mem=27.31 GB):  86%|████████▌ | 31/36 [00:02<00:00, 15.58it/s]Capturing batches (bs=8 avail_mem=27.31 GB):  86%|████████▌ | 31/36 [00:02<00:00, 15.58it/s] 
(SGLangHttpServer pid=1071064, ip=10.124.45.23) Capturing batches (bs=64 avail_mem=28.58 GB):  69%|██████▉   | 25/36 [00:01<00:00, 15.52it/s]Capturing batches (bs=56 avail_mem=28.57 GB):  69%|██████▉   | 25/36 [00:01<00:00, 15.52it/s]
(SGLangHttpServer pid=1071068, ip=10.124.45.23) Capturing batches (bs=32 avail_mem=27.33 GB):  75%|███████▌  | 27/36 [00:02<00:00, 15.82it/s]Capturing batches (bs=32 avail_mem=27.33 GB):  81%|████████  | 29/36 [00:02<00:00, 15.74it/s]Capturing batches (bs=24 avail_mem=27.32 GB):  81%|████████  | 29/36 [00:02<00:00, 15.74it/s]
(SGLangHttpServer pid=1071065, ip=10.124.45.23) Capturing batches (bs=32 avail_mem=27.33 GB):  75%|███████▌  | 27/36 [00:02<00:00, 15.61it/s]Capturing batches (bs=32 avail_mem=27.33 GB):  81%|████████  | 29/36 [00:02<00:00, 15.76it/s]Capturing batches (bs=24 avail_mem=27.32 GB):  81%|████████  | 29/36 [00:02<00:00, 15.76it/s]
(SGLangHttpServer pid=1071074, ip=10.124.45.23) Capturing batches (bs=88 avail_mem=27.36 GB):  56%|█████▌    | 20/36 [00:01<00:01, 14.37it/s]
(SGLangHttpServer pid=1071081, ip=10.124.45.23) Capturing batches (bs=80 avail_mem=27.36 GB):  64%|██████▍   | 23/36 [00:01<00:00, 14.72it/s]Capturing batches (bs=72 avail_mem=27.35 GB):  64%|██████▍   | 23/36 [00:01<00:00, 14.72it/s]
(SGLangHttpServer pid=1071077, ip=10.124.45.23) Capturing batches (bs=64 avail_mem=27.35 GB):  64%|██████▍   | 23/36 [00:01<00:00, 15.36it/s]
(SGLangHttpServer pid=1071085, ip=10.124.45.23) Capturing batches (bs=8 avail_mem=27.31 GB):  92%|█████████▏| 33/36 [00:02<00:00, 16.62it/s]Capturing batches (bs=4 avail_mem=27.30 GB):  92%|█████████▏| 33/36 [00:02<00:00, 16.62it/s]Capturing batches (bs=2 avail_mem=27.30 GB):  92%|█████████▏| 33/36 [00:02<00:00, 16.62it/s]
(SGLangHttpServer pid=1071064, ip=10.124.45.23) Capturing batches (bs=48 avail_mem=28.57 GB):  69%|██████▉   | 25/36 [00:02<00:00, 15.52it/s]
(SGLangHttpServer pid=1071074, ip=10.124.45.23) Capturing batches (bs=88 avail_mem=27.36 GB):  61%|██████    | 22/36 [00:01<00:00, 14.58it/s]Capturing batches (bs=80 avail_mem=27.36 GB):  61%|██████    | 22/36 [00:01<00:00, 14.58it/s]
(SGLangHttpServer pid=1071081, ip=10.124.45.23) Capturing batches (bs=64 avail_mem=27.35 GB):  64%|██████▍   | 23/36 [00:01<00:00, 14.72it/s]
(SGLangHttpServer pid=1071077, ip=10.124.45.23) Capturing batches (bs=64 avail_mem=27.35 GB):  69%|██████▉   | 25/36 [00:02<00:00, 15.77it/s]Capturing batches (bs=56 avail_mem=27.34 GB):  69%|██████▉   | 25/36 [00:02<00:00, 15.77it/s]
(SGLangHttpServer pid=1071064, ip=10.124.45.23) Capturing batches (bs=48 avail_mem=28.57 GB):  75%|███████▌  | 27/36 [00:02<00:00, 16.25it/s]Capturing batches (bs=40 avail_mem=28.56 GB):  75%|███████▌  | 27/36 [00:02<00:00, 16.25it/s]Capturing batches (bs=32 avail_mem=28.56 GB):  75%|███████▌  | 27/36 [00:02<00:00, 16.25it/s]
(SGLangHttpServer pid=1071068, ip=10.124.45.23) Capturing batches (bs=16 avail_mem=27.32 GB):  81%|████████  | 29/36 [00:02<00:00, 15.74it/s]
(SGLangHttpServer pid=1071065, ip=10.124.45.23) Capturing batches (bs=16 avail_mem=27.32 GB):  81%|████████  | 29/36 [00:02<00:00, 15.76it/s]
(SGLangHttpServer pid=1071074, ip=10.124.45.23) Capturing batches (bs=72 avail_mem=27.35 GB):  61%|██████    | 22/36 [00:01<00:00, 14.58it/s]Capturing batches (bs=72 avail_mem=27.35 GB):  67%|██████▋   | 24/36 [00:01<00:00, 15.47it/s]
(SGLangHttpServer pid=1071081, ip=10.124.45.23) Capturing batches (bs=64 avail_mem=27.35 GB):  69%|██████▉   | 25/36 [00:02<00:00, 15.64it/s]Capturing batches (bs=56 avail_mem=27.34 GB):  69%|██████▉   | 25/36 [00:02<00:00, 15.64it/s]Capturing batches (bs=48 avail_mem=27.34 GB):  69%|██████▉   | 25/36 [00:02<00:00, 15.64it/s]
(SGLangHttpServer pid=1071077, ip=10.124.45.23) Capturing batches (bs=48 avail_mem=27.34 GB):  69%|██████▉   | 25/36 [00:02<00:00, 15.77it/s]Capturing batches (bs=48 avail_mem=27.34 GB):  75%|███████▌  | 27/36 [00:02<00:00, 16.71it/s]Capturing batches (bs=40 avail_mem=27.33 GB):  75%|███████▌  | 27/36 [00:02<00:00, 16.71it/s]
(SGLangHttpServer pid=1071085, ip=10.124.45.23) Capturing batches (bs=2 avail_mem=27.30 GB):  97%|█████████▋| 35/36 [00:02<00:00, 17.42it/s]Capturing batches (bs=1 avail_mem=27.29 GB):  97%|█████████▋| 35/36 [00:02<00:00, 17.42it/s]Capturing batches (bs=1 avail_mem=27.29 GB): 100%|██████████| 36/36 [00:02<00:00, 13.65it/s]
(SGLangHttpServer pid=1071074, ip=10.124.45.23) Capturing batches (bs=64 avail_mem=27.35 GB):  67%|██████▋   | 24/36 [00:01<00:00, 15.47it/s]
(SGLangHttpServer pid=1071064, ip=10.124.45.23) Capturing batches (bs=32 avail_mem=28.56 GB):  81%|████████  | 29/36 [00:02<00:00, 16.34it/s]Capturing batches (bs=24 avail_mem=28.55 GB):  81%|████████  | 29/36 [00:02<00:00, 16.34it/s]Capturing batches (bs=16 avail_mem=28.55 GB):  81%|████████  | 29/36 [00:02<00:00, 16.34it/s]
(SGLangHttpServer pid=1071068, ip=10.124.45.23) Capturing batches (bs=16 avail_mem=27.32 GB):  86%|████████▌ | 31/36 [00:02<00:00, 15.01it/s]Capturing batches (bs=12 avail_mem=27.31 GB):  86%|████████▌ | 31/36 [00:02<00:00, 15.01it/s]Capturing batches (bs=8 avail_mem=27.31 GB):  86%|████████▌ | 31/36 [00:02<00:00, 15.01it/s] 
(SGLangHttpServer pid=1071065, ip=10.124.45.23) Capturing batches (bs=16 avail_mem=27.32 GB):  86%|████████▌ | 31/36 [00:02<00:00, 14.66it/s]Capturing batches (bs=12 avail_mem=27.31 GB):  86%|████████▌ | 31/36 [00:02<00:00, 14.66it/s]Capturing batches (bs=8 avail_mem=27.31 GB):  86%|████████▌ | 31/36 [00:02<00:00, 14.66it/s] 
(SGLangHttpServer pid=1071074, ip=10.124.45.23) Capturing batches (bs=56 avail_mem=27.34 GB):  67%|██████▋   | 24/36 [00:02<00:00, 15.47it/s]
(SGLangHttpServer pid=1071081, ip=10.124.45.23) Capturing batches (bs=48 avail_mem=27.34 GB):  75%|███████▌  | 27/36 [00:02<00:00, 16.33it/s]Capturing batches (bs=40 avail_mem=27.33 GB):  75%|███████▌  | 27/36 [00:02<00:00, 16.33it/s]Capturing batches (bs=32 avail_mem=27.33 GB):  75%|███████▌  | 27/36 [00:02<00:00, 16.33it/s]
(SGLangHttpServer pid=1071077, ip=10.124.45.23) Capturing batches (bs=32 avail_mem=27.33 GB):  75%|███████▌  | 27/36 [00:02<00:00, 16.71it/s]Capturing batches (bs=32 avail_mem=27.33 GB):  81%|████████  | 29/36 [00:02<00:00, 16.58it/s]
(SGLangHttpServer pid=1071077, ip=10.124.45.23) Capturing batches (bs=24 avail_mem=27.32 GB):  81%|████████  | 29/36 [00:02<00:00, 16.58it/s]
(SGLangHttpServer pid=1071068, ip=10.124.45.23) Capturing batches (bs=8 avail_mem=27.31 GB):  92%|█████████▏| 33/36 [00:02<00:00, 16.22it/s]Capturing batches (bs=4 avail_mem=27.30 GB):  92%|█████████▏| 33/36 [00:02<00:00, 16.22it/s]
(SGLangHttpServer pid=1071074, ip=10.124.45.23) Capturing batches (bs=56 avail_mem=27.34 GB):  72%|███████▏  | 26/36 [00:02<00:00, 15.88it/s]Capturing batches (bs=48 avail_mem=27.34 GB):  72%|███████▏  | 26/36 [00:02<00:00, 15.88it/s]
(SGLangHttpServer pid=1071064, ip=10.124.45.23) Capturing batches (bs=16 avail_mem=28.55 GB):  86%|████████▌ | 31/36 [00:02<00:00, 15.92it/s]Capturing batches (bs=12 avail_mem=28.54 GB):  86%|████████▌ | 31/36 [00:02<00:00, 15.92it/s]
(SGLangHttpServer pid=1071068, ip=10.124.45.23) Capturing batches (bs=2 avail_mem=27.30 GB):  92%|█████████▏| 33/36 [00:02<00:00, 16.22it/s]Capturing batches (bs=1 avail_mem=27.29 GB):  92%|█████████▏| 33/36 [00:02<00:00, 16.22it/s]
(SGLangHttpServer pid=1071065, ip=10.124.45.23) Capturing batches (bs=8 avail_mem=27.31 GB):  92%|█████████▏| 33/36 [00:02<00:00, 15.84it/s]Capturing batches (bs=4 avail_mem=27.30 GB):  92%|█████████▏| 33/36 [00:02<00:00, 15.84it/s]Capturing batches (bs=2 avail_mem=27.30 GB):  92%|█████████▏| 33/36 [00:02<00:00, 15.84it/s]
(SGLangHttpServer pid=1071074, ip=10.124.45.23) Capturing batches (bs=40 avail_mem=27.33 GB):  72%|███████▏  | 26/36 [00:02<00:00, 15.88it/s]Capturing batches (bs=32 avail_mem=27.33 GB):  72%|███████▏  | 26/36 [00:02<00:00, 15.88it/s]
(SGLangHttpServer pid=1071081, ip=10.124.45.23) Capturing batches (bs=32 avail_mem=27.33 GB):  81%|████████  | 29/36 [00:02<00:00, 16.72it/s]Capturing batches (bs=24 avail_mem=27.32 GB):  81%|████████  | 29/36 [00:02<00:00, 16.72it/s]Capturing batches (bs=16 avail_mem=27.32 GB):  81%|████████  | 29/36 [00:02<00:00, 16.72it/s]
(SGLangHttpServer pid=1071077, ip=10.124.45.23) Capturing batches (bs=16 avail_mem=27.32 GB):  81%|████████  | 29/36 [00:02<00:00, 16.58it/s]
(SGLangHttpServer pid=1071065, ip=10.124.45.23) Capturing batches (bs=2 avail_mem=27.30 GB):  97%|█████████▋| 35/36 [00:02<00:00, 16.86it/s]Capturing batches (bs=1 avail_mem=27.29 GB):  97%|█████████▋| 35/36 [00:02<00:00, 16.86it/s]
(SGLangHttpServer pid=1071064, ip=10.124.45.23) Capturing batches (bs=8 avail_mem=28.54 GB):  86%|████████▌ | 31/36 [00:02<00:00, 15.92it/s] Capturing batches (bs=4 avail_mem=28.53 GB):  86%|████████▌ | 31/36 [00:02<00:00, 15.92it/s]Capturing batches (bs=4 avail_mem=28.53 GB):  94%|█████████▍| 34/36 [00:02<00:00, 17.68it/s]Capturing batches (bs=2 avail_mem=28.53 GB):  94%|█████████▍| 34/36 [00:02<00:00, 17.68it/s]
(SGLangHttpServer pid=1071068, ip=10.124.45.23) Capturing batches (bs=1 avail_mem=27.29 GB): 100%|██████████| 36/36 [00:02<00:00, 17.74it/s]Capturing batches (bs=1 avail_mem=27.29 GB): 100%|██████████| 36/36 [00:02<00:00, 13.57it/s]
(SGLangHttpServer pid=1071065, ip=10.124.45.23) Capturing batches (bs=1 avail_mem=27.29 GB): 100%|██████████| 36/36 [00:02<00:00, 13.59it/s]
(SGLangHttpServer pid=1071074, ip=10.124.45.23) Capturing batches (bs=32 avail_mem=27.33 GB):  81%|████████  | 29/36 [00:02<00:00, 17.40it/s]Capturing batches (bs=24 avail_mem=27.32 GB):  81%|████████  | 29/36 [00:02<00:00, 17.40it/s]Capturing batches (bs=16 avail_mem=27.32 GB):  81%|████████  | 29/36 [00:02<00:00, 17.40it/s]
(SGLangHttpServer pid=1071081, ip=10.124.45.23) Capturing batches (bs=16 avail_mem=27.32 GB):  86%|████████▌ | 31/36 [00:02<00:00, 16.22it/s]Capturing batches (bs=12 avail_mem=27.31 GB):  86%|████████▌ | 31/36 [00:02<00:00, 16.22it/s]Capturing batches (bs=8 avail_mem=27.31 GB):  86%|████████▌ | 31/36 [00:02<00:00, 16.22it/s] 
(SGLangHttpServer pid=1071077, ip=10.124.45.23) Capturing batches (bs=16 avail_mem=27.32 GB):  86%|████████▌ | 31/36 [00:02<00:00, 15.96it/s]Capturing batches (bs=12 avail_mem=27.31 GB):  86%|████████▌ | 31/36 [00:02<00:00, 15.96it/s]Capturing batches (bs=8 avail_mem=27.31 GB):  86%|████████▌ | 31/36 [00:02<00:00, 15.96it/s] 
(SGLangHttpServer pid=1071077, ip=10.124.45.23) Capturing batches (bs=4 avail_mem=27.30 GB):  86%|████████▌ | 31/36 [00:02<00:00, 15.96it/s]
(SGLangHttpServer pid=1071064, ip=10.124.45.23) Capturing batches (bs=1 avail_mem=28.52 GB):  94%|█████████▍| 34/36 [00:02<00:00, 17.68it/s]Capturing batches (bs=1 avail_mem=28.52 GB): 100%|██████████| 36/36 [00:02<00:00, 13.87it/s]
(SGLangHttpServer pid=1071074, ip=10.124.45.23) Capturing batches (bs=16 avail_mem=27.32 GB):  86%|████████▌ | 31/36 [00:02<00:00, 16.73it/s]Capturing batches (bs=12 avail_mem=27.31 GB):  86%|████████▌ | 31/36 [00:02<00:00, 16.73it/s]Capturing batches (bs=8 avail_mem=27.31 GB):  86%|████████▌ | 31/36 [00:02<00:00, 16.73it/s] 
(SGLangHttpServer pid=1071081, ip=10.124.45.23) Capturing batches (bs=4 avail_mem=27.30 GB):  86%|████████▌ | 31/36 [00:02<00:00, 16.22it/s]Capturing batches (bs=4 avail_mem=27.30 GB):  94%|█████████▍| 34/36 [00:02<00:00, 17.80it/s]Capturing batches (bs=2 avail_mem=27.30 GB):  94%|█████████▍| 34/36 [00:02<00:00, 17.80it/s]
(SGLangHttpServer pid=1071077, ip=10.124.45.23) Capturing batches (bs=4 avail_mem=27.30 GB):  94%|█████████▍| 34/36 [00:02<00:00, 17.54it/s]Capturing batches (bs=2 avail_mem=27.30 GB):  94%|█████████▍| 34/36 [00:02<00:00, 17.54it/s]Capturing batches (bs=1 avail_mem=27.29 GB):  94%|█████████▍| 34/36 [00:02<00:00, 17.54it/s]
(SGLangHttpServer pid=1071074, ip=10.124.45.23) Capturing batches (bs=4 avail_mem=27.30 GB):  86%|████████▌ | 31/36 [00:02<00:00, 16.73it/s]Capturing batches (bs=4 avail_mem=27.30 GB):  94%|█████████▍| 34/36 [00:02<00:00, 18.08it/s]Capturing batches (bs=2 avail_mem=27.30 GB):  94%|█████████▍| 34/36 [00:02<00:00, 18.08it/s]
(SGLangHttpServer pid=1071081, ip=10.124.45.23) Capturing batches (bs=1 avail_mem=27.29 GB):  94%|█████████▍| 34/36 [00:02<00:00, 17.80it/s]Capturing batches (bs=1 avail_mem=27.29 GB): 100%|██████████| 36/36 [00:02<00:00, 13.79it/s]
(SGLangHttpServer pid=1071077, ip=10.124.45.23) Capturing batches (bs=1 avail_mem=27.29 GB): 100%|██████████| 36/36 [00:02<00:00, 13.76it/s]
(SGLangHttpServer pid=1071074, ip=10.124.45.23) Capturing batches (bs=1 avail_mem=27.29 GB):  94%|█████████▍| 34/36 [00:02<00:00, 18.08it/s]Capturing batches (bs=1 avail_mem=27.29 GB): 100%|██████████| 36/36 [00:02<00:00, 13.87it/s]
(WorkerDict pid=1068392, ip=10.124.45.23) [Gloo] Rank 0 is connected to 0 peer ranks. Expected number of connected peer ranks is : 0
(WorkerDict pid=1068389, ip=10.124.45.23) [Gloo] Rank 3 is connected to 7 peer ranks. Expected number of connected peer ranks is : 7
(WorkerDict pid=1068389, ip=10.124.45.23) [Gloo] Rank 0 is connected to 0 peer ranks. Expected number of connected peer ranks is : 0
(WorkerDict pid=1068389, ip=10.124.45.23) [Gloo] Rank 0 is connected to 0 peer ranks. Expected number of connected peer ranks is : 0
(WorkerDict pid=1068386, ip=10.124.45.23) After FSDP, memory allocated (GB): 3.81, memory reserved (GB): 18.74, device memory used/total (GB): 19.82/79.15
(WorkerDict pid=1068386, ip=10.124.45.23) Total steps: 1, num_warmup_steps: 0
(WorkerDict pid=1068386, ip=10.124.45.23) NCCL version 2.27.5+cuda12.9
(WorkerDict pid=1068386, ip=10.124.45.23) [Gloo] Rank 0 is connected to 7 peer ranks. Expected number of connected peer ranks is : 7
(WorkerDict pid=1068386, ip=10.124.45.23) [Gloo] Rank 0 is connected to 0 peer ranks. Expected number of connected peer ranks is : 0
(WorkerDict pid=1068386, ip=10.124.45.23) [Gloo] Rank 0 is connected to 0 peer ranks. Expected number of connected peer ranks is : 0
(WorkerDict pid=1068390, ip=10.124.45.23) [Gloo] Rank 4 is connected to 7 peer ranks. Expected number of connected peer ranks is : 7
(WorkerDict pid=1068390, ip=10.124.45.23) [Gloo] Rank 0 is connected to 0 peer ranks. Expected number of connected peer ranks is : 0
(WorkerDict pid=1068390, ip=10.124.45.23) [Gloo] Rank 0 is connected to 0 peer ranks. Expected number of connected peer ranks is : 0
(WorkerDict pid=1068393, ip=10.124.45.23) [Gloo] Rank 7 is connected to 7 peer ranks. Expected number of connected peer ranks is : 7
(WorkerDict pid=1068393, ip=10.124.45.23) [Gloo] Rank 0 is connected to 0 peer ranks. Expected number of connected peer ranks is : 0
(WorkerDict pid=1068393, ip=10.124.45.23) [Gloo] Rank 0 is connected to 0 peer ranks. Expected number of connected peer ranks is : 0
(WorkerDict pid=1068391, ip=10.124.45.23) [Gloo] Rank 5 is connected to 7 peer ranks. Expected number of connected peer ranks is : 7
(WorkerDict pid=1068391, ip=10.124.45.23) [Gloo] Rank 0 is connected to 0 peer ranks. Expected number of connected peer ranks is : 0
(WorkerDict pid=1068391, ip=10.124.45.23) [Gloo] Rank 0 is connected to 0 peer ranks. Expected number of connected peer ranks is : 0
(WorkerDict pid=1068388, ip=10.124.45.23) [Gloo] Rank 2 is connected to 7 peer ranks. Expected number of connected peer ranks is : 7
(WorkerDict pid=1068388, ip=10.124.45.23) [Gloo] Rank 0 is connected to 0 peer ranks. Expected number of connected peer ranks is : 0
(WorkerDict pid=1068388, ip=10.124.45.23) [Gloo] Rank 0 is connected to 0 peer ranks. Expected number of connected peer ranks is : 0
(WorkerDict pid=1068387, ip=10.124.45.23) [Gloo] Rank 1 is connected to 7 peer ranks. Expected number of connected peer ranks is : 7
(WorkerDict pid=1068387, ip=10.124.45.23) [Gloo] Rank 0 is connected to 0 peer ranks. Expected number of connected peer ranks is : 0
(WorkerDict pid=1068387, ip=10.124.45.23) [Gloo] Rank 0 is connected to 0 peer ranks. Expected number of connected peer ranks is : 0
(SGLangHttpServer pid=1071068, ip=10.124.45.23) SGLang http server: rollout_mode=<RolloutMode.HYBRID: 'hybrid'>, replica_rank=1, node_rank=0, nnodes=1, cuda_visible_devices='1', role=null
(SGLangHttpServer pid=1071065, ip=10.124.45.23) SGLang http server: rollout_mode=<RolloutMode.HYBRID: 'hybrid'>, replica_rank=2, node_rank=0, nnodes=1, cuda_visible_devices='2', role=null
(SGLangHttpServer pid=1071064, ip=10.124.45.23) SGLang http server: rollout_mode=<RolloutMode.HYBRID: 'hybrid'>, replica_rank=0, node_rank=0, nnodes=1, cuda_visible_devices='0', role=null
(SGLangHttpServer pid=1071071, ip=10.124.45.23) SGLang http server: rollout_mode=<RolloutMode.HYBRID: 'hybrid'>, replica_rank=3, node_rank=0, nnodes=1, cuda_visible_devices='3', role=null
(SGLangHttpServer pid=1071077, ip=10.124.45.23) SGLang http server: rollout_mode=<RolloutMode.HYBRID: 'hybrid'>, replica_rank=5, node_rank=0, nnodes=1, cuda_visible_devices='5', role=null
(SGLangHttpServer pid=1071085, ip=10.124.45.23) SGLang http server: rollout_mode=<RolloutMode.HYBRID: 'hybrid'>, replica_rank=7, node_rank=0, nnodes=1, cuda_visible_devices='7', role=null
(SGLangHttpServer pid=1071081, ip=10.124.45.23) SGLang http server: rollout_mode=<RolloutMode.HYBRID: 'hybrid'>, replica_rank=6, node_rank=0, nnodes=1, cuda_visible_devices='6', role=null
(SGLangHttpServer pid=1071074, ip=10.124.45.23) SGLang http server: rollout_mode=<RolloutMode.HYBRID: 'hybrid'>, replica_rank=4, node_rank=0, nnodes=1, cuda_visible_devices='4', role=null
(SGLangHttpServer pid=1071071, ip=10.124.45.23) [Gloo] Rank 0 is connected to 0 peer ranks. Expected number of connected peer ranks is : 0
(SGLangHttpServer pid=1071071, ip=10.124.45.23) [Gloo] Rank 0 is connected to 0 peer ranks. Expected number of connected peer ranks is : 0
(SGLangHttpServer pid=1071071, ip=10.124.45.23) [Gloo] Rank 0 is connected to 0 peer ranks. Expected number of connected peer ranks is : 0
(SGLangHttpServer pid=1071085, ip=10.124.45.23) [Gloo] Rank 0 is connected to 0 peer ranks. Expected number of connected peer ranks is : 0
(SGLangHttpServer pid=1071085, ip=10.124.45.23) [Gloo] Rank 0 is connected to 0 peer ranks. Expected number of connected peer ranks is : 0
(SGLangHttpServer pid=1071085, ip=10.124.45.23) [Gloo] Rank 0 is connected to 0 peer ranks. Expected number of connected peer ranks is : 0
(SGLangHttpServer pid=1071068, ip=10.124.45.23) [Gloo] Rank 0 is connected to 0 peer ranks. Expected number of connected peer ranks is : 0
(SGLangHttpServer pid=1071068, ip=10.124.45.23) [Gloo] Rank 0 is connected to 0 peer ranks. Expected number of connected peer ranks is : 0
(SGLangHttpServer pid=1071068, ip=10.124.45.23) [Gloo] Rank 0 is connected to 0 peer ranks. Expected number of connected peer ranks is : 0
(SGLangHttpServer pid=1071065, ip=10.124.45.23) [Gloo] Rank 0 is connected to 0 peer ranks. Expected number of connected peer ranks is : 0
(SGLangHttpServer pid=1071064, ip=10.124.45.23) [Gloo] Rank 0 is connected to 0 peer ranks. Expected number of connected peer ranks is : 0
(SGLangHttpServer pid=1071064, ip=10.124.45.23) [Gloo] Rank 0 is connected to 0 peer ranks. Expected number of connected peer ranks is : 0
(SGLangHttpServer pid=1071064, ip=10.124.45.23) [Gloo] Rank 0 is connected to 0 peer ranks. Expected number of connected peer ranks is : 0
(SGLangHttpServer pid=1071065, ip=10.124.45.23) [Gloo] Rank 0 is connected to 0 peer ranks. Expected number of connected peer ranks is : 0
(SGLangHttpServer pid=1071065, ip=10.124.45.23) [Gloo] Rank 0 is connected to 0 peer ranks. Expected number of connected peer ranks is : 0
(SGLangHttpServer pid=1071077, ip=10.124.45.23) [Gloo] Rank 0 is connected to 0 peer ranks. Expected number of connected peer ranks is : 0
(SGLangHttpServer pid=1071077, ip=10.124.45.23) [Gloo] Rank 0 is connected to 0 peer ranks. Expected number of connected peer ranks is : 0
(SGLangHttpServer pid=1071077, ip=10.124.45.23) [Gloo] Rank 0 is connected to 0 peer ranks. Expected number of connected peer ranks is : 0
(SGLangHttpServer pid=1071074, ip=10.124.45.23) [Gloo] Rank 0 is connected to 0 peer ranks. Expected number of connected peer ranks is : 0
(SGLangHttpServer pid=1071074, ip=10.124.45.23) [Gloo] Rank 0 is connected to 0 peer ranks. Expected number of connected peer ranks is : 0
(SGLangHttpServer pid=1071074, ip=10.124.45.23) [Gloo] Rank 0 is connected to 0 peer ranks. Expected number of connected peer ranks is : 0
(SGLangHttpServer pid=1071081, ip=10.124.45.23) [Gloo] Rank 0 is connected to 0 peer ranks. Expected number of connected peer ranks is : 0
(SGLangHttpServer pid=1071081, ip=10.124.45.23) [Gloo] Rank 0 is connected to 0 peer ranks. Expected number of connected peer ranks is : 0
(SGLangHttpServer pid=1071081, ip=10.124.45.23) [Gloo] Rank 0 is connected to 0 peer ranks. Expected number of connected peer ranks is : 0
(TaskRunner pid=1066872, ip=10.124.45.23) wandb: WARNING func: get_project_by_name, err: Request failed! url: https://ml.bytedance.net/inner/GetTrackingProjectByName, req_body: {'Name': 'specTool'}, resp_body: b'{"ResponseMetadata":{"RequestId":"","Action":"","Version":"","Service":"","Region":"","Error":{"Code":"MissingAuthenticationToken","CodeN":1709801,"Message":"zti token not found, please use DOAS cli to run script","RawError":{},"HTTPCode":401}}}'
(TaskRunner pid=1066872, ip=10.124.45.23) wandb: WARNING func: get_project_by_name, err: Request failed! url: https://ml.bytedance.net/inner/GetTrackingProjectByName, req_body: {'Name': 'specTool'}, resp_body: b'{"ResponseMetadata":{"RequestId":"","Action":"","Version":"","Service":"","Region":"","Error":{"Code":"MissingAuthenticationToken","CodeN":1709801,"Message":"zti token not found, please use DOAS cli to run script","RawError":{},"HTTPCode":401}}}'
(TaskRunner pid=1066872, ip=10.124.45.23) wandb: WARNING func: create_project, err: Request failed! url: https://ml.bytedance.net/inner/CreateTrackingProject, req_body: {'Name': 'specTool'}, resp_body: b'{"ResponseMetadata":{"RequestId":"","Action":"","Version":"","Service":"","Region":"","Error":{"Code":"MissingAuthenticationToken","CodeN":1709801,"Message":"zti token not found, please use DOAS cli to run script","RawError":{},"HTTPCode":401}}}'
(TaskRunner pid=1066872, ip=10.124.45.23) wandb: WARNING func: alert, err: Request failed! url: https://ml.bytedance.net/inner/TrackingAlert, req_body: {'Title': 'Wandb Failed!', 'Text': 'Failed Function: create_project\nERR Message: Request failed! url: https://ml.bytedance.net/inner/CreateTrackingProject, req_body: {\'Name\': \'specTool\'}, resp_body: b\'{"ResponseMetadata":{"RequestId":"","Action":"","Version":"","Service":"","Region":"","Error":{"Code":"MissingAuthenticationToken","CodeN":1709801,"Message":"zti token not found, please use DOAS cli to run script","RawError":{},"HTTPCode":401}}}\''}, resp_body: b'{"ResponseMetadata":{"RequestId":"","Action":"","Version":"","Service":"","Region":"","Error":{"Code":"MissingAuthenticationToken","CodeN":1709801,"Message":"zti token not found, please use DOAS cli to run script","RawError":{},"HTTPCode":401}}}'
(TaskRunner pid=1066872, ip=10.124.45.23) wandb: ⭐️ View project at 
(TaskRunner pid=1066872, ip=10.124.45.23) wandb: - Waiting for wandb.init()...
(TaskRunner pid=1066872, ip=10.124.45.23) wandb: \ Waiting for wandb.init()...
(TaskRunner pid=1066872, ip=10.124.45.23) wandb: | Waiting for wandb.init()...
(TaskRunner pid=1066872, ip=10.124.45.23) wandb: WARNING func: create_run, err: Request failed! url: https://ml.bytedance.net/inner/CreateTrackingRun, req_body: {'ProjectId': '', 'Name': 'baseline_hotpotqa_qwen3_8b_sleep0_toolcalls1_bs192_rollout8_step1_lat8192_500pt_20260608_185940_bs192', 'RunId': 'run_20260608_85ab36e5', 'Description': None, 'OuterType': None, 'OuterId': None, 'Tags': None, 'OuterInfo': {'is_seed': False}}, resp_body: b'{"ResponseMetadata":{"RequestId":"","Action":"","Version":"","Service":"","Region":"","Error":{"Code":"MissingAuthenticationToken","CodeN":1709801,"Message":"zti token not found, please use DOAS cli to run script","RawError":{},"HTTPCode":401}}}'
(TaskRunner pid=1066872, ip=10.124.45.23) wandb: WARNING func: alert, err: Request failed! url: https://ml.bytedance.net/inner/TrackingAlert, req_body: {'Title': 'Wandb Failed!', 'Text': 'Failed Function: create_run\nERR Message: Request failed! url: https://ml.bytedance.net/inner/CreateTrackingRun, req_body: {\'ProjectId\': \'\', \'Name\': \'baseline_hotpotqa_qwen3_8b_sleep0_toolcalls1_bs192_rollout8_step1_lat8192_500pt_20260608_185940_bs192\', \'RunId\': \'run_20260608_85ab36e5\', \'Description\': None, \'OuterType\': None, \'OuterId\': None, \'Tags\': None, \'OuterInfo\': {\'is_seed\': False}}, resp_body: b\'{"ResponseMetadata":{"RequestId":"","Action":"","Version":"","Service":"","Region":"","Error":{"Code":"MissingAuthenticationToken","CodeN":1709801,"Message":"zti token not found, please use DOAS cli to run script","RawError":{},"HTTPCode":401}}}\''}, resp_body: b'{"ResponseMetadata":{"RequestId":"","Action":"","Version":"","Service":"","Region":"","Error":{"Code":"MissingAuthenticationToken","CodeN":1709801,"Message":"zti token not found, please use DOAS cli to run script","RawError":{},"HTTPCode":401}}}'
(TaskRunner pid=1066872, ip=10.124.45.23) wandb: 🚀 View run at 
(TaskRunner pid=1066872, ip=10.124.45.23) wandb: WARNING func: alert, err: Request failed! url: https://ml.bytedance.net/inner/TrackingAlert, req_body: {'Title': 'Tracking Run Created', 'Text': 'Created run [specTool/]()'}, resp_body: b'{"ResponseMetadata":{"RequestId":"","Action":"","Version":"","Service":"","Region":"","Error":{"Code":"MissingAuthenticationToken","CodeN":1709801,"Message":"zti token not found, please use DOAS cli to run script","RawError":{},"HTTPCode":401}}}'
(TaskRunner pid=1066872, ip=10.124.45.23) wandb: WARNING func: set_run_config, err: set_run_config wandb init failed, skip.../
(TaskRunner pid=1066872, ip=10.124.45.23) wandb: / Waiting for wandb.init()...
(GlobalRequestLoadBalancer pid=1073294, ip=10.124.45.23) /usr/local/lib/python3.12/dist-packages/torch/amp/autocast_mode.py:270: UserWarning: User provided device_type of 'cuda', but CUDA is not available. Disabling
(GlobalRequestLoadBalancer pid=1073294, ip=10.124.45.23)   warnings.warn(
(GlobalRequestLoadBalancer pid=1073294, ip=10.124.45.23) Modular Diffusers is currently an experimental feature under active development. The API is subject to breaking changes in future releases.
(pid=1073299, ip=10.124.45.23) /usr/local/lib/python3.12/dist-packages/torch/amp/autocast_mode.py:270: UserWarning: User provided device_type of 'cuda', but CUDA is not available. Disabling
(pid=1073299, ip=10.124.45.23)   warnings.warn(
(pid=1073299, ip=10.124.45.23) Modular Diffusers is currently an experimental feature under active development. The API is subject to breaking changes in future releases.
(pid=1073295, ip=10.124.45.23) /usr/local/lib/python3.12/dist-packages/torch/amp/autocast_mode.py:270: UserWarning: User provided device_type of 'cuda', but CUDA is not available. Disabling
(pid=1073295, ip=10.124.45.23)   warnings.warn(
(pid=1073295, ip=10.124.45.23) Modular Diffusers is currently an experimental feature under active development. The API is subject to breaking changes in future releases.
(pid=1073303, ip=10.124.45.23) /usr/local/lib/python3.12/dist-packages/torch/amp/autocast_mode.py:270: UserWarning: User provided device_type of 'cuda', but CUDA is not available. Disabling
(pid=1073303, ip=10.124.45.23)   warnings.warn(
(pid=1073303, ip=10.124.45.23) Modular Diffusers is currently an experimental feature under active development. The API is subject to breaking changes in future releases.
(pid=1073298, ip=10.124.45.23) /usr/local/lib/python3.12/dist-packages/torch/amp/autocast_mode.py:270: UserWarning: User provided device_type of 'cuda', but CUDA is not available. Disabling
(pid=1073298, ip=10.124.45.23)   warnings.warn(
(pid=1073298, ip=10.124.45.23) Modular Diffusers is currently an experimental feature under active development. The API is subject to breaking changes in future releases.
(pid=1073300, ip=10.124.45.23) /usr/local/lib/python3.12/dist-packages/torch/amp/autocast_mode.py:270: UserWarning: User provided device_type of 'cuda', but CUDA is not available. Disabling
(pid=1073300, ip=10.124.45.23)   warnings.warn(
(pid=1073307, ip=10.124.45.23) /usr/local/lib/python3.12/dist-packages/torch/amp/autocast_mode.py:270: UserWarning: User provided device_type of 'cuda', but CUDA is not available. Disabling
(pid=1073307, ip=10.124.45.23)   warnings.warn(
(pid=1073300, ip=10.124.45.23) Modular Diffusers is currently an experimental feature under active development. The API is subject to breaking changes in future releases.
(pid=1073307, ip=10.124.45.23) Modular Diffusers is currently an experimental feature under active development. The API is subject to breaking changes in future releases.
(pid=1073313, ip=10.124.45.23) /usr/local/lib/python3.12/dist-packages/torch/amp/autocast_mode.py:270: UserWarning: User provided device_type of 'cuda', but CUDA is not available. Disabling
(pid=1073313, ip=10.124.45.23)   warnings.warn(
(pid=1073309, ip=10.124.45.23) /usr/local/lib/python3.12/dist-packages/torch/amp/autocast_mode.py:270: UserWarning: User provided device_type of 'cuda', but CUDA is not available. Disabling
(pid=1073309, ip=10.124.45.23)   warnings.warn(
(pid=1073309, ip=10.124.45.23) Modular Diffusers is currently an experimental feature under active development. The API is subject to breaking changes in future releases.
(pid=1073313, ip=10.124.45.23) Modular Diffusers is currently an experimental feature under active development. The API is subject to breaking changes in future releases.
(GlobalRequestLoadBalancer pid=1073294, ip=10.124.45.23) /sgl-workspace/sglang/python/sglang/srt/layers/attention/fla/utils.py:212: UserWarning: Triton is not supported on current platform, roll back to CPU.
(GlobalRequestLoadBalancer pid=1073294, ip=10.124.45.23)   warnings.warn(
(GlobalRequestLoadBalancer pid=1073294, ip=10.124.45.23) /sgl-workspace/sglang/python/sglang/srt/layers/quantization/awq.py:76: UserWarning: Only CUDA, HIP and XPU support AWQ currently.
(GlobalRequestLoadBalancer pid=1073294, ip=10.124.45.23)   warnings.warn(f"Only CUDA, HIP and XPU support AWQ currently.")
(GlobalRequestLoadBalancer pid=1073294, ip=10.124.45.23) /sgl-workspace/sglang/python/sglang/srt/layers/quantization/gguf.py:47: UserWarning: Only CUDA support GGUF quantization currently.
(GlobalRequestLoadBalancer pid=1073294, ip=10.124.45.23)   warnings.warn(f"Only CUDA support GGUF quantization currently.")
(TaskRunner pid=1066872, ip=10.124.45.23) wandb: Tracking run with wandb version 0.13.95
(TaskRunner pid=1066872, ip=10.124.45.23) wandb: Run data is saved locally in /home/tiger/verl/wandb/run-20260608_190244-run_20260608_85ab36e5
(TaskRunner pid=1066872, ip=10.124.45.23) wandb: Run `wandb offline` to turn off syncing.
(TaskRunner pid=1066872, ip=10.124.45.23) wandb: WARNING func: save_file, err: save_file wandb init failed, skip.../
(GlobalRequestLoadBalancer pid=1073294, ip=10.124.45.23) /usr/local/lib/python3.12/dist-packages/opentelemetry/proto/collector/logs/v1/logs_service_pb2_grpc.py:21: RuntimeWarning: The grpc package installed is at version 1.59.5, but the generated code in opentelemetry/proto/collector/logs/v1/logs_service_pb2_grpc.py depends on grpcio>=1.63.2. Please upgrade your grpc module to grpcio>=1.63.2 or downgrade your generated code using grpcio-tools<=1.59.5. This warning will become an error in 1.65.0, scheduled for release on June 25, 2024.
(GlobalRequestLoadBalancer pid=1073294, ip=10.124.45.23)   warnings.warn(
(GlobalRequestLoadBalancer pid=1073294, ip=10.124.45.23) /usr/local/lib/python3.12/dist-packages/opentelemetry/proto/collector/metrics/v1/metrics_service_pb2_grpc.py:21: RuntimeWarning: The grpc package installed is at version 1.59.5, but the generated code in opentelemetry/proto/collector/metrics/v1/metrics_service_pb2_grpc.py depends on grpcio>=1.63.2. Please upgrade your grpc module to grpcio>=1.63.2 or downgrade your generated code using grpcio-tools<=1.59.5. This warning will become an error in 1.65.0, scheduled for release on June 25, 2024.
(GlobalRequestLoadBalancer pid=1073294, ip=10.124.45.23)   warnings.warn(
(GlobalRequestLoadBalancer pid=1073294, ip=10.124.45.23) /usr/local/lib/python3.12/dist-packages/opentelemetry/proto/collector/trace/v1/trace_service_pb2_grpc.py:21: RuntimeWarning: The grpc package installed is at version 1.59.5, but the generated code in opentelemetry/proto/collector/trace/v1/trace_service_pb2_grpc.py depends on grpcio>=1.63.2. Please upgrade your grpc module to grpcio>=1.63.2 or downgrade your generated code using grpcio-tools<=1.59.5. This warning will become an error in 1.65.0, scheduled for release on June 25, 2024.
(GlobalRequestLoadBalancer pid=1073294, ip=10.124.45.23)   warnings.warn(
(GlobalRequestLoadBalancer pid=1073294, ip=10.124.45.23) <frozen importlib._bootstrap_external>:1297: FutureWarning: The cuda.cudart module is deprecated and will be removed in a future release, please switch to use the cuda.bindings.runtime module instead.
