(SGLangHttpServer pid=1172286, ip=10.124.45.23) Capturing batches (bs=224 avail_mem=27.46 GB):  14%|█▍        | 5/36 [00:00<00:02, 10.98it/s]Capturing batches (bs=216 avail_mem=27.45 GB):  14%|█▍        | 5/36 [00:00<00:02, 10.98it/s]Capturing batches (bs=208 avail_mem=27.45 GB):  14%|█▍        | 5/36 [00:00<00:02, 10.98it/s]
(SGLangHttpServer pid=1172283, ip=10.124.45.23) Capturing batches (bs=208 avail_mem=27.45 GB):  19%|█▉        | 7/36 [00:00<00:02, 12.12it/s]Capturing batches (bs=200 avail_mem=27.44 GB):  19%|█▉        | 7/36 [00:00<00:02, 12.12it/s]Capturing batches (bs=192 avail_mem=27.44 GB):  19%|█▉        | 7/36 [00:00<00:02, 12.12it/s]
(SGLangHttpServer pid=1172295, ip=10.124.45.23) Capturing batches (bs=144 avail_mem=27.41 GB):  36%|███▌      | 13/36 [00:01<00:01, 13.65it/s]Capturing batches (bs=144 avail_mem=27.41 GB):  42%|████▏     | 15/36 [00:01<00:01, 14.33it/s]Capturing batches (bs=136 avail_mem=27.40 GB):  42%|████▏     | 15/36 [00:01<00:01, 14.33it/s]
(SGLangHttpServer pid=1172270, ip=10.124.45.23) Capturing batches (bs=40 avail_mem=28.56 GB):  78%|███████▊  | 28/36 [00:01<00:00, 18.40it/s]Capturing batches (bs=32 avail_mem=28.56 GB):  78%|███████▊  | 28/36 [00:01<00:00, 18.40it/s]Capturing batches (bs=24 avail_mem=28.55 GB):  78%|███████▊  | 28/36 [00:01<00:00, 18.40it/s]
(SGLangHttpServer pid=1172277, ip=10.124.45.23) Capturing batches (bs=192 avail_mem=27.44 GB):  25%|██▌       | 9/36 [00:00<00:02, 12.96it/s]Capturing batches (bs=184 avail_mem=27.43 GB):  25%|██▌       | 9/36 [00:00<00:02, 12.96it/s]
(SGLangHttpServer pid=1172274, ip=10.124.45.23) Capturing batches (bs=208 avail_mem=27.45 GB):  19%|█▉        | 7/36 [00:00<00:02, 11.13it/s]Capturing batches (bs=200 avail_mem=27.44 GB):  19%|█▉        | 7/36 [00:00<00:02, 11.13it/s]Capturing batches (bs=192 avail_mem=27.44 GB):  19%|█▉        | 7/36 [00:00<00:02, 11.13it/s]
(SGLangHttpServer pid=1172271, ip=10.124.45.23) Capturing batches (bs=160 avail_mem=27.42 GB):  36%|███▌      | 13/36 [00:01<00:01, 14.01it/s]Capturing batches (bs=152 avail_mem=27.41 GB):  36%|███▌      | 13/36 [00:01<00:01, 14.01it/s]
(SGLangHttpServer pid=1172289, ip=10.124.45.23) Capturing batches (bs=224 avail_mem=27.46 GB):  14%|█▍        | 5/36 [00:00<00:03,  9.47it/s]Capturing batches (bs=216 avail_mem=27.45 GB):  14%|█▍        | 5/36 [00:00<00:03,  9.47it/s]Capturing batches (bs=208 avail_mem=27.45 GB):  14%|█▍        | 5/36 [00:00<00:03,  9.47it/s]
(SGLangHttpServer pid=1172286, ip=10.124.45.23) Capturing batches (bs=208 avail_mem=27.45 GB):  19%|█▉        | 7/36 [00:00<00:02, 12.31it/s]Capturing batches (bs=200 avail_mem=27.44 GB):  19%|█▉        | 7/36 [00:00<00:02, 12.31it/s]
(SGLangHttpServer pid=1172283, ip=10.124.45.23) Capturing batches (bs=192 avail_mem=27.44 GB):  25%|██▌       | 9/36 [00:00<00:02, 13.02it/s]Capturing batches (bs=184 avail_mem=27.43 GB):  25%|██▌       | 9/36 [00:00<00:02, 13.02it/s]
(SGLangHttpServer pid=1172295, ip=10.124.45.23) Capturing batches (bs=128 avail_mem=27.40 GB):  42%|████▏     | 15/36 [00:01<00:01, 14.33it/s]
(SGLangHttpServer pid=1172271, ip=10.124.45.23) Capturing batches (bs=144 avail_mem=27.41 GB):  36%|███▌      | 13/36 [00:01<00:01, 14.01it/s]
(SGLangHttpServer pid=1172270, ip=10.124.45.23) Capturing batches (bs=24 avail_mem=28.55 GB):  83%|████████▎ | 30/36 [00:02<00:00, 18.71it/s]Capturing batches (bs=16 avail_mem=28.55 GB):  83%|████████▎ | 30/36 [00:02<00:00, 18.71it/s]
(SGLangHttpServer pid=1172277, ip=10.124.45.23) Capturing batches (bs=176 avail_mem=27.43 GB):  25%|██▌       | 9/36 [00:00<00:02, 12.96it/s]Capturing batches (bs=176 avail_mem=27.43 GB):  31%|███       | 11/36 [00:00<00:01, 13.30it/s]Capturing batches (bs=168 avail_mem=27.42 GB):  31%|███       | 11/36 [00:00<00:01, 13.30it/s]
(SGLangHttpServer pid=1172274, ip=10.124.45.23) Capturing batches (bs=192 avail_mem=27.44 GB):  25%|██▌       | 9/36 [00:00<00:02, 11.95it/s]Capturing batches (bs=184 avail_mem=27.43 GB):  25%|██▌       | 9/36 [00:00<00:02, 11.95it/s]
(SGLangHttpServer pid=1172271, ip=10.124.45.23) Capturing batches (bs=144 avail_mem=27.41 GB):  42%|████▏     | 15/36 [00:01<00:01, 14.04it/s]Capturing batches (bs=136 avail_mem=27.40 GB):  42%|████▏     | 15/36 [00:01<00:01, 14.04it/s]
(SGLangHttpServer pid=1172289, ip=10.124.45.23) Capturing batches (bs=208 avail_mem=27.45 GB):  19%|█▉        | 7/36 [00:00<00:02, 10.44it/s]Capturing batches (bs=200 avail_mem=27.44 GB):  19%|█▉        | 7/36 [00:00<00:02, 10.44it/s]
(SGLangHttpServer pid=1172286, ip=10.124.45.23) Capturing batches (bs=192 avail_mem=27.44 GB):  19%|█▉        | 7/36 [00:00<00:02, 12.31it/s]Capturing batches (bs=192 avail_mem=27.44 GB):  25%|██▌       | 9/36 [00:00<00:02, 12.56it/s]Capturing batches (bs=184 avail_mem=27.43 GB):  25%|██▌       | 9/36 [00:00<00:02, 12.56it/s]
(SGLangHttpServer pid=1172283, ip=10.124.45.23) Capturing batches (bs=176 avail_mem=27.43 GB):  25%|██▌       | 9/36 [00:00<00:02, 13.02it/s]Capturing batches (bs=176 avail_mem=27.43 GB):  31%|███       | 11/36 [00:00<00:01, 13.27it/s]Capturing batches (bs=168 avail_mem=27.42 GB):  31%|███       | 11/36 [00:00<00:01, 13.27it/s]
(SGLangHttpServer pid=1172295, ip=10.124.45.23) Capturing batches (bs=128 avail_mem=27.40 GB):  47%|████▋     | 17/36 [00:01<00:01, 14.51it/s]Capturing batches (bs=120 avail_mem=27.39 GB):  47%|████▋     | 17/36 [00:01<00:01, 14.51it/s]Capturing batches (bs=112 avail_mem=27.38 GB):  47%|████▋     | 17/36 [00:01<00:01, 14.51it/s]
(SGLangHttpServer pid=1172270, ip=10.124.45.23) Capturing batches (bs=12 avail_mem=28.54 GB):  83%|████████▎ | 30/36 [00:02<00:00, 18.71it/s]Capturing batches (bs=12 avail_mem=28.54 GB):  89%|████████▉ | 32/36 [00:02<00:00, 17.02it/s]Capturing batches (bs=8 avail_mem=28.54 GB):  89%|████████▉ | 32/36 [00:02<00:00, 17.02it/s] 
(SGLangHttpServer pid=1172277, ip=10.124.45.23) Capturing batches (bs=160 avail_mem=27.42 GB):  31%|███       | 11/36 [00:01<00:01, 13.30it/s]
(SGLangHttpServer pid=1172274, ip=10.124.45.23) Capturing batches (bs=176 avail_mem=27.43 GB):  25%|██▌       | 9/36 [00:00<00:02, 11.95it/s]Capturing batches (bs=176 avail_mem=27.43 GB):  31%|███       | 11/36 [00:01<00:02, 12.24it/s]Capturing batches (bs=168 avail_mem=27.42 GB):  31%|███       | 11/36 [00:01<00:02, 12.24it/s]
(SGLangHttpServer pid=1172271, ip=10.124.45.23) Capturing batches (bs=128 avail_mem=27.40 GB):  42%|████▏     | 15/36 [00:01<00:01, 14.04it/s]Capturing batches (bs=128 avail_mem=27.40 GB):  47%|████▋     | 17/36 [00:01<00:01, 14.13it/s]Capturing batches (bs=120 avail_mem=27.39 GB):  47%|████▋     | 17/36 [00:01<00:01, 14.13it/s]
(SGLangHttpServer pid=1172289, ip=10.124.45.23) Capturing batches (bs=192 avail_mem=27.44 GB):  19%|█▉        | 7/36 [00:00<00:02, 10.44it/s]Capturing batches (bs=192 avail_mem=27.44 GB):  25%|██▌       | 9/36 [00:00<00:02, 11.35it/s]
(SGLangHttpServer pid=1172286, ip=10.124.45.23) Capturing batches (bs=176 avail_mem=27.43 GB):  25%|██▌       | 9/36 [00:00<00:02, 12.56it/s]
(SGLangHttpServer pid=1172283, ip=10.124.45.23) Capturing batches (bs=160 avail_mem=27.42 GB):  31%|███       | 11/36 [00:01<00:01, 13.27it/s]
(SGLangHttpServer pid=1172295, ip=10.124.45.23) Capturing batches (bs=112 avail_mem=27.38 GB):  53%|█████▎    | 19/36 [00:01<00:01, 14.52it/s]Capturing batches (bs=104 avail_mem=27.38 GB):  53%|█████▎    | 19/36 [00:01<00:01, 14.52it/s]
(SGLangHttpServer pid=1172270, ip=10.124.45.23) Capturing batches (bs=4 avail_mem=28.53 GB):  89%|████████▉ | 32/36 [00:02<00:00, 17.02it/s]
(SGLangHttpServer pid=1172289, ip=10.124.45.23) Capturing batches (bs=184 avail_mem=27.43 GB):  25%|██▌       | 9/36 [00:00<00:02, 11.35it/s]
(SGLangHttpServer pid=1172295, ip=10.124.45.23) Capturing batches (bs=96 avail_mem=27.37 GB):  53%|█████▎    | 19/36 [00:01<00:01, 14.52it/s] 
(SGLangHttpServer pid=1172270, ip=10.124.45.23) Capturing batches (bs=2 avail_mem=28.53 GB):  89%|████████▉ | 32/36 [00:02<00:00, 17.02it/s]Capturing batches (bs=2 avail_mem=28.53 GB):  97%|█████████▋| 35/36 [00:02<00:00, 18.29it/s]Capturing batches (bs=1 avail_mem=28.52 GB):  97%|█████████▋| 35/36 [00:02<00:00, 18.29it/s]
(SGLangHttpServer pid=1172277, ip=10.124.45.23) Capturing batches (bs=160 avail_mem=27.42 GB):  36%|███▌      | 13/36 [00:01<00:01, 12.91it/s]Capturing batches (bs=152 avail_mem=27.41 GB):  36%|███▌      | 13/36 [00:01<00:01, 12.91it/s]Capturing batches (bs=144 avail_mem=27.41 GB):  36%|███▌      | 13/36 [00:01<00:01, 12.91it/s]
(SGLangHttpServer pid=1172274, ip=10.124.45.23) Capturing batches (bs=160 avail_mem=27.42 GB):  31%|███       | 11/36 [00:01<00:02, 12.24it/s]
(SGLangHttpServer pid=1172271, ip=10.124.45.23) Capturing batches (bs=112 avail_mem=27.38 GB):  47%|████▋     | 17/36 [00:01<00:01, 14.13it/s]Capturing batches (bs=112 avail_mem=27.38 GB):  53%|█████▎    | 19/36 [00:01<00:01, 14.99it/s]Capturing batches (bs=104 avail_mem=27.38 GB):  53%|█████▎    | 19/36 [00:01<00:01, 14.99it/s]
(SGLangHttpServer pid=1172289, ip=10.124.45.23) Capturing batches (bs=176 avail_mem=27.43 GB):  25%|██▌       | 9/36 [00:01<00:02, 11.35it/s]
(SGLangHttpServer pid=1172286, ip=10.124.45.23) Capturing batches (bs=176 avail_mem=27.43 GB):  31%|███       | 11/36 [00:00<00:01, 12.81it/s]Capturing batches (bs=168 avail_mem=27.42 GB):  31%|███       | 11/36 [00:00<00:01, 12.81it/s]Capturing batches (bs=160 avail_mem=27.42 GB):  31%|███       | 11/36 [00:01<00:01, 12.81it/s]
(SGLangHttpServer pid=1172283, ip=10.124.45.23) Capturing batches (bs=160 avail_mem=27.42 GB):  36%|███▌      | 13/36 [00:01<00:01, 13.31it/s]Capturing batches (bs=152 avail_mem=27.41 GB):  36%|███▌      | 13/36 [00:01<00:01, 13.31it/s]Capturing batches (bs=144 avail_mem=27.41 GB):  36%|███▌      | 13/36 [00:01<00:01, 13.31it/s]
(SGLangHttpServer pid=1172295, ip=10.124.45.23) Capturing batches (bs=96 avail_mem=27.37 GB):  58%|█████▊    | 21/36 [00:01<00:01, 14.94it/s]Capturing batches (bs=88 avail_mem=27.36 GB):  58%|█████▊    | 21/36 [00:01<00:01, 14.94it/s]
(SGLangHttpServer pid=1172270, ip=10.124.45.23) Capturing batches (bs=1 avail_mem=28.52 GB): 100%|██████████| 36/36 [00:02<00:00, 15.18it/s]
(SGLangHttpServer pid=1172277, ip=10.124.45.23) Capturing batches (bs=144 avail_mem=27.41 GB):  42%|████▏     | 15/36 [00:01<00:01, 13.51it/s]Capturing batches (bs=136 avail_mem=27.40 GB):  42%|████▏     | 15/36 [00:01<00:01, 13.51it/s]
(SGLangHttpServer pid=1172274, ip=10.124.45.23) Capturing batches (bs=160 avail_mem=27.42 GB):  36%|███▌      | 13/36 [00:01<00:01, 12.82it/s]Capturing batches (bs=152 avail_mem=27.41 GB):  36%|███▌      | 13/36 [00:01<00:01, 12.82it/s]Capturing batches (bs=144 avail_mem=27.41 GB):  36%|███▌      | 13/36 [00:01<00:01, 12.82it/s]
(SGLangHttpServer pid=1172271, ip=10.124.45.23) Capturing batches (bs=96 avail_mem=27.37 GB):  53%|█████▎    | 19/36 [00:01<00:01, 14.99it/s] Capturing batches (bs=96 avail_mem=27.37 GB):  58%|█████▊    | 21/36 [00:01<00:00, 15.91it/s]Capturing batches (bs=88 avail_mem=27.36 GB):  58%|█████▊    | 21/36 [00:01<00:00, 15.91it/s]
(SGLangHttpServer pid=1172289, ip=10.124.45.23) Capturing batches (bs=176 avail_mem=27.43 GB):  31%|███       | 11/36 [00:01<00:02, 12.10it/s]Capturing batches (bs=168 avail_mem=27.42 GB):  31%|███       | 11/36 [00:01<00:02, 12.10it/s]Capturing batches (bs=160 avail_mem=27.42 GB):  31%|███       | 11/36 [00:01<00:02, 12.10it/s]
(SGLangHttpServer pid=1172286, ip=10.124.45.23) Capturing batches (bs=160 avail_mem=27.42 GB):  36%|███▌      | 13/36 [00:01<00:01, 13.04it/s]Capturing batches (bs=152 avail_mem=27.41 GB):  36%|███▌      | 13/36 [00:01<00:01, 13.04it/s]
(SGLangHttpServer pid=1172283, ip=10.124.45.23) Capturing batches (bs=144 avail_mem=27.41 GB):  42%|████▏     | 15/36 [00:01<00:01, 13.83it/s]Capturing batches (bs=136 avail_mem=27.40 GB):  42%|████▏     | 15/36 [00:01<00:01, 13.83it/s]Capturing batches (bs=128 avail_mem=27.40 GB):  42%|████▏     | 15/36 [00:01<00:01, 13.83it/s]
(SGLangHttpServer pid=1172295, ip=10.124.45.23) Capturing batches (bs=80 avail_mem=27.36 GB):  58%|█████▊    | 21/36 [00:01<00:01, 14.94it/s]Capturing batches (bs=80 avail_mem=27.36 GB):  64%|██████▍   | 23/36 [00:01<00:00, 15.83it/s]Capturing batches (bs=72 avail_mem=27.35 GB):  64%|██████▍   | 23/36 [00:01<00:00, 15.83it/s]Capturing batches (bs=64 avail_mem=27.35 GB):  64%|██████▍   | 23/36 [00:01<00:00, 15.83it/s]
(SGLangHttpServer pid=1172277, ip=10.124.45.23) Capturing batches (bs=128 avail_mem=27.40 GB):  42%|████▏     | 15/36 [00:01<00:01, 13.51it/s]
(SGLangHttpServer pid=1172286, ip=10.124.45.23) Capturing batches (bs=144 avail_mem=27.41 GB):  36%|███▌      | 13/36 [00:01<00:01, 13.04it/s]
(SGLangHttpServer pid=1172277, ip=10.124.45.23) Capturing batches (bs=128 avail_mem=27.40 GB):  47%|████▋     | 17/36 [00:01<00:01, 14.41it/s]Capturing batches (bs=120 avail_mem=27.39 GB):  47%|████▋     | 17/36 [00:01<00:01, 14.41it/s]Capturing batches (bs=112 avail_mem=27.38 GB):  47%|████▋     | 17/36 [00:01<00:01, 14.41it/s]
(SGLangHttpServer pid=1172274, ip=10.124.45.23) Capturing batches (bs=144 avail_mem=27.41 GB):  42%|████▏     | 15/36 [00:01<00:01, 13.59it/s]Capturing batches (bs=136 avail_mem=27.40 GB):  42%|████▏     | 15/36 [00:01<00:01, 13.59it/s]Capturing batches (bs=128 avail_mem=27.40 GB):  42%|████▏     | 15/36 [00:01<00:01, 13.59it/s]
(SGLangHttpServer pid=1172271, ip=10.124.45.23) Capturing batches (bs=80 avail_mem=27.36 GB):  58%|█████▊    | 21/36 [00:01<00:00, 15.91it/s]Capturing batches (bs=80 avail_mem=27.36 GB):  64%|██████▍   | 23/36 [00:01<00:00, 16.76it/s]Capturing batches (bs=72 avail_mem=27.35 GB):  64%|██████▍   | 23/36 [00:01<00:00, 16.76it/s]
(SGLangHttpServer pid=1172289, ip=10.124.45.23) Capturing batches (bs=160 avail_mem=27.42 GB):  36%|███▌      | 13/36 [00:01<00:01, 12.78it/s]Capturing batches (bs=152 avail_mem=27.41 GB):  36%|███▌      | 13/36 [00:01<00:01, 12.78it/s]
(SGLangHttpServer pid=1172286, ip=10.124.45.23) Capturing batches (bs=144 avail_mem=27.41 GB):  42%|████▏     | 15/36 [00:01<00:01, 13.81it/s]Capturing batches (bs=136 avail_mem=27.40 GB):  42%|████▏     | 15/36 [00:01<00:01, 13.81it/s]
(SGLangHttpServer pid=1172283, ip=10.124.45.23) Capturing batches (bs=128 avail_mem=27.40 GB):  47%|████▋     | 17/36 [00:01<00:01, 14.64it/s]Capturing batches (bs=120 avail_mem=27.39 GB):  47%|████▋     | 17/36 [00:01<00:01, 14.64it/s]Capturing batches (bs=112 avail_mem=27.38 GB):  47%|████▋     | 17/36 [00:01<00:01, 14.64it/s]
(SGLangHttpServer pid=1172295, ip=10.124.45.23) Capturing batches (bs=64 avail_mem=27.35 GB):  69%|██████▉   | 25/36 [00:01<00:00, 16.75it/s]Capturing batches (bs=56 avail_mem=27.34 GB):  69%|██████▉   | 25/36 [00:01<00:00, 16.75it/s]Capturing batches (bs=48 avail_mem=27.34 GB):  69%|██████▉   | 25/36 [00:01<00:00, 16.75it/s]
(SGLangHttpServer pid=1172277, ip=10.124.45.23) Capturing batches (bs=112 avail_mem=27.38 GB):  53%|█████▎    | 19/36 [00:01<00:01, 15.49it/s]Capturing batches (bs=104 avail_mem=27.38 GB):  53%|█████▎    | 19/36 [00:01<00:01, 15.49it/s]Capturing batches (bs=96 avail_mem=27.37 GB):  53%|█████▎    | 19/36 [00:01<00:01, 15.49it/s] 
(SGLangHttpServer pid=1172274, ip=10.124.45.23) Capturing batches (bs=128 avail_mem=27.40 GB):  47%|████▋     | 17/36 [00:01<00:01, 14.39it/s]Capturing batches (bs=120 avail_mem=27.39 GB):  47%|████▋     | 17/36 [00:01<00:01, 14.39it/s]Capturing batches (bs=112 avail_mem=27.38 GB):  47%|████▋     | 17/36 [00:01<00:01, 14.39it/s]
(SGLangHttpServer pid=1172271, ip=10.124.45.23) Capturing batches (bs=64 avail_mem=27.35 GB):  64%|██████▍   | 23/36 [00:01<00:00, 16.76it/s]Capturing batches (bs=64 avail_mem=27.35 GB):  69%|██████▉   | 25/36 [00:01<00:00, 17.33it/s]Capturing batches (bs=56 avail_mem=27.34 GB):  69%|██████▉   | 25/36 [00:01<00:00, 17.33it/s]
(SGLangHttpServer pid=1172289, ip=10.124.45.23) Capturing batches (bs=144 avail_mem=27.41 GB):  36%|███▌      | 13/36 [00:01<00:01, 12.78it/s]Capturing batches (bs=144 avail_mem=27.41 GB):  42%|████▏     | 15/36 [00:01<00:01, 13.43it/s]Capturing batches (bs=136 avail_mem=27.40 GB):  42%|████▏     | 15/36 [00:01<00:01, 13.43it/s]
(SGLangHttpServer pid=1172286, ip=10.124.45.23) Capturing batches (bs=128 avail_mem=27.40 GB):  42%|████▏     | 15/36 [00:01<00:01, 13.81it/s]Capturing batches (bs=128 avail_mem=27.40 GB):  47%|████▋     | 17/36 [00:01<00:01, 14.35it/s]Capturing batches (bs=120 avail_mem=27.39 GB):  47%|████▋     | 17/36 [00:01<00:01, 14.35it/s]
(SGLangHttpServer pid=1172283, ip=10.124.45.23) Capturing batches (bs=112 avail_mem=27.38 GB):  53%|█████▎    | 19/36 [00:01<00:01, 15.65it/s]Capturing batches (bs=104 avail_mem=27.38 GB):  53%|█████▎    | 19/36 [00:01<00:01, 15.65it/s]Capturing batches (bs=96 avail_mem=27.37 GB):  53%|█████▎    | 19/36 [00:01<00:01, 15.65it/s] 
(SGLangHttpServer pid=1172295, ip=10.124.45.23) Capturing batches (bs=48 avail_mem=27.34 GB):  75%|███████▌  | 27/36 [00:01<00:00, 17.52it/s]Capturing batches (bs=40 avail_mem=27.33 GB):  75%|███████▌  | 27/36 [00:01<00:00, 17.52it/s]Capturing batches (bs=32 avail_mem=27.33 GB):  75%|███████▌  | 27/36 [00:01<00:00, 17.52it/s]
(SGLangHttpServer pid=1172277, ip=10.124.45.23) Capturing batches (bs=96 avail_mem=27.37 GB):  58%|█████▊    | 21/36 [00:01<00:00, 15.95it/s]Capturing batches (bs=88 avail_mem=27.36 GB):  58%|█████▊    | 21/36 [00:01<00:00, 15.95it/s]
(SGLangHttpServer pid=1172274, ip=10.124.45.23) Capturing batches (bs=112 avail_mem=27.38 GB):  53%|█████▎    | 19/36 [00:01<00:01, 15.22it/s]Capturing batches (bs=104 avail_mem=27.38 GB):  53%|█████▎    | 19/36 [00:01<00:01, 15.22it/s]
(SGLangHttpServer pid=1172271, ip=10.124.45.23) Capturing batches (bs=48 avail_mem=27.34 GB):  69%|██████▉   | 25/36 [00:01<00:00, 17.33it/s]Capturing batches (bs=48 avail_mem=27.34 GB):  75%|███████▌  | 27/36 [00:01<00:00, 17.54it/s]Capturing batches (bs=40 avail_mem=27.33 GB):  75%|███████▌  | 27/36 [00:01<00:00, 17.54it/s]
(SGLangHttpServer pid=1172289, ip=10.124.45.23) Capturing batches (bs=128 avail_mem=27.40 GB):  42%|████▏     | 15/36 [00:01<00:01, 13.43it/s]Capturing batches (bs=128 avail_mem=27.40 GB):  47%|████▋     | 17/36 [00:01<00:01, 13.71it/s]Capturing batches (bs=120 avail_mem=27.39 GB):  47%|████▋     | 17/36 [00:01<00:01, 13.71it/s]
(SGLangHttpServer pid=1172286, ip=10.124.45.23) Capturing batches (bs=112 avail_mem=27.38 GB):  47%|████▋     | 17/36 [00:01<00:01, 14.35it/s]Capturing batches (bs=112 avail_mem=27.38 GB):  53%|█████▎    | 19/36 [00:01<00:01, 14.63it/s]Capturing batches (bs=104 avail_mem=27.38 GB):  53%|█████▎    | 19/36 [00:01<00:01, 14.63it/s]
(SGLangHttpServer pid=1172283, ip=10.124.45.23) Capturing batches (bs=96 avail_mem=27.37 GB):  58%|█████▊    | 21/36 [00:01<00:00, 16.18it/s]Capturing batches (bs=88 avail_mem=27.36 GB):  58%|█████▊    | 21/36 [00:01<00:00, 16.18it/s]
(SGLangHttpServer pid=1172295, ip=10.124.45.23) Capturing batches (bs=32 avail_mem=27.33 GB):  81%|████████  | 29/36 [00:02<00:00, 17.81it/s]Capturing batches (bs=24 avail_mem=27.32 GB):  81%|████████  | 29/36 [00:02<00:00, 17.81it/s]Capturing batches (bs=16 avail_mem=27.32 GB):  81%|████████  | 29/36 [00:02<00:00, 17.81it/s]
(SGLangHttpServer pid=1172277, ip=10.124.45.23) Capturing batches (bs=80 avail_mem=27.36 GB):  58%|█████▊    | 21/36 [00:01<00:00, 15.95it/s]Capturing batches (bs=80 avail_mem=27.36 GB):  64%|██████▍   | 23/36 [00:01<00:00, 15.54it/s]Capturing batches (bs=72 avail_mem=27.35 GB):  64%|██████▍   | 23/36 [00:01<00:00, 15.54it/s]
(SGLangHttpServer pid=1172274, ip=10.124.45.23) Capturing batches (bs=96 avail_mem=27.37 GB):  53%|█████▎    | 19/36 [00:01<00:01, 15.22it/s] Capturing batches (bs=96 avail_mem=27.37 GB):  58%|█████▊    | 21/36 [00:01<00:01, 14.97it/s]Capturing batches (bs=88 avail_mem=27.36 GB):  58%|█████▊    | 21/36 [00:01<00:01, 14.97it/s]
(SGLangHttpServer pid=1172271, ip=10.124.45.23) Capturing batches (bs=32 avail_mem=27.33 GB):  75%|███████▌  | 27/36 [00:01<00:00, 17.54it/s]Capturing batches (bs=32 avail_mem=27.33 GB):  81%|████████  | 29/36 [00:02<00:00, 17.56it/s]Capturing batches (bs=24 avail_mem=27.32 GB):  81%|████████  | 29/36 [00:02<00:00, 17.56it/s]
(SGLangHttpServer pid=1172289, ip=10.124.45.23) Capturing batches (bs=112 avail_mem=27.38 GB):  47%|████▋     | 17/36 [00:01<00:01, 13.71it/s]
(SGLangHttpServer pid=1172286, ip=10.124.45.23) Capturing batches (bs=96 avail_mem=27.37 GB):  53%|█████▎    | 19/36 [00:01<00:01, 14.63it/s] Capturing batches (bs=96 avail_mem=27.37 GB):  58%|█████▊    | 21/36 [00:01<00:00, 15.28it/s]Capturing batches (bs=88 avail_mem=27.36 GB):  58%|█████▊    | 21/36 [00:01<00:00, 15.28it/s]
(SGLangHttpServer pid=1172283, ip=10.124.45.23) Capturing batches (bs=80 avail_mem=27.36 GB):  58%|█████▊    | 21/36 [00:01<00:00, 16.18it/s]Capturing batches (bs=80 avail_mem=27.36 GB):  64%|██████▍   | 23/36 [00:01<00:00, 16.14it/s]Capturing batches (bs=72 avail_mem=27.35 GB):  64%|██████▍   | 23/36 [00:01<00:00, 16.14it/s]
(SGLangHttpServer pid=1172295, ip=10.124.45.23) Capturing batches (bs=16 avail_mem=27.32 GB):  86%|████████▌ | 31/36 [00:02<00:00, 16.82it/s]Capturing batches (bs=12 avail_mem=27.31 GB):  86%|████████▌ | 31/36 [00:02<00:00, 16.82it/s]Capturing batches (bs=8 avail_mem=27.31 GB):  86%|████████▌ | 31/36 [00:02<00:00, 16.82it/s] 
(SGLangHttpServer pid=1172277, ip=10.124.45.23) Capturing batches (bs=64 avail_mem=27.35 GB):  64%|██████▍   | 23/36 [00:01<00:00, 15.54it/s]Capturing batches (bs=64 avail_mem=27.35 GB):  69%|██████▉   | 25/36 [00:01<00:00, 16.62it/s]Capturing batches (bs=56 avail_mem=27.34 GB):  69%|██████▉   | 25/36 [00:01<00:00, 16.62it/s]
(SGLangHttpServer pid=1172274, ip=10.124.45.23) Capturing batches (bs=80 avail_mem=27.36 GB):  58%|█████▊    | 21/36 [00:01<00:01, 14.97it/s]Capturing batches (bs=80 avail_mem=27.36 GB):  64%|██████▍   | 23/36 [00:01<00:00, 16.04it/s]Capturing batches (bs=72 avail_mem=27.35 GB):  64%|██████▍   | 23/36 [00:01<00:00, 16.04it/s]
(SGLangHttpServer pid=1172271, ip=10.124.45.23) Capturing batches (bs=16 avail_mem=27.32 GB):  81%|████████  | 29/36 [00:02<00:00, 17.56it/s]Capturing batches (bs=16 avail_mem=27.32 GB):  86%|████████▌ | 31/36 [00:02<00:00, 16.72it/s]
(SGLangHttpServer pid=1172289, ip=10.124.45.23) Capturing batches (bs=112 avail_mem=27.38 GB):  53%|█████▎    | 19/36 [00:01<00:01, 14.50it/s]Capturing batches (bs=104 avail_mem=27.38 GB):  53%|█████▎    | 19/36 [00:01<00:01, 14.50it/s]Capturing batches (bs=96 avail_mem=27.37 GB):  53%|█████▎    | 19/36 [00:01<00:01, 14.50it/s] 
(SGLangHttpServer pid=1172286, ip=10.124.45.23) Capturing batches (bs=80 avail_mem=27.36 GB):  58%|█████▊    | 21/36 [00:01<00:00, 15.28it/s]
(SGLangHttpServer pid=1172283, ip=10.124.45.23) Capturing batches (bs=64 avail_mem=27.35 GB):  64%|██████▍   | 23/36 [00:01<00:00, 16.14it/s]Capturing batches (bs=64 avail_mem=27.35 GB):  69%|██████▉   | 25/36 [00:01<00:00, 17.01it/s]Capturing batches (bs=56 avail_mem=27.34 GB):  69%|██████▉   | 25/36 [00:01<00:00, 17.01it/s]
(SGLangHttpServer pid=1172295, ip=10.124.45.23) Capturing batches (bs=4 avail_mem=27.30 GB):  86%|████████▌ | 31/36 [00:02<00:00, 16.82it/s]Capturing batches (bs=4 avail_mem=27.30 GB):  94%|█████████▍| 34/36 [00:02<00:00, 18.01it/s]Capturing batches (bs=2 avail_mem=27.30 GB):  94%|█████████▍| 34/36 [00:02<00:00, 18.01it/s]
(SGLangHttpServer pid=1172271, ip=10.124.45.23) Capturing batches (bs=12 avail_mem=27.31 GB):  86%|████████▌ | 31/36 [00:02<00:00, 16.72it/s]
(SGLangHttpServer pid=1172286, ip=10.124.45.23) Capturing batches (bs=80 avail_mem=27.36 GB):  64%|██████▍   | 23/36 [00:01<00:00, 15.85it/s]Capturing batches (bs=72 avail_mem=27.35 GB):  64%|██████▍   | 23/36 [00:01<00:00, 15.85it/s]
(SGLangHttpServer pid=1172277, ip=10.124.45.23) Capturing batches (bs=48 avail_mem=27.34 GB):  69%|██████▉   | 25/36 [00:01<00:00, 16.62it/s]Capturing batches (bs=48 avail_mem=27.34 GB):  75%|███████▌  | 27/36 [00:01<00:00, 17.15it/s]Capturing batches (bs=40 avail_mem=27.33 GB):  75%|███████▌  | 27/36 [00:01<00:00, 17.15it/s]
(SGLangHttpServer pid=1172274, ip=10.124.45.23) Capturing batches (bs=64 avail_mem=27.35 GB):  64%|██████▍   | 23/36 [00:01<00:00, 16.04it/s]Capturing batches (bs=64 avail_mem=27.35 GB):  69%|██████▉   | 25/36 [00:01<00:00, 16.13it/s]Capturing batches (bs=56 avail_mem=27.34 GB):  69%|██████▉   | 25/36 [00:01<00:00, 16.13it/s]
(SGLangHttpServer pid=1172271, ip=10.124.45.23) Capturing batches (bs=8 avail_mem=27.31 GB):  86%|████████▌ | 31/36 [00:02<00:00, 16.72it/s] Capturing batches (bs=8 avail_mem=27.31 GB):  92%|█████████▏| 33/36 [00:02<00:00, 17.52it/s]Capturing batches (bs=4 avail_mem=27.30 GB):  92%|█████████▏| 33/36 [00:02<00:00, 17.52it/s]
(SGLangHttpServer pid=1172289, ip=10.124.45.23) Capturing batches (bs=96 avail_mem=27.37 GB):  58%|█████▊    | 21/36 [00:01<00:00, 15.24it/s]Capturing batches (bs=88 avail_mem=27.36 GB):  58%|█████▊    | 21/36 [00:01<00:00, 15.24it/s]Capturing batches (bs=80 avail_mem=27.36 GB):  58%|█████▊    | 21/36 [00:01<00:00, 15.24it/s]
(SGLangHttpServer pid=1172286, ip=10.124.45.23) Capturing batches (bs=64 avail_mem=27.35 GB):  64%|██████▍   | 23/36 [00:01<00:00, 15.85it/s]
(SGLangHttpServer pid=1172283, ip=10.124.45.23) Capturing batches (bs=48 avail_mem=27.34 GB):  69%|██████▉   | 25/36 [00:01<00:00, 17.01it/s]Capturing batches (bs=48 avail_mem=27.34 GB):  75%|███████▌  | 27/36 [00:01<00:00, 17.17it/s]Capturing batches (bs=40 avail_mem=27.33 GB):  75%|███████▌  | 27/36 [00:01<00:00, 17.17it/s]
(SGLangHttpServer pid=1172295, ip=10.124.45.23) Capturing batches (bs=1 avail_mem=27.29 GB):  94%|█████████▍| 34/36 [00:02<00:00, 18.01it/s]Capturing batches (bs=1 avail_mem=27.29 GB): 100%|██████████| 36/36 [00:02<00:00, 18.25it/s]Capturing batches (bs=1 avail_mem=27.29 GB): 100%|██████████| 36/36 [00:02<00:00, 14.87it/s]
(SGLangHttpServer pid=1172277, ip=10.124.45.23) Capturing batches (bs=32 avail_mem=27.33 GB):  75%|███████▌  | 27/36 [00:01<00:00, 17.15it/s]Capturing batches (bs=32 avail_mem=27.33 GB):  81%|████████  | 29/36 [00:02<00:00, 17.56it/s]Capturing batches (bs=24 avail_mem=27.32 GB):  81%|████████  | 29/36 [00:02<00:00, 17.56it/s]
(SGLangHttpServer pid=1172274, ip=10.124.45.23) Capturing batches (bs=48 avail_mem=27.34 GB):  69%|██████▉   | 25/36 [00:02<00:00, 16.13it/s]Capturing batches (bs=48 avail_mem=27.34 GB):  75%|███████▌  | 27/36 [00:02<00:00, 16.56it/s]Capturing batches (bs=40 avail_mem=27.33 GB):  75%|███████▌  | 27/36 [00:02<00:00, 16.56it/s]
(SGLangHttpServer pid=1172271, ip=10.124.45.23) Capturing batches (bs=2 avail_mem=27.30 GB):  92%|█████████▏| 33/36 [00:02<00:00, 17.52it/s]Capturing batches (bs=1 avail_mem=27.29 GB):  92%|█████████▏| 33/36 [00:02<00:00, 17.52it/s]
(SGLangHttpServer pid=1172289, ip=10.124.45.23) Capturing batches (bs=80 avail_mem=27.36 GB):  64%|██████▍   | 23/36 [00:01<00:00, 15.34it/s]Capturing batches (bs=72 avail_mem=27.35 GB):  64%|██████▍   | 23/36 [00:01<00:00, 15.34it/s]Capturing batches (bs=64 avail_mem=27.35 GB):  64%|██████▍   | 23/36 [00:01<00:00, 15.34it/s]
(SGLangHttpServer pid=1172286, ip=10.124.45.23) Capturing batches (bs=64 avail_mem=27.35 GB):  69%|██████▉   | 25/36 [00:01<00:00, 15.75it/s]Capturing batches (bs=56 avail_mem=27.34 GB):  69%|██████▉   | 25/36 [00:01<00:00, 15.75it/s]Capturing batches (bs=48 avail_mem=27.34 GB):  69%|██████▉   | 25/36 [00:01<00:00, 15.75it/s]
(SGLangHttpServer pid=1172283, ip=10.124.45.23) Capturing batches (bs=32 avail_mem=27.33 GB):  75%|███████▌  | 27/36 [00:01<00:00, 17.17it/s]Capturing batches (bs=32 avail_mem=27.33 GB):  81%|████████  | 29/36 [00:02<00:00, 17.09it/s]Capturing batches (bs=24 avail_mem=27.32 GB):  81%|████████  | 29/36 [00:02<00:00, 17.09it/s]
(SGLangHttpServer pid=1172277, ip=10.124.45.23) Capturing batches (bs=16 avail_mem=27.32 GB):  81%|████████  | 29/36 [00:02<00:00, 17.56it/s]Capturing batches (bs=16 avail_mem=27.32 GB):  86%|████████▌ | 31/36 [00:02<00:00, 16.61it/s]Capturing batches (bs=12 avail_mem=27.31 GB):  86%|████████▌ | 31/36 [00:02<00:00, 16.61it/s]
(SGLangHttpServer pid=1172274, ip=10.124.45.23) Capturing batches (bs=32 avail_mem=27.33 GB):  75%|███████▌  | 27/36 [00:02<00:00, 16.56it/s]Capturing batches (bs=32 avail_mem=27.33 GB):  81%|████████  | 29/36 [00:02<00:00, 17.23it/s]Capturing batches (bs=24 avail_mem=27.32 GB):  81%|████████  | 29/36 [00:02<00:00, 17.23it/s]
(SGLangHttpServer pid=1172271, ip=10.124.45.23) Capturing batches (bs=1 avail_mem=27.29 GB): 100%|██████████| 36/36 [00:02<00:00, 18.66it/s]Capturing batches (bs=1 avail_mem=27.29 GB): 100%|██████████| 36/36 [00:02<00:00, 15.11it/s]
(SGLangHttpServer pid=1172289, ip=10.124.45.23) Capturing batches (bs=64 avail_mem=27.35 GB):  69%|██████▉   | 25/36 [00:01<00:00, 16.08it/s]Capturing batches (bs=56 avail_mem=27.34 GB):  69%|██████▉   | 25/36 [00:01<00:00, 16.08it/s]Capturing batches (bs=48 avail_mem=27.34 GB):  69%|██████▉   | 25/36 [00:02<00:00, 16.08it/s]
(SGLangHttpServer pid=1172286, ip=10.124.45.23) Capturing batches (bs=48 avail_mem=27.34 GB):  75%|███████▌  | 27/36 [00:01<00:00, 16.20it/s]Capturing batches (bs=40 avail_mem=27.33 GB):  75%|███████▌  | 27/36 [00:01<00:00, 16.20it/s]Capturing batches (bs=32 avail_mem=27.33 GB):  75%|███████▌  | 27/36 [00:02<00:00, 16.20it/s]
(SGLangHttpServer pid=1172283, ip=10.124.45.23) Capturing batches (bs=16 avail_mem=27.32 GB):  81%|████████  | 29/36 [00:02<00:00, 17.09it/s]Capturing batches (bs=16 avail_mem=27.32 GB):  86%|████████▌ | 31/36 [00:02<00:00, 16.27it/s]Capturing batches (bs=12 avail_mem=27.31 GB):  86%|████████▌ | 31/36 [00:02<00:00, 16.27it/s]
(SGLangHttpServer pid=1172277, ip=10.124.45.23) Capturing batches (bs=8 avail_mem=27.31 GB):  86%|████████▌ | 31/36 [00:02<00:00, 16.61it/s] Capturing batches (bs=4 avail_mem=27.30 GB):  86%|████████▌ | 31/36 [00:02<00:00, 16.61it/s]
(SGLangHttpServer pid=1172274, ip=10.124.45.23) Capturing batches (bs=16 avail_mem=27.32 GB):  81%|████████  | 29/36 [00:02<00:00, 17.23it/s]Capturing batches (bs=16 avail_mem=27.32 GB):  86%|████████▌ | 31/36 [00:02<00:00, 16.44it/s]Capturing batches (bs=12 avail_mem=27.31 GB):  86%|████████▌ | 31/36 [00:02<00:00, 16.44it/s]
(SGLangHttpServer pid=1172289, ip=10.124.45.23) Capturing batches (bs=48 avail_mem=27.34 GB):  75%|███████▌  | 27/36 [00:02<00:00, 16.28it/s]Capturing batches (bs=40 avail_mem=27.33 GB):  75%|███████▌  | 27/36 [00:02<00:00, 16.28it/s]Capturing batches (bs=32 avail_mem=27.33 GB):  75%|███████▌  | 27/36 [00:02<00:00, 16.28it/s]
(SGLangHttpServer pid=1172286, ip=10.124.45.23) Capturing batches (bs=32 avail_mem=27.33 GB):  81%|████████  | 29/36 [00:02<00:00, 16.70it/s]Capturing batches (bs=24 avail_mem=27.32 GB):  81%|████████  | 29/36 [00:02<00:00, 16.70it/s]Capturing batches (bs=16 avail_mem=27.32 GB):  81%|████████  | 29/36 [00:02<00:00, 16.70it/s]
(SGLangHttpServer pid=1172283, ip=10.124.45.23) Capturing batches (bs=8 avail_mem=27.31 GB):  86%|████████▌ | 31/36 [00:02<00:00, 16.27it/s] Capturing batches (bs=4 avail_mem=27.30 GB):  86%|████████▌ | 31/36 [00:02<00:00, 16.27it/s]
(SGLangHttpServer pid=1172277, ip=10.124.45.23) Capturing batches (bs=4 avail_mem=27.30 GB):  94%|█████████▍| 34/36 [00:02<00:00, 18.07it/s]Capturing batches (bs=2 avail_mem=27.30 GB):  94%|█████████▍| 34/36 [00:02<00:00, 18.07it/s]Capturing batches (bs=1 avail_mem=27.29 GB):  94%|█████████▍| 34/36 [00:02<00:00, 18.07it/s]Capturing batches (bs=1 avail_mem=27.29 GB): 100%|██████████| 36/36 [00:02<00:00, 14.93it/s]
(SGLangHttpServer pid=1172274, ip=10.124.45.23) Capturing batches (bs=8 avail_mem=27.31 GB):  86%|████████▌ | 31/36 [00:02<00:00, 16.44it/s] Capturing batches (bs=4 avail_mem=27.30 GB):  86%|████████▌ | 31/36 [00:02<00:00, 16.44it/s]
(SGLangHttpServer pid=1172289, ip=10.124.45.23) Capturing batches (bs=24 avail_mem=27.32 GB):  75%|███████▌  | 27/36 [00:02<00:00, 16.28it/s]Capturing batches (bs=24 avail_mem=27.32 GB):  83%|████████▎ | 30/36 [00:02<00:00, 17.32it/s]Capturing batches (bs=16 avail_mem=27.32 GB):  83%|████████▎ | 30/36 [00:02<00:00, 17.32it/s]
(SGLangHttpServer pid=1172286, ip=10.124.45.23) Capturing batches (bs=16 avail_mem=27.32 GB):  86%|████████▌ | 31/36 [00:02<00:00, 15.99it/s]Capturing batches (bs=12 avail_mem=27.31 GB):  86%|████████▌ | 31/36 [00:02<00:00, 15.99it/s]Capturing batches (bs=8 avail_mem=27.31 GB):  86%|████████▌ | 31/36 [00:02<00:00, 15.99it/s] 
(SGLangHttpServer pid=1172283, ip=10.124.45.23) Capturing batches (bs=4 avail_mem=27.30 GB):  94%|█████████▍| 34/36 [00:02<00:00, 17.55it/s]Capturing batches (bs=2 avail_mem=27.30 GB):  94%|█████████▍| 34/36 [00:02<00:00, 17.55it/s]Capturing batches (bs=1 avail_mem=27.29 GB):  94%|█████████▍| 34/36 [00:02<00:00, 17.55it/s]
(SGLangHttpServer pid=1172274, ip=10.124.45.23) Capturing batches (bs=4 avail_mem=27.30 GB):  94%|█████████▍| 34/36 [00:02<00:00, 17.88it/s]Capturing batches (bs=2 avail_mem=27.30 GB):  94%|█████████▍| 34/36 [00:02<00:00, 17.88it/s]Capturing batches (bs=1 avail_mem=27.29 GB):  94%|█████████▍| 34/36 [00:02<00:00, 17.88it/s]
(SGLangHttpServer pid=1172289, ip=10.124.45.23) Capturing batches (bs=12 avail_mem=27.31 GB):  83%|████████▎ | 30/36 [00:02<00:00, 17.32it/s]Capturing batches (bs=12 avail_mem=27.31 GB):  89%|████████▉ | 32/36 [00:02<00:00, 16.67it/s]Capturing batches (bs=8 avail_mem=27.31 GB):  89%|████████▉ | 32/36 [00:02<00:00, 16.67it/s] 
(SGLangHttpServer pid=1172286, ip=10.124.45.23) Capturing batches (bs=8 avail_mem=27.31 GB):  92%|█████████▏| 33/36 [00:02<00:00, 17.00it/s]Capturing batches (bs=4 avail_mem=27.30 GB):  92%|█████████▏| 33/36 [00:02<00:00, 17.00it/s]Capturing batches (bs=2 avail_mem=27.30 GB):  92%|█████████▏| 33/36 [00:02<00:00, 17.00it/s]
(SGLangHttpServer pid=1172283, ip=10.124.45.23) Capturing batches (bs=1 avail_mem=27.29 GB): 100%|██████████| 36/36 [00:02<00:00, 14.91it/s]
(SGLangHttpServer pid=1172274, ip=10.124.45.23) Capturing batches (bs=1 avail_mem=27.29 GB): 100%|██████████| 36/36 [00:02<00:00, 14.19it/s]
(SGLangHttpServer pid=1172289, ip=10.124.45.23) Capturing batches (bs=4 avail_mem=27.30 GB):  89%|████████▉ | 32/36 [00:02<00:00, 16.67it/s]Capturing batches (bs=4 avail_mem=27.30 GB):  94%|█████████▍| 34/36 [00:02<00:00, 17.24it/s]Capturing batches (bs=2 avail_mem=27.30 GB):  94%|█████████▍| 34/36 [00:02<00:00, 17.24it/s]
(SGLangHttpServer pid=1172286, ip=10.124.45.23) Capturing batches (bs=2 avail_mem=27.30 GB):  97%|█████████▋| 35/36 [00:02<00:00, 17.75it/s]Capturing batches (bs=1 avail_mem=27.29 GB):  97%|█████████▋| 35/36 [00:02<00:00, 17.75it/s]Capturing batches (bs=1 avail_mem=27.29 GB): 100%|██████████| 36/36 [00:02<00:00, 14.61it/s]
(SGLangHttpServer pid=1172289, ip=10.124.45.23) Capturing batches (bs=1 avail_mem=27.29 GB):  94%|█████████▍| 34/36 [00:02<00:00, 17.24it/s]Capturing batches (bs=1 avail_mem=27.29 GB): 100%|██████████| 36/36 [00:02<00:00, 13.93it/s]
(WorkerDict pid=1167179, ip=10.124.45.23) [Gloo] Rank 0 is connected to 0 peer ranks. Expected number of connected peer ranks is : 0
(WorkerDict pid=1167184, ip=10.124.45.23) [Gloo] Rank 6 is connected to 7 peer ranks. Expected number of connected peer ranks is : 7
(WorkerDict pid=1167184, ip=10.124.45.23) [Gloo] Rank 0 is connected to 0 peer ranks. Expected number of connected peer ranks is : 0
(WorkerDict pid=1167184, ip=10.124.45.23) [Gloo] Rank 0 is connected to 0 peer ranks. Expected number of connected peer ranks is : 0
(WorkerDict pid=1167185, ip=10.124.45.23) [Gloo] Rank 7 is connected to 7 peer ranks. Expected number of connected peer ranks is : 7
(WorkerDict pid=1167185, ip=10.124.45.23) [Gloo] Rank 0 is connected to 0 peer ranks. Expected number of connected peer ranks is : 0
(WorkerDict pid=1167185, ip=10.124.45.23) [Gloo] Rank 0 is connected to 0 peer ranks. Expected number of connected peer ranks is : 0
(WorkerDict pid=1167181, ip=10.124.45.23) [Gloo] Rank 3 is connected to 7 peer ranks. Expected number of connected peer ranks is : 7
(WorkerDict pid=1167181, ip=10.124.45.23) [Gloo] Rank 0 is connected to 0 peer ranks. Expected number of connected peer ranks is : 0
(WorkerDict pid=1167181, ip=10.124.45.23) [Gloo] Rank 0 is connected to 0 peer ranks. Expected number of connected peer ranks is : 0
(WorkerDict pid=1167182, ip=10.124.45.23) [Gloo] Rank 4 is connected to 7 peer ranks. Expected number of connected peer ranks is : 7
(WorkerDict pid=1167182, ip=10.124.45.23) [Gloo] Rank 0 is connected to 0 peer ranks. Expected number of connected peer ranks is : 0
(WorkerDict pid=1167182, ip=10.124.45.23) [Gloo] Rank 0 is connected to 0 peer ranks. Expected number of connected peer ranks is : 0
(WorkerDict pid=1167178, ip=10.124.45.23) After FSDP, memory allocated (GB): 3.81, memory reserved (GB): 18.74, device memory used/total (GB): 19.82/79.15
(WorkerDict pid=1167178, ip=10.124.45.23) Total steps: 1, num_warmup_steps: 0
(WorkerDict pid=1167178, ip=10.124.45.23) NCCL version 2.27.5+cuda12.9
(WorkerDict pid=1167178, ip=10.124.45.23) [Gloo] Rank 0 is connected to 7 peer ranks. Expected number of connected peer ranks is : 7
(WorkerDict pid=1167178, ip=10.124.45.23) [Gloo] Rank 0 is connected to 0 peer ranks. Expected number of connected peer ranks is : 0
(WorkerDict pid=1167178, ip=10.124.45.23) [Gloo] Rank 0 is connected to 0 peer ranks. Expected number of connected peer ranks is : 0
(WorkerDict pid=1167183, ip=10.124.45.23) [Gloo] Rank 5 is connected to 7 peer ranks. Expected number of connected peer ranks is : 7
(WorkerDict pid=1167183, ip=10.124.45.23) [Gloo] Rank 0 is connected to 0 peer ranks. Expected number of connected peer ranks is : 0
(WorkerDict pid=1167183, ip=10.124.45.23) [Gloo] Rank 0 is connected to 0 peer ranks. Expected number of connected peer ranks is : 0
(WorkerDict pid=1167180, ip=10.124.45.23) [Gloo] Rank 2 is connected to 7 peer ranks. Expected number of connected peer ranks is : 7
(WorkerDict pid=1167180, ip=10.124.45.23) [Gloo] Rank 0 is connected to 0 peer ranks. Expected number of connected peer ranks is : 0
(WorkerDict pid=1167180, ip=10.124.45.23) [Gloo] Rank 0 is connected to 0 peer ranks. Expected number of connected peer ranks is : 0
(SGLangHttpServer pid=1172270, ip=10.124.45.23) SGLang http server: rollout_mode=<RolloutMode.HYBRID: 'hybrid'>, replica_rank=0, node_rank=0, nnodes=1, cuda_visible_devices='0', role=null
(SGLangHttpServer pid=1172271, ip=10.124.45.23) SGLang http server: rollout_mode=<RolloutMode.HYBRID: 'hybrid'>, replica_rank=1, node_rank=0, nnodes=1, cuda_visible_devices='1', role=null
(SGLangHttpServer pid=1172277, ip=10.124.45.23) SGLang http server: rollout_mode=<RolloutMode.HYBRID: 'hybrid'>, replica_rank=3, node_rank=0, nnodes=1, cuda_visible_devices='3', role=null
(SGLangHttpServer pid=1172274, ip=10.124.45.23) SGLang http server: rollout_mode=<RolloutMode.HYBRID: 'hybrid'>, replica_rank=2, node_rank=0, nnodes=1, cuda_visible_devices='2', role=null
(SGLangHttpServer pid=1172283, ip=10.124.45.23) SGLang http server: rollout_mode=<RolloutMode.HYBRID: 'hybrid'>, replica_rank=4, node_rank=0, nnodes=1, cuda_visible_devices='4', role=null
(SGLangHttpServer pid=1172289, ip=10.124.45.23) SGLang http server: rollout_mode=<RolloutMode.HYBRID: 'hybrid'>, replica_rank=6, node_rank=0, nnodes=1, cuda_visible_devices='6', role=null
(SGLangHttpServer pid=1172295, ip=10.124.45.23) SGLang http server: rollout_mode=<RolloutMode.HYBRID: 'hybrid'>, replica_rank=7, node_rank=0, nnodes=1, cuda_visible_devices='7', role=null
(SGLangHttpServer pid=1172286, ip=10.124.45.23) SGLang http server: rollout_mode=<RolloutMode.HYBRID: 'hybrid'>, replica_rank=5, node_rank=0, nnodes=1, cuda_visible_devices='5', role=null
(SGLangHttpServer pid=1172270, ip=10.124.45.23) [Gloo] Rank 0 is connected to 0 peer ranks. Expected number of connected peer ranks is : 0
(SGLangHttpServer pid=1172270, ip=10.124.45.23) [Gloo] Rank 0 is connected to 0 peer ranks. Expected number of connected peer ranks is : 0
(SGLangHttpServer pid=1172270, ip=10.124.45.23) [Gloo] Rank 0 is connected to 0 peer ranks. Expected number of connected peer ranks is : 0
(SGLangHttpServer pid=1172295, ip=10.124.45.23) [Gloo] Rank 0 is connected to 0 peer ranks. Expected number of connected peer ranks is : 0
(SGLangHttpServer pid=1172295, ip=10.124.45.23) [Gloo] Rank 0 is connected to 0 peer ranks. Expected number of connected peer ranks is : 0
(SGLangHttpServer pid=1172295, ip=10.124.45.23) [Gloo] Rank 0 is connected to 0 peer ranks. Expected number of connected peer ranks is : 0
(SGLangHttpServer pid=1172271, ip=10.124.45.23) [Gloo] Rank 0 is connected to 0 peer ranks. Expected number of connected peer ranks is : 0
(SGLangHttpServer pid=1172271, ip=10.124.45.23) [Gloo] Rank 0 is connected to 0 peer ranks. Expected number of connected peer ranks is : 0
(SGLangHttpServer pid=1172271, ip=10.124.45.23) [Gloo] Rank 0 is connected to 0 peer ranks. Expected number of connected peer ranks is : 0
(SGLangHttpServer pid=1172289, ip=10.124.45.23) [Gloo] Rank 0 is connected to 0 peer ranks. Expected number of connected peer ranks is : 0
(SGLangHttpServer pid=1172289, ip=10.124.45.23) [Gloo] Rank 0 is connected to 0 peer ranks. Expected number of connected peer ranks is : 0
(SGLangHttpServer pid=1172289, ip=10.124.45.23) [Gloo] Rank 0 is connected to 0 peer ranks. Expected number of connected peer ranks is : 0
(SGLangHttpServer pid=1172277, ip=10.124.45.23) [Gloo] Rank 0 is connected to 0 peer ranks. Expected number of connected peer ranks is : 0
(SGLangHttpServer pid=1172277, ip=10.124.45.23) [Gloo] Rank 0 is connected to 0 peer ranks. Expected number of connected peer ranks is : 0
(SGLangHttpServer pid=1172277, ip=10.124.45.23) [Gloo] Rank 0 is connected to 0 peer ranks. Expected number of connected peer ranks is : 0
(SGLangHttpServer pid=1172274, ip=10.124.45.23) [Gloo] Rank 0 is connected to 0 peer ranks. Expected number of connected peer ranks is : 0
(SGLangHttpServer pid=1172274, ip=10.124.45.23) [Gloo] Rank 0 is connected to 0 peer ranks. Expected number of connected peer ranks is : 0
(SGLangHttpServer pid=1172274, ip=10.124.45.23) [Gloo] Rank 0 is connected to 0 peer ranks. Expected number of connected peer ranks is : 0
(SGLangHttpServer pid=1172283, ip=10.124.45.23) [Gloo] Rank 0 is connected to 0 peer ranks. Expected number of connected peer ranks is : 0
(SGLangHttpServer pid=1172283, ip=10.124.45.23) [Gloo] Rank 0 is connected to 0 peer ranks. Expected number of connected peer ranks is : 0
(SGLangHttpServer pid=1172283, ip=10.124.45.23) [Gloo] Rank 0 is connected to 0 peer ranks. Expected number of connected peer ranks is : 0
(SGLangHttpServer pid=1172286, ip=10.124.45.23) [Gloo] Rank 0 is connected to 0 peer ranks. Expected number of connected peer ranks is : 0
(SGLangHttpServer pid=1172286, ip=10.124.45.23) [Gloo] Rank 0 is connected to 0 peer ranks. Expected number of connected peer ranks is : 0
(SGLangHttpServer pid=1172286, ip=10.124.45.23) [Gloo] Rank 0 is connected to 0 peer ranks. Expected number of connected peer ranks is : 0
(TaskRunner pid=1161552, ip=10.124.45.23) wandb: WARNING func: get_project_by_name, err: Request failed! url: https://ml.bytedance.net/inner/GetTrackingProjectByName, req_body: {'Name': 'specTool'}, resp_body: b'{"ResponseMetadata":{"RequestId":"","Action":"","Version":"","Service":"","Region":"","Error":{"Code":"MissingAuthenticationToken","CodeN":1709801,"Message":"zti token not found, please use DOAS cli to run script","RawError":{},"HTTPCode":401}}}'
(TaskRunner pid=1161552, ip=10.124.45.23) wandb: WARNING func: get_project_by_name, err: Request failed! url: https://ml.bytedance.net/inner/GetTrackingProjectByName, req_body: {'Name': 'specTool'}, resp_body: b'{"ResponseMetadata":{"RequestId":"","Action":"","Version":"","Service":"","Region":"","Error":{"Code":"MissingAuthenticationToken","CodeN":1709801,"Message":"zti token not found, please use DOAS cli to run script","RawError":{},"HTTPCode":401}}}'
(TaskRunner pid=1161552, ip=10.124.45.23) wandb: WARNING func: create_project, err: Request failed! url: https://ml.bytedance.net/inner/CreateTrackingProject, req_body: {'Name': 'specTool'}, resp_body: b'{"ResponseMetadata":{"RequestId":"","Action":"","Version":"","Service":"","Region":"","Error":{"Code":"MissingAuthenticationToken","CodeN":1709801,"Message":"zti token not found, please use DOAS cli to run script","RawError":{},"HTTPCode":401}}}'
(TaskRunner pid=1161552, ip=10.124.45.23) wandb: WARNING func: alert, err: Request failed! url: https://ml.bytedance.net/inner/TrackingAlert, req_body: {'Title': 'Wandb Failed!', 'Text': 'Failed Function: create_project\nERR Message: Request failed! url: https://ml.bytedance.net/inner/CreateTrackingProject, req_body: {\'Name\': \'specTool\'}, resp_body: b\'{"ResponseMetadata":{"RequestId":"","Action":"","Version":"","Service":"","Region":"","Error":{"Code":"MissingAuthenticationToken","CodeN":1709801,"Message":"zti token not found, please use DOAS cli to run script","RawError":{},"HTTPCode":401}}}\''}, resp_body: b'{"ResponseMetadata":{"RequestId":"","Action":"","Version":"","Service":"","Region":"","Error":{"Code":"MissingAuthenticationToken","CodeN":1709801,"Message":"zti token not found, please use DOAS cli to run script","RawError":{},"HTTPCode":401}}}'
(TaskRunner pid=1161552, ip=10.124.45.23) wandb: ⭐️ View project at 
(TaskRunner pid=1161552, ip=10.124.45.23) wandb: - Waiting for wandb.init()...
(TaskRunner pid=1161552, ip=10.124.45.23) wandb: \ Waiting for wandb.init()...
(TaskRunner pid=1161552, ip=10.124.45.23) wandb: | Waiting for wandb.init()...
(TaskRunner pid=1161552, ip=10.124.45.23) wandb: WARNING func: create_run, err: Request failed! url: https://ml.bytedance.net/inner/CreateTrackingRun, req_body: {'ProjectId': '', 'Name': 'baseline_hotpotqa_qwen3_8b_sleep0_toolcalls1_bs384_rollout8_step1_lat8192_500pt_20260608_192019_bs384', 'RunId': 'run_20260608_096616d6', 'Description': None, 'OuterType': None, 'OuterId': None, 'Tags': None, 'OuterInfo': {'is_seed': False}}, resp_body: b'{"ResponseMetadata":{"RequestId":"","Action":"","Version":"","Service":"","Region":"","Error":{"Code":"MissingAuthenticationToken","CodeN":1709801,"Message":"zti token not found, please use DOAS cli to run script","RawError":{},"HTTPCode":401}}}'
(TaskRunner pid=1161552, ip=10.124.45.23) wandb: WARNING func: alert, err: Request failed! url: https://ml.bytedance.net/inner/TrackingAlert, req_body: {'Title': 'Wandb Failed!', 'Text': 'Failed Function: create_run\nERR Message: Request failed! url: https://ml.bytedance.net/inner/CreateTrackingRun, req_body: {\'ProjectId\': \'\', \'Name\': \'baseline_hotpotqa_qwen3_8b_sleep0_toolcalls1_bs384_rollout8_step1_lat8192_500pt_20260608_192019_bs384\', \'RunId\': \'run_20260608_096616d6\', \'Description\': None, \'OuterType\': None, \'OuterId\': None, \'Tags\': None, \'OuterInfo\': {\'is_seed\': False}}, resp_body: b\'{"ResponseMetadata":{"RequestId":"","Action":"","Version":"","Service":"","Region":"","Error":{"Code":"MissingAuthenticationToken","CodeN":1709801,"Message":"zti token not found, please use DOAS cli to run script","RawError":{},"HTTPCode":401}}}\''}, resp_body: b'{"ResponseMetadata":{"RequestId":"","Action":"","Version":"","Service":"","Region":"","Error":{"Code":"MissingAuthenticationToken","CodeN":1709801,"Message":"zti token not found, please use DOAS cli to run script","RawError":{},"HTTPCode":401}}}'
(TaskRunner pid=1161552, ip=10.124.45.23) wandb: 🚀 View run at 
(TaskRunner pid=1161552, ip=10.124.45.23) wandb: WARNING func: alert, err: Request failed! url: https://ml.bytedance.net/inner/TrackingAlert, req_body: {'Title': 'Tracking Run Created', 'Text': 'Created run [specTool/]()'}, resp_body: b'{"ResponseMetadata":{"RequestId":"","Action":"","Version":"","Service":"","Region":"","Error":{"Code":"MissingAuthenticationToken","CodeN":1709801,"Message":"zti token not found, please use DOAS cli to run script","RawError":{},"HTTPCode":401}}}'
(TaskRunner pid=1161552, ip=10.124.45.23) wandb: WARNING func: set_run_config, err: set_run_config wandb init failed, skip.../
(TaskRunner pid=1161552, ip=10.124.45.23) wandb: / Waiting for wandb.init()...
(pid=1175739, ip=10.124.45.23) /usr/local/lib/python3.12/dist-packages/torch/amp/autocast_mode.py:270: UserWarning: User provided device_type of 'cuda', but CUDA is not available. Disabling
(pid=1175739, ip=10.124.45.23)   warnings.warn(
(pid=1175739, ip=10.124.45.23) Modular Diffusers is currently an experimental feature under active development. The API is subject to breaking changes in future releases.
(pid=1175740, ip=10.124.45.23) /usr/local/lib/python3.12/dist-packages/torch/amp/autocast_mode.py:270: UserWarning: User provided device_type of 'cuda', but CUDA is not available. Disabling
(pid=1175740, ip=10.124.45.23)   warnings.warn(
(pid=1175740, ip=10.124.45.23) Modular Diffusers is currently an experimental feature under active development. The API is subject to breaking changes in future releases.
(GlobalRequestLoadBalancer pid=1175736, ip=10.124.45.23) /usr/local/lib/python3.12/dist-packages/torch/amp/autocast_mode.py:270: UserWarning: User provided device_type of 'cuda', but CUDA is not available. Disabling
(GlobalRequestLoadBalancer pid=1175736, ip=10.124.45.23)   warnings.warn(
(GlobalRequestLoadBalancer pid=1175736, ip=10.124.45.23) Modular Diffusers is currently an experimental feature under active development. The API is subject to breaking changes in future releases.
(pid=1175735, ip=10.124.45.23) /usr/local/lib/python3.12/dist-packages/torch/amp/autocast_mode.py:270: UserWarning: User provided device_type of 'cuda', but CUDA is not available. Disabling
(pid=1175735, ip=10.124.45.23)   warnings.warn(
(pid=1175735, ip=10.124.45.23) Modular Diffusers is currently an experimental feature under active development. The API is subject to breaking changes in future releases.
