(SGLangHttpServer pid=438279, ip=10.124.44.153) Capturing batches (bs=160 avail_mem=27.42 GB):  36%|███▌      | 13/36 [00:26<00:13,  1.74it/s]Capturing batches (bs=152 avail_mem=27.41 GB):  36%|███▌      | 13/36 [00:26<00:13,  1.74it/s]
(SGLangHttpServer pid=438276, ip=10.124.44.153) Capturing batches (bs=160 avail_mem=27.42 GB):  31%|███       | 11/36 [00:23<00:18,  1.32it/s]
(SGLangHttpServer pid=438282, ip=10.124.44.153) Capturing batches (bs=160 avail_mem=27.42 GB):  36%|███▌      | 13/36 [00:23<00:11,  1.92it/s]Capturing batches (bs=152 avail_mem=27.41 GB):  36%|███▌      | 13/36 [00:23<00:11,  1.92it/s]Capturing batches (bs=144 avail_mem=27.41 GB):  36%|███▌      | 13/36 [00:23<00:11,  1.92it/s]
(SGLangHttpServer pid=438288, ip=10.124.44.153) Capturing batches (bs=160 avail_mem=27.42 GB):  36%|███▌      | 13/36 [00:26<00:13,  1.75it/s]Capturing batches (bs=152 avail_mem=27.41 GB):  36%|███▌      | 13/36 [00:26<00:13,  1.75it/s]
(SGLangHttpServer pid=438294, ip=10.124.44.153) Capturing batches (bs=160 avail_mem=27.42 GB):  36%|███▌      | 13/36 [00:29<00:14,  1.57it/s]Capturing batches (bs=152 avail_mem=27.41 GB):  36%|███▌      | 13/36 [00:29<00:14,  1.57it/s]Capturing batches (bs=144 avail_mem=27.41 GB):  36%|███▌      | 13/36 [00:29<00:14,  1.57it/s]
(SGLangHttpServer pid=438291, ip=10.124.44.153) Capturing batches (bs=160 avail_mem=27.42 GB):  36%|███▌      | 13/36 [00:23<00:12,  1.91it/s]Capturing batches (bs=152 avail_mem=27.41 GB):  36%|███▌      | 13/36 [00:23<00:12,  1.91it/s]Capturing batches (bs=144 avail_mem=27.41 GB):  36%|███▌      | 13/36 [00:23<00:12,  1.91it/s]
(SGLangHttpServer pid=438285, ip=10.124.44.153) Capturing batches (bs=160 avail_mem=27.42 GB):  36%|███▌      | 13/36 [00:29<00:14,  1.57it/s]Capturing batches (bs=152 avail_mem=27.41 GB):  36%|███▌      | 13/36 [00:29<00:14,  1.57it/s]Capturing batches (bs=144 avail_mem=27.41 GB):  36%|███▌      | 13/36 [00:29<00:14,  1.57it/s]
(SGLangHttpServer pid=438275, ip=10.124.44.153) Capturing batches (bs=144 avail_mem=28.64 GB):  36%|███▌      | 13/36 [00:29<00:14,  1.57it/s]
(SGLangHttpServer pid=438279, ip=10.124.44.153) Capturing batches (bs=144 avail_mem=27.41 GB):  36%|███▌      | 13/36 [00:26<00:13,  1.74it/s]
(SGLangHttpServer pid=438276, ip=10.124.44.153) Capturing batches (bs=160 avail_mem=27.42 GB):  36%|███▌      | 13/36 [00:23<00:12,  1.89it/s]Capturing batches (bs=152 avail_mem=27.41 GB):  36%|███▌      | 13/36 [00:23<00:12,  1.89it/s]
(SGLangHttpServer pid=438275, ip=10.124.44.153) Capturing batches (bs=144 avail_mem=28.64 GB):  42%|████▏     | 15/36 [00:29<00:09,  2.21it/s]Capturing batches (bs=136 avail_mem=28.63 GB):  42%|████▏     | 15/36 [00:29<00:09,  2.21it/s]
(SGLangHttpServer pid=438279, ip=10.124.44.153) Capturing batches (bs=144 avail_mem=27.41 GB):  42%|████▏     | 15/36 [00:26<00:08,  2.44it/s]Capturing batches (bs=136 avail_mem=27.40 GB):  42%|████▏     | 15/36 [00:26<00:08,  2.44it/s]
(SGLangHttpServer pid=438276, ip=10.124.44.153) Capturing batches (bs=144 avail_mem=27.41 GB):  36%|███▌      | 13/36 [00:23<00:12,  1.89it/s]
(SGLangHttpServer pid=438282, ip=10.124.44.153) Capturing batches (bs=144 avail_mem=27.41 GB):  42%|████▏     | 15/36 [00:23<00:07,  2.68it/s]Capturing batches (bs=136 avail_mem=27.40 GB):  42%|████▏     | 15/36 [00:23<00:07,  2.68it/s]
(SGLangHttpServer pid=438288, ip=10.124.44.153) Capturing batches (bs=144 avail_mem=27.41 GB):  36%|███▌      | 13/36 [00:26<00:13,  1.75it/s]Capturing batches (bs=144 avail_mem=27.41 GB):  42%|████▏     | 15/36 [00:26<00:08,  2.44it/s]Capturing batches (bs=136 avail_mem=27.40 GB):  42%|████▏     | 15/36 [00:26<00:08,  2.44it/s]
(SGLangHttpServer pid=438294, ip=10.124.44.153) Capturing batches (bs=144 avail_mem=27.41 GB):  42%|████▏     | 15/36 [00:29<00:09,  2.22it/s]Capturing batches (bs=136 avail_mem=27.40 GB):  42%|████▏     | 15/36 [00:29<00:09,  2.22it/s]
(SGLangHttpServer pid=438291, ip=10.124.44.153) Capturing batches (bs=144 avail_mem=27.41 GB):  42%|████▏     | 15/36 [00:23<00:07,  2.66it/s]Capturing batches (bs=136 avail_mem=27.40 GB):  42%|████▏     | 15/36 [00:23<00:07,  2.66it/s]
(SGLangHttpServer pid=438285, ip=10.124.44.153) Capturing batches (bs=144 avail_mem=27.41 GB):  42%|████▏     | 15/36 [00:29<00:09,  2.20it/s]Capturing batches (bs=136 avail_mem=27.40 GB):  42%|████▏     | 15/36 [00:29<00:09,  2.20it/s]
(SGLangHttpServer pid=438275, ip=10.124.44.153) Capturing batches (bs=128 avail_mem=28.63 GB):  42%|████▏     | 15/36 [00:29<00:09,  2.21it/s]Capturing batches (bs=128 avail_mem=28.63 GB):  47%|████▋     | 17/36 [00:29<00:06,  3.02it/s]Capturing batches (bs=120 avail_mem=28.62 GB):  47%|████▋     | 17/36 [00:29<00:06,  3.02it/s]
(SGLangHttpServer pid=438279, ip=10.124.44.153) Capturing batches (bs=128 avail_mem=27.40 GB):  42%|████▏     | 15/36 [00:26<00:08,  2.44it/s]Capturing batches (bs=128 avail_mem=27.40 GB):  47%|████▋     | 17/36 [00:26<00:05,  3.31it/s]Capturing batches (bs=120 avail_mem=27.39 GB):  47%|████▋     | 17/36 [00:26<00:05,  3.31it/s]
(SGLangHttpServer pid=438276, ip=10.124.44.153) Capturing batches (bs=144 avail_mem=27.41 GB):  42%|████▏     | 15/36 [00:23<00:08,  2.62it/s]Capturing batches (bs=136 avail_mem=27.40 GB):  42%|████▏     | 15/36 [00:23<00:08,  2.62it/s]
(SGLangHttpServer pid=438282, ip=10.124.44.153) Capturing batches (bs=128 avail_mem=27.40 GB):  42%|████▏     | 15/36 [00:23<00:07,  2.68it/s]Capturing batches (bs=128 avail_mem=27.40 GB):  47%|████▋     | 17/36 [00:24<00:05,  3.61it/s]Capturing batches (bs=120 avail_mem=27.39 GB):  47%|████▋     | 17/36 [00:24<00:05,  3.61it/s]
(SGLangHttpServer pid=438288, ip=10.124.44.153) Capturing batches (bs=128 avail_mem=27.40 GB):  42%|████▏     | 15/36 [00:26<00:08,  2.44it/s]
(SGLangHttpServer pid=438294, ip=10.124.44.153) Capturing batches (bs=128 avail_mem=27.40 GB):  42%|████▏     | 15/36 [00:29<00:09,  2.22it/s]Capturing batches (bs=128 avail_mem=27.40 GB):  47%|████▋     | 17/36 [00:29<00:06,  3.02it/s]Capturing batches (bs=120 avail_mem=27.39 GB):  47%|████▋     | 17/36 [00:29<00:06,  3.02it/s]
(SGLangHttpServer pid=438291, ip=10.124.44.153) Capturing batches (bs=128 avail_mem=27.40 GB):  42%|████▏     | 15/36 [00:23<00:07,  2.66it/s]Capturing batches (bs=128 avail_mem=27.40 GB):  47%|████▋     | 17/36 [00:24<00:05,  3.56it/s]Capturing batches (bs=120 avail_mem=27.39 GB):  47%|████▋     | 17/36 [00:24<00:05,  3.56it/s]
(SGLangHttpServer pid=438285, ip=10.124.44.153) Capturing batches (bs=128 avail_mem=27.40 GB):  42%|████▏     | 15/36 [00:29<00:09,  2.20it/s]Capturing batches (bs=128 avail_mem=27.40 GB):  47%|████▋     | 17/36 [00:29<00:06,  2.99it/s]Capturing batches (bs=120 avail_mem=27.39 GB):  47%|████▋     | 17/36 [00:29<00:06,  2.99it/s]
(SGLangHttpServer pid=438275, ip=10.124.44.153) Capturing batches (bs=112 avail_mem=28.61 GB):  47%|████▋     | 17/36 [00:29<00:06,  3.02it/s]
(SGLangHttpServer pid=438279, ip=10.124.44.153) Capturing batches (bs=112 avail_mem=27.38 GB):  47%|████▋     | 17/36 [00:26<00:05,  3.31it/s]
(SGLangHttpServer pid=438276, ip=10.124.44.153) Capturing batches (bs=128 avail_mem=27.40 GB):  42%|████▏     | 15/36 [00:24<00:08,  2.62it/s]
(SGLangHttpServer pid=438282, ip=10.124.44.153) Capturing batches (bs=112 avail_mem=27.38 GB):  47%|████▋     | 17/36 [00:24<00:05,  3.61it/s]
(SGLangHttpServer pid=438288, ip=10.124.44.153) Capturing batches (bs=128 avail_mem=27.40 GB):  47%|████▋     | 17/36 [00:26<00:05,  3.29it/s]Capturing batches (bs=120 avail_mem=27.39 GB):  47%|████▋     | 17/36 [00:26<00:05,  3.29it/s]
(SGLangHttpServer pid=438294, ip=10.124.44.153) Capturing batches (bs=112 avail_mem=27.38 GB):  47%|████▋     | 17/36 [00:29<00:06,  3.02it/s]
(SGLangHttpServer pid=438291, ip=10.124.44.153) Capturing batches (bs=112 avail_mem=27.38 GB):  47%|████▋     | 17/36 [00:24<00:05,  3.56it/s]
(SGLangHttpServer pid=438285, ip=10.124.44.153) Capturing batches (bs=112 avail_mem=27.38 GB):  47%|████▋     | 17/36 [00:30<00:06,  2.99it/s]
(SGLangHttpServer pid=438275, ip=10.124.44.153) Capturing batches (bs=112 avail_mem=28.61 GB):  53%|█████▎    | 19/36 [00:31<00:08,  1.91it/s]Capturing batches (bs=104 avail_mem=28.60 GB):  53%|█████▎    | 19/36 [00:31<00:08,  1.91it/s]
(SGLangHttpServer pid=438282, ip=10.124.44.153) Capturing batches (bs=112 avail_mem=27.38 GB):  53%|█████▎    | 19/36 [00:25<00:08,  2.06it/s]Capturing batches (bs=104 avail_mem=27.38 GB):  53%|█████▎    | 19/36 [00:25<00:08,  2.06it/s]
(SGLangHttpServer pid=438294, ip=10.124.44.153) Capturing batches (bs=112 avail_mem=27.38 GB):  53%|█████▎    | 19/36 [00:31<00:08,  1.91it/s]Capturing batches (bs=104 avail_mem=27.38 GB):  53%|█████▎    | 19/36 [00:31<00:08,  1.91it/s]
(SGLangHttpServer pid=438288, ip=10.124.44.153) Capturing batches (bs=112 avail_mem=27.38 GB):  47%|████▋     | 17/36 [00:28<00:05,  3.29it/s]
(SGLangHttpServer pid=438275, ip=10.124.44.153) Capturing batches (bs=96 avail_mem=28.60 GB):  53%|█████▎    | 19/36 [00:31<00:08,  1.91it/s] 
(SGLangHttpServer pid=438279, ip=10.124.44.153) Capturing batches (bs=112 avail_mem=27.38 GB):  53%|█████▎    | 19/36 [00:28<00:08,  1.98it/s]Capturing batches (bs=104 avail_mem=27.38 GB):  53%|█████▎    | 19/36 [00:28<00:08,  1.98it/s]Capturing batches (bs=96 avail_mem=27.37 GB):  53%|█████▎    | 19/36 [00:28<00:08,  1.98it/s] 
(SGLangHttpServer pid=438276, ip=10.124.44.153) Capturing batches (bs=128 avail_mem=27.40 GB):  47%|████▋     | 17/36 [00:25<00:10,  1.74it/s]Capturing batches (bs=120 avail_mem=27.39 GB):  47%|████▋     | 17/36 [00:25<00:10,  1.74it/s]
(SGLangHttpServer pid=438282, ip=10.124.44.153) Capturing batches (bs=96 avail_mem=27.37 GB):  53%|█████▎    | 19/36 [00:26<00:08,  2.06it/s] 
(SGLangHttpServer pid=438288, ip=10.124.44.153) Capturing batches (bs=112 avail_mem=27.38 GB):  53%|█████▎    | 19/36 [00:28<00:08,  1.95it/s]Capturing batches (bs=104 avail_mem=27.38 GB):  53%|█████▎    | 19/36 [00:28<00:08,  1.95it/s]
(SGLangHttpServer pid=438294, ip=10.124.44.153) Capturing batches (bs=96 avail_mem=27.37 GB):  53%|█████▎    | 19/36 [00:31<00:08,  1.91it/s] 
(SGLangHttpServer pid=438291, ip=10.124.44.153) Capturing batches (bs=112 avail_mem=27.38 GB):  53%|█████▎    | 19/36 [00:25<00:08,  2.03it/s]Capturing batches (bs=104 avail_mem=27.38 GB):  53%|█████▎    | 19/36 [00:25<00:08,  2.03it/s]Capturing batches (bs=96 avail_mem=27.37 GB):  53%|█████▎    | 19/36 [00:26<00:08,  2.03it/s] 
(SGLangHttpServer pid=438285, ip=10.124.44.153) Capturing batches (bs=112 avail_mem=27.38 GB):  53%|█████▎    | 19/36 [00:31<00:08,  1.90it/s]Capturing batches (bs=104 avail_mem=27.38 GB):  53%|█████▎    | 19/36 [00:31<00:08,  1.90it/s]Capturing batches (bs=96 avail_mem=27.37 GB):  53%|█████▎    | 19/36 [00:31<00:08,  1.90it/s] 
(SGLangHttpServer pid=438275, ip=10.124.44.153) Capturing batches (bs=96 avail_mem=28.60 GB):  58%|█████▊    | 21/36 [00:31<00:05,  2.59it/s]Capturing batches (bs=88 avail_mem=28.59 GB):  58%|█████▊    | 21/36 [00:31<00:05,  2.59it/s]Capturing batches (bs=80 avail_mem=28.59 GB):  58%|█████▊    | 21/36 [00:31<00:05,  2.59it/s]
(SGLangHttpServer pid=438279, ip=10.124.44.153) Capturing batches (bs=96 avail_mem=27.37 GB):  58%|█████▊    | 21/36 [00:28<00:05,  2.68it/s]Capturing batches (bs=88 avail_mem=27.36 GB):  58%|█████▊    | 21/36 [00:28<00:05,  2.68it/s]
(SGLangHttpServer pid=438276, ip=10.124.44.153) Capturing batches (bs=120 avail_mem=27.39 GB):  50%|█████     | 18/36 [00:26<00:08,  2.04it/s]Capturing batches (bs=112 avail_mem=27.38 GB):  50%|█████     | 18/36 [00:26<00:08,  2.04it/s]
(SGLangHttpServer pid=438282, ip=10.124.44.153) Capturing batches (bs=96 avail_mem=27.37 GB):  58%|█████▊    | 21/36 [00:26<00:05,  2.75it/s]Capturing batches (bs=88 avail_mem=27.36 GB):  58%|█████▊    | 21/36 [00:26<00:05,  2.75it/s]
(SGLangHttpServer pid=438288, ip=10.124.44.153) Capturing batches (bs=96 avail_mem=27.37 GB):  53%|█████▎    | 19/36 [00:28<00:08,  1.95it/s] 
(SGLangHttpServer pid=438294, ip=10.124.44.153) Capturing batches (bs=96 avail_mem=27.37 GB):  58%|█████▊    | 21/36 [00:31<00:05,  2.60it/s]Capturing batches (bs=88 avail_mem=27.36 GB):  58%|█████▊    | 21/36 [00:31<00:05,  2.60it/s]Capturing batches (bs=80 avail_mem=27.36 GB):  58%|█████▊    | 21/36 [00:32<00:05,  2.60it/s]
(SGLangHttpServer pid=438291, ip=10.124.44.153) Capturing batches (bs=96 avail_mem=27.37 GB):  58%|█████▊    | 21/36 [00:26<00:05,  2.73it/s]Capturing batches (bs=88 avail_mem=27.36 GB):  58%|█████▊    | 21/36 [00:26<00:05,  2.73it/s]
(SGLangHttpServer pid=438285, ip=10.124.44.153) Capturing batches (bs=96 avail_mem=27.37 GB):  58%|█████▊    | 21/36 [00:32<00:05,  2.58it/s]Capturing batches (bs=88 avail_mem=27.36 GB):  58%|█████▊    | 21/36 [00:32<00:05,  2.58it/s]
(SGLangHttpServer pid=438285, ip=10.124.44.153) Capturing batches (bs=80 avail_mem=27.36 GB):  58%|█████▊    | 21/36 [00:32<00:05,  2.58it/s]
(SGLangHttpServer pid=438279, ip=10.124.44.153) Capturing batches (bs=80 avail_mem=27.36 GB):  58%|█████▊    | 21/36 [00:28<00:05,  2.68it/s]
(SGLangHttpServer pid=438276, ip=10.124.44.153) Capturing batches (bs=104 avail_mem=27.38 GB):  50%|█████     | 18/36 [00:26<00:08,  2.04it/s]
(SGLangHttpServer pid=438275, ip=10.124.44.153) Capturing batches (bs=80 avail_mem=28.59 GB):  64%|██████▍   | 23/36 [00:32<00:03,  3.45it/s]Capturing batches (bs=72 avail_mem=28.58 GB):  64%|██████▍   | 23/36 [00:32<00:03,  3.45it/s]
(SGLangHttpServer pid=438279, ip=10.124.44.153) Capturing batches (bs=80 avail_mem=27.36 GB):  64%|██████▍   | 23/36 [00:28<00:03,  3.55it/s]Capturing batches (bs=72 avail_mem=27.35 GB):  64%|██████▍   | 23/36 [00:28<00:03,  3.55it/s]
(SGLangHttpServer pid=438276, ip=10.124.44.153) Capturing batches (bs=104 avail_mem=27.38 GB):  56%|█████▌    | 20/36 [00:26<00:05,  2.83it/s]Capturing batches (bs=96 avail_mem=27.37 GB):  56%|█████▌    | 20/36 [00:26<00:05,  2.83it/s] 
(SGLangHttpServer pid=438282, ip=10.124.44.153) Capturing batches (bs=80 avail_mem=27.36 GB):  58%|█████▊    | 21/36 [00:26<00:05,  2.75it/s]Capturing batches (bs=80 avail_mem=27.36 GB):  64%|██████▍   | 23/36 [00:26<00:03,  3.58it/s]Capturing batches (bs=72 avail_mem=27.35 GB):  64%|██████▍   | 23/36 [00:26<00:03,  3.58it/s]
(SGLangHttpServer pid=438288, ip=10.124.44.153) Capturing batches (bs=96 avail_mem=27.37 GB):  58%|█████▊    | 21/36 [00:28<00:05,  2.63it/s]Capturing batches (bs=88 avail_mem=27.36 GB):  58%|█████▊    | 21/36 [00:28<00:05,  2.63it/s]Capturing batches (bs=80 avail_mem=27.36 GB):  58%|█████▊    | 21/36 [00:28<00:05,  2.63it/s]
(SGLangHttpServer pid=438294, ip=10.124.44.153) Capturing batches (bs=80 avail_mem=27.36 GB):  64%|██████▍   | 23/36 [00:32<00:03,  3.48it/s]Capturing batches (bs=72 avail_mem=27.35 GB):  64%|██████▍   | 23/36 [00:32<00:03,  3.48it/s]
(SGLangHttpServer pid=438291, ip=10.124.44.153) Capturing batches (bs=80 avail_mem=27.36 GB):  58%|█████▊    | 21/36 [00:26<00:05,  2.73it/s]Capturing batches (bs=80 avail_mem=27.36 GB):  64%|██████▍   | 23/36 [00:26<00:03,  3.62it/s]Capturing batches (bs=72 avail_mem=27.35 GB):  64%|██████▍   | 23/36 [00:26<00:03,  3.62it/s]
(SGLangHttpServer pid=438285, ip=10.124.44.153) Capturing batches (bs=80 avail_mem=27.36 GB):  64%|██████▍   | 23/36 [00:32<00:03,  3.43it/s]Capturing batches (bs=72 avail_mem=27.35 GB):  64%|██████▍   | 23/36 [00:32<00:03,  3.43it/s]
(SGLangHttpServer pid=438294, ip=10.124.44.153) Capturing batches (bs=64 avail_mem=27.35 GB):  64%|██████▍   | 23/36 [00:32<00:03,  3.48it/s]
(SGLangHttpServer pid=438275, ip=10.124.44.153) Capturing batches (bs=64 avail_mem=28.58 GB):  64%|██████▍   | 23/36 [00:32<00:03,  3.45it/s]
(SGLangHttpServer pid=438275, ip=10.124.44.153) Capturing batches (bs=64 avail_mem=28.58 GB):  69%|██████▉   | 25/36 [00:32<00:02,  4.55it/s]Capturing batches (bs=56 avail_mem=28.57 GB):  69%|██████▉   | 25/36 [00:32<00:02,  4.55it/s]Capturing batches (bs=48 avail_mem=28.57 GB):  69%|██████▉   | 25/36 [00:32<00:02,  4.55it/s]
(SGLangHttpServer pid=438279, ip=10.124.44.153) Capturing batches (bs=64 avail_mem=27.35 GB):  64%|██████▍   | 23/36 [00:29<00:03,  3.55it/s]Capturing batches (bs=64 avail_mem=27.35 GB):  69%|██████▉   | 25/36 [00:29<00:02,  4.70it/s]Capturing batches (bs=56 avail_mem=27.34 GB):  69%|██████▉   | 25/36 [00:29<00:02,  4.70it/s]
(SGLangHttpServer pid=438276, ip=10.124.44.153) Capturing batches (bs=88 avail_mem=27.36 GB):  56%|█████▌    | 20/36 [00:26<00:05,  2.83it/s]
(SGLangHttpServer pid=438282, ip=10.124.44.153) Capturing batches (bs=64 avail_mem=27.35 GB):  64%|██████▍   | 23/36 [00:26<00:03,  3.58it/s]
(SGLangHttpServer pid=438288, ip=10.124.44.153) Capturing batches (bs=80 avail_mem=27.36 GB):  64%|██████▍   | 23/36 [00:28<00:03,  3.53it/s]Capturing batches (bs=72 avail_mem=27.35 GB):  64%|██████▍   | 23/36 [00:28<00:03,  3.53it/s]Capturing batches (bs=64 avail_mem=27.35 GB):  64%|██████▍   | 23/36 [00:28<00:03,  3.53it/s]
(SGLangHttpServer pid=438294, ip=10.124.44.153) Capturing batches (bs=64 avail_mem=27.35 GB):  69%|██████▉   | 25/36 [00:32<00:02,  4.55it/s]Capturing batches (bs=56 avail_mem=27.34 GB):  69%|██████▉   | 25/36 [00:32<00:02,  4.55it/s]Capturing batches (bs=48 avail_mem=27.34 GB):  69%|██████▉   | 25/36 [00:32<00:02,  4.55it/s]
(SGLangHttpServer pid=438291, ip=10.124.44.153) Capturing batches (bs=64 avail_mem=27.35 GB):  64%|██████▍   | 23/36 [00:26<00:03,  3.62it/s]Capturing batches (bs=64 avail_mem=27.35 GB):  69%|██████▉   | 25/36 [00:26<00:02,  4.75it/s]Capturing batches (bs=56 avail_mem=27.34 GB):  69%|██████▉   | 25/36 [00:26<00:02,  4.75it/s]
(SGLangHttpServer pid=438285, ip=10.124.44.153) Capturing batches (bs=64 avail_mem=27.35 GB):  64%|██████▍   | 23/36 [00:32<00:03,  3.43it/s]Capturing batches (bs=64 avail_mem=27.35 GB):  69%|██████▉   | 25/36 [00:32<00:02,  4.53it/s]Capturing batches (bs=56 avail_mem=27.34 GB):  69%|██████▉   | 25/36 [00:32<00:02,  4.53it/s]
(SGLangHttpServer pid=438279, ip=10.124.44.153) Capturing batches (bs=48 avail_mem=27.34 GB):  69%|██████▉   | 25/36 [00:29<00:02,  4.70it/s]
(SGLangHttpServer pid=438275, ip=10.124.44.153) Capturing batches (bs=48 avail_mem=28.57 GB):  75%|███████▌  | 27/36 [00:32<00:01,  5.93it/s]Capturing batches (bs=40 avail_mem=28.56 GB):  75%|███████▌  | 27/36 [00:32<00:01,  5.93it/s]Capturing batches (bs=32 avail_mem=28.56 GB):  75%|███████▌  | 27/36 [00:32<00:01,  5.93it/s]
(SGLangHttpServer pid=438279, ip=10.124.44.153) Capturing batches (bs=48 avail_mem=27.34 GB):  75%|███████▌  | 27/36 [00:29<00:01,  6.11it/s]Capturing batches (bs=40 avail_mem=27.33 GB):  75%|███████▌  | 27/36 [00:29<00:01,  6.11it/s]Capturing batches (bs=32 avail_mem=27.33 GB):  75%|███████▌  | 27/36 [00:29<00:01,  6.11it/s]
(SGLangHttpServer pid=438276, ip=10.124.44.153) Capturing batches (bs=88 avail_mem=27.36 GB):  61%|██████    | 22/36 [00:26<00:03,  3.83it/s]Capturing batches (bs=80 avail_mem=27.36 GB):  61%|██████    | 22/36 [00:26<00:03,  3.83it/s]Capturing batches (bs=72 avail_mem=27.35 GB):  61%|██████    | 22/36 [00:26<00:03,  3.83it/s]
(SGLangHttpServer pid=438282, ip=10.124.44.153) Capturing batches (bs=64 avail_mem=27.35 GB):  69%|██████▉   | 25/36 [00:26<00:02,  4.66it/s]Capturing batches (bs=56 avail_mem=27.34 GB):  69%|██████▉   | 25/36 [00:26<00:02,  4.66it/s]Capturing batches (bs=48 avail_mem=27.34 GB):  69%|██████▉   | 25/36 [00:26<00:02,  4.66it/s]
(SGLangHttpServer pid=438288, ip=10.124.44.153) Capturing batches (bs=64 avail_mem=27.35 GB):  69%|██████▉   | 25/36 [00:28<00:02,  4.69it/s]Capturing batches (bs=56 avail_mem=27.34 GB):  69%|██████▉   | 25/36 [00:28<00:02,  4.69it/s]Capturing batches (bs=48 avail_mem=27.34 GB):  69%|██████▉   | 25/36 [00:28<00:02,  4.69it/s]
(SGLangHttpServer pid=438294, ip=10.124.44.153) Capturing batches (bs=40 avail_mem=27.33 GB):  69%|██████▉   | 25/36 [00:32<00:02,  4.55it/s]Capturing batches (bs=40 avail_mem=27.33 GB):  78%|███████▊  | 28/36 [00:32<00:01,  6.54it/s]Capturing batches (bs=32 avail_mem=27.33 GB):  78%|███████▊  | 28/36 [00:32<00:01,  6.54it/s]
(SGLangHttpServer pid=438291, ip=10.124.44.153) Capturing batches (bs=48 avail_mem=27.34 GB):  69%|██████▉   | 25/36 [00:26<00:02,  4.75it/s]Capturing batches (bs=48 avail_mem=27.34 GB):  75%|███████▌  | 27/36 [00:26<00:01,  6.16it/s]Capturing batches (bs=40 avail_mem=27.33 GB):  75%|███████▌  | 27/36 [00:26<00:01,  6.16it/s]
(SGLangHttpServer pid=438285, ip=10.124.44.153) Capturing batches (bs=48 avail_mem=27.34 GB):  69%|██████▉   | 25/36 [00:32<00:02,  4.53it/s]Capturing batches (bs=40 avail_mem=27.33 GB):  69%|██████▉   | 25/36 [00:32<00:02,  4.53it/s]
(SGLangHttpServer pid=438275, ip=10.124.44.153) Capturing batches (bs=32 avail_mem=28.56 GB):  81%|████████  | 29/36 [00:32<00:00,  7.39it/s]Capturing batches (bs=24 avail_mem=28.55 GB):  81%|████████  | 29/36 [00:32<00:00,  7.39it/s]Capturing batches (bs=16 avail_mem=28.55 GB):  81%|████████  | 29/36 [00:32<00:00,  7.39it/s]
(SGLangHttpServer pid=438279, ip=10.124.44.153) Capturing batches (bs=32 avail_mem=27.33 GB):  81%|████████  | 29/36 [00:29<00:00,  7.42it/s]Capturing batches (bs=24 avail_mem=27.32 GB):  81%|████████  | 29/36 [00:29<00:00,  7.42it/s]
(SGLangHttpServer pid=438276, ip=10.124.44.153) Capturing batches (bs=72 avail_mem=27.35 GB):  67%|██████▋   | 24/36 [00:26<00:02,  4.97it/s]Capturing batches (bs=64 avail_mem=27.35 GB):  67%|██████▋   | 24/36 [00:26<00:02,  4.97it/s]
(SGLangHttpServer pid=438282, ip=10.124.44.153) Capturing batches (bs=48 avail_mem=27.34 GB):  75%|███████▌  | 27/36 [00:26<00:01,  5.84it/s]Capturing batches (bs=40 avail_mem=27.33 GB):  75%|███████▌  | 27/36 [00:26<00:01,  5.84it/s]
(SGLangHttpServer pid=438288, ip=10.124.44.153) Capturing batches (bs=48 avail_mem=27.34 GB):  75%|███████▌  | 27/36 [00:28<00:01,  5.99it/s]Capturing batches (bs=40 avail_mem=27.33 GB):  75%|███████▌  | 27/36 [00:28<00:01,  5.99it/s]Capturing batches (bs=32 avail_mem=27.33 GB):  75%|███████▌  | 27/36 [00:29<00:01,  5.99it/s]
(SGLangHttpServer pid=438294, ip=10.124.44.153) Capturing batches (bs=24 avail_mem=27.32 GB):  78%|███████▊  | 28/36 [00:32<00:01,  6.54it/s]Capturing batches (bs=24 avail_mem=27.32 GB):  83%|████████▎ | 30/36 [00:32<00:00,  7.79it/s]Capturing batches (bs=16 avail_mem=27.32 GB):  83%|████████▎ | 30/36 [00:32<00:00,  7.79it/s]
(SGLangHttpServer pid=438291, ip=10.124.44.153) Capturing batches (bs=32 avail_mem=27.33 GB):  75%|███████▌  | 27/36 [00:26<00:01,  6.16it/s]Capturing batches (bs=32 avail_mem=27.33 GB):  81%|████████  | 29/36 [00:26<00:00,  7.55it/s]Capturing batches (bs=24 avail_mem=27.32 GB):  81%|████████  | 29/36 [00:26<00:00,  7.55it/s]
(SGLangHttpServer pid=438285, ip=10.124.44.153) Capturing batches (bs=40 avail_mem=27.33 GB):  78%|███████▊  | 28/36 [00:32<00:01,  6.47it/s]Capturing batches (bs=32 avail_mem=27.33 GB):  78%|███████▊  | 28/36 [00:32<00:01,  6.47it/s]Capturing batches (bs=24 avail_mem=27.32 GB):  78%|███████▊  | 28/36 [00:32<00:01,  6.47it/s]
(SGLangHttpServer pid=438275, ip=10.124.44.153) Capturing batches (bs=16 avail_mem=28.55 GB):  86%|████████▌ | 31/36 [00:32<00:00,  8.58it/s]Capturing batches (bs=12 avail_mem=28.54 GB):  86%|████████▌ | 31/36 [00:32<00:00,  8.58it/s]
(SGLangHttpServer pid=438279, ip=10.124.44.153) Capturing batches (bs=16 avail_mem=27.32 GB):  81%|████████  | 29/36 [00:29<00:00,  7.42it/s]
(SGLangHttpServer pid=438276, ip=10.124.44.153) Capturing batches (bs=56 avail_mem=27.34 GB):  67%|██████▋   | 24/36 [00:26<00:02,  4.97it/s]
(SGLangHttpServer pid=438282, ip=10.124.44.153) Capturing batches (bs=32 avail_mem=27.33 GB):  75%|███████▌  | 27/36 [00:26<00:01,  5.84it/s]Capturing batches (bs=32 avail_mem=27.33 GB):  81%|████████  | 29/36 [00:26<00:01,  6.78it/s]
(SGLangHttpServer pid=438288, ip=10.124.44.153) Capturing batches (bs=32 avail_mem=27.33 GB):  81%|████████  | 29/36 [00:29<00:00,  7.25it/s]Capturing batches (bs=24 avail_mem=27.32 GB):  81%|████████  | 29/36 [00:29<00:00,  7.25it/s]
(SGLangHttpServer pid=438294, ip=10.124.44.153) Capturing batches (bs=12 avail_mem=27.31 GB):  83%|████████▎ | 30/36 [00:32<00:00,  7.79it/s]
(SGLangHttpServer pid=438291, ip=10.124.44.153) Capturing batches (bs=16 avail_mem=27.32 GB):  81%|████████  | 29/36 [00:26<00:00,  7.55it/s]
(SGLangHttpServer pid=438285, ip=10.124.44.153) Capturing batches (bs=24 avail_mem=27.32 GB):  83%|████████▎ | 30/36 [00:32<00:00,  7.84it/s]Capturing batches (bs=16 avail_mem=27.32 GB):  83%|████████▎ | 30/36 [00:32<00:00,  7.84it/s]
(SGLangHttpServer pid=438282, ip=10.124.44.153) Capturing batches (bs=24 avail_mem=27.32 GB):  81%|████████  | 29/36 [00:26<00:01,  6.78it/s]
(SGLangHttpServer pid=438285, ip=10.124.44.153) Capturing batches (bs=12 avail_mem=27.31 GB):  83%|████████▎ | 30/36 [00:32<00:00,  7.84it/s]
(SGLangHttpServer pid=438275, ip=10.124.44.153) Capturing batches (bs=8 avail_mem=28.54 GB):  86%|████████▌ | 31/36 [00:32<00:00,  8.58it/s] Capturing batches (bs=8 avail_mem=28.54 GB):  92%|█████████▏| 33/36 [00:32<00:00,  9.88it/s]Capturing batches (bs=4 avail_mem=28.53 GB):  92%|█████████▏| 33/36 [00:32<00:00,  9.88it/s]
(SGLangHttpServer pid=438279, ip=10.124.44.153) Capturing batches (bs=16 avail_mem=27.32 GB):  86%|████████▌ | 31/36 [00:29<00:00,  8.40it/s]Capturing batches (bs=12 avail_mem=27.31 GB):  86%|████████▌ | 31/36 [00:29<00:00,  8.40it/s]Capturing batches (bs=8 avail_mem=27.31 GB):  86%|████████▌ | 31/36 [00:29<00:00,  8.40it/s] 
(SGLangHttpServer pid=438276, ip=10.124.44.153) Capturing batches (bs=56 avail_mem=27.34 GB):  72%|███████▏  | 26/36 [00:26<00:01,  5.75it/s]Capturing batches (bs=48 avail_mem=27.34 GB):  72%|███████▏  | 26/36 [00:26<00:01,  5.75it/s]Capturing batches (bs=40 avail_mem=27.33 GB):  72%|███████▏  | 26/36 [00:26<00:01,  5.75it/s]
(SGLangHttpServer pid=438282, ip=10.124.44.153) Capturing batches (bs=16 avail_mem=27.32 GB):  81%|████████  | 29/36 [00:26<00:01,  6.78it/s]
(SGLangHttpServer pid=438288, ip=10.124.44.153) Capturing batches (bs=16 avail_mem=27.32 GB):  81%|████████  | 29/36 [00:29<00:00,  7.25it/s]
(SGLangHttpServer pid=438294, ip=10.124.44.153) Capturing batches (bs=12 avail_mem=27.31 GB):  89%|████████▉ | 32/36 [00:32<00:00,  8.57it/s]Capturing batches (bs=8 avail_mem=27.31 GB):  89%|████████▉ | 32/36 [00:32<00:00,  8.57it/s] Capturing batches (bs=4 avail_mem=27.30 GB):  89%|████████▉ | 32/36 [00:32<00:00,  8.57it/s]
(SGLangHttpServer pid=438291, ip=10.124.44.153) Capturing batches (bs=16 avail_mem=27.32 GB):  86%|████████▌ | 31/36 [00:26<00:00,  8.39it/s]Capturing batches (bs=12 avail_mem=27.31 GB):  86%|████████▌ | 31/36 [00:26<00:00,  8.39it/s]Capturing batches (bs=8 avail_mem=27.31 GB):  86%|████████▌ | 31/36 [00:26<00:00,  8.39it/s] 
(SGLangHttpServer pid=438285, ip=10.124.44.153) Capturing batches (bs=12 avail_mem=27.31 GB):  89%|████████▉ | 32/36 [00:32<00:00,  8.69it/s]Capturing batches (bs=8 avail_mem=27.31 GB):  89%|████████▉ | 32/36 [00:32<00:00,  8.69it/s] Capturing batches (bs=4 avail_mem=27.30 GB):  89%|████████▉ | 32/36 [00:32<00:00,  8.69it/s]
(SGLangHttpServer pid=438275, ip=10.124.44.153) Capturing batches (bs=2 avail_mem=28.53 GB):  92%|█████████▏| 33/36 [00:32<00:00,  9.88it/s]Capturing batches (bs=2 avail_mem=28.53 GB):  97%|█████████▋| 35/36 [00:32<00:00, 11.37it/s]Capturing batches (bs=1 avail_mem=28.52 GB):  97%|█████████▋| 35/36 [00:32<00:00, 11.37it/s]
(SGLangHttpServer pid=438279, ip=10.124.44.153) Capturing batches (bs=8 avail_mem=27.31 GB):  92%|█████████▏| 33/36 [00:29<00:00, 10.09it/s]Capturing batches (bs=4 avail_mem=27.30 GB):  92%|█████████▏| 33/36 [00:29<00:00, 10.09it/s]Capturing batches (bs=2 avail_mem=27.30 GB):  92%|█████████▏| 33/36 [00:29<00:00, 10.09it/s]
(SGLangHttpServer pid=438276, ip=10.124.44.153) Capturing batches (bs=40 avail_mem=27.33 GB):  78%|███████▊  | 28/36 [00:26<00:01,  7.20it/s]Capturing batches (bs=32 avail_mem=27.33 GB):  78%|███████▊  | 28/36 [00:26<00:01,  7.20it/s]
(SGLangHttpServer pid=438282, ip=10.124.44.153) Capturing batches (bs=16 avail_mem=27.32 GB):  86%|████████▌ | 31/36 [00:26<00:00,  7.92it/s]Capturing batches (bs=12 avail_mem=27.31 GB):  86%|████████▌ | 31/36 [00:26<00:00,  7.92it/s]Capturing batches (bs=8 avail_mem=27.31 GB):  86%|████████▌ | 31/36 [00:26<00:00,  7.92it/s] 
(SGLangHttpServer pid=438288, ip=10.124.44.153) Capturing batches (bs=16 avail_mem=27.32 GB):  86%|████████▌ | 31/36 [00:29<00:00,  8.03it/s]Capturing batches (bs=12 avail_mem=27.31 GB):  86%|████████▌ | 31/36 [00:29<00:00,  8.03it/s]Capturing batches (bs=8 avail_mem=27.31 GB):  86%|████████▌ | 31/36 [00:29<00:00,  8.03it/s] 
(SGLangHttpServer pid=438294, ip=10.124.44.153) Capturing batches (bs=4 avail_mem=27.30 GB):  94%|█████████▍| 34/36 [00:32<00:00, 10.07it/s]Capturing batches (bs=2 avail_mem=27.30 GB):  94%|█████████▍| 34/36 [00:32<00:00, 10.07it/s]Capturing batches (bs=1 avail_mem=27.29 GB):  94%|█████████▍| 34/36 [00:32<00:00, 10.07it/s]
(SGLangHttpServer pid=438291, ip=10.124.44.153) Capturing batches (bs=8 avail_mem=27.31 GB):  92%|█████████▏| 33/36 [00:26<00:00,  9.99it/s]Capturing batches (bs=4 avail_mem=27.30 GB):  92%|█████████▏| 33/36 [00:26<00:00,  9.99it/s]Capturing batches (bs=2 avail_mem=27.30 GB):  92%|█████████▏| 33/36 [00:26<00:00,  9.99it/s]
(SGLangHttpServer pid=438285, ip=10.124.44.153) Capturing batches (bs=4 avail_mem=27.30 GB):  94%|█████████▍| 34/36 [00:32<00:00, 10.20it/s]Capturing batches (bs=2 avail_mem=27.30 GB):  94%|█████████▍| 34/36 [00:32<00:00, 10.20it/s]
(SGLangHttpServer pid=438279, ip=10.124.44.153) Capturing batches (bs=2 avail_mem=27.30 GB):  97%|█████████▋| 35/36 [00:29<00:00, 11.81it/s]Capturing batches (bs=1 avail_mem=27.29 GB):  97%|█████████▋| 35/36 [00:29<00:00, 11.81it/s]
(SGLangHttpServer pid=438285, ip=10.124.44.153) Capturing batches (bs=1 avail_mem=27.29 GB):  94%|█████████▍| 34/36 [00:32<00:00, 10.20it/s]
(SGLangHttpServer pid=438275, ip=10.124.44.153) Capturing batches (bs=1 avail_mem=28.52 GB): 100%|██████████| 36/36 [00:32<00:00,  1.10it/s]
(SGLangHttpServer pid=438279, ip=10.124.44.153) Capturing batches (bs=1 avail_mem=27.29 GB): 100%|██████████| 36/36 [00:29<00:00,  1.21it/s]
(SGLangHttpServer pid=438276, ip=10.124.44.153) Capturing batches (bs=24 avail_mem=27.32 GB):  78%|███████▊  | 28/36 [00:26<00:01,  7.20it/s]Capturing batches (bs=24 avail_mem=27.32 GB):  83%|████████▎ | 30/36 [00:27<00:00,  8.68it/s]Capturing batches (bs=16 avail_mem=27.32 GB):  83%|████████▎ | 30/36 [00:27<00:00,  8.68it/s]
(SGLangHttpServer pid=438282, ip=10.124.44.153) Capturing batches (bs=8 avail_mem=27.31 GB):  92%|█████████▏| 33/36 [00:27<00:00,  9.52it/s]Capturing batches (bs=4 avail_mem=27.30 GB):  92%|█████████▏| 33/36 [00:27<00:00,  9.52it/s]Capturing batches (bs=2 avail_mem=27.30 GB):  92%|█████████▏| 33/36 [00:27<00:00,  9.52it/s]
(SGLangHttpServer pid=438288, ip=10.124.44.153) Capturing batches (bs=8 avail_mem=27.31 GB):  92%|█████████▏| 33/36 [00:29<00:00,  9.67it/s]Capturing batches (bs=4 avail_mem=27.30 GB):  92%|█████████▏| 33/36 [00:29<00:00,  9.67it/s]Capturing batches (bs=2 avail_mem=27.30 GB):  92%|█████████▏| 33/36 [00:29<00:00,  9.67it/s]
(SGLangHttpServer pid=438294, ip=10.124.44.153) Capturing batches (bs=1 avail_mem=27.29 GB): 100%|██████████| 36/36 [00:32<00:00, 11.61it/s]Capturing batches (bs=1 avail_mem=27.29 GB): 100%|██████████| 36/36 [00:32<00:00,  1.10it/s]
(SGLangHttpServer pid=438291, ip=10.124.44.153) Capturing batches (bs=2 avail_mem=27.30 GB):  97%|█████████▋| 35/36 [00:27<00:00, 11.59it/s]Capturing batches (bs=1 avail_mem=27.29 GB):  97%|█████████▋| 35/36 [00:27<00:00, 11.59it/s]Capturing batches (bs=1 avail_mem=27.29 GB): 100%|██████████| 36/36 [00:27<00:00,  1.33it/s]
(SGLangHttpServer pid=438285, ip=10.124.44.153) Capturing batches (bs=1 avail_mem=27.29 GB): 100%|██████████| 36/36 [00:32<00:00, 11.66it/s]Capturing batches (bs=1 avail_mem=27.29 GB): 100%|██████████| 36/36 [00:32<00:00,  1.09it/s]
(SGLangHttpServer pid=438276, ip=10.124.44.153) Capturing batches (bs=12 avail_mem=27.31 GB):  83%|████████▎ | 30/36 [00:27<00:00,  8.68it/s]Capturing batches (bs=12 avail_mem=27.31 GB):  89%|████████▉ | 32/36 [00:27<00:00,  9.77it/s]Capturing batches (bs=8 avail_mem=27.31 GB):  89%|████████▉ | 32/36 [00:27<00:00,  9.77it/s] 
(SGLangHttpServer pid=438282, ip=10.124.44.153) Capturing batches (bs=2 avail_mem=27.30 GB):  97%|█████████▋| 35/36 [00:27<00:00, 11.00it/s]Capturing batches (bs=1 avail_mem=27.29 GB):  97%|█████████▋| 35/36 [00:27<00:00, 11.00it/s]Capturing batches (bs=1 avail_mem=27.29 GB): 100%|██████████| 36/36 [00:27<00:00,  1.32it/s]
(SGLangHttpServer pid=438288, ip=10.124.44.153) Capturing batches (bs=2 avail_mem=27.30 GB):  97%|█████████▋| 35/36 [00:29<00:00, 11.25it/s]Capturing batches (bs=1 avail_mem=27.29 GB):  97%|█████████▋| 35/36 [00:29<00:00, 11.25it/s]Capturing batches (bs=1 avail_mem=27.29 GB): 100%|██████████| 36/36 [00:29<00:00,  1.22it/s]
(SGLangHttpServer pid=438276, ip=10.124.44.153) Capturing batches (bs=4 avail_mem=27.30 GB):  89%|████████▉ | 32/36 [00:27<00:00,  9.77it/s]
(SGLangHttpServer pid=438276, ip=10.124.44.153) Capturing batches (bs=4 avail_mem=27.30 GB):  94%|█████████▍| 34/36 [00:27<00:00, 11.04it/s]Capturing batches (bs=2 avail_mem=27.30 GB):  94%|█████████▍| 34/36 [00:27<00:00, 11.04it/s]
(SGLangHttpServer pid=438276, ip=10.124.44.153) Capturing batches (bs=1 avail_mem=27.29 GB):  94%|█████████▍| 34/36 [00:27<00:00, 11.04it/s]
(SGLangHttpServer pid=438276, ip=10.124.44.153) Capturing batches (bs=1 avail_mem=27.29 GB): 100%|██████████| 36/36 [00:28<00:00,  4.01it/s]Capturing batches (bs=1 avail_mem=27.29 GB): 100%|██████████| 36/36 [00:28<00:00,  1.26it/s]
(TaskRunner pid=434000, ip=10.124.44.153) wandb: WARNING func: get_project_by_name, err: Request failed! url: https://ml.bytedance.net/inner/GetTrackingProjectByName, req_body: {'Name': 'specTool'}, resp_body: b'{"ResponseMetadata":{"RequestId":"","Action":"","Version":"","Service":"","Region":"","Error":{"Code":"MissingAuthenticationToken","CodeN":1709801,"Message":"zti token not found, please use DOAS cli to run script","RawError":{},"HTTPCode":401}}}'
(TaskRunner pid=434000, ip=10.124.44.153) wandb: WARNING func: get_project_by_name, err: Request failed! url: https://ml.bytedance.net/inner/GetTrackingProjectByName, req_body: {'Name': 'specTool'}, resp_body: b'{"ResponseMetadata":{"RequestId":"","Action":"","Version":"","Service":"","Region":"","Error":{"Code":"MissingAuthenticationToken","CodeN":1709801,"Message":"zti token not found, please use DOAS cli to run script","RawError":{},"HTTPCode":401}}}'
(TaskRunner pid=434000, ip=10.124.44.153) wandb: WARNING func: create_project, err: Request failed! url: https://ml.bytedance.net/inner/CreateTrackingProject, req_body: {'Name': 'specTool'}, resp_body: b'{"ResponseMetadata":{"RequestId":"","Action":"","Version":"","Service":"","Region":"","Error":{"Code":"MissingAuthenticationToken","CodeN":1709801,"Message":"zti token not found, please use DOAS cli to run script","RawError":{},"HTTPCode":401}}}'
(TaskRunner pid=434000, ip=10.124.44.153) wandb: WARNING func: alert, err: Request failed! url: https://ml.bytedance.net/inner/TrackingAlert, req_body: {'Title': 'Wandb Failed!', 'Text': 'Failed Function: create_project\nERR Message: Request failed! url: https://ml.bytedance.net/inner/CreateTrackingProject, req_body: {\'Name\': \'specTool\'}, resp_body: b\'{"ResponseMetadata":{"RequestId":"","Action":"","Version":"","Service":"","Region":"","Error":{"Code":"MissingAuthenticationToken","CodeN":1709801,"Message":"zti token not found, please use DOAS cli to run script","RawError":{},"HTTPCode":401}}}\''}, resp_body: b'{"ResponseMetadata":{"RequestId":"","Action":"","Version":"","Service":"","Region":"","Error":{"Code":"MissingAuthenticationToken","CodeN":1709801,"Message":"zti token not found, please use DOAS cli to run script","RawError":{},"HTTPCode":401}}}'
(TaskRunner pid=434000, ip=10.124.44.153) wandb: ⭐️ View project at 
(TaskRunner pid=434000, ip=10.124.44.153) wandb: - Waiting for wandb.init()...
(TaskRunner pid=434000, ip=10.124.44.153) wandb: \ Waiting for wandb.init()...
(TaskRunner pid=434000, ip=10.124.44.153) wandb: | Waiting for wandb.init()...
(TaskRunner pid=434000, ip=10.124.44.153) wandb: WARNING func: create_run, err: Request failed! url: https://ml.bytedance.net/inner/CreateTrackingRun, req_body: {'ProjectId': '', 'Name': 'baseline_hotpotqa_qwen3_8b_sleep0_toolcalls1_bs32_rollout8_step5_baseline_fixed500_min1_bs32_n8_step5_20260606_093502', 'RunId': 'run_20260606_cbd54d49', 'Description': None, 'OuterType': None, 'OuterId': None, 'Tags': None, 'OuterInfo': {'is_seed': False}}, resp_body: b'{"ResponseMetadata":{"RequestId":"","Action":"","Version":"","Service":"","Region":"","Error":{"Code":"MissingAuthenticationToken","CodeN":1709801,"Message":"zti token not found, please use DOAS cli to run script","RawError":{},"HTTPCode":401}}}'
(TaskRunner pid=434000, ip=10.124.44.153) wandb: / Waiting for wandb.init()...wandb: WARNING func: alert, err: Request failed! url: https://ml.bytedance.net/inner/TrackingAlert, req_body: {'Title': 'Wandb Failed!', 'Text': 'Failed Function: create_run\nERR Message: Request failed! url: https://ml.bytedance.net/inner/CreateTrackingRun, req_body: {\'ProjectId\': \'\', \'Name\': \'baseline_hotpotqa_qwen3_8b_sleep0_toolcalls1_bs32_rollout8_step5_baseline_fixed500_min1_bs32_n8_step5_20260606_093502\', \'RunId\': \'run_20260606_cbd54d49\', \'Description\': None, \'OuterType\': None, \'OuterId\': None, \'Tags\': None, \'OuterInfo\': {\'is_seed\': False}}, resp_body: b\'{"ResponseMetadata":{"RequestId":"","Action":"","Version":"","Service":"","Region":"","Error":{"Code":"MissingAuthenticationToken","CodeN":1709801,"Message":"zti token not found, please use DOAS cli to run script","RawError":{},"HTTPCode":401}}}\''}, resp_body: b'{"ResponseMetadata":{"RequestId":"","Action":"","Version":"","Service":"","Region":"","Error":{"Code":"MissingAuthenticationToken","CodeN":1709801,"Message":"zti token not found, please use DOAS cli to run script","RawError":{},"HTTPCode":401}}}'
(TaskRunner pid=434000, ip=10.124.44.153) wandb: 🚀 View run at 
(TaskRunner pid=434000, ip=10.124.44.153) wandb: WARNING func: alert, err: Request failed! url: https://ml.bytedance.net/inner/TrackingAlert, req_body: {'Title': 'Tracking Run Created', 'Text': 'Created run [specTool/]()'}, resp_body: b'{"ResponseMetadata":{"RequestId":"","Action":"","Version":"","Service":"","Region":"","Error":{"Code":"MissingAuthenticationToken","CodeN":1709801,"Message":"zti token not found, please use DOAS cli to run script","RawError":{},"HTTPCode":401}}}'
(TaskRunner pid=434000, ip=10.124.44.153) wandb: WARNING func: set_run_config, err: set_run_config wandb init failed, skip.../
(TaskRunner pid=434000, ip=10.124.44.153) wandb: - Waiting for wandb.init()...
(pid=449002, ip=10.124.44.153) /usr/local/lib/python3.12/dist-packages/torch/amp/autocast_mode.py:270: UserWarning: User provided device_type of 'cuda', but CUDA is not available. Disabling
(pid=449002, ip=10.124.44.153)   warnings.warn(
(pid=449006, ip=10.124.44.153) /usr/local/lib/python3.12/dist-packages/torch/amp/autocast_mode.py:270: UserWarning: User provided device_type of 'cuda', but CUDA is not available. Disabling
(pid=449006, ip=10.124.44.153)   warnings.warn(
(pid=449002, ip=10.124.44.153) Modular Diffusers is currently an experimental feature under active development. The API is subject to breaking changes in future releases.
(pid=449006, ip=10.124.44.153) Modular Diffusers is currently an experimental feature under active development. The API is subject to breaking changes in future releases.
(pid=449012, ip=10.124.44.153) /usr/local/lib/python3.12/dist-packages/torch/amp/autocast_mode.py:270: UserWarning: User provided device_type of 'cuda', but CUDA is not available. Disabling
(pid=449012, ip=10.124.44.153)   warnings.warn(
(pid=449012, ip=10.124.44.153) Modular Diffusers is currently an experimental feature under active development. The API is subject to breaking changes in future releases.
(pid=449009, ip=10.124.44.153) /usr/local/lib/python3.12/dist-packages/torch/amp/autocast_mode.py:270: UserWarning: User provided device_type of 'cuda', but CUDA is not available. Disabling
(pid=449009, ip=10.124.44.153)   warnings.warn(
(pid=449018, ip=10.124.44.153) /usr/local/lib/python3.12/dist-packages/torch/amp/autocast_mode.py:270: UserWarning: User provided device_type of 'cuda', but CUDA is not available. Disabling
(pid=449018, ip=10.124.44.153)   warnings.warn(
(pid=449018, ip=10.124.44.153) Modular Diffusers is currently an experimental feature under active development. The API is subject to breaking changes in future releases.
(pid=449009, ip=10.124.44.153) Modular Diffusers is currently an experimental feature under active development. The API is subject to breaking changes in future releases.
(GlobalRequestLoadBalancer pid=448917, ip=10.124.44.153) /usr/local/lib/python3.12/dist-packages/torch/amp/autocast_mode.py:270: UserWarning: User provided device_type of 'cuda', but CUDA is not available. Disabling
(GlobalRequestLoadBalancer pid=448917, ip=10.124.44.153)   warnings.warn(
(GlobalRequestLoadBalancer pid=448917, ip=10.124.44.153) Modular Diffusers is currently an experimental feature under active development. The API is subject to breaking changes in future releases.
(pid=448998, ip=10.124.44.153) /usr/local/lib/python3.12/dist-packages/torch/amp/autocast_mode.py:270: UserWarning: User provided device_type of 'cuda', but CUDA is not available. Disabling
(pid=448998, ip=10.124.44.153)   warnings.warn(
(pid=449001, ip=10.124.44.153) /usr/local/lib/python3.12/dist-packages/torch/amp/autocast_mode.py:270: UserWarning: User provided device_type of 'cuda', but CUDA is not available. Disabling
(pid=449001, ip=10.124.44.153)   warnings.warn(
(pid=449001, ip=10.124.44.153) Modular Diffusers is currently an experimental feature under active development. The API is subject to breaking changes in future releases.
(pid=448998, ip=10.124.44.153) Modular Diffusers is currently an experimental feature under active development. The API is subject to breaking changes in future releases.
(pid=449003, ip=10.124.44.153) /usr/local/lib/python3.12/dist-packages/torch/amp/autocast_mode.py:270: UserWarning: User provided device_type of 'cuda', but CUDA is not available. Disabling
(pid=449003, ip=10.124.44.153)   warnings.warn(
(pid=449003, ip=10.124.44.153) Modular Diffusers is currently an experimental feature under active development. The API is subject to breaking changes in future releases.
(GlobalRequestLoadBalancer pid=448917, ip=10.124.44.153) /sgl-workspace/sglang/python/sglang/srt/layers/attention/fla/utils.py:212: UserWarning: Triton is not supported on current platform, roll back to CPU.
(GlobalRequestLoadBalancer pid=448917, ip=10.124.44.153)   warnings.warn(
(TaskRunner pid=434000, ip=10.124.44.153) wandb: Tracking run with wandb version 0.13.95
(TaskRunner pid=434000, ip=10.124.44.153) wandb: Run data is saved locally in /home/tiger/verl/wandb/run-20260606_093908-run_20260606_cbd54d49
(TaskRunner pid=434000, ip=10.124.44.153) wandb: Run `wandb offline` to turn off syncing.
(TaskRunner pid=434000, ip=10.124.44.153) wandb: WARNING func: save_file, err: save_file wandb init failed, skip.../
(GlobalRequestLoadBalancer pid=448917, ip=10.124.44.153) /sgl-workspace/sglang/python/sglang/srt/layers/quantization/awq.py:76: UserWarning: Only CUDA, HIP and XPU support AWQ currently.
(GlobalRequestLoadBalancer pid=448917, ip=10.124.44.153)   warnings.warn(f"Only CUDA, HIP and XPU support AWQ currently.")
(GlobalRequestLoadBalancer pid=448917, ip=10.124.44.153) /sgl-workspace/sglang/python/sglang/srt/layers/quantization/gguf.py:47: UserWarning: Only CUDA support GGUF quantization currently.
(GlobalRequestLoadBalancer pid=448917, ip=10.124.44.153)   warnings.warn(f"Only CUDA support GGUF quantization currently.")
(SGLangHttpServer pid=438275, ip=10.124.44.153) /usr/local/lib/python3.12/dist-packages/fastapi/routing.py:313: FastAPIDeprecationWarning: ORJSONResponse is deprecated, FastAPI now serializes data directly to JSON bytes via Pydantic when a return type or response model is set, which is faster and doesn't need a custom response class. Read more in the FastAPI docs: https://fastapi.tiangolo.com/advanced/custom-response/#orjson-or-response-model and https://fastapi.tiangolo.com/tutorial/response-model/
(SGLangHttpServer pid=438275, ip=10.124.44.153)   return await dependant.call(**values)
(SGLangHttpServer pid=438279, ip=10.124.44.153) /usr/local/lib/python3.12/dist-packages/fastapi/routing.py:313: FastAPIDeprecationWarning: ORJSONResponse is deprecated, FastAPI now serializes data directly to JSON bytes via Pydantic when a return type or response model is set, which is faster and doesn't need a custom response class. Read more in the FastAPI docs: https://fastapi.tiangolo.com/advanced/custom-response/#orjson-or-response-model and https://fastapi.tiangolo.com/tutorial/response-model/
(SGLangHttpServer pid=438279, ip=10.124.44.153)   return await dependant.call(**values)
(SGLangHttpServer pid=438276, ip=10.124.44.153) /usr/local/lib/python3.12/dist-packages/fastapi/routing.py:313: FastAPIDeprecationWarning: ORJSONResponse is deprecated, FastAPI now serializes data directly to JSON bytes via Pydantic when a return type or response model is set, which is faster and doesn't need a custom response class. Read more in the FastAPI docs: https://fastapi.tiangolo.com/advanced/custom-response/#orjson-or-response-model and https://fastapi.tiangolo.com/tutorial/response-model/
(SGLangHttpServer pid=438276, ip=10.124.44.153)   return await dependant.call(**values)
(SGLangHttpServer pid=438282, ip=10.124.44.153) /usr/local/lib/python3.12/dist-packages/fastapi/routing.py:313: FastAPIDeprecationWarning: ORJSONResponse is deprecated, FastAPI now serializes data directly to JSON bytes via Pydantic when a return type or response model is set, which is faster and doesn't need a custom response class. Read more in the FastAPI docs: https://fastapi.tiangolo.com/advanced/custom-response/#orjson-or-response-model and https://fastapi.tiangolo.com/tutorial/response-model/
(SGLangHttpServer pid=438282, ip=10.124.44.153)   return await dependant.call(**values)
(SGLangHttpServer pid=438288, ip=10.124.44.153) /usr/local/lib/python3.12/dist-packages/fastapi/routing.py:313: FastAPIDeprecationWarning: ORJSONResponse is deprecated, FastAPI now serializes data directly to JSON bytes via Pydantic when a return type or response model is set, which is faster and doesn't need a custom response class. Read more in the FastAPI docs: https://fastapi.tiangolo.com/advanced/custom-response/#orjson-or-response-model and https://fastapi.tiangolo.com/tutorial/response-model/
(SGLangHttpServer pid=438288, ip=10.124.44.153)   return await dependant.call(**values)
(SGLangHttpServer pid=438294, ip=10.124.44.153) /usr/local/lib/python3.12/dist-packages/fastapi/routing.py:313: FastAPIDeprecationWarning: ORJSONResponse is deprecated, FastAPI now serializes data directly to JSON bytes via Pydantic when a return type or response model is set, which is faster and doesn't need a custom response class. Read more in the FastAPI docs: https://fastapi.tiangolo.com/advanced/custom-response/#orjson-or-response-model and https://fastapi.tiangolo.com/tutorial/response-model/
(SGLangHttpServer pid=438294, ip=10.124.44.153)   return await dependant.call(**values)
(SGLangHttpServer pid=438291, ip=10.124.44.153) /usr/local/lib/python3.12/dist-packages/fastapi/routing.py:313: FastAPIDeprecationWarning: ORJSONResponse is deprecated, FastAPI now serializes data directly to JSON bytes via Pydantic when a return type or response model is set, which is faster and doesn't need a custom response class. Read more in the FastAPI docs: https://fastapi.tiangolo.com/advanced/custom-response/#orjson-or-response-model and https://fastapi.tiangolo.com/tutorial/response-model/
(SGLangHttpServer pid=438291, ip=10.124.44.153)   return await dependant.call(**values)
(SGLangHttpServer pid=438285, ip=10.124.44.153) /usr/local/lib/python3.12/dist-packages/fastapi/routing.py:313: FastAPIDeprecationWarning: ORJSONResponse is deprecated, FastAPI now serializes data directly to JSON bytes via Pydantic when a return type or response model is set, which is faster and doesn't need a custom response class. Read more in the FastAPI docs: https://fastapi.tiangolo.com/advanced/custom-response/#orjson-or-response-model and https://fastapi.tiangolo.com/tutorial/response-model/
(SGLangHttpServer pid=438285, ip=10.124.44.153)   return await dependant.call(**values)
(GlobalRequestLoadBalancer pid=448917, ip=10.124.44.153) /usr/local/lib/python3.12/dist-packages/opentelemetry/proto/collector/logs/v1/logs_service_pb2_grpc.py:21: RuntimeWarning: The grpc package installed is at version 1.59.5, but the generated code in opentelemetry/proto/collector/logs/v1/logs_service_pb2_grpc.py depends on grpcio>=1.63.2. Please upgrade your grpc module to grpcio>=1.63.2 or downgrade your generated code using grpcio-tools<=1.59.5. This warning will become an error in 1.65.0, scheduled for release on June 25, 2024.
(GlobalRequestLoadBalancer pid=448917, ip=10.124.44.153)   warnings.warn(
(GlobalRequestLoadBalancer pid=448917, ip=10.124.44.153) /usr/local/lib/python3.12/dist-packages/opentelemetry/proto/collector/metrics/v1/metrics_service_pb2_grpc.py:21: RuntimeWarning: The grpc package installed is at version 1.59.5, but the generated code in opentelemetry/proto/collector/metrics/v1/metrics_service_pb2_grpc.py depends on grpcio>=1.63.2. Please upgrade your grpc module to grpcio>=1.63.2 or downgrade your generated code using grpcio-tools<=1.59.5. This warning will become an error in 1.65.0, scheduled for release on June 25, 2024.
