(SGLangHttpServer pid=983371, ip=10.124.45.23) Capturing batches (bs=192 avail_mem=27.44 GB):  25%|██▌       | 9/36 [00:00<00:02, 10.26it/s]Capturing batches (bs=184 avail_mem=27.43 GB):  25%|██▌       | 9/36 [00:00<00:02, 10.26it/s]
(SGLangHttpServer pid=983368, ip=10.124.45.23) Capturing batches (bs=128 avail_mem=27.40 GB):  47%|████▋     | 17/36 [00:01<00:01, 12.03it/s]Capturing batches (bs=120 avail_mem=27.39 GB):  47%|████▋     | 17/36 [00:01<00:01, 12.03it/s]
(SGLangHttpServer pid=983377, ip=10.124.45.23) Capturing batches (bs=240 avail_mem=27.47 GB):   8%|▊         | 3/36 [00:00<00:04,  7.43it/s]Capturing batches (bs=232 avail_mem=27.46 GB):   8%|▊         | 3/36 [00:00<00:04,  7.43it/s]
(SGLangHttpServer pid=983383, ip=10.124.45.23) Capturing batches (bs=248 avail_mem=27.47 GB):   6%|▌         | 2/36 [00:00<00:06,  5.51it/s]Capturing batches (bs=240 avail_mem=27.47 GB):   6%|▌         | 2/36 [00:00<00:06,  5.51it/s]
(SGLangHttpServer pid=983380, ip=10.124.45.23) Capturing batches (bs=240 avail_mem=27.47 GB):   8%|▊         | 3/36 [00:00<00:04,  7.04it/s]Capturing batches (bs=232 avail_mem=27.46 GB):   8%|▊         | 3/36 [00:00<00:04,  7.04it/s]
(SGLangHttpServer pid=983364, ip=10.124.45.23) Capturing batches (bs=1 avail_mem=28.52 GB): 100%|██████████| 36/36 [00:02<00:00, 14.24it/s]
(SGLangHttpServer pid=983365, ip=10.124.45.23) Capturing batches (bs=144 avail_mem=27.41 GB):  36%|███▌      | 13/36 [00:01<00:02, 11.49it/s]Capturing batches (bs=144 avail_mem=27.41 GB):  42%|████▏     | 15/36 [00:01<00:01, 12.58it/s]Capturing batches (bs=136 avail_mem=27.40 GB):  42%|████▏     | 15/36 [00:01<00:01, 12.58it/s]
(SGLangHttpServer pid=983374, ip=10.124.45.23) Capturing batches (bs=232 avail_mem=27.46 GB):   6%|▌         | 2/36 [00:00<00:06,  5.34it/s]
(SGLangHttpServer pid=983371, ip=10.124.45.23) Capturing batches (bs=176 avail_mem=27.43 GB):  25%|██▌       | 9/36 [00:00<00:02, 10.26it/s]Capturing batches (bs=176 avail_mem=27.43 GB):  31%|███       | 11/36 [00:01<00:02, 11.53it/s]Capturing batches (bs=168 avail_mem=27.42 GB):  31%|███       | 11/36 [00:01<00:02, 11.53it/s]
(SGLangHttpServer pid=983368, ip=10.124.45.23) Capturing batches (bs=112 avail_mem=27.38 GB):  47%|████▋     | 17/36 [00:01<00:01, 12.03it/s]Capturing batches (bs=112 avail_mem=27.38 GB):  53%|█████▎    | 19/36 [00:01<00:01, 13.15it/s]Capturing batches (bs=104 avail_mem=27.38 GB):  53%|█████▎    | 19/36 [00:01<00:01, 13.15it/s]
(SGLangHttpServer pid=983377, ip=10.124.45.23) Capturing batches (bs=224 avail_mem=27.46 GB):   8%|▊         | 3/36 [00:00<00:04,  7.43it/s]Capturing batches (bs=224 avail_mem=27.46 GB):  14%|█▍        | 5/36 [00:00<00:03,  9.80it/s]Capturing batches (bs=216 avail_mem=27.45 GB):  14%|█▍        | 5/36 [00:00<00:03,  9.80it/s]
(SGLangHttpServer pid=983383, ip=10.124.45.23) Capturing batches (bs=232 avail_mem=27.46 GB):   6%|▌         | 2/36 [00:00<00:06,  5.51it/s]
(SGLangHttpServer pid=983380, ip=10.124.45.23) Capturing batches (bs=224 avail_mem=27.46 GB):   8%|▊         | 3/36 [00:00<00:04,  7.04it/s]
(SGLangHttpServer pid=983374, ip=10.124.45.23) Capturing batches (bs=232 avail_mem=27.46 GB):  11%|█         | 4/36 [00:00<00:03,  8.51it/s]Capturing batches (bs=224 avail_mem=27.46 GB):  11%|█         | 4/36 [00:00<00:03,  8.51it/s]
(SGLangHttpServer pid=983380, ip=10.124.45.23) Capturing batches (bs=224 avail_mem=27.46 GB):  14%|█▍        | 5/36 [00:00<00:03,  9.28it/s]Capturing batches (bs=216 avail_mem=27.45 GB):  14%|█▍        | 5/36 [00:00<00:03,  9.28it/s]
(SGLangHttpServer pid=983365, ip=10.124.45.23) Capturing batches (bs=128 avail_mem=27.40 GB):  42%|████▏     | 15/36 [00:01<00:01, 12.58it/s]Capturing batches (bs=128 avail_mem=27.40 GB):  47%|████▋     | 17/36 [00:01<00:01, 13.44it/s]Capturing batches (bs=120 avail_mem=27.39 GB):  47%|████▋     | 17/36 [00:01<00:01, 13.44it/s]
(SGLangHttpServer pid=983374, ip=10.124.45.23) Capturing batches (bs=216 avail_mem=27.45 GB):  11%|█         | 4/36 [00:00<00:03,  8.51it/s]
(SGLangHttpServer pid=983371, ip=10.124.45.23) Capturing batches (bs=160 avail_mem=27.42 GB):  31%|███       | 11/36 [00:01<00:02, 11.53it/s]
(SGLangHttpServer pid=983368, ip=10.124.45.23) Capturing batches (bs=96 avail_mem=27.37 GB):  53%|█████▎    | 19/36 [00:01<00:01, 13.15it/s] Capturing batches (bs=96 avail_mem=27.37 GB):  58%|█████▊    | 21/36 [00:01<00:01, 14.43it/s]Capturing batches (bs=88 avail_mem=27.36 GB):  58%|█████▊    | 21/36 [00:01<00:01, 14.43it/s]
(SGLangHttpServer pid=983377, ip=10.124.45.23) Capturing batches (bs=208 avail_mem=27.45 GB):  14%|█▍        | 5/36 [00:00<00:03,  9.80it/s]
(SGLangHttpServer pid=983383, ip=10.124.45.23) Capturing batches (bs=232 avail_mem=27.46 GB):  11%|█         | 4/36 [00:00<00:03,  8.86it/s]Capturing batches (bs=224 avail_mem=27.46 GB):  11%|█         | 4/36 [00:00<00:03,  8.86it/s]Capturing batches (bs=216 avail_mem=27.45 GB):  11%|█         | 4/36 [00:00<00:03,  8.86it/s]
(SGLangHttpServer pid=983380, ip=10.124.45.23) Capturing batches (bs=208 avail_mem=27.45 GB):  14%|█▍        | 5/36 [00:00<00:03,  9.28it/s]
(SGLangHttpServer pid=983365, ip=10.124.45.23) Capturing batches (bs=112 avail_mem=27.38 GB):  47%|████▋     | 17/36 [00:01<00:01, 13.44it/s]
(SGLangHttpServer pid=983374, ip=10.124.45.23) Capturing batches (bs=216 avail_mem=27.45 GB):  17%|█▋        | 6/36 [00:00<00:02, 10.06it/s]Capturing batches (bs=208 avail_mem=27.45 GB):  17%|█▋        | 6/36 [00:00<00:02, 10.06it/s]
(SGLangHttpServer pid=983371, ip=10.124.45.23) Capturing batches (bs=160 avail_mem=27.42 GB):  36%|███▌      | 13/36 [00:01<00:01, 12.06it/s]Capturing batches (bs=152 avail_mem=27.41 GB):  36%|███▌      | 13/36 [00:01<00:01, 12.06it/s]Capturing batches (bs=144 avail_mem=27.41 GB):  36%|███▌      | 13/36 [00:01<00:01, 12.06it/s]
(SGLangHttpServer pid=983368, ip=10.124.45.23) Capturing batches (bs=80 avail_mem=27.36 GB):  58%|█████▊    | 21/36 [00:01<00:01, 14.43it/s]Capturing batches (bs=80 avail_mem=27.36 GB):  64%|██████▍   | 23/36 [00:01<00:00, 14.98it/s]Capturing batches (bs=72 avail_mem=27.35 GB):  64%|██████▍   | 23/36 [00:01<00:00, 14.98it/s]
(SGLangHttpServer pid=983377, ip=10.124.45.23) Capturing batches (bs=208 avail_mem=27.45 GB):  19%|█▉        | 7/36 [00:00<00:02, 11.19it/s]Capturing batches (bs=200 avail_mem=27.44 GB):  19%|█▉        | 7/36 [00:00<00:02, 11.19it/s]Capturing batches (bs=192 avail_mem=27.44 GB):  19%|█▉        | 7/36 [00:00<00:02, 11.19it/s]
(SGLangHttpServer pid=983383, ip=10.124.45.23) Capturing batches (bs=216 avail_mem=27.45 GB):  17%|█▋        | 6/36 [00:00<00:02, 10.60it/s]Capturing batches (bs=208 avail_mem=27.45 GB):  17%|█▋        | 6/36 [00:00<00:02, 10.60it/s]
(SGLangHttpServer pid=983380, ip=10.124.45.23) Capturing batches (bs=208 avail_mem=27.45 GB):  19%|█▉        | 7/36 [00:00<00:02, 10.87it/s]Capturing batches (bs=200 avail_mem=27.44 GB):  19%|█▉        | 7/36 [00:00<00:02, 10.87it/s]Capturing batches (bs=192 avail_mem=27.44 GB):  19%|█▉        | 7/36 [00:00<00:02, 10.87it/s]
(SGLangHttpServer pid=983365, ip=10.124.45.23) Capturing batches (bs=112 avail_mem=27.38 GB):  53%|█████▎    | 19/36 [00:01<00:01, 13.52it/s]Capturing batches (bs=104 avail_mem=27.38 GB):  53%|█████▎    | 19/36 [00:01<00:01, 13.52it/s]Capturing batches (bs=96 avail_mem=27.37 GB):  53%|█████▎    | 19/36 [00:01<00:01, 13.52it/s] 
(SGLangHttpServer pid=983374, ip=10.124.45.23) Capturing batches (bs=200 avail_mem=27.44 GB):  17%|█▋        | 6/36 [00:00<00:02, 10.06it/s]Capturing batches (bs=200 avail_mem=27.44 GB):  22%|██▏       | 8/36 [00:00<00:02, 11.40it/s]Capturing batches (bs=192 avail_mem=27.44 GB):  22%|██▏       | 8/36 [00:00<00:02, 11.40it/s]
(SGLangHttpServer pid=983371, ip=10.124.45.23) Capturing batches (bs=144 avail_mem=27.41 GB):  42%|████▏     | 15/36 [00:01<00:01, 12.95it/s]Capturing batches (bs=136 avail_mem=27.40 GB):  42%|████▏     | 15/36 [00:01<00:01, 12.95it/s]
(SGLangHttpServer pid=983368, ip=10.124.45.23) Capturing batches (bs=64 avail_mem=27.35 GB):  64%|██████▍   | 23/36 [00:01<00:00, 14.98it/s]Capturing batches (bs=64 avail_mem=27.35 GB):  69%|██████▉   | 25/36 [00:01<00:00, 15.78it/s]Capturing batches (bs=56 avail_mem=27.34 GB):  69%|██████▉   | 25/36 [00:01<00:00, 15.78it/s]
(SGLangHttpServer pid=983377, ip=10.124.45.23) Capturing batches (bs=192 avail_mem=27.44 GB):  25%|██▌       | 9/36 [00:00<00:02, 12.05it/s]Capturing batches (bs=184 avail_mem=27.43 GB):  25%|██▌       | 9/36 [00:00<00:02, 12.05it/s]
(SGLangHttpServer pid=983383, ip=10.124.45.23) Capturing batches (bs=200 avail_mem=27.44 GB):  17%|█▋        | 6/36 [00:00<00:02, 10.60it/s]Capturing batches (bs=200 avail_mem=27.44 GB):  22%|██▏       | 8/36 [00:00<00:02, 11.49it/s]Capturing batches (bs=192 avail_mem=27.44 GB):  22%|██▏       | 8/36 [00:00<00:02, 11.49it/s]
(SGLangHttpServer pid=983380, ip=10.124.45.23) Capturing batches (bs=192 avail_mem=27.44 GB):  25%|██▌       | 9/36 [00:00<00:02, 11.84it/s]Capturing batches (bs=184 avail_mem=27.43 GB):  25%|██▌       | 9/36 [00:00<00:02, 11.84it/s]
(SGLangHttpServer pid=983365, ip=10.124.45.23) Capturing batches (bs=96 avail_mem=27.37 GB):  58%|█████▊    | 21/36 [00:01<00:01, 14.58it/s]Capturing batches (bs=88 avail_mem=27.36 GB):  58%|█████▊    | 21/36 [00:01<00:01, 14.58it/s]Capturing batches (bs=80 avail_mem=27.36 GB):  58%|█████▊    | 21/36 [00:01<00:01, 14.58it/s]
(SGLangHttpServer pid=983374, ip=10.124.45.23) Capturing batches (bs=184 avail_mem=27.43 GB):  22%|██▏       | 8/36 [00:00<00:02, 11.40it/s]Capturing batches (bs=184 avail_mem=27.43 GB):  28%|██▊       | 10/36 [00:00<00:02, 12.45it/s]Capturing batches (bs=176 avail_mem=27.43 GB):  28%|██▊       | 10/36 [00:00<00:02, 12.45it/s]
(SGLangHttpServer pid=983371, ip=10.124.45.23) Capturing batches (bs=128 avail_mem=27.40 GB):  42%|████▏     | 15/36 [00:01<00:01, 12.95it/s]Capturing batches (bs=128 avail_mem=27.40 GB):  47%|████▋     | 17/36 [00:01<00:01, 13.70it/s]Capturing batches (bs=120 avail_mem=27.39 GB):  47%|████▋     | 17/36 [00:01<00:01, 13.70it/s]
(SGLangHttpServer pid=983368, ip=10.124.45.23) Capturing batches (bs=48 avail_mem=27.34 GB):  69%|██████▉   | 25/36 [00:01<00:00, 15.78it/s]Capturing batches (bs=40 avail_mem=27.33 GB):  69%|██████▉   | 25/36 [00:02<00:00, 15.78it/s]
(SGLangHttpServer pid=983377, ip=10.124.45.23) Capturing batches (bs=176 avail_mem=27.43 GB):  25%|██▌       | 9/36 [00:00<00:02, 12.05it/s]Capturing batches (bs=176 avail_mem=27.43 GB):  31%|███       | 11/36 [00:00<00:01, 12.97it/s]Capturing batches (bs=168 avail_mem=27.42 GB):  31%|███       | 11/36 [00:00<00:01, 12.97it/s]
(SGLangHttpServer pid=983383, ip=10.124.45.23) Capturing batches (bs=184 avail_mem=27.43 GB):  22%|██▏       | 8/36 [00:00<00:02, 11.49it/s]
(SGLangHttpServer pid=983380, ip=10.124.45.23) Capturing batches (bs=176 avail_mem=27.43 GB):  25%|██▌       | 9/36 [00:00<00:02, 11.84it/s]Capturing batches (bs=176 avail_mem=27.43 GB):  31%|███       | 11/36 [00:01<00:01, 12.82it/s]Capturing batches (bs=168 avail_mem=27.42 GB):  31%|███       | 11/36 [00:01<00:01, 12.82it/s]
(SGLangHttpServer pid=983368, ip=10.124.45.23) Capturing batches (bs=40 avail_mem=27.33 GB):  78%|███████▊  | 28/36 [00:02<00:00, 17.26it/s]Capturing batches (bs=32 avail_mem=27.33 GB):  78%|███████▊  | 28/36 [00:02<00:00, 17.26it/s]
(SGLangHttpServer pid=983365, ip=10.124.45.23) Capturing batches (bs=80 avail_mem=27.36 GB):  64%|██████▍   | 23/36 [00:01<00:00, 15.50it/s]Capturing batches (bs=72 avail_mem=27.35 GB):  64%|██████▍   | 23/36 [00:01<00:00, 15.50it/s]Capturing batches (bs=64 avail_mem=27.35 GB):  64%|██████▍   | 23/36 [00:01<00:00, 15.50it/s]
(SGLangHttpServer pid=983374, ip=10.124.45.23) Capturing batches (bs=168 avail_mem=27.42 GB):  28%|██▊       | 10/36 [00:01<00:02, 12.45it/s]
(SGLangHttpServer pid=983371, ip=10.124.45.23) Capturing batches (bs=112 avail_mem=27.38 GB):  47%|████▋     | 17/36 [00:01<00:01, 13.70it/s]Capturing batches (bs=112 avail_mem=27.38 GB):  53%|█████▎    | 19/36 [00:01<00:01, 14.64it/s]Capturing batches (bs=104 avail_mem=27.38 GB):  53%|█████▎    | 19/36 [00:01<00:01, 14.64it/s]
(SGLangHttpServer pid=983368, ip=10.124.45.23) Capturing batches (bs=24 avail_mem=27.32 GB):  78%|███████▊  | 28/36 [00:02<00:00, 17.26it/s]Capturing batches (bs=16 avail_mem=27.32 GB):  78%|███████▊  | 28/36 [00:02<00:00, 17.26it/s]
(SGLangHttpServer pid=983377, ip=10.124.45.23) Capturing batches (bs=160 avail_mem=27.42 GB):  31%|███       | 11/36 [00:01<00:01, 12.97it/s]Capturing batches (bs=160 avail_mem=27.42 GB):  36%|███▌      | 13/36 [00:01<00:01, 13.40it/s]Capturing batches (bs=152 avail_mem=27.41 GB):  36%|███▌      | 13/36 [00:01<00:01, 13.40it/s]
(SGLangHttpServer pid=983383, ip=10.124.45.23) Capturing batches (bs=184 avail_mem=27.43 GB):  28%|██▊       | 10/36 [00:00<00:02, 12.50it/s]Capturing batches (bs=176 avail_mem=27.43 GB):  28%|██▊       | 10/36 [00:00<00:02, 12.50it/s]Capturing batches (bs=168 avail_mem=27.42 GB):  28%|██▊       | 10/36 [00:01<00:02, 12.50it/s]
(SGLangHttpServer pid=983380, ip=10.124.45.23) Capturing batches (bs=160 avail_mem=27.42 GB):  31%|███       | 11/36 [00:01<00:01, 12.82it/s]
(SGLangHttpServer pid=983365, ip=10.124.45.23) Capturing batches (bs=64 avail_mem=27.35 GB):  69%|██████▉   | 25/36 [00:01<00:00, 16.47it/s]Capturing batches (bs=56 avail_mem=27.34 GB):  69%|██████▉   | 25/36 [00:01<00:00, 16.47it/s]Capturing batches (bs=48 avail_mem=27.34 GB):  69%|██████▉   | 25/36 [00:01<00:00, 16.47it/s]
(SGLangHttpServer pid=983374, ip=10.124.45.23) Capturing batches (bs=168 avail_mem=27.42 GB):  33%|███▎      | 12/36 [00:01<00:01, 13.18it/s]Capturing batches (bs=160 avail_mem=27.42 GB):  33%|███▎      | 12/36 [00:01<00:01, 13.18it/s]Capturing batches (bs=152 avail_mem=27.41 GB):  33%|███▎      | 12/36 [00:01<00:01, 13.18it/s]
(SGLangHttpServer pid=983371, ip=10.124.45.23) Capturing batches (bs=96 avail_mem=27.37 GB):  53%|█████▎    | 19/36 [00:01<00:01, 14.64it/s] Capturing batches (bs=96 avail_mem=27.37 GB):  58%|█████▊    | 21/36 [00:01<00:00, 15.79it/s]Capturing batches (bs=88 avail_mem=27.36 GB):  58%|█████▊    | 21/36 [00:01<00:00, 15.79it/s]
(SGLangHttpServer pid=983368, ip=10.124.45.23) Capturing batches (bs=16 avail_mem=27.32 GB):  86%|████████▌ | 31/36 [00:02<00:00, 17.07it/s]Capturing batches (bs=12 avail_mem=27.31 GB):  86%|████████▌ | 31/36 [00:02<00:00, 17.07it/s]
(SGLangHttpServer pid=983377, ip=10.124.45.23) Capturing batches (bs=144 avail_mem=27.41 GB):  36%|███▌      | 13/36 [00:01<00:01, 13.40it/s]
(SGLangHttpServer pid=983383, ip=10.124.45.23) Capturing batches (bs=168 avail_mem=27.42 GB):  33%|███▎      | 12/36 [00:01<00:01, 13.28it/s]Capturing batches (bs=160 avail_mem=27.42 GB):  33%|███▎      | 12/36 [00:01<00:01, 13.28it/s]Capturing batches (bs=152 avail_mem=27.41 GB):  33%|███▎      | 12/36 [00:01<00:01, 13.28it/s]
(SGLangHttpServer pid=983380, ip=10.124.45.23) Capturing batches (bs=160 avail_mem=27.42 GB):  36%|███▌      | 13/36 [00:01<00:01, 13.24it/s]Capturing batches (bs=152 avail_mem=27.41 GB):  36%|███▌      | 13/36 [00:01<00:01, 13.24it/s]Capturing batches (bs=144 avail_mem=27.41 GB):  36%|███▌      | 13/36 [00:01<00:01, 13.24it/s]
(SGLangHttpServer pid=983371, ip=10.124.45.23) Capturing batches (bs=80 avail_mem=27.36 GB):  58%|█████▊    | 21/36 [00:01<00:00, 15.79it/s]
(SGLangHttpServer pid=983368, ip=10.124.45.23) Capturing batches (bs=8 avail_mem=27.31 GB):  86%|████████▌ | 31/36 [00:02<00:00, 17.07it/s] 
(SGLangHttpServer pid=983365, ip=10.124.45.23) Capturing batches (bs=40 avail_mem=27.33 GB):  69%|██████▉   | 25/36 [00:02<00:00, 16.47it/s]
(SGLangHttpServer pid=983365, ip=10.124.45.23) Capturing batches (bs=40 avail_mem=27.33 GB):  78%|███████▊  | 28/36 [00:02<00:00, 17.95it/s]Capturing batches (bs=32 avail_mem=27.33 GB):  78%|███████▊  | 28/36 [00:02<00:00, 17.95it/s]Capturing batches (bs=24 avail_mem=27.32 GB):  78%|███████▊  | 28/36 [00:02<00:00, 17.95it/s]
(SGLangHttpServer pid=983374, ip=10.124.45.23) Capturing batches (bs=152 avail_mem=27.41 GB):  39%|███▉      | 14/36 [00:01<00:01, 13.64it/s]Capturing batches (bs=144 avail_mem=27.41 GB):  39%|███▉      | 14/36 [00:01<00:01, 13.64it/s]Capturing batches (bs=136 avail_mem=27.40 GB):  39%|███▉      | 14/36 [00:01<00:01, 13.64it/s]
(SGLangHttpServer pid=983371, ip=10.124.45.23) Capturing batches (bs=80 avail_mem=27.36 GB):  64%|██████▍   | 23/36 [00:01<00:00, 16.68it/s]Capturing batches (bs=72 avail_mem=27.35 GB):  64%|██████▍   | 23/36 [00:01<00:00, 16.68it/s]Capturing batches (bs=64 avail_mem=27.35 GB):  64%|██████▍   | 23/36 [00:01<00:00, 16.68it/s]
(SGLangHttpServer pid=983368, ip=10.124.45.23) Capturing batches (bs=4 avail_mem=27.30 GB):  86%|████████▌ | 31/36 [00:02<00:00, 17.07it/s]Capturing batches (bs=4 avail_mem=27.30 GB):  94%|█████████▍| 34/36 [00:02<00:00, 18.26it/s]Capturing batches (bs=2 avail_mem=27.30 GB):  94%|█████████▍| 34/36 [00:02<00:00, 18.26it/s]
(SGLangHttpServer pid=983377, ip=10.124.45.23) Capturing batches (bs=144 avail_mem=27.41 GB):  42%|████▏     | 15/36 [00:01<00:01, 14.09it/s]Capturing batches (bs=136 avail_mem=27.40 GB):  42%|████▏     | 15/36 [00:01<00:01, 14.09it/s]Capturing batches (bs=128 avail_mem=27.40 GB):  42%|████▏     | 15/36 [00:01<00:01, 14.09it/s]
(SGLangHttpServer pid=983383, ip=10.124.45.23) Capturing batches (bs=152 avail_mem=27.41 GB):  39%|███▉      | 14/36 [00:01<00:01, 13.71it/s]Capturing batches (bs=144 avail_mem=27.41 GB):  39%|███▉      | 14/36 [00:01<00:01, 13.71it/s]
(SGLangHttpServer pid=983380, ip=10.124.45.23) Capturing batches (bs=144 avail_mem=27.41 GB):  42%|████▏     | 15/36 [00:01<00:01, 13.99it/s]Capturing batches (bs=136 avail_mem=27.40 GB):  42%|████▏     | 15/36 [00:01<00:01, 13.99it/s]Capturing batches (bs=128 avail_mem=27.40 GB):  42%|████▏     | 15/36 [00:01<00:01, 13.99it/s]
(SGLangHttpServer pid=983365, ip=10.124.45.23) Capturing batches (bs=16 avail_mem=27.32 GB):  78%|███████▊  | 28/36 [00:02<00:00, 17.95it/s]
(SGLangHttpServer pid=983374, ip=10.124.45.23) Capturing batches (bs=136 avail_mem=27.40 GB):  44%|████▍     | 16/36 [00:01<00:01, 14.14it/s]Capturing batches (bs=128 avail_mem=27.40 GB):  44%|████▍     | 16/36 [00:01<00:01, 14.14it/s]
(SGLangHttpServer pid=983371, ip=10.124.45.23) Capturing batches (bs=64 avail_mem=27.35 GB):  69%|██████▉   | 25/36 [00:01<00:00, 17.11it/s]Capturing batches (bs=56 avail_mem=27.34 GB):  69%|██████▉   | 25/36 [00:01<00:00, 17.11it/s]Capturing batches (bs=48 avail_mem=27.34 GB):  69%|██████▉   | 25/36 [00:01<00:00, 17.11it/s]
(SGLangHttpServer pid=983368, ip=10.124.45.23) Capturing batches (bs=1 avail_mem=27.29 GB):  94%|█████████▍| 34/36 [00:02<00:00, 18.26it/s]Capturing batches (bs=1 avail_mem=27.29 GB): 100%|██████████| 36/36 [00:02<00:00, 14.53it/s]
(SGLangHttpServer pid=983377, ip=10.124.45.23) Capturing batches (bs=128 avail_mem=27.40 GB):  47%|████▋     | 17/36 [00:01<00:01, 14.48it/s]Capturing batches (bs=120 avail_mem=27.39 GB):  47%|████▋     | 17/36 [00:01<00:01, 14.48it/s]Capturing batches (bs=112 avail_mem=27.38 GB):  47%|████▋     | 17/36 [00:01<00:01, 14.48it/s]
(SGLangHttpServer pid=983383, ip=10.124.45.23) Capturing batches (bs=136 avail_mem=27.40 GB):  39%|███▉      | 14/36 [00:01<00:01, 13.71it/s]Capturing batches (bs=136 avail_mem=27.40 GB):  44%|████▍     | 16/36 [00:01<00:01, 14.24it/s]Capturing batches (bs=128 avail_mem=27.40 GB):  44%|████▍     | 16/36 [00:01<00:01, 14.24it/s]
(SGLangHttpServer pid=983380, ip=10.124.45.23) Capturing batches (bs=128 avail_mem=27.40 GB):  47%|████▋     | 17/36 [00:01<00:01, 14.52it/s]Capturing batches (bs=120 avail_mem=27.39 GB):  47%|████▋     | 17/36 [00:01<00:01, 14.52it/s]Capturing batches (bs=112 avail_mem=27.38 GB):  47%|████▋     | 17/36 [00:01<00:01, 14.52it/s]
(SGLangHttpServer pid=983365, ip=10.124.45.23) Capturing batches (bs=16 avail_mem=27.32 GB):  86%|████████▌ | 31/36 [00:02<00:00, 17.44it/s]Capturing batches (bs=12 avail_mem=27.31 GB):  86%|████████▌ | 31/36 [00:02<00:00, 17.44it/s]Capturing batches (bs=8 avail_mem=27.31 GB):  86%|████████▌ | 31/36 [00:02<00:00, 17.44it/s] Capturing batches (bs=4 avail_mem=27.30 GB):  86%|████████▌ | 31/36 [00:02<00:00, 17.44it/s]
(SGLangHttpServer pid=983374, ip=10.124.45.23) Capturing batches (bs=120 avail_mem=27.39 GB):  44%|████▍     | 16/36 [00:01<00:01, 14.14it/s]Capturing batches (bs=120 avail_mem=27.39 GB):  50%|█████     | 18/36 [00:01<00:01, 14.95it/s]Capturing batches (bs=112 avail_mem=27.38 GB):  50%|█████     | 18/36 [00:01<00:01, 14.95it/s]
(SGLangHttpServer pid=983371, ip=10.124.45.23) Capturing batches (bs=40 avail_mem=27.33 GB):  69%|██████▉   | 25/36 [00:01<00:00, 17.11it/s]Capturing batches (bs=40 avail_mem=27.33 GB):  78%|███████▊  | 28/36 [00:02<00:00, 18.23it/s]Capturing batches (bs=32 avail_mem=27.33 GB):  78%|███████▊  | 28/36 [00:02<00:00, 18.23it/s]
(SGLangHttpServer pid=983377, ip=10.124.45.23) Capturing batches (bs=112 avail_mem=27.38 GB):  53%|█████▎    | 19/36 [00:01<00:01, 15.51it/s]Capturing batches (bs=104 avail_mem=27.38 GB):  53%|█████▎    | 19/36 [00:01<00:01, 15.51it/s]Capturing batches (bs=96 avail_mem=27.37 GB):  53%|█████▎    | 19/36 [00:01<00:01, 15.51it/s] 
(SGLangHttpServer pid=983383, ip=10.124.45.23) Capturing batches (bs=120 avail_mem=27.39 GB):  44%|████▍     | 16/36 [00:01<00:01, 14.24it/s]Capturing batches (bs=120 avail_mem=27.39 GB):  50%|█████     | 18/36 [00:01<00:01, 15.25it/s]Capturing batches (bs=112 avail_mem=27.38 GB):  50%|█████     | 18/36 [00:01<00:01, 15.25it/s]
(SGLangHttpServer pid=983380, ip=10.124.45.23) Capturing batches (bs=112 avail_mem=27.38 GB):  53%|█████▎    | 19/36 [00:01<00:01, 15.58it/s]Capturing batches (bs=104 avail_mem=27.38 GB):  53%|█████▎    | 19/36 [00:01<00:01, 15.58it/s]Capturing batches (bs=96 avail_mem=27.37 GB):  53%|█████▎    | 19/36 [00:01<00:01, 15.58it/s] 
(SGLangHttpServer pid=983365, ip=10.124.45.23) Capturing batches (bs=4 avail_mem=27.30 GB):  94%|█████████▍| 34/36 [00:02<00:00, 18.59it/s]Capturing batches (bs=2 avail_mem=27.30 GB):  94%|█████████▍| 34/36 [00:02<00:00, 18.59it/s]Capturing batches (bs=1 avail_mem=27.29 GB):  94%|█████████▍| 34/36 [00:02<00:00, 18.59it/s]
(SGLangHttpServer pid=983374, ip=10.124.45.23) Capturing batches (bs=104 avail_mem=27.38 GB):  50%|█████     | 18/36 [00:01<00:01, 14.95it/s]Capturing batches (bs=104 avail_mem=27.38 GB):  56%|█████▌    | 20/36 [00:01<00:01, 15.20it/s]Capturing batches (bs=96 avail_mem=27.37 GB):  56%|█████▌    | 20/36 [00:01<00:01, 15.20it/s] 
(SGLangHttpServer pid=983371, ip=10.124.45.23) Capturing batches (bs=24 avail_mem=27.32 GB):  78%|███████▊  | 28/36 [00:02<00:00, 18.23it/s]Capturing batches (bs=24 avail_mem=27.32 GB):  83%|████████▎ | 30/36 [00:02<00:00, 18.63it/s]Capturing batches (bs=16 avail_mem=27.32 GB):  83%|████████▎ | 30/36 [00:02<00:00, 18.63it/s]
(SGLangHttpServer pid=983377, ip=10.124.45.23) Capturing batches (bs=96 avail_mem=27.37 GB):  58%|█████▊    | 21/36 [00:01<00:00, 16.28it/s]Capturing batches (bs=88 avail_mem=27.36 GB):  58%|█████▊    | 21/36 [00:01<00:00, 16.28it/s]Capturing batches (bs=80 avail_mem=27.36 GB):  58%|█████▊    | 21/36 [00:01<00:00, 16.28it/s]
(SGLangHttpServer pid=983383, ip=10.124.45.23) Capturing batches (bs=104 avail_mem=27.38 GB):  50%|█████     | 18/36 [00:01<00:01, 15.25it/s]Capturing batches (bs=104 avail_mem=27.38 GB):  56%|█████▌    | 20/36 [00:01<00:01, 15.54it/s]Capturing batches (bs=96 avail_mem=27.37 GB):  56%|█████▌    | 20/36 [00:01<00:01, 15.54it/s] 
(SGLangHttpServer pid=983380, ip=10.124.45.23) Capturing batches (bs=96 avail_mem=27.37 GB):  58%|█████▊    | 21/36 [00:01<00:00, 16.25it/s]Capturing batches (bs=88 avail_mem=27.36 GB):  58%|█████▊    | 21/36 [00:01<00:00, 16.25it/s]Capturing batches (bs=80 avail_mem=27.36 GB):  58%|█████▊    | 21/36 [00:01<00:00, 16.25it/s]
(SGLangHttpServer pid=983365, ip=10.124.45.23) Capturing batches (bs=1 avail_mem=27.29 GB): 100%|██████████| 36/36 [00:02<00:00, 14.58it/s]
(SGLangHttpServer pid=983374, ip=10.124.45.23) Capturing batches (bs=88 avail_mem=27.36 GB):  56%|█████▌    | 20/36 [00:01<00:01, 15.20it/s]Capturing batches (bs=88 avail_mem=27.36 GB):  61%|██████    | 22/36 [00:01<00:00, 15.57it/s]Capturing batches (bs=80 avail_mem=27.36 GB):  61%|██████    | 22/36 [00:01<00:00, 15.57it/s]
(SGLangHttpServer pid=983371, ip=10.124.45.23) Capturing batches (bs=12 avail_mem=27.31 GB):  83%|████████▎ | 30/36 [00:02<00:00, 18.63it/s]Capturing batches (bs=12 avail_mem=27.31 GB):  89%|████████▉ | 32/36 [00:02<00:00, 17.35it/s]Capturing batches (bs=8 avail_mem=27.31 GB):  89%|████████▉ | 32/36 [00:02<00:00, 17.35it/s] 
(SGLangHttpServer pid=983377, ip=10.124.45.23) Capturing batches (bs=80 avail_mem=27.36 GB):  64%|██████▍   | 23/36 [00:01<00:00, 16.45it/s]Capturing batches (bs=72 avail_mem=27.35 GB):  64%|██████▍   | 23/36 [00:01<00:00, 16.45it/s]Capturing batches (bs=64 avail_mem=27.35 GB):  64%|██████▍   | 23/36 [00:01<00:00, 16.45it/s]
(SGLangHttpServer pid=983383, ip=10.124.45.23) Capturing batches (bs=88 avail_mem=27.36 GB):  56%|█████▌    | 20/36 [00:01<00:01, 15.54it/s]Capturing batches (bs=88 avail_mem=27.36 GB):  61%|██████    | 22/36 [00:01<00:00, 16.28it/s]Capturing batches (bs=80 avail_mem=27.36 GB):  61%|██████    | 22/36 [00:01<00:00, 16.28it/s]
(SGLangHttpServer pid=983380, ip=10.124.45.23) Capturing batches (bs=80 avail_mem=27.36 GB):  64%|██████▍   | 23/36 [00:01<00:00, 16.48it/s]Capturing batches (bs=72 avail_mem=27.35 GB):  64%|██████▍   | 23/36 [00:01<00:00, 16.48it/s]Capturing batches (bs=64 avail_mem=27.35 GB):  64%|██████▍   | 23/36 [00:01<00:00, 16.48it/s]
(SGLangHttpServer pid=983374, ip=10.124.45.23) Capturing batches (bs=72 avail_mem=27.35 GB):  61%|██████    | 22/36 [00:01<00:00, 15.57it/s]Capturing batches (bs=72 avail_mem=27.35 GB):  67%|██████▋   | 24/36 [00:01<00:00, 16.41it/s]Capturing batches (bs=64 avail_mem=27.35 GB):  67%|██████▋   | 24/36 [00:01<00:00, 16.41it/s]
(SGLangHttpServer pid=983371, ip=10.124.45.23) Capturing batches (bs=4 avail_mem=27.30 GB):  89%|████████▉ | 32/36 [00:02<00:00, 17.35it/s]Capturing batches (bs=2 avail_mem=27.30 GB):  89%|████████▉ | 32/36 [00:02<00:00, 17.35it/s]
(SGLangHttpServer pid=983377, ip=10.124.45.23) Capturing batches (bs=64 avail_mem=27.35 GB):  69%|██████▉   | 25/36 [00:01<00:00, 17.30it/s]Capturing batches (bs=56 avail_mem=27.34 GB):  69%|██████▉   | 25/36 [00:01<00:00, 17.30it/s]Capturing batches (bs=48 avail_mem=27.34 GB):  69%|██████▉   | 25/36 [00:01<00:00, 17.30it/s]
(SGLangHttpServer pid=983383, ip=10.124.45.23) Capturing batches (bs=72 avail_mem=27.35 GB):  61%|██████    | 22/36 [00:01<00:00, 16.28it/s]Capturing batches (bs=72 avail_mem=27.35 GB):  67%|██████▋   | 24/36 [00:01<00:00, 16.52it/s]Capturing batches (bs=64 avail_mem=27.35 GB):  67%|██████▋   | 24/36 [00:01<00:00, 16.52it/s]
(SGLangHttpServer pid=983380, ip=10.124.45.23) Capturing batches (bs=64 avail_mem=27.35 GB):  69%|██████▉   | 25/36 [00:01<00:00, 17.19it/s]Capturing batches (bs=56 avail_mem=27.34 GB):  69%|██████▉   | 25/36 [00:01<00:00, 17.19it/s]Capturing batches (bs=48 avail_mem=27.34 GB):  69%|██████▉   | 25/36 [00:01<00:00, 17.19it/s]
(SGLangHttpServer pid=983374, ip=10.124.45.23) Capturing batches (bs=56 avail_mem=27.34 GB):  67%|██████▋   | 24/36 [00:01<00:00, 16.41it/s]
(SGLangHttpServer pid=983371, ip=10.124.45.23) Capturing batches (bs=2 avail_mem=27.30 GB):  97%|█████████▋| 35/36 [00:02<00:00, 18.35it/s]Capturing batches (bs=1 avail_mem=27.29 GB):  97%|█████████▋| 35/36 [00:02<00:00, 18.35it/s]Capturing batches (bs=1 avail_mem=27.29 GB): 100%|██████████| 36/36 [00:02<00:00, 14.53it/s]
(SGLangHttpServer pid=983377, ip=10.124.45.23) Capturing batches (bs=48 avail_mem=27.34 GB):  75%|███████▌  | 27/36 [00:01<00:00, 16.61it/s]Capturing batches (bs=40 avail_mem=27.33 GB):  75%|███████▌  | 27/36 [00:01<00:00, 16.61it/s]Capturing batches (bs=32 avail_mem=27.33 GB):  75%|███████▌  | 27/36 [00:02<00:00, 16.61it/s]
(SGLangHttpServer pid=983383, ip=10.124.45.23) Capturing batches (bs=56 avail_mem=27.34 GB):  67%|██████▋   | 24/36 [00:01<00:00, 16.52it/s]
(SGLangHttpServer pid=983380, ip=10.124.45.23) Capturing batches (bs=48 avail_mem=27.34 GB):  75%|███████▌  | 27/36 [00:01<00:00, 16.85it/s]Capturing batches (bs=40 avail_mem=27.33 GB):  75%|███████▌  | 27/36 [00:01<00:00, 16.85it/s]Capturing batches (bs=32 avail_mem=27.33 GB):  75%|███████▌  | 27/36 [00:02<00:00, 16.85it/s]
(SGLangHttpServer pid=983374, ip=10.124.45.23) Capturing batches (bs=56 avail_mem=27.34 GB):  72%|███████▏  | 26/36 [00:01<00:00, 16.01it/s]Capturing batches (bs=48 avail_mem=27.34 GB):  72%|███████▏  | 26/36 [00:01<00:00, 16.01it/s]
(SGLangHttpServer pid=983374, ip=10.124.45.23) Capturing batches (bs=40 avail_mem=27.33 GB):  72%|███████▏  | 26/36 [00:02<00:00, 16.01it/s]
(SGLangHttpServer pid=983377, ip=10.124.45.23) Capturing batches (bs=32 avail_mem=27.33 GB):  81%|████████  | 29/36 [00:02<00:00, 16.34it/s]Capturing batches (bs=24 avail_mem=27.32 GB):  81%|████████  | 29/36 [00:02<00:00, 16.34it/s]Capturing batches (bs=16 avail_mem=27.32 GB):  81%|████████  | 29/36 [00:02<00:00, 16.34it/s]
(SGLangHttpServer pid=983383, ip=10.124.45.23) Capturing batches (bs=56 avail_mem=27.34 GB):  72%|███████▏  | 26/36 [00:01<00:00, 15.69it/s]Capturing batches (bs=48 avail_mem=27.34 GB):  72%|███████▏  | 26/36 [00:01<00:00, 15.69it/s]Capturing batches (bs=40 avail_mem=27.33 GB):  72%|███████▏  | 26/36 [00:02<00:00, 15.69it/s]
(SGLangHttpServer pid=983380, ip=10.124.45.23) Capturing batches (bs=32 avail_mem=27.33 GB):  81%|████████  | 29/36 [00:02<00:00, 17.24it/s]Capturing batches (bs=24 avail_mem=27.32 GB):  81%|████████  | 29/36 [00:02<00:00, 17.24it/s]Capturing batches (bs=16 avail_mem=27.32 GB):  81%|████████  | 29/36 [00:02<00:00, 17.24it/s]
(SGLangHttpServer pid=983374, ip=10.124.45.23) Capturing batches (bs=40 avail_mem=27.33 GB):  78%|███████▊  | 28/36 [00:02<00:00, 16.01it/s]Capturing batches (bs=32 avail_mem=27.33 GB):  78%|███████▊  | 28/36 [00:02<00:00, 16.01it/s]Capturing batches (bs=24 avail_mem=27.32 GB):  78%|███████▊  | 28/36 [00:02<00:00, 16.01it/s]Capturing batches (bs=16 avail_mem=27.32 GB):  78%|███████▊  | 28/36 [00:02<00:00, 16.01it/s]
(SGLangHttpServer pid=983377, ip=10.124.45.23) Capturing batches (bs=16 avail_mem=27.32 GB):  86%|████████▌ | 31/36 [00:02<00:00, 15.92it/s]Capturing batches (bs=12 avail_mem=27.31 GB):  86%|████████▌ | 31/36 [00:02<00:00, 15.92it/s]
(SGLangHttpServer pid=983383, ip=10.124.45.23) Capturing batches (bs=40 avail_mem=27.33 GB):  78%|███████▊  | 28/36 [00:02<00:00, 16.57it/s]Capturing batches (bs=32 avail_mem=27.33 GB):  78%|███████▊  | 28/36 [00:02<00:00, 16.57it/s]Capturing batches (bs=24 avail_mem=27.32 GB):  78%|███████▊  | 28/36 [00:02<00:00, 16.57it/s]
(SGLangHttpServer pid=983380, ip=10.124.45.23) Capturing batches (bs=16 avail_mem=27.32 GB):  86%|████████▌ | 31/36 [00:02<00:00, 16.56it/s]Capturing batches (bs=12 avail_mem=27.31 GB):  86%|████████▌ | 31/36 [00:02<00:00, 16.56it/s]
(SGLangHttpServer pid=983380, ip=10.124.45.23) Capturing batches (bs=8 avail_mem=27.31 GB):  86%|████████▌ | 31/36 [00:02<00:00, 16.56it/s] 
(SGLangHttpServer pid=983383, ip=10.124.45.23) Capturing batches (bs=24 avail_mem=27.32 GB):  83%|████████▎ | 30/36 [00:02<00:00, 17.18it/s]Capturing batches (bs=16 avail_mem=27.32 GB):  83%|████████▎ | 30/36 [00:02<00:00, 17.18it/s]
(SGLangHttpServer pid=983374, ip=10.124.45.23) Capturing batches (bs=16 avail_mem=27.32 GB):  86%|████████▌ | 31/36 [00:02<00:00, 16.08it/s]Capturing batches (bs=12 avail_mem=27.31 GB):  86%|████████▌ | 31/36 [00:02<00:00, 16.08it/s]
(SGLangHttpServer pid=983377, ip=10.124.45.23) Capturing batches (bs=8 avail_mem=27.31 GB):  86%|████████▌ | 31/36 [00:02<00:00, 15.92it/s] Capturing batches (bs=4 avail_mem=27.30 GB):  86%|████████▌ | 31/36 [00:02<00:00, 15.92it/s]
(SGLangHttpServer pid=983383, ip=10.124.45.23) Capturing batches (bs=12 avail_mem=27.31 GB):  83%|████████▎ | 30/36 [00:02<00:00, 17.18it/s]
(SGLangHttpServer pid=983380, ip=10.124.45.23) Capturing batches (bs=4 avail_mem=27.30 GB):  86%|████████▌ | 31/36 [00:02<00:00, 16.56it/s]Capturing batches (bs=4 avail_mem=27.30 GB):  94%|█████████▍| 34/36 [00:02<00:00, 18.15it/s]Capturing batches (bs=2 avail_mem=27.30 GB):  94%|█████████▍| 34/36 [00:02<00:00, 18.15it/s]
(SGLangHttpServer pid=983377, ip=10.124.45.23) Capturing batches (bs=4 avail_mem=27.30 GB):  94%|█████████▍| 34/36 [00:02<00:00, 17.54it/s]Capturing batches (bs=2 avail_mem=27.30 GB):  94%|█████████▍| 34/36 [00:02<00:00, 17.54it/s]
(SGLangHttpServer pid=983374, ip=10.124.45.23) Capturing batches (bs=8 avail_mem=27.31 GB):  86%|████████▌ | 31/36 [00:02<00:00, 16.08it/s] Capturing batches (bs=4 avail_mem=27.30 GB):  86%|████████▌ | 31/36 [00:02<00:00, 16.08it/s]Capturing batches (bs=4 avail_mem=27.30 GB):  94%|█████████▍| 34/36 [00:02<00:00, 17.57it/s]Capturing batches (bs=2 avail_mem=27.30 GB):  94%|█████████▍| 34/36 [00:02<00:00, 17.57it/s]
(SGLangHttpServer pid=983377, ip=10.124.45.23) Capturing batches (bs=1 avail_mem=27.29 GB):  94%|█████████▍| 34/36 [00:02<00:00, 17.54it/s]Capturing batches (bs=1 avail_mem=27.29 GB): 100%|██████████| 36/36 [00:02<00:00, 14.63it/s]
(SGLangHttpServer pid=983383, ip=10.124.45.23) Capturing batches (bs=12 avail_mem=27.31 GB):  89%|████████▉ | 32/36 [00:02<00:00, 15.99it/s]Capturing batches (bs=8 avail_mem=27.31 GB):  89%|████████▉ | 32/36 [00:02<00:00, 15.99it/s] Capturing batches (bs=4 avail_mem=27.30 GB):  89%|████████▉ | 32/36 [00:02<00:00, 15.99it/s]
(SGLangHttpServer pid=983380, ip=10.124.45.23) Capturing batches (bs=1 avail_mem=27.29 GB):  94%|█████████▍| 34/36 [00:02<00:00, 18.15it/s]Capturing batches (bs=1 avail_mem=27.29 GB): 100%|██████████| 36/36 [00:02<00:00, 14.62it/s]
(SGLangHttpServer pid=983374, ip=10.124.45.23) Capturing batches (bs=1 avail_mem=27.29 GB):  94%|█████████▍| 34/36 [00:02<00:00, 17.57it/s]Capturing batches (bs=1 avail_mem=27.29 GB): 100%|██████████| 36/36 [00:02<00:00, 14.24it/s]
(SGLangHttpServer pid=983383, ip=10.124.45.23) Capturing batches (bs=4 avail_mem=27.30 GB):  94%|█████████▍| 34/36 [00:02<00:00, 16.91it/s]Capturing batches (bs=2 avail_mem=27.30 GB):  94%|█████████▍| 34/36 [00:02<00:00, 16.91it/s]Capturing batches (bs=1 avail_mem=27.29 GB):  94%|█████████▍| 34/36 [00:02<00:00, 16.91it/s]
(SGLangHttpServer pid=983383, ip=10.124.45.23) Capturing batches (bs=1 avail_mem=27.29 GB): 100%|██████████| 36/36 [00:02<00:00, 17.60it/s]Capturing batches (bs=1 avail_mem=27.29 GB): 100%|██████████| 36/36 [00:02<00:00, 14.28it/s]
(TaskRunner pid=974147, ip=10.124.45.23) wandb: WARNING func: get_project_by_name, err: Request failed! url: https://ml.bytedance.net/inner/GetTrackingProjectByName, req_body: {'Name': 'specTool'}, resp_body: b'{"ResponseMetadata":{"RequestId":"","Action":"","Version":"","Service":"","Region":"","Error":{"Code":"MissingAuthenticationToken","CodeN":1709801,"Message":"zti token not found, please use DOAS cli to run script","RawError":{},"HTTPCode":401}}}'
(TaskRunner pid=974147, ip=10.124.45.23) wandb: WARNING func: get_project_by_name, err: Request failed! url: https://ml.bytedance.net/inner/GetTrackingProjectByName, req_body: {'Name': 'specTool'}, resp_body: b'{"ResponseMetadata":{"RequestId":"","Action":"","Version":"","Service":"","Region":"","Error":{"Code":"MissingAuthenticationToken","CodeN":1709801,"Message":"zti token not found, please use DOAS cli to run script","RawError":{},"HTTPCode":401}}}'
(TaskRunner pid=974147, ip=10.124.45.23) wandb: WARNING func: create_project, err: Request failed! url: https://ml.bytedance.net/inner/CreateTrackingProject, req_body: {'Name': 'specTool'}, resp_body: b'{"ResponseMetadata":{"RequestId":"","Action":"","Version":"","Service":"","Region":"","Error":{"Code":"MissingAuthenticationToken","CodeN":1709801,"Message":"zti token not found, please use DOAS cli to run script","RawError":{},"HTTPCode":401}}}'
(TaskRunner pid=974147, ip=10.124.45.23) wandb: WARNING func: alert, err: Request failed! url: https://ml.bytedance.net/inner/TrackingAlert, req_body: {'Title': 'Wandb Failed!', 'Text': 'Failed Function: create_project\nERR Message: Request failed! url: https://ml.bytedance.net/inner/CreateTrackingProject, req_body: {\'Name\': \'specTool\'}, resp_body: b\'{"ResponseMetadata":{"RequestId":"","Action":"","Version":"","Service":"","Region":"","Error":{"Code":"MissingAuthenticationToken","CodeN":1709801,"Message":"zti token not found, please use DOAS cli to run script","RawError":{},"HTTPCode":401}}}\''}, resp_body: b'{"ResponseMetadata":{"RequestId":"","Action":"","Version":"","Service":"","Region":"","Error":{"Code":"MissingAuthenticationToken","CodeN":1709801,"Message":"zti token not found, please use DOAS cli to run script","RawError":{},"HTTPCode":401}}}'
(TaskRunner pid=974147, ip=10.124.45.23) wandb: ⭐️ View project at 
(TaskRunner pid=974147, ip=10.124.45.23) wandb: - Waiting for wandb.init()...
(TaskRunner pid=974147, ip=10.124.45.23) wandb: \ Waiting for wandb.init()...
(TaskRunner pid=974147, ip=10.124.45.23) wandb: | Waiting for wandb.init()...
(TaskRunner pid=974147, ip=10.124.45.23) wandb: WARNING func: create_run, err: Request failed! url: https://ml.bytedance.net/inner/CreateTrackingRun, req_body: {'ProjectId': '', 'Name': 'baseline_hotpotqa_qwen3_8b_sleep0_toolcalls1_bs256_rollout8_step1_spec15_tail25_20260608_182020_bs256_bs256', 'RunId': 'run_20260608_eeddeab5', 'Description': None, 'OuterType': None, 'OuterId': None, 'Tags': None, 'OuterInfo': {'is_seed': False}}, resp_body: b'{"ResponseMetadata":{"RequestId":"","Action":"","Version":"","Service":"","Region":"","Error":{"Code":"MissingAuthenticationToken","CodeN":1709801,"Message":"zti token not found, please use DOAS cli to run script","RawError":{},"HTTPCode":401}}}'
(TaskRunner pid=974147, ip=10.124.45.23) wandb: WARNING func: alert, err: Request failed! url: https://ml.bytedance.net/inner/TrackingAlert, req_body: {'Title': 'Wandb Failed!', 'Text': 'Failed Function: create_run\nERR Message: Request failed! url: https://ml.bytedance.net/inner/CreateTrackingRun, req_body: {\'ProjectId\': \'\', \'Name\': \'baseline_hotpotqa_qwen3_8b_sleep0_toolcalls1_bs256_rollout8_step1_spec15_tail25_20260608_182020_bs256_bs256\', \'RunId\': \'run_20260608_eeddeab5\', \'Description\': None, \'OuterType\': None, \'OuterId\': None, \'Tags\': None, \'OuterInfo\': {\'is_seed\': False}}, resp_body: b\'{"ResponseMetadata":{"RequestId":"","Action":"","Version":"","Service":"","Region":"","Error":{"Code":"MissingAuthenticationToken","CodeN":1709801,"Message":"zti token not found, please use DOAS cli to run script","RawError":{},"HTTPCode":401}}}\''}, resp_body: b'{"ResponseMetadata":{"RequestId":"","Action":"","Version":"","Service":"","Region":"","Error":{"Code":"MissingAuthenticationToken","CodeN":1709801,"Message":"zti token not found, please use DOAS cli to run script","RawError":{},"HTTPCode":401}}}'
(TaskRunner pid=974147, ip=10.124.45.23) wandb: 🚀 View run at 
(TaskRunner pid=974147, ip=10.124.45.23) wandb: WARNING func: alert, err: Request failed! url: https://ml.bytedance.net/inner/TrackingAlert, req_body: {'Title': 'Tracking Run Created', 'Text': 'Created run [specTool/]()'}, resp_body: b'{"ResponseMetadata":{"RequestId":"","Action":"","Version":"","Service":"","Region":"","Error":{"Code":"MissingAuthenticationToken","CodeN":1709801,"Message":"zti token not found, please use DOAS cli to run script","RawError":{},"HTTPCode":401}}}'
(TaskRunner pid=974147, ip=10.124.45.23) wandb: WARNING func: set_run_config, err: set_run_config wandb init failed, skip.../
(TaskRunner pid=974147, ip=10.124.45.23) wandb: / Waiting for wandb.init()...
(pid=987430, ip=10.124.45.23) /usr/local/lib/python3.12/dist-packages/torch/amp/autocast_mode.py:270: UserWarning: User provided device_type of 'cuda', but CUDA is not available. Disabling
(pid=987430, ip=10.124.45.23)   warnings.warn(
(pid=987430, ip=10.124.45.23) Modular Diffusers is currently an experimental feature under active development. The API is subject to breaking changes in future releases.
(pid=987427, ip=10.124.45.23) /usr/local/lib/python3.12/dist-packages/torch/amp/autocast_mode.py:270: UserWarning: User provided device_type of 'cuda', but CUDA is not available. Disabling
(pid=987427, ip=10.124.45.23)   warnings.warn(
(pid=987427, ip=10.124.45.23) Modular Diffusers is currently an experimental feature under active development. The API is subject to breaking changes in future releases.
(GlobalRequestLoadBalancer pid=987423, ip=10.124.45.23) /usr/local/lib/python3.12/dist-packages/torch/amp/autocast_mode.py:270: UserWarning: User provided device_type of 'cuda', but CUDA is not available. Disabling
(GlobalRequestLoadBalancer pid=987423, ip=10.124.45.23)   warnings.warn(
(GlobalRequestLoadBalancer pid=987423, ip=10.124.45.23) Modular Diffusers is currently an experimental feature under active development. The API is subject to breaking changes in future releases.
(pid=987431, ip=10.124.45.23) /usr/local/lib/python3.12/dist-packages/torch/amp/autocast_mode.py:270: UserWarning: User provided device_type of 'cuda', but CUDA is not available. Disabling
(pid=987431, ip=10.124.45.23)   warnings.warn(
(pid=987431, ip=10.124.45.23) Modular Diffusers is currently an experimental feature under active development. The API is subject to breaking changes in future releases.
(pid=987435, ip=10.124.45.23) /usr/local/lib/python3.12/dist-packages/torch/amp/autocast_mode.py:270: UserWarning: User provided device_type of 'cuda', but CUDA is not available. Disabling
(pid=987435, ip=10.124.45.23)   warnings.warn(
(pid=987435, ip=10.124.45.23) Modular Diffusers is currently an experimental feature under active development. The API is subject to breaking changes in future releases.
(pid=987438, ip=10.124.45.23) /usr/local/lib/python3.12/dist-packages/torch/amp/autocast_mode.py:270: UserWarning: User provided device_type of 'cuda', but CUDA is not available. Disabling
(pid=987438, ip=10.124.45.23)   warnings.warn(
(pid=987441, ip=10.124.45.23) /usr/local/lib/python3.12/dist-packages/torch/amp/autocast_mode.py:270: UserWarning: User provided device_type of 'cuda', but CUDA is not available. Disabling
(pid=987441, ip=10.124.45.23)   warnings.warn(
(pid=987441, ip=10.124.45.23) Modular Diffusers is currently an experimental feature under active development. The API is subject to breaking changes in future releases.
(pid=987432, ip=10.124.45.23) /usr/local/lib/python3.12/dist-packages/torch/amp/autocast_mode.py:270: UserWarning: User provided device_type of 'cuda', but CUDA is not available. Disabling
(pid=987432, ip=10.124.45.23)   warnings.warn(
(pid=987432, ip=10.124.45.23) Modular Diffusers is currently an experimental feature under active development. The API is subject to breaking changes in future releases.
(pid=987438, ip=10.124.45.23) Modular Diffusers is currently an experimental feature under active development. The API is subject to breaking changes in future releases.
(pid=987445, ip=10.124.45.23) /usr/local/lib/python3.12/dist-packages/torch/amp/autocast_mode.py:270: UserWarning: User provided device_type of 'cuda', but CUDA is not available. Disabling
(pid=987445, ip=10.124.45.23)   warnings.warn(
(pid=987445, ip=10.124.45.23) Modular Diffusers is currently an experimental feature under active development. The API is subject to breaking changes in future releases.
(GlobalRequestLoadBalancer pid=987423, ip=10.124.45.23) /sgl-workspace/sglang/python/sglang/srt/layers/attention/fla/utils.py:212: UserWarning: Triton is not supported on current platform, roll back to CPU.
(GlobalRequestLoadBalancer pid=987423, ip=10.124.45.23)   warnings.warn(
(WorkerDict pid=976965, ip=10.124.45.23) [Gloo] Rank 0 is connected to 0 peer ranks. Expected number of connected peer ranks is : 0
(WorkerDict pid=976963, ip=10.124.45.23) After FSDP, memory allocated (GB): 3.81, memory reserved (GB): 18.74, device memory used/total (GB): 19.82/79.15
(WorkerDict pid=976963, ip=10.124.45.23) Total steps: 1, num_warmup_steps: 0
(WorkerDict pid=976963, ip=10.124.45.23) NCCL version 2.27.5+cuda12.9
(WorkerDict pid=976963, ip=10.124.45.23) [Gloo] Rank 0 is connected to 7 peer ranks. Expected number of connected peer ranks is : 7
(WorkerDict pid=976963, ip=10.124.45.23) [Gloo] Rank 0 is connected to 0 peer ranks. Expected number of connected peer ranks is : 0
(WorkerDict pid=976963, ip=10.124.45.23) [Gloo] Rank 0 is connected to 0 peer ranks. Expected number of connected peer ranks is : 0
(WorkerDict pid=976967, ip=10.124.45.23) [Gloo] Rank 4 is connected to 7 peer ranks. Expected number of connected peer ranks is : 7
(WorkerDict pid=976967, ip=10.124.45.23) [Gloo] Rank 0 is connected to 0 peer ranks. Expected number of connected peer ranks is : 0
(WorkerDict pid=976967, ip=10.124.45.23) [Gloo] Rank 0 is connected to 0 peer ranks. Expected number of connected peer ranks is : 0
(WorkerDict pid=976970, ip=10.124.45.23) [Gloo] Rank 7 is connected to 7 peer ranks. Expected number of connected peer ranks is : 7
(WorkerDict pid=976970, ip=10.124.45.23) [Gloo] Rank 0 is connected to 0 peer ranks. Expected number of connected peer ranks is : 0
(WorkerDict pid=976970, ip=10.124.45.23) [Gloo] Rank 0 is connected to 0 peer ranks. Expected number of connected peer ranks is : 0
(WorkerDict pid=976964, ip=10.124.45.23) [Gloo] Rank 1 is connected to 7 peer ranks. Expected number of connected peer ranks is : 7
(WorkerDict pid=976964, ip=10.124.45.23) [Gloo] Rank 0 is connected to 0 peer ranks. Expected number of connected peer ranks is : 0
(WorkerDict pid=976964, ip=10.124.45.23) [Gloo] Rank 0 is connected to 0 peer ranks. Expected number of connected peer ranks is : 0
(WorkerDict pid=976969, ip=10.124.45.23) [Gloo] Rank 6 is connected to 7 peer ranks. Expected number of connected peer ranks is : 7
(WorkerDict pid=976969, ip=10.124.45.23) [Gloo] Rank 0 is connected to 0 peer ranks. Expected number of connected peer ranks is : 0
(WorkerDict pid=976969, ip=10.124.45.23) [Gloo] Rank 0 is connected to 0 peer ranks. Expected number of connected peer ranks is : 0
(SGLangHttpServer pid=983364, ip=10.124.45.23) SGLang http server: rollout_mode=<RolloutMode.HYBRID: 'hybrid'>, replica_rank=0, node_rank=0, nnodes=1, cuda_visible_devices='0', role=null
(SGLangHttpServer pid=983365, ip=10.124.45.23) SGLang http server: rollout_mode=<RolloutMode.HYBRID: 'hybrid'>, replica_rank=1, node_rank=0, nnodes=1, cuda_visible_devices='1', role=null
(SGLangHttpServer pid=983368, ip=10.124.45.23) SGLang http server: rollout_mode=<RolloutMode.HYBRID: 'hybrid'>, replica_rank=2, node_rank=0, nnodes=1, cuda_visible_devices='2', role=null
(SGLangHttpServer pid=983371, ip=10.124.45.23) SGLang http server: rollout_mode=<RolloutMode.HYBRID: 'hybrid'>, replica_rank=3, node_rank=0, nnodes=1, cuda_visible_devices='3', role=null
(SGLangHttpServer pid=983377, ip=10.124.45.23) SGLang http server: rollout_mode=<RolloutMode.HYBRID: 'hybrid'>, replica_rank=5, node_rank=0, nnodes=1, cuda_visible_devices='5', role=null
(SGLangHttpServer pid=983380, ip=10.124.45.23) SGLang http server: rollout_mode=<RolloutMode.HYBRID: 'hybrid'>, replica_rank=6, node_rank=0, nnodes=1, cuda_visible_devices='6', role=null
(SGLangHttpServer pid=983383, ip=10.124.45.23) SGLang http server: rollout_mode=<RolloutMode.HYBRID: 'hybrid'>, replica_rank=7, node_rank=0, nnodes=1, cuda_visible_devices='7', role=null
(SGLangHttpServer pid=983374, ip=10.124.45.23) SGLang http server: rollout_mode=<RolloutMode.HYBRID: 'hybrid'>, replica_rank=4, node_rank=0, nnodes=1, cuda_visible_devices='4', role=null
(SGLangHttpServer pid=983364, ip=10.124.45.23) [Gloo] Rank 0 is connected to 0 peer ranks. Expected number of connected peer ranks is : 0
(SGLangHttpServer pid=983364, ip=10.124.45.23) [Gloo] Rank 0 is connected to 0 peer ranks. Expected number of connected peer ranks is : 0
(SGLangHttpServer pid=983364, ip=10.124.45.23) [Gloo] Rank 0 is connected to 0 peer ranks. Expected number of connected peer ranks is : 0
(SGLangHttpServer pid=983368, ip=10.124.45.23) [Gloo] Rank 0 is connected to 0 peer ranks. Expected number of connected peer ranks is : 0
(SGLangHttpServer pid=983368, ip=10.124.45.23) [Gloo] Rank 0 is connected to 0 peer ranks. Expected number of connected peer ranks is : 0
(SGLangHttpServer pid=983368, ip=10.124.45.23) [Gloo] Rank 0 is connected to 0 peer ranks. Expected number of connected peer ranks is : 0
(SGLangHttpServer pid=983365, ip=10.124.45.23) [Gloo] Rank 0 is connected to 0 peer ranks. Expected number of connected peer ranks is : 0
(SGLangHttpServer pid=983365, ip=10.124.45.23) [Gloo] Rank 0 is connected to 0 peer ranks. Expected number of connected peer ranks is : 0
(SGLangHttpServer pid=983365, ip=10.124.45.23) [Gloo] Rank 0 is connected to 0 peer ranks. Expected number of connected peer ranks is : 0
(SGLangHttpServer pid=983371, ip=10.124.45.23) [Gloo] Rank 0 is connected to 0 peer ranks. Expected number of connected peer ranks is : 0
(SGLangHttpServer pid=983371, ip=10.124.45.23) [Gloo] Rank 0 is connected to 0 peer ranks. Expected number of connected peer ranks is : 0
(SGLangHttpServer pid=983371, ip=10.124.45.23) [Gloo] Rank 0 is connected to 0 peer ranks. Expected number of connected peer ranks is : 0
(SGLangHttpServer pid=983374, ip=10.124.45.23) [Gloo] Rank 0 is connected to 0 peer ranks. Expected number of connected peer ranks is : 0
(SGLangHttpServer pid=983374, ip=10.124.45.23) [Gloo] Rank 0 is connected to 0 peer ranks. Expected number of connected peer ranks is : 0
(SGLangHttpServer pid=983374, ip=10.124.45.23) [Gloo] Rank 0 is connected to 0 peer ranks. Expected number of connected peer ranks is : 0
(SGLangHttpServer pid=983377, ip=10.124.45.23) [Gloo] Rank 0 is connected to 0 peer ranks. Expected number of connected peer ranks is : 0
